      ¥⁄  '#     (      (   ¨   10.0.0.2                                      10.0.0.22                                     -$`tyÉJ@ m˚ıÖJ@      ¥⁄  '#     (      (   ¨   10.0.0.2                                      10.0.0.22                                     6í·
ÜJ@Âz€LÖàJ@      ¥⁄  '#     (      (   ¨   10.0.0.2                                      10.0.0.22                                     û‚<úàJ@q«õ¸ãJ@      ¥⁄  '#     (      (   ¨   10.0.0.2                                      10.0.0.22                                     øò-ãJ@ux„ßçJ@      ¥⁄  '#     (      (   ¨   10.0.0.2                                      10.0.0.22                                     ?q ˝æçJ@›ÓÂ>9êJ@      ¥⁄  '#     (      (   ¨   10.0.0.2                                      10.0.0.22                                     ßÁ›XPêJ@Ee√ö íJ@      ¥⁄  '#     (      (   ¨   10.0.0.2                                      10.0.0.22                                     ^ª¥·íJ@›_=Ó[ïJ@      ¥⁄  '#     (      (   ¨   10.0.0.2                                      10.0.0.22                                     x‘òsïJ@E÷JÌóJ@   	   ¥⁄  '#     (      (   ¨   10.0.0.2                                      10.0.0.22                                     œdòJ@~»[Æ~öJ@   
   ¥⁄  '#     (      (   ¨   10.0.0.2                                      10.0.0.22                                     H¡S»ïöJ@¬hV∂ùJ@      ¥⁄  '#     (      (   ¨   10.0.0.2                                      10.0.0.22                                     ‡ªÕ'ùJ@lŒ¡3°üJ@      ¥⁄  '#     (      (   ¨   10.0.0.2                                      10.0.0.22                                     x∂Go∏üJ@ÊØêπ2¢J@      ¥⁄  '#     (      (   ¨   10.0.0.2                                      10.0.0.22                                     ±®à”I¢J@N&nƒ§J@      ¥⁄  '#     (      (   ¨   10.0.0.2                                      10.0.0.22                                     Èö…7€§J@áØyUßJ@      ¥⁄  '#     (      (   ¨   10.0.0.2                                      10.0.0.22                                     ÅïCãlßJ@)ÕÊ©J@      ¥⁄  '#     (      (   ¨   10.0.0.2                                      10.0.0.22                                     ZK ˛©J@¯¸0Bx¨J@      ¥⁄  '#     (      (   ¨   10.0.0.2                                      10.0.0.22                                     ìqådè¨J@`sû	ØJ@      ¥⁄  '#     (      (   ¨   10.0.0.2                                      10.0.0.22                                     ÃcÕ» ØJ@…ÈÎ˘ö±J@      ¥⁄  '#     (      (   ¨   10.0.0.2                                      10.0.0.22                                     c^G≤±J@1`…U,¥J@      ¥⁄  '#     (      (   ¨   10.0.0.2                                      10.0.0.22                                     úPàÄC¥J@ô÷¶±Ω∂J@      ¥⁄  '#     (      (   ¨   10.0.0.2                                      10.0.0.22                                     ’B…‰‘∂J@ññëzOπJ@      ¥⁄  '#     (      (   ¨   10.0.0.2                                      10.0.0.22                                     =π¶@fπJ@:?≈q‡ªJ@      ¥⁄  '#     (      (   ¨   10.0.0.2                                      10.0.0.22                                     •/Ñú˜ªJ@¢µ¢ÕqæJ@      ¥⁄  '#     (      (   ¨   10.0.0.2                                      10.0.0.22                                     =*˛ÔàæJ@
,Ä)¡J@      ¥⁄  '#     (      (   ¨   10.0.0.2                                      10.0.0.22                                     áá0~¡J@ÑOØî√J@      ¥⁄  '#     (      (   ¨   10.0.0.2                                      10.0.0.22                                     ¿yq‚´√J@Ωˇè&∆J@      ¥⁄  '#     (      (   ¨   10.0.0.2                                      10.0.0.22                                     XtÎ5=∆J@ıÒ–w∑»J@      ¥⁄  '#     (      (   ¨   10.0.0.2                                      10.0.0.22                                     ¿Í»ëŒ»J@˛_u‰HÀJ@      ¥⁄  '#     (      (   ¨   10.0.0.2                                      10.0.0.22                                     ˘‹	ˆ_ÀJ@ˆb('⁄ÕJ@      ¥⁄  '#     (      (   ¨   10.0.0.2                                      10.0.0.22                                     KÆbÒÕJ@pD˜¨k–J@      ¥⁄  '#     (      (   ¨   10.0.0.2                                      10.0.0.22                                     ôE(∂Ç–J@gG™Ô¸“J@       ¥⁄  '#     (      (   ¨   10.0.0.2                                      10.0.0.22                                     l>Æ”J@⁄7˜Wè’J@   !   ¥⁄  '#     (      (   ¨   10.0.0.2                                      10.0.0.22                                     •0Ôq¶’J@CÆ‘≥ ÿJ@   "   ¥⁄  '#     (      (   ¨   10.0.0.2                                      10.0.0.22                                     Æûìﬁ7ÿJ@{†≤⁄J@   #   ¥⁄  '#     (      (   ¨   10.0.0.2                                      10.0.0.22                                     Fô2…⁄J@¿@ C›J@   $   ¥⁄  '#     (      (   ¨   10.0.0.2                                      10.0.0.22                                     m ]lZ›J@¯2QÑ‘ﬂJ@   %   ¥⁄  '#     (      (   ¨   10.0.0.2                                      10.0.0.22                                     ’ñ:»ÎﬂJ@CêÉf‚J@   &   ¥⁄  '#     (      (   ¨   10.0.0.2                                      10.0.0.22                                     më¥}‚J@:ì6U˜‰J@   '   ¥⁄  '#     (      (   ¨   10.0.0.2                                      10.0.0.22                                     å.oÂJ@‰¯°“àÁJ@   (   ¥⁄  '#     (      (   ¨   10.0.0.2                                      10.0.0.22                                     =~o”üÁJ@
ÄÒÍJ@   )   ¥⁄  '#     (      (   ¨   10.0.0.2                                      10.0.0.22                                     •ÙL/1ÍJ@Óïy´ÏJ@   *   ¥⁄  '#     (      (   ¨   10.0.0.2                                      10.0.0.22                                     k*ã¬ÏJ@´ËÕ<ÔJ@   +   ¥⁄  '#     (      (   ¨   10.0.0.2                                      10.0.0.22                                     F]kÔSÔJ@‰⁄P1ŒÒJ@   ,   ¥⁄  '#     (      (   ¨   10.0.0.2                                      10.0.0.22                                     Æ”HKÂÒJ@´Yg|_ÙJ@   -   ¥⁄  '#     (      (   ¨   10.0.0.2                                      10.0.0.22                                     Á≈âØvÙJ@¥«ÈˆJ@   .   ¥⁄  '#     (      (   ¨   10.0.0.2                                      10.0.0.22                                     O<g˜J@L¬Ö<Ç˘J@   /   ¥⁄  '#     (      (   ¨   10.0.0.2                                      10.0.0.22                                     ∑≤Dgô˘J@‰ºˇè¸J@   0   ¥⁄  '#     (      (   ¨   10.0.0.2                                      10.0.0.22                                     ëúL‹*¸J@†ç\7•˛J@   1   ¥⁄  '#     (      (   ¨   10.0.0.2                                      10.0.0.22                                     …éç@º˛J@ˆòHi6K@   2   ¥⁄  '#     (      (   ¨   10.0.0.2                                      10.0.0.22                                     ÅŒ§MK@/ãâÕ«K@   3   ¥⁄  '#     (      (   ¨   10.0.0.2                                      10.0.0.22                                     ö{H¯ﬁK@∆Ö!YK@   4   ¥⁄  '#     (      (   ¨   10.0.0.2                                      10.0.0.22                                     Ú%TpK@/¸‡|ÍK@   5   ¥⁄  '#     (      (   ¨   10.0.0.2                                      10.0.0.22                                     ;‰f∏	K@óræÿ{K@   6   ¥⁄  '#     (      (   ¨   10.0.0.2                                      10.0.0.22                                     s÷ßìK@p\∆MK@   7   ¥⁄  '#     (      (   ¨   10.0.0.2                                      10.0.0.22                                     —!p$K@8€‹òûK@   8   ¥⁄  '#     (      (   ¨   10.0.0.2                                      10.0.0.22                                     £Àõ√µK@†Q∫Ù/K@   9   ¥⁄  '#     (      (   ¨   10.0.0.2                                      10.0.0.22                                     ‹Ω‹'GK@»óP¡K@   :   ¥⁄  '#     (      (   ¨   10.0.0.2                                      10.0.0.22                                     ∞åÿK@p>u¨RK@   ;   ¥⁄  '#     (      (   ¨   10.0.0.2                                      10.0.0.22                                     ¨™óﬂiK@©0∂‰K@   <   ¥⁄  '#     (      (   ¨   10.0.0.2                                      10.0.0.22                                     !u;˚K@æL!uK@   =   ¥⁄  '#     (      (   ¨   10.0.0.2                                      10.0.0.22                                     ;®ƒuåK@VGét K@   >   ¥⁄  '#     (      (   ¨   10.0.0.2                                      10.0.0.22                                     £¢— K@Aúáò"K@   ?   ¥⁄  '#     (      (   ¨   10.0.0.2                                      10.0.0.22                                     ;%Ø"K@8ü:V)%K@   @   ¥⁄  '#     (      (   ¨   10.0.0.2                                      10.0.0.22                                     ò2p@%K@ Q°∫'K@   A   ¥⁄  '#     (      (   ¨   10.0.0.2                                      10.0.0.22                                     ;äs‘—'K@8íL*K@   B   ¥⁄  '#     (      (   ¨   10.0.0.2                                      10.0.0.22                                     t|¥8c*K@°Üoa›,K@   C   ¥⁄  '#     (      (   ¨   10.0.0.2                                      10.0.0.22                                     ‹ÚëîÙ,K@å€h o/K@   D   ¥⁄  '#     (      (   ¨   10.0.0.2                                      10.0.0.22                                     z·ŒÖ/K@°˜∆ 2K@   E   ¥⁄  '#     (      (   ¨   10.0.0.2                                      10.0.0.22                                     kæ*2K@™ek}ë4K@   F   ¥⁄  '#     (      (   ¨   10.0.0.2                                      10.0.0.22                                     §‚ˇé®4K@°h¿"7K@   G   ¥⁄  '#     (      (   ¨   10.0.0.2                                      10.0.0.22                                     Y›Í97K@	ﬂ˚¥9K@   H   ¥⁄  '#     (      (   ¨   10.0.0.2                                      10.0.0.22                                     EKOÀ9K@M†àE<K@   I   ¥⁄  '#     (      (   ¨   10.0.0.2                                      10.0.0.22                                     ≠¡˚™\<K@K?·Ï÷>K@   J   ¥⁄  '#     (      (   ¨   10.0.0.2                                      10.0.0.22                                     8ŸÓ>K@æ˜7hAK@   K   ¥⁄  '#     (      (   ¨   10.0.0.2                                      10.0.0.22                                     ≠2SZAK@tCSv˙CK@   L   ¥⁄  '#     (      (   ¨   10.0.0.2                                      10.0.0.22                                     E-Õ≠DK@„™≤ÔäFK@   M   ¥⁄  '#     (      (   ¨   10.0.0.2                                      10.0.0.22                                     }¢FK@ùÛSIK@   N   ¥⁄  '#     (      (   ¨   10.0.0.2                                      10.0.0.22                                     ÊïÎm3IK@É—Ø≠KK@   O   ¥⁄  '#     (      (   ¨   10.0.0.2                                      10.0.0.22                                     ≠πƒKK@KíÁ˙>NK@   P   ¥⁄  '#     (      (   ¨   10.0.0.2                                      10.0.0.22                                     E|VNK@≥≈V–PK@   Q   ¥⁄  '#     (      (   ¨   10.0.0.2                                      10.0.0.22                                     øJíÁPK@]n0‘aSK@   R   ¥⁄  '#     (      (   ¨   10.0.0.2                                      10.0.0.22                                     WÎƒÂxSK@ıh™'ÛUK@   S   ¥⁄  '#     (      (   ¨   10.0.0.2                                      10.0.0.22                                     øa¢A
VK@-[ÎãÑXK@   T   ¥⁄  '#     (      (   ¨   10.0.0.2                                      10.0.0.22                                     i«øõXK@ß<∫[K@   U   ¥⁄  '#     (      (   ¨   10.0.0.2                                      10.0.0.22                                     r5≤+-[K@aQß]K@   V   ¥⁄  '#     (      (   ¨   10.0.0.2                                      10.0.0.22                                     ⁄´èáæ]K@∂J∞8`K@   W   ¥⁄  '#     (      (   ¨   10.0.0.2                                      10.0.0.22                                     B"m„O`K@?®ã bK@   X   ¥⁄  '#     (      (   ¨   10.0.0.2                                      10.0.0.22                                     ⁄Á6·bK@xöÃx[eK@   Y   ¥⁄  '#     (      (   ¨   10.0.0.2                                      10.0.0.22                                     (õreK@ïFÃÏgK@   Z   ¥⁄  '#     (      (   ¨   10.0.0.2                                      10.0.0.22                                     KiˇhK@¿"ø~jK@   [   ¥⁄  '#     (      (   ¨   10.0.0.2                                      10.0.0.22                                     ¥wF[ïjK@Åy»îmK@   \   ¥⁄  '#     (      (   ¨   10.0.0.2                                      10.0.0.22                                     Ó#∑&mK@∫k	˘†oK@   ]   ¥⁄  '#     (      (   ¨   10.0.0.2                                      10.0.0.22                                     Ñd∏oK@QfÉL2rK@   ^   ¥⁄  '#     (      (   ¨   10.0.0.2                                      10.0.0.22                                     Ï⁄ﬁnIrK@l?„√tK@   _   ¥⁄  '#     (      (   ¨   10.0.0.2                                      10.0.0.22                                     UQº ⁄tK@"S>UwK@   `   ¥⁄  '#     (      (   ¨   10.0.0.2                                      10.0.0.22                                     ÏK6lwK@ZEhÊyK@   a   ¥⁄  '#     (      (   ¨   10.0.0.2                                      10.0.0.22                                     U¬z˝yK@‹x|K@   b   ¥⁄  '#     (      (   ¨   10.0.0.2                                      10.0.0.22                                     ^0∏Êé|K@[∂÷	K@   c   ¥⁄  '#     (      (   ¨   10.0.0.2                                      10.0.0.22                                     ı*2: K@d${ÑöÅK@   d   ¥⁄  '#     (      (   ¨   10.0.0.2                                      10.0.0.22                                     ^°ñ±ÅK@+£ëœ+ÑK@   e   ¥⁄  '#     (      (   ¨   10.0.0.2                                      10.0.0.22                                     ñìP˙BÑK@46<ΩÜK@   f   ¥⁄  '#     (      (   ¨   10.0.0.2                                      10.0.0.22                                     ˇ	.V‘ÜK@Ã∞èNâK@   g   ¥⁄  '#     (      (   ¨   10.0.0.2                                      10.0.0.22                                     ñ®©eâK@ìä∆⁄ﬂãK@   h   ¥⁄  '#     (      (   ¨   10.0.0.2                                      10.0.0.22                                     .ˇ!˝ˆãK@¸ §6qéK@   i   ¥⁄  '#     (      (   ¨   10.0.0.2                                      10.0.0.22                                     gÒbaàéK@oH£ëK@   j   ¥⁄  '#     (      (   ¨   10.0.0.2                                      10.0.0.22                                     œg@ΩëK@ÃÌ^ÓììK@   k   ¥⁄  '#     (      (   ¨   10.0.0.2                                      10.0.0.22                                     gb∫´ìK@dËÿA%ñK@   l   ¥⁄  '#     (      (   ¨   10.0.0.2                                      10.0.0.22                                     ˇ\4d<ñK@]¬°∑òK@   m   ¥⁄  '#     (      (   ¨   10.0.0.2                                      10.0.0.22                                     g”¿ÕòK@dY0ÒGõK@   n   ¥⁄  '#     (      (   ¨   10.0.0.2                                      10.0.0.22                                     œIÔ_õK@ﬁ:ˇvŸùK@   o   ¥⁄  '#     (      (   ¨   10.0.0.2                                      10.0.0.22                                     ˆ–>VùK@#€˘~j†K@   p   ¥⁄  '#     (      (   ¨   10.0.0.2                                      10.0.0.22                                     éÀ∏©Å†K@ÍY ˚¢K@   q   ¥⁄  '#     (      (   ¨   10.0.0.2                                      10.0.0.22                                     Dﬂ› £K@éD¡å•K@   r   ¥⁄  '#     (      (   ¨   10.0.0.2                                      10.0.0.22                                     |—/§•K@J”†h®K@   s   ¥⁄  '#     (      (   ¨   10.0.0.2                                      10.0.0.22                                     ÂG¸ä5®K@Ç≈·ÃØ™K@   t   ¥⁄  '#     (      (   ¨   10.0.0.2                                      10.0.0.22                                     MæŸÊ∆™K@Î;ø(A≠K@   u   ¥⁄  '#     (      (   ¨   10.0.0.2                                      10.0.0.22                                     V,~SX≠K@S≤úÑ“ØK@   v   ¥⁄  '#     (      (   ¨   10.0.0.2                                      10.0.0.22                                     _ö"¿ÈØK@,ú§˘c≤K@   w   ¥⁄  '#     (      (   ¨   10.0.0.2                                      10.0.0.22                                     ˜îú{≤K@îÇUı¥K@   x   ¥⁄  '#     (      (   ¨   10.0.0.2                                      10.0.0.22                                     éègµK@˝à_±Ü∑K@   y   ¥⁄  '#     (      (   ¨   10.0.0.2                                      10.0.0.22                                     ó˝∫”ù∑K@eˇ<∫K@   z   ¥⁄  '#     (      (   ¨   10.0.0.2                                      10.0.0.22                                     †k_@/∫K@ùÒ}q©ºK@   {   ¥⁄  '#     (      (   ¨   10.0.0.2                                      10.0.0.22                                     hÍuã¿ºK@ïÙ0¥:øK@   |   ¥⁄  '#     (      (   ¨   10.0.0.2                                      10.0.0.22                                      ÂÔﬁQøK@Ÿ`·$Õ¡K@   }   ¥⁄  '#     (      (   ¨   10.0.0.2                                      10.0.0.22                                     ˜Á¢!„¡K@5]Ot]ƒK@   ~   ¥⁄  '#     (      (   ¨   10.0.0.2                                      10.0.0.22                                     oÚ[tƒK@ºÏ◊ùÓ∆K@      ¥⁄  '#     (      (   ¨   10.0.0.2                                      10.0.0.22                                     ∂ilØ«K@G9òMÄ…K@   Ä   ¥⁄  '#     (      (   ¨   10.0.0.2                                      10.0.0.22                                     NdÊó…K@Î·ÀDÃK@   Å   ¥⁄  '#     (      (   ¨   10.0.0.2                                      10.0.0.22                                     ∂⁄√^(ÃK@É‹Eò¢ŒK@   Ç   ¥⁄  '#     (      (   ¨   10.0.0.2                                      10.0.0.22                                     Q°∫πŒK@)H4—K@   É   ¥⁄  '#     (      (   ¨   10.0.0.2                                      10.0.0.22                                     Ww,∂I—K@%yÆÔ√”K@   Ñ   ¥⁄  '#     (      (   ¨   10.0.0.2                                      10.0.0.22                                     Ôq¶	€”K@Ωs(CU÷K@   Ö   ¥⁄  '#     (      (   ¨   10.0.0.2                                      10.0.0.22                                     ál ]l÷K@ıeißÊÿK@   Ü   ¥⁄  '#     (      (   ¨   10.0.0.2                                      10.0.0.22                                     ¿^a¡˝ÿK@ÏhÍw€K@   á   ¥⁄  '#     (      (   ¨   10.0.0.2                                      10.0.0.22                                     XY€è€K@xµ‹ô	ﬁK@   à   ¥⁄  '#     (      (   ¨   10.0.0.2                                      10.0.0.22                                     m 6 ﬁK@…ëEö‡K@   â   ¥⁄  '#     (      (   ¨   10.0.0.2                                      10.0.0.22                                     v„›ë±‡K@a√”+„K@   ä   ¥⁄  '#     (      (   ¨   10.0.0.2                                      10.0.0.22                                     Æ’ˆB„K@{◊†/ΩÂK@   ã   ¥⁄  '#     (      (   ¨   10.0.0.2                                      10.0.0.22                                     F–òI‘ÂK@È
∂OËK@   å   ¥⁄  '#     (      (   ¨   10.0.0.2                                      10.0.0.22                                     ﬁ ùeËK@|H¯ﬁﬂÍK@   ç   ¥⁄  '#     (      (   ¨   10.0.0.2                                      10.0.0.22                                     ΩS˜ÍK@¥:9CqÌK@   é   ¥⁄  '#     (      (   ¨   10.0.0.2                                      10.0.0.22                                     OØîeàÌK@Ì,zßK@   è   ¥⁄  '#     (      (   ¨   10.0.0.2                                      10.0.0.22                                     Á©πK@Ö'Ù˙ìÚK@   ê   ¥⁄  '#     (      (   ¨   10.0.0.2                                      10.0.0.22                                     §à´ÚK@"nN%ıK@   ë   ¥⁄  '#     (      (   ¨   10.0.0.2                                      10.0.0.22                                     Áfh<ıK@ÖòK™∂˜K@   í   ¥⁄  '#     (      (   ¨   10.0.0.2                                      10.0.0.22                                      ßÃÕ˜K@ÂZH˙K@   ì   ¥⁄  '#     (      (   ¨   10.0.0.2                                      10.0.0.22                                     ´Yg|_˙K@.‰‹¸K@   î   ¥⁄  '#     (      (   ¨   10.0.0.2                                      10.0.0.22                                     ‰K®‡¸K@"¡T3kˇK@   ï   ¥⁄  '#     (      (   ¨   10.0.0.2                                      10.0.0.22                                     ÌπLMÇˇK@+/˘ü¸L@   ñ   ¥⁄  '#     (      (   ¨   10.0.0.2                                      10.0.0.22                                     ˆ'ÒπL@î•÷˚çL@   ó   ¥⁄  '#     (      (   ¨   10.0.0.2                                      10.0.0.22                                     é"k•L@¸¥WL@   ò   ¥⁄  '#     (      (   ¨   10.0.0.2                                      10.0.0.22                                     ˆòHi6L@díë≥∞	L@   ô   ¥⁄  '#     (      (   ¨   10.0.0.2                                      10.0.0.22                                     ˇÌ’«	L@ùÑ“BL@   ö   ¥⁄  '#     (      (   ¨   10.0.0.2                                      10.0.0.22                                     óg)YL@5Lk”L@   õ   ¥⁄  '#     (      (   ¨   10.0.0.2                                      10.0.0.22                                     ˇwDÖÍL@Ãy∆ædL@   ú   ¥⁄  '#     (      (   ¨   10.0.0.2                                      10.0.0.22                                     8jÖÈ{L@’Áj+ˆL@   ù   ¥⁄  '#     (      (   ¨   10.0.0.2                                      10.0.0.22                                     p\∆ML@>^HááL@   û   ¥⁄  '#     (      (   ¨   10.0.0.2                                      10.0.0.22                                     ÿ“£©ûL@Á√≥L@   ü   ¥⁄  '#     (      (   ¨   10.0.0.2                                      10.0.0.22                                     AIÅ0L@>œü6™L@   †   ¥⁄  '#     (      (   ¨   10.0.0.2                                      10.0.0.22                                     ©ø^a¡L@Çoö>;L@   °   ¥⁄  '#     (      (   ¨   10.0.0.2                                      10.0.0.22                                     –FÆõRL@ã›>´Ã L@   ¢   ¥⁄  '#     (      (   ¨   10.0.0.2                                      10.0.0.22                                     ó≈ƒÊ„ L@ø1^#L@   £   ¥⁄  '#     (      (   ¨   10.0.0.2                                      10.0.0.22                                      <¢Bu#L@P@øÔ%L@   §   ¥⁄  '#     (      (   ¨   10.0.0.2                                      10.0.0.22                                     bıG&L@/˜…QÄ(L@   •   ¥⁄  '#     (      (   ¨   10.0.0.2                                      10.0.0.22                                     õÁà|ó(L@8enæ+L@   ¶   ¥⁄  '#     (      (   ¨   10.0.0.2                                      10.0.0.22                                     ”Ÿ…‡(+L@°€K£-L@   ß   ¥⁄  '#     (      (   ¨   10.0.0.2                                      10.0.0.22                                     <Pß<∫-L@9÷≈m40L@   ®   ¥⁄  '#     (      (   ¨   10.0.0.2                                      10.0.0.22                                     tBË†K0L@¿Õ‚≈2L@   ©   ¥⁄  '#     (      (   ¨   10.0.0.2                                      10.0.0.22                                     ‹∏≈¸‹2L@™∫G6W5L@   ™   ¥⁄  '#     (      (   ¨   10.0.0.2                                      10.0.0.22                                     Â&jin5L@ÙzƒË7L@   ´   ¥⁄  '#     (      (   ¨   10.0.0.2                                      10.0.0.22                                     }!‰ºˇ7L@K#fˆy:L@   ¨   ¥⁄  '#     (      (   ¨   10.0.0.2                                      10.0.0.22                                     ∂%!ë:L@Së
c=L@   ≠   ¥⁄  '#     (      (   ¨   10.0.0.2                                      10.0.0.22                                     ÓfÖ"=L@ºËæú?L@   Æ   ¥⁄  '#     (      (   ¨   10.0.0.2                                      10.0.0.22                                     '¯¶È≥?L@Ù˘(#.BL@   Ø   ¥⁄  '#     (      (   ¨   10.0.0.2                                      10.0.0.22                                     øÚ =EBL@åÙ¢vøDL@   ∞   ¥⁄  '#     (      (   ¨   10.0.0.2                                      10.0.0.22                                     WÌöê÷DL@ÙjÄ“PGL@   ±   ¥⁄  '#     (      (   ¨   10.0.0.2                                      10.0.0.22                                     èﬂ€ÙgGL@ŒTàG‚IL@   ≤   ¥⁄  '#     (      (   ¨   10.0.0.2                                      10.0.0.22                                     ¯UπP˘IL@ı€◊ÅsLL@   ≥   ¥⁄  '#     (      (   ¨   10.0.0.2                                      10.0.0.22                                     ø‘œõäLL@å÷Q’OL@   ¥   ¥⁄  '#     (      (   ¨   10.0.0.2                                      10.0.0.22                                     'K≠˜OL@ıL/1ñQL@   µ   ¥⁄  '#     (      (   ¨   10.0.0.2                                      10.0.0.22                                     0πQd≠QL@]√ç'TL@   ∂   ¥⁄  '#     (      (   ¨   10.0.0.2                                      10.0.0.22                                     ÏâÆ?TL@*ˇZ^πVL@   ∑   ¥⁄  '#     (      (   ¨   10.0.0.2                                      10.0.0.22                                     ÑÑ(_–VL@QÜ™òJYL@   ∏   ¥⁄  '#     (      (   ¨   10.0.0.2                                      10.0.0.22                                     Ï˙ªaYL@π¸áÙ€[L@   π   ¥⁄  '#     (      (   ¨   10.0.0.2                                      10.0.0.22                                     $ÌFÛ[L@?åm^L@   ∫   ¥⁄  '#     (      (   ¨   10.0.0.2                                      10.0.0.22                                     KtñYÑ^L@*·	Ω˛`L@   ª   ¥⁄  '#     (      (   ¨   10.0.0.2                                      10.0.0.22                                     „n≠aL@ÅÏıÓècL@   º   ¥⁄  '#     (      (   ¨   10.0.0.2                                      10.0.0.22                                     KÂÌßcL@ÁoB!fL@   Ω   ¥⁄  '#     (      (   ¨   10.0.0.2                                      10.0.0.22                                     Ñ◊.m8fL@QŸ∞¶≤hL@   æ   ¥⁄  '#     (      (   ¨   10.0.0.2                                      10.0.0.22                                     çE”Ÿ…hL@`çôDkL@   ø   ¥⁄  '#     (      (   ¨   10.0.0.2                                      10.0.0.22                                     %@M-[kL@cµ˘’mL@   ¿   ¥⁄  '#     (      (   ¨   10.0.0.2                                      10.0.0.22                                     ç∂*âÏmL@+4ÀfpL@   ¡   ¥⁄  '#     (      (   ¨   10.0.0.2                                      10.0.0.22                                     ∆®kÌ}pL@c&Q/¯rL@   ¬   ¥⁄  '#     (      (   ¨   10.0.0.2                                      10.0.0.22                                     .IIsL@`Ê;¯âuL@   √   ¥⁄  '#     (      (   ¨   10.0.0.2                                      10.0.0.22                                     ∆√ú†uL@4ÁxL@   ƒ   ¥⁄  '#     (      (   ¨   10.0.0.2                                      10.0.0.22                                     üÀ2xL@NÏ°}¨zL@   ≈   ¥⁄  '#     (      (   ¨   10.0.0.2                                      10.0.0.22                                     ÿıv√zL@FÔT¿=}L@   ∆   ¥⁄  '#     (      (   ¨   10.0.0.2                                      10.0.0.22                                     ‡c∞‚T}L@ﬁÈŒœL@   «   ¥⁄  '#     (      (   ¨   10.0.0.2                                      10.0.0.22                                     x^*6ÊL@u‰Hg`ÇL@   »   ¥⁄  '#     (      (   ¨   10.0.0.2                                      10.0.0.22                                     ·‘íwÇL@ﬁZ&√ÒÑL@   …   ¥⁄  '#     (      (   ¨   10.0.0.2                                      10.0.0.22                                     «HˆÖL@Á» /ÉáL@       ¥⁄  '#     (      (   ¨   10.0.0.2                                      10.0.0.22                                     Å=&RöáL@O?®ãäL@   À   ¥⁄  '#     (      (   ¨   10.0.0.2                                      10.0.0.22                                     Iº<ù+äL@∑µÖÁ•åL@   Ã   ¥⁄  '#     (      (   ¨   10.0.0.2                                      10.0.0.22                                     R*·	ΩåL@O∞ˇ:7èL@   Õ   ¥⁄  '#     (      (   ¨   10.0.0.2                                      10.0.0.22                                     ¸èLáNèL@˘k∏»ëL@   Œ   ¥⁄  '#     (      (   ¨   10.0.0.2                                      10.0.0.22                                     4ÇçÎﬂëL@Ñ%ZîL@   œ   ¥⁄  '#     (      (   ¨   10.0.0.2                                      10.0.0.22                                     ¸ §6qîL@:vPâÎñL@   –   ¥⁄  '#     (      (   ¨   10.0.0.2                                      10.0.0.22                                     dwÅíóL@a˝ü√|ôL@   —   ¥⁄  '#     (      (   ¨   10.0.0.2                                      10.0.0.22                                     ÃÌ^ÓìôL@öÔ‡'úL@   “   ¥⁄  '#     (      (   ¨   10.0.0.2                                      10.0.0.22                                     dËÿA%úL@¥»væüûL@   ”   ¥⁄  '#     (      (   ¨   10.0.0.2                                      10.0.0.22                                     ¸˝b∂ûL@’íér0°L@   ‘   ¥⁄  '#     (      (   ¨   10.0.0.2                                      10.0.0.22                                     ·zÆG°L@Ø|ñÁ¡£L@   ’   ¥⁄  '#     (      (   ¨   10.0.0.2                                      10.0.0.22                                     ã‡+Ÿ£L@X‚eS¶L@   ÷   ¥⁄  '#     (      (   ¨   10.0.0.2                                      10.0.0.22                                     ƒ“¿èj¶L@‹{∏‰®L@   ◊   ¥⁄  '#     (      (   ¨   10.0.0.2                                      10.0.0.22                                     ãQ◊⁄˚®L@à◊ıv´L@   ÿ   ¥⁄  '#     (      (   ¨   10.0.0.2                                      10.0.0.22                                     Û«¥6ç´L@M”gÆL@   Ÿ   ¥⁄  '#     (      (   ¨   10.0.0.2                                      10.0.0.22                                     \>ííÆL@Yƒ∞√ò∞L@   ⁄   ¥⁄  '#     (      (   ¨   10.0.0.2                                      10.0.0.22                                     ƒ¥oÓØ∞L@ë∂Ò'*≥L@   €   ¥⁄  '#     (      (   ¨   10.0.0.2                                      10.0.0.22                                     \ØÈAA≥L@ ®2åªµL@   ‹   ¥⁄  '#     (      (   ¨   10.0.0.2                                      10.0.0.22                                     ƒ%«ù“µL@ë'I◊L∏L@   ›   ¥⁄  '#     (      (   ¨   10.0.0.2                                      10.0.0.22                                     \ AÒc∏L@¶CßÁ›∫L@   ﬁ   ¥⁄  '#     (      (   ¨   10.0.0.2                                      10.0.0.22                                     ‚Ø…ı∫L@˝NìoΩL@   ﬂ   ¥⁄  '#     (      (   ¨   10.0.0.2                                      10.0.0.22                                     ©.‡eÜΩL@w0bü ¿L@   ‡   ¥⁄  '#     (      (   ¨   10.0.0.2                                      10.0.0.22                                     •Ω¡¿L@ﬂ¶?˚ë¬L@   ·   ¥⁄  '#     (      (   ¨   10.0.0.2                                      10.0.0.22                                     zõ©¬L@kÛˇ™#≈L@   ‚   ¥⁄  '#     (      (   ¨   10.0.0.2                                      10.0.0.22                                     ‚ëxy:≈L@ﬂó™¥«L@   „   ¥⁄  '#     (      (   ¨   10.0.0.2                                      10.0.0.22                                     ÎˇÊÀ«L@÷çwG L@   ‰   ¥⁄  '#     (      (   ¨   10.0.0.2                                      10.0.0.22                                     Ùm¡R] L@£Vòæ◊ÃL@   Â   ¥⁄  '#     (      (   ¨   10.0.0.2                                      10.0.0.22                                     \‰ûÆÓÃL@˙aÑhœL@   Ê   ¥⁄  '#     (      (   ¨   10.0.0.2                                      10.0.0.22                                     ï÷ﬂÄœL@ªÔ˚—L@   Á   ¥⁄  '#     (      (   ¨   10.0.0.2                                      10.0.0.22                                     -—Yf“L@;¬i¡ã‘L@   Ë   ¥⁄  '#     (      (   ¨   10.0.0.2                                      10.0.0.22                                     e√ö ¢‘L@AÄ◊L@   È   ¥⁄  '#     (      (   ¨   10.0.0.2                                      10.0.0.22                                     Œ9x&4◊L@l\ˇÆŸL@   Í   ¥⁄  '#     (      (   ¨   10.0.0.2                                      10.0.0.22                                     ,πä≈ŸL@E°e›?‹L@   Î   ¥⁄  '#     (      (   ¨   10.0.0.2                                      10.0.0.22                                     û&3ﬁV‹L@w÷nª–ﬁL@   Ï   ¥⁄  '#     (      (   ¨   10.0.0.2                                      10.0.0.22                                     Ù1ËﬁL@∞»Øb·L@   Ì   ¥⁄  '#     (      (   ¨   10.0.0.2                                      10.0.0.22                                     ]®¸ky·L@Z.ùÛ„L@   Ó   ¥⁄  '#     (      (   ¨   10.0.0.2                                      10.0.0.22                                     ≈⁄«
‰L@t±3ÖÊL@   Ô   ¥⁄  '#     (      (   ¨   10.0.0.2                                      10.0.0.22                                     º!ç
úÊL@<Ü«~ÈL@      ¥⁄  '#     (      (   ¨   10.0.0.2                                      10.0.0.22                                     $òjf-ÈL@å†1ì®ÎL@   Ò   ¥⁄  '#     (      (   ¨   10.0.0.2                                      10.0.0.22                                     ]ä´ æÎL@˚ë9ÓL@   Ú   ¥⁄  '#     (      (   ¨   10.0.0.2                                      10.0.0.22                                     ≈ â&PÓL@í` L@   Û   ¥⁄  '#     (      (   ¨   10.0.0.2                                      10.0.0.22                                     ·iT‡L@O≤ûZÛL@   Ù   ¥⁄  '#     (      (   ¨   10.0.0.2                                      10.0.0.22                                     IÑF∞qÛL@ôd‰,ÏıL@   ı   ¥⁄  '#     (      (   ¨   10.0.0.2                                      10.0.0.22                                     ÅváˆL@ÙlV}¯L@   ˆ   ¥⁄  '#     (      (   ¨   10.0.0.2                                      10.0.0.22                                     ÍÏdpî¯L@ájJ≤˚L@   ˜   ¥⁄  '#     (      (   ¨   10.0.0.2                                      10.0.0.22                                     RcBÃ%˚L@¿\ã†˝L@   ¯   ¥⁄  '#     (      (   ¨   10.0.0.2                                      10.0.0.22                                     ∫Ÿ(∑˝L@˘NÃz1 M@   ˘   ¥⁄  '#     (      (   ¨   10.0.0.2                                      10.0.0.22                                     "P˝ÉH M@QΩ¬M@   ˙   ¥⁄  '#     (      (   ¨   10.0.0.2                                      10.0.0.22                                     [B>ËŸM@(D¿!TM@   ˚   ¥⁄  '#     (      (   ¨   10.0.0.2                                      10.0.0.22                                     √∏DkM@a6ÜÂM@   ¸   ¥⁄  '#     (      (   ¨   10.0.0.2                                      10.0.0.22                                     ¸™\®¸M@…¨ﬁ·v
M@   ˝   ¥⁄  '#     (      (   ¨   10.0.0.2                                      10.0.0.22                                     4ùùé
M@üFM@   ˛   ¥⁄  '#     (      (   ¨   10.0.0.2                                      10.0.0.22                                     ù{hM@j˝°ôM@   ˇ   ¥⁄  '#     (      (   ¨   10.0.0.2                                      10.0.0.22                                     ’ºÃ∞M@{h+M@      ¥⁄  '#     (      (   ¨   10.0.0.2                                      10.0.0.22                                     ¯¸0BM@~bºM@     ¥⁄  '#     (      (   ¨   10.0.0.2                                      10.0.0.22                                     FÍ=ï”M@¥„ÜﬂMM@     ¥⁄  '#     (      (   ¨   10.0.0.2                                      10.0.0.22                                     ‹~˘dM@4ÇçÎﬂM@     ¥⁄  '#     (      (   ¨   10.0.0.2                                      10.0.0.22                                     ∏Œø]ˆM@&»®pM@     ¥⁄  '#     (      (   ¨   10.0.0.2                                      10.0.0.22                                      EùπáM@jh∞M@     ¥⁄  '#     (      (   ¨   10.0.0.2                                      10.0.0.22                                     GÃÏÛM@c}ì!M@     ¥⁄  '#     (      (   ¨   10.0.0.2                                      10.0.0.22                                     ØB O™!M@<ö$$M@     ¥⁄  '#     (      (   ¨   10.0.0.2                                      10.0.0.22                                     πß´;$M@µ6çÌµ&M@     ¥⁄  '#     (      (   ¨   10.0.0.2                                      10.0.0.22                                     /ÖÕ&M@–#ÑG)M@   	  ¥⁄  '#     (      (   ¨   10.0.0.2                                      10.0.0.22                                     ∏!∆k^)M@Ö#H•ÿ+M@   
  ¥⁄  '#     (      (   ¨   10.0.0.2                                      10.0.0.22                                     –Ô+M@¬¯i.M@     ¥⁄  '#     (      (   ¨   10.0.0.2                                      10.0.0.22                                     Yä‰+Å.M@óˇê~˚0M@     ¥⁄  '#     (      (   ¨   10.0.0.2                                      10.0.0.22                                     ë|%ê1M@éD¡å3M@     ¥⁄  '#     (      (   ¨   10.0.0.2                                      10.0.0.22                                      nfÙ£3M@ópË-6M@     ¥⁄  '#     (      (   ¨   10.0.0.2                                      10.0.0.22                                     aßX56M@–b)íØ8M@     ¥⁄  '#     (      (   ¨   10.0.0.2                                      10.0.0.22                                     ;SËº∆8M@8ŸÓ@;M@     ¥⁄  '#     (      (   ¨   10.0.0.2                                      10.0.0.22                                     £…≈X;M@qÀGR“=M@     ¥⁄  '#     (      (   ¨   10.0.0.2                                      10.0.0.22                                     @£tÈ=M@	∆¡•c@M@     ¥⁄  '#     (      (   ¨   10.0.0.2                                      10.0.0.22                                     t∂Ä–z@M@4fıBM@     ¥⁄  '#     (      (   ¨   10.0.0.2                                      10.0.0.22                                     ¨®¡4CM@J&ßvÜEM@     ¥⁄  '#     (      (   ¨   10.0.0.2                                      10.0.0.22                                     t'ÿùEM@ÉË⁄HM@     ¥⁄  '#     (      (   ¨   10.0.0.2                                      10.0.0.22                                     ‹ùµ€.HM@zõ©JM@     ¥⁄  '#     (      (   ¨   10.0.0.2                                      10.0.0.22                                     §Ã&¿JM@qN`:MM@     ¥⁄  '#     (      (   ¨   10.0.0.2                                      10.0.0.22                                     wR~RMM@D‘∑ÃOM@     ¥⁄  '#     (      (   ¨   10.0.0.2                                      10.0.0.22                                     Øì‚„OM@SB∞™^RM@     ¥⁄  '#     (      (   ¨   10.0.0.2                                      10.0.0.22                                     ∏u7OuRM@VÛëÔTM@     ¥⁄  '#     (      (   ¨   10.0.0.2                                      10.0.0.22                                     Ògx≥UM@æi˙ÏÄWM@     ¥⁄  '#     (      (   ¨   10.0.0.2                                      10.0.0.22                                     YﬁUòWM@«◊ûYZM@     ¥⁄  '#     (      (   ¨   10.0.0.2                                      10.0.0.22                                     Òÿœb)ZM@æ⁄Qú£\M@     ¥⁄  '#     (      (   ¨   10.0.0.2                                      10.0.0.22                                     )À«∫\M@˜Ãí 5_M@     ¥⁄  '#     (      (   ¨   10.0.0.2                                      10.0.0.22                                     !Œ√	L_M@¨‡∑!∆aM@     ¥⁄  '#     (      (   ¨   10.0.0.2                                      10.0.0.22                                     Y¿n›aM@&¬ÜßWdM@      ¥⁄  '#     (      (   ¨   10.0.0.2                                      10.0.0.22                                     ¡6‚…ndM@_¥«ÈfM@   !  ¥⁄  '#     (      (   ¨   10.0.0.2                                      10.0.0.22                                     *≠ø% gM@˜ÆA_ziM@   "  ¥⁄  '#     (      (   ¨   10.0.0.2                                      10.0.0.22                                     bü äëiM@0°Ç√lM@   #  ¥⁄  '#     (      (   ¨   10.0.0.2                                      10.0.0.22                                     õëAÓ"lM@ò`ùnM@   $  ¥⁄  '#     (      (   ¨   10.0.0.2                                      10.0.0.22                                     ”ÉÇR¥nM@–	°É.qM@   %  ¥⁄  '#     (      (   ¨   10.0.0.2                                      10.0.0.22                                     <˙_ÆEqM@	¸·ÁøsM@   &  ¥⁄  '#     (      (   ¨   10.0.0.2                                      10.0.0.22                                     §p=
◊sM@°ˆ[;QvM@   '  ¥⁄  '#     (      (   ¨   10.0.0.2                                      10.0.0.22                                     ≠ﬁ·vhvM@K\«∏‚xM@   (  ¥⁄  '#     (      (   ¨   10.0.0.2                                      10.0.0.22                                     Â–"€˘xM@òät{M@   )  ¥⁄  '#     (      (   ¨   10.0.0.2                                      10.0.0.22                                     NG 7ã{M@KÕh~M@   *  ¥⁄  '#     (      (   ¨   10.0.0.2                                      10.0.0.22                                     Ü9Aõ~M@T;√‘ñÄM@   +  ¥⁄  '#     (      (   ¨   10.0.0.2                                      10.0.0.22                                     ø+Çˇ≠ÄM@å-9(ÉM@   ,  ¥⁄  '#     (      (   ¨   10.0.0.2                                      10.0.0.22                                     '¢_[?ÉM@Ù£·îπÖM@   -  ¥⁄  '#     (      (   ¨   10.0.0.2                                      10.0.0.22                                     è=∑–ÖM@]øJàM@   .  ¥⁄  '#     (      (   ¨   10.0.0.2                                      10.0.0.22                                     »
~bàM@ï U‹äM@   /  ¥⁄  '#     (      (   ¨   10.0.0.2                                      10.0.0.22                                      ˝æÛäM@oˆ mçM@   0  ¥⁄  '#     (      (   ¨   10.0.0.2                                      10.0.0.22                                     9Ôˇ„ÑçM@◊lÂ%ˇèM@   1  ¥⁄  '#     (      (   ¨   10.0.0.2                                      10.0.0.22                                     r·@HêM@?„¬ÅêíM@   2  ¥⁄  '#     (      (   ¨   10.0.0.2                                      10.0.0.22                                     ⁄W§ßíM@ßY†›!ïM@   3  ¥⁄  '#     (      (   ¨   10.0.0.2                                      10.0.0.22                                     BŒ˚ˇ8ïM@c*˝Ñ≥óM@   4  ¥⁄  '#     (      (   ¨   10.0.0.2                                      10.0.0.22                                     ⁄»uS óM@ß ˜åDöM@   5  ¥⁄  '#     (      (   ¨   10.0.0.2                                      10.0.0.22                                     B?SØ[öM@?≈q‡’úM@   6  ¥⁄  '#     (      (   ¨   10.0.0.2                                      10.0.0.22                                     ⁄9ÕÌúM@¥È‡füM@   7  ¥⁄  '#     (      (   ¨   10.0.0.2                                      10.0.0.22                                     1Eπ4~üM@{h+¯°M@   8  ¥⁄  '#     (      (   ¨   10.0.0.2                                      10.0.0.22                                     ´Z“Q¢M@7m∆ià§M@   9  ¥⁄  '#     (      (   ¨   10.0.0.2                                      10.0.0.22                                     CUL•ü§M@ü„£≈ßM@   :  ¥⁄  '#     (      (   ¨   10.0.0.2                                      10.0.0.22                                     €O∆¯0ßM@7ﬁ´©M@   ;  ¥⁄  '#     (      (   ¨   10.0.0.2                                      10.0.0.22                                     C∆£T¬©M@œÿól<¨M@   <  ¥⁄  '#     (      (   ¨   10.0.0.2                                      10.0.0.22                                     €¿®S¨M@óWÆ∑ÕÆM@   =  ¥⁄  '#     (      (   ¨   10.0.0.2                                      10.0.0.22                                     sªó˚‰ÆM@ˇÕã_±M@   >  ¥⁄  '#     (      (   ¨   10.0.0.2                                      10.0.0.22                                     ∂Ov±M@gDio≥M@   ?  ¥⁄  '#     (      (   ¨   10.0.0.2                                      10.0.0.22                                     “4(ö¥M@/√∫Å∂M@   @  ¥⁄  '#     (      (   ¨   10.0.0.2                                      10.0.0.22                                     j/¢Ìò∂M@«Ω˘πM@   A  ¥⁄  '#     (      (   ¨   10.0.0.2                                      10.0.0.22                                     *A*πM@ˇØ:r§ªM@   B  ¥⁄  '#     (      (   ¨   10.0.0.2                                      10.0.0.22                                     j†˘úªªM@ó™¥≈5æM@   C  ¥⁄  '#     (      (   ¨   10.0.0.2                                      10.0.0.22                                     õsLæM@_)À«¿M@   D  ¥⁄  '#     (      (   ¨   10.0.0.2                                      10.0.0.22                                     öïÌCﬁ¿M@V,~SX√M@   E  ¥⁄  '#     (      (   ¨   10.0.0.2                                      10.0.0.22                                     2êgóo√M@æ¢[ØÈ≈M@   F  ¥⁄  '#     (      (   ¨   10.0.0.2                                      10.0.0.22                                      ä·Í ∆M@Vù’{»M@   G  ¥⁄  '#     (      (   ¨   10.0.0.2                                      10.0.0.22                                     ë	¯5í»M@ÏMÀM@   H  ¥⁄  '#     (      (   ¨   10.0.0.2                                      10.0.0.22                                     )râ#ÀM@µf°ùÕM@   I  ¥⁄  '#     (      (   ¨   10.0.0.2                                      10.0.0.22                                     JŒâ=¥ÕM@ß\·].–M@   J  ¥⁄  '#     (      (   ¨   10.0.0.2                                      10.0.0.22                                     ≥DgôE–M@zUgµ¿“M@   K  ¥⁄  '#     (      (   ¨   10.0.0.2                                      10.0.0.22                                     ªDı÷“M@ßÕ8Q’M@   L  ¥⁄  '#     (      (   ¨   10.0.0.2                                      10.0.0.22                                     É1"Qh’M@Di‚◊M@   M  ¥⁄  '#     (      (   ¨   10.0.0.2                                      10.0.0.22                                     ,ú§˘◊M@w∫Ûƒs⁄M@   N  ¥⁄  '#     (      (   ¨   10.0.0.2                                      10.0.0.22                                     ≥&¯ä⁄M@‡0— ›M@   O  ¥⁄  '#     (      (   ¨   10.0.0.2                                      10.0.0.22                                     K!êK›M@ßØÁkñﬂM@   P  ¥⁄  '#     (      (   ¨   10.0.0.2                                      10.0.0.22                                     °,|}≠ﬂM@{‹∑Z'‚M@   Q  ¥⁄  '#     (      (   ¨   10.0.0.2                                      10.0.0.22                                     9'ˆ–>‚M@≈9ÍË∏‰M@   R  ¥⁄  '#     (      (   ¨   10.0.0.2                                      10.0.0.22                                     °ù”,–‰M@ŒßéUJÁM@   S  ¥⁄  '#     (      (   ¨   10.0.0.2                                      10.0.0.22                                     9òMÄaÁM@ı.ﬁè€ÈM@   T  ¥⁄  '#     (      (   ¨   10.0.0.2                                      10.0.0.22                                     —í«”ÚÈM@ç)X„lÏM@   U  ¥⁄  '#     (      (   ¨   10.0.0.2                                      10.0.0.22                                     içA'ÑÏM@ıü5?˛ÓM@   V  ¥⁄  '#     (      (   ¨   10.0.0.2                                      10.0.0.22                                     1XrÔM@]õèÒM@   W  ¥⁄  '#     (      (   ¨   10.0.0.2                                      10.0.0.22                                     »“≈¶ÒM@%ï)Ê ÙM@   X  ¥⁄  '#     (      (   ¨   10.0.0.2                                      10.0.0.22                                     `L8ÙM@Ï@1≤ˆM@   Y  ¥⁄  '#     (      (   ¨   10.0.0.2                                      10.0.0.22                                     ¯˚≈l…ˆM@%ÅïC˘M@   Z  ¥⁄  '#     (      (   ¨   10.0.0.2                                      10.0.0.22                                     ∫Ω§1Z˘M@∑C√b‘˚M@   [  ¥⁄  '#     (      (   ¨   10.0.0.2                                      10.0.0.22                                     R∏ÖÎ˚M@ÆFv•e˛M@   \  ¥⁄  '#     (      )   ¨   10.0.0.2                                      10.0.0.22                                     Í≤òÿ|˛M@n√(ﬂ~?   ]  ¥⁄  '#     )      )   ¨   10.0.0.2                                      10.0.0.22                                     é ïbG„Ä?ΩrΩm¶Bú?   ^  ¥⁄  '#     )      )   ¨   10.0.0.2                                      10.0.0.22                                     QOÅ?¸ú?OZ∏¨¬f®?   _  ¥⁄  '#     )      )   ¨   10.0.0.2                                      10.0.0.22                                     ôHi6è√®?4ºYÉ˜U±?   `  ¥⁄  '#     )      )   ¨   10.0.0.2                                      10.0.0.22                                     ‘)ènÑ±?@KW∞çx∂?   a  ¥⁄  '#     )      )   ¨   10.0.0.2                                      10.0.0.22                                     —Éß∂?%]3˘fõª?   b  ¥⁄  '#     )      )   ¨   10.0.0.2                                      10.0.0.22                                     J‘>Õ…ª?tFîˆ_¿?   c  ¥⁄  '#     )      )   ¨   10.0.0.2                                      10.0.0.22                                     Ç :v¿?ü=ó©I¬?   d  ¥⁄  '#     )      )   ¨   10.0.0.2                                      10.0.0.22                                     Á˚íç√?Ä’ë#ùÅ≈?   e  ¥⁄  '#     )      )   ¨   10.0.0.2                                      10.0.0.22                                     »±ı·ò≈?Ñd»?   f  ¥⁄  '#     )      )   ¨   10.0.0.2                                      10.0.0.22                                     ™IÜ4*»?¯•~ﬁT§ ?   g  ¥⁄  '#     )      )   ¨   10.0.0.2                                      10.0.0.22                                     ã·Í àª ?$ùÅëó5Õ?   h  ¥⁄  '#     )      )   ¨   10.0.0.2                                      10.0.0.22                                     lyÂz€LÕ?-≤ùÔß∆œ?   i  ¥⁄  '#     )      )   ¨   10.0.0.2                                      10.0.0.22                                     +/˘ü¸›œ?líÒ+—?   j  ¥⁄  '#     )      )   ¨   10.0.0.2                                      10.0.0.22                                     ¥À∑>¨7—?	‚<ú¿t“?   k  ¥⁄  '#     )      )   ¨   10.0.0.2                                      10.0.0.22                                     rƒZ|
Ä“?ôÚ!®Ω”?   l  ¥⁄  '#     )      )   ¨   10.0.0.2                                      10.0.0.22                                     bX9¥»”?\Va3¿’?   m  ¥⁄  '#     )      )   ¨   10.0.0.2                                      10.0.0.22                                     ÄD(b’?’ZòÖvN÷?   n  ¥⁄  '#     )      )   ¨   10.0.0.2                                      10.0.0.22                                     ûxŒZ÷?ÆöÁà|ó◊?   o  ¥⁄  '#     )      )   ¨   10.0.0.2                                      10.0.0.22                                     Ω¨âæ¢◊?‰⁄P1Œﬂÿ?   p  ¥⁄  '#     )      )   ¨   10.0.0.2                                      10.0.0.22                                     €‡DÙkÎÿ?ß>êºs(⁄?   q  ¥⁄  '#     )      )   ¨   10.0.0.2                                      10.0.0.22                                     ˘ „4⁄? C«*q€?   r  ¥⁄  '#     )      )   ¨   10.0.0.2                                      10.0.0.22                                     È`˝ü√|€?èƒÀ”π‹?   s  ¥⁄  '#     )      )   ¨   10.0.0.2                                      10.0.0.22                                     ⁄¨˙\m≈‹?¶
F%uﬁ?   t  ¥⁄  '#     )      )   ¨   10.0.0.2                                      10.0.0.22                                     ¯‡µKﬁ?°,|}≠Kﬂ?   u  ¥⁄  '#     )      )   ¨   10.0.0.2                                      10.0.0.22                                     È,≥≈Vﬂ?'⁄UH˘I‡?   v  ¥⁄  '#     )      )   ¨   10.0.0.2                                      10.0.0.22                                     ö$ñîªO‡?MhíXRÓ‡?   w  ¥⁄  '#     )      )   ¨   10.0.0.2                                      10.0.0.22                                     ¿≤“§Ù‡?.2•í·?   x  ¥⁄  '#     )      )   ¨   10.0.0.2                                      10.0.0.22                                     œL0úkò·?'¿∞¸˘6‚?   y  ¥⁄  '#     )      )   ¨   10.0.0.2                                      10.0.0.22                                     «ÚÆz¿<‚?6ZÙP€‚?   z  ¥⁄  '#     )      )   ¨   10.0.0.2                                      10.0.0.22                                     ÷år·‚?EÙkÎß„?   {  ¥⁄  '#     )      )   ¨   10.0.0.2                                      10.0.0.22                                     ¸IÇpÖ„?Té…‚˛#‰?   |  ¥⁄  '#     )      )   ¨   10.0.0.2                                      10.0.0.22                                     [ó°ü)‰?≥
õ.»‰?   }  ¥⁄  '#     )      )   ¨   10.0.0.2                                      10.0.0.22                                     S=ôÙÕ‰?¬§¯¯ÑlÂ?   ~  ¥⁄  '#     )      )   ¨   10.0.0.2                                      10.0.0.22                                     yÀ’èMrÂ?Ë25	ﬁÊ?     ¥⁄  '#     )      )   ¨   10.0.0.2                                      10.0.0.22                                     üY†¶Ê?˜Ãí 5µÊ?   Ä  ¥⁄  '#     )      )   ¨   10.0.0.2                                      10.0.0.22                                     óˇê~˚∫Ê?•	¶öYÁ?   Å  ¥⁄  '#     )      )   ¨   10.0.0.2                                      10.0.0.22                                     è•]P_Á?á≈®kÌ˝Á?   Ç  ¥⁄  '#     )      )   ¨   10.0.0.2                                      10.0.0.22                                     µ3Lm©Ë?‡æú3¢Ë?   É  ¥⁄  '#     )      )   ¨   10.0.0.2                                      10.0.0.22                                     ƒÕ©d ®Ë?A*≈éFÈ?   Ñ  ¥⁄  '#     )      )   ¨   10.0.0.2                                      10.0.0.22                                     Ωs(CULÈ?+€áºÂÍÈ?   Ö  ¥⁄  '#     )      )   ¨   10.0.0.2                                      10.0.0.22                                     ÃÜ:¨È?QiƒÃ>èÍ?   Ü  ¥⁄  '#     )      )   ¨   10.0.0.2                                      10.0.0.22                                     €ß„1ïÍ?'Öyè3Î?   á  ¥⁄  '#     )      )   ¨   10.0.0.2                                      10.0.0.22                                      6 B\9Î?X©†¢Í◊Î?   à  ¥⁄  '#     )      )   ¨   10.0.0.2                                      10.0.0.22                                     ˘€û ±›Î?gC˛ôA|Ï?   â  ¥⁄  '#     )      )   ¨   10.0.0.2                                      10.0.0.22                                     5^∫IÇÏ?§≈√ú Ì?   ä  ¥⁄  '#     )      )   ¨   10.0.0.2                                      10.0.0.22                                     [ÏˆYe&Ì?úkò°ÒƒÌ?   ã  ¥⁄  '#     )      )   ¨   10.0.0.2                                      10.0.0.22                                     jÜTQº Ì?¬˘‘±JiÓ?   å  ¥⁄  '#     )      )   ¨   10.0.0.2                                      10.0.0.22                                     Ω¸NìoÓ?pœÛßÔ?   ç  ¥⁄  '#     )      )   ¨   10.0.0.2                                      10.0.0.22                                     ˙~jºtÔ?hÊ…5≤Ô?   é  ¥⁄  '#     )      )   ¨   10.0.0.2                                      10.0.0.22                                      ßÃÕ∑Ô?<¿ì.+?   è  ¥⁄  '#     )      )   ¨   10.0.0.2                                      10.0.0.22                                     ÆG·z.?Ó≥ Li}?   ê  ¥⁄  '#     )      )   ¨   10.0.0.2                                      10.0.0.22                                     ∂êˆ?Ä?V‘`Üœ?   ë  ¥⁄  '#     )      )   ¨   10.0.0.2                                      10.0.0.22                                     ﬂOçón“?ó=‘∂!Ò?   í  ¥⁄  '#     )      )   ¨   10.0.0.2                                      10.0.0.22                                     ˛,ú$Ò?û–ÎO‚sÒ?   ì  ¥⁄  '#     )      )   ¨   10.0.0.2                                      10.0.0.22                                     X9¥»vÒ?ºëy‰∆Ò?   î  ¥⁄  '#     )      )   ¨   10.0.0.2                                      10.0.0.22                                     ´x#Û»Ò?∏‰∏S:Ú?   ï  ¥⁄  '#     )      )   ¨   10.0.0.2                                      10.0.0.22                                     +l∏ Ú?◊•FËgjÚ?   ñ  ¥⁄  '#     )      )   ¨   10.0.0.2                                      10.0.0.22                                     >≥$@MmÚ?ÍÏdpîºÚ?   ó  ¥⁄  '#     )      )   ¨   10.0.0.2                                      10.0.0.22                                     Q˙B»yøÚ?¸3É¯¿Û?   ò  ¥⁄  '#     )      )   ¨   10.0.0.2                                      10.0.0.22                                     MMÇ7§Û?˘Ü¬gÎ`Û?   ô  ¥⁄  '#     )      )   ¨   10.0.0.2                                      10.0.0.22                                     `î†ø–cÛ?Œ‡Ô≥Û?   ö  ¥⁄  '#     )      )   ¨   10.0.0.2                                      10.0.0.22                                     r€æG˝µÛ?L˝º©HÙ?   õ  ¥⁄  '#     )      )   ¨   10.0.0.2                                      10.0.0.22                                     €e6Ù?·ÌA»WÙ?   ú  ¥⁄  '#     )      )   ¨   10.0.0.2                                      10.0.0.22                                     Û9wª^ZÙ?¡·©©Ù?   ù  ¥⁄  '#     )      )   ¨   10.0.0.2                                      10.0.0.22                                     ÅïCã¨Ù?æ4EÄ”˚Ù?   û  ¥⁄  '#     )      )   ¨   10.0.0.2                                      10.0.0.22                                     »≥À∑˛Ù?≈Ù˚˛Mı?   ü  ¥⁄  '#     )      )   ¨   10.0.0.2                                      10.0.0.22                                     ,“S‰Pı?ÿHÑ+†ı?   †  ¥⁄  '#     )      )   ¨   10.0.0.2                                      10.0.0.22                                     (b√£ı?‡¡ˇVÚı?   °  ¥⁄  '#     )      )   ¨   10.0.0.2                                      10.0.0.22                                     ;©/K;ıı?˛÷NîÑDˆ?   ¢  ¥⁄  '#     )      )   ¨   10.0.0.2                                      10.0.0.22                                     Bvﬁ∆fGˆ?ÓØ˜≠ñˆ?   £  ¥⁄  '#     )      )   ¨   10.0.0.2                                      10.0.0.22                                     ?…6ëôˆ?Í^fÿËˆ?   §  ¥⁄  '#     )      )   ¨   10.0.0.2                                      10.0.0.22                                     ;]•ªÎˆ?GW#;˜?   •  ¥⁄  '#     )      )   ¨   10.0.0.2                                      10.0.0.22                                     Nc{-Ë=˜?+j0ç˜?   ¶  ¥⁄  '#     )      )   ¨   10.0.0.2                                      10.0.0.22                                     `™ôµê˜?‰ŸÂ[ﬂ˜?   ß  ¥⁄  '#     )      )   ¨   10.0.0.2                                      10.0.0.22                                     hwH1@‚˜? +¯mà1¯?   ®  ¥⁄  '#     )      )   ¨   10.0.0.2                                      10.0.0.22                                     d á†j4¯?äXƒ∞É¯?   ©  ¥⁄  '#     )      )   ¨   10.0.0.2                                      10.0.0.22                                     ló6ñÜ¯?:?≈q‡’¯?   ™  ¥⁄  '#     )      )   ¨   10.0.0.2                                      10.0.0.22                                     äXƒ∞√ÿ¯?6í·
(˘?   ´  ¥⁄  '#     )      )   ¨   10.0.0.2                                      10.0.0.22                                     í%s,Ô*˘?2ÂCP5z˘?   ¨  ¥⁄  '#     )      )   ¨   10.0.0.2                                      10.0.0.22                                     éx≤õ}˘?E,bÿaÃ˘?   ≠  ¥⁄  '#     )      )   ¨   10.0.0.2                                      10.0.0.22                                     †ø–#Fœ˘?z·ŒÖë˙?   Æ  ¥⁄  '#     )      )   ¨   10.0.0.2                                      10.0.0.22                                     úìp!˙?`@/‹πp˙?   Ø  ¥⁄  '#     )      )   ¨   10.0.0.2                                      10.0.0.22                                     ∞Y.ùs˙?Eüè2‚¬˙?   ∞  ¥⁄  '#     )      )   ¨   10.0.0.2                                      10.0.0.22                                     ¨¨mä«≈˙?XÊ≠∫˚?   ±  ¥⁄  '#     )      )   ¨   10.0.0.2                                      10.0.0.22                                     ¥yÛ˚?j-ÃB;g˚?   ≤  ¥⁄  '#     )      )   ¨   10.0.0.2                                      10.0.0.22                                     “:™ö j˚?îh…„iπ˚?   ≥  ¥⁄  '#     )      )   ¨   10.0.0.2                                      10.0.0.22                                     ŸYLº˚?z«):í¸?   ¥  ¥⁄  '#     )      )   ¨   10.0.0.2                                      10.0.0.22                                     ‡‘íw¸?j†˘úª]¸?   µ  ¥⁄  '#     )      )   ¨   10.0.0.2                                      10.0.0.22                                     Ù&§`¸?†UfJÎØ¸?   ∂  ¥⁄  '#     )      )   ¨   10.0.0.2                                      10.0.0.22                                     ˚Ë‘ïœ≤¸?ú®•π˝?   ∑  ¥⁄  '#     )      )   ¨   10.0.0.2                                      10.0.0.22                                     ˜;˙˝?
¿?•JT˝?   ∏  ¥⁄  '#     )      )   ¨   10.0.0.2                                      10.0.0.22                                     Ë‰g#W˝?îN$òj¶˝?   π  ¥⁄  '#     )      )   ¨   10.0.0.2                                      10.0.0.22                                     ·í„N©˝?≤≤,ò¯˝?   ∫  ¥⁄  '#     )      )   ¨   10.0.0.2                                      10.0.0.22                                     )±k{˚˝?ÆbÒõ¬J˛?   ª  ¥⁄  '#     )      )   ¨   10.0.0.2                                      10.0.0.22                                     pœÛßM˛?ÓëÕUÛú˛?   º  ¥⁄  '#     )      )   ¨   10.0.0.2                                      10.0.0.22                                     =~o”ü˛?æ¸NìÔ˛?   Ω  ¥⁄  '#     )      )   ¨   10.0.0.2                                      10.0.0.22                                     0Ñú˜ˇÒ˛?Á7L4HAˇ?   æ  ¥⁄  '#     )      )   ¨   10.0.0.2                                      10.0.0.22                                     BÀ∫,Dˇ?˙~jºtìˇ?   ø  ¥⁄  '#     )      )   ¨   10.0.0.2                                      10.0.0.22                                     VŸYñˇ?ˆ—©+üÂˇ?   ¿  ¥⁄  '#     )      )   ¨   10.0.0.2                                      10.0.0.22                                     ]ﬂáÉÑËˇ?O¨SÂ @   ¡  ¥⁄  '#     )      )   ¨   10.0.0.2                                      10.0.0.22                                     2VõˇW @Ì*§¸D @   ¬  ¥⁄  '#     )      )   ¨   10.0.0.2                                      10.0.0.22                                     ºy™CnF @÷rg&n @   √  ¥⁄  '#     )      )   ¨   10.0.0.2                                      10.0.0.22                                     :#J{Éo @˝°ô'ó @   ƒ  ¥⁄  '#     )      )   ¨   10.0.0.2                                      10.0.0.22                                     æâ!9ôò @ôcyW=¿ @   ≈  ¥⁄  '#     )      )   ¨   10.0.0.2                                      10.0.0.22                                     G≠0}Ø¡ @#áàõSÈ @   ∆  ¥⁄  '#     )      )   ¨   10.0.0.2                                      10.0.0.22                                     ÷çwG∆Í @¶Ì_Yi@   «  ¥⁄  '#     )      )   ¨   10.0.0.2                                      10.0.0.22                                     `±Üã‹@$—À(ñ;@   »  ¥⁄  '#     )      )   ¨   10.0.0.2                                      10.0.0.22                                     „^IÚ<@π4~·ïd@   …  ¥⁄  '#     )      )   ¨   10.0.0.2                                      10.0.0.22                                     g~5f@=õUü´ç@      ¥⁄  '#     )      )   ¨   10.0.0.2                                      10.0.0.22                                     ﬂjù∏è@ªDı÷¿∂@   À  ¥⁄  '#     )      )   ¨   10.0.0.2                                      10.0.0.22                                     c—tv2∏@41]à’ﬂ@   Ã  ¥⁄  '#     )      )   ¨   10.0.0.2                                      10.0.0.22                                     ·zÆG·@≤⁄¸øÍ@   Õ  ¥⁄  '#     )      )   ¨   10.0.0.2                                      10.0.0.22                                     Çí`
@XØ"£2@   Œ  ¥⁄  '#     )      )   ¨   10.0.0.2                                      10.0.0.22                                     ˘Ÿ»u3@oH£'[@   œ  ¥⁄  '#     )      )   ¨   10.0.0.2                                      10.0.0.22                                     èÈå\@e9	•/Ñ@   –  ¥⁄  '#     )      )   ¨   10.0.0.2                                      10.0.0.22                                     ∆àD°Ö@„‚®‹D≠@   —  ¥⁄  '#     )      )   ¨   10.0.0.2                                      10.0.0.22                                     ê,`∑Æ@l∏ [÷@   “  ¥⁄  '#     )      )   ¨   10.0.0.2                                      10.0.0.22                                     ì7¿Ã◊@ÍØWXpˇ@   ”  ¥⁄  '#     )      )   ¨   10.0.0.2                                      10.0.0.22                                     ò˘~‚ @hY˜èÖ(@   ‘  ¥⁄  '#     )      )   ¨   10.0.0.2                                      10.0.0.22                                     Êv/˜)@Ú|‘õQ@   ’  ¥⁄  '#     )      )   ¨   10.0.0.2                                      10.0.0.22                                     ö	ÜsS@p&¶±z@   ÷  ¥⁄  '#     )      )   ¨   10.0.0.2                                      10.0.0.22                                     p]1#|@˘IµO«£@   ◊  ¥⁄  '#     )      )   ¨   10.0.0.2                                      10.0.0.22                                     °÷4Ô8•@r6‹Ã@   ÿ  ¥⁄  '#     )      )   ¨   10.0.0.2                                      10.0.0.22                                      Ä‘&NŒ@ﬂº8Òı@   Ÿ  ¥⁄  '#     )      )   ¨   10.0.0.2                                      10.0.0.22                                     û)t^c˜@nâ\p@   ⁄  ¥⁄  '#     )      )   ¨   10.0.0.2                                      10.0.0.22                                     !êKy @˜¨k¥H@   €  ¥⁄  '#     )      )   ¨   10.0.0.2                                      10.0.0.22                                     •ˆ"⁄éI@®˚ §6q@   ‹  ¥⁄  '#     )      )   ¨   10.0.0.2                                      10.0.0.22                                     #†¬§r@˘º‚©Gö@   ›  ¥⁄  '#     )      )   ¨   10.0.0.2                                      10.0.0.22                                     ¨√—U∫õ@àù)t^√@   ﬁ  ¥⁄  '#     )      )   ¨   10.0.0.2                                      10.0.0.22                                     ã˙$wÿƒ@g‘|ï|Ï@   ﬂ  ¥⁄  '#     )      )   ¨   10.0.0.2                                      10.0.0.22                                     a¸4ÓÌ@@Nò0ö@   ‡  ¥⁄  '#     )      )   ¨   10.0.0.2                                      10.0.0.22                                     ç
úl@c'ºß>@   ·  ¥⁄  '#     )      )   ¨   10.0.0.2                                      10.0.0.22                                     .´∞@@¯ƒ:Uæg@   ‚  ¥⁄  '#     )      )   ¨   10.0.0.2                                      10.0.0.22                                     †Q∫Ù/i@|+‘ê@   „  ¥⁄  '#     )      )   ¨   10.0.0.2                                      10.0.0.22                                     *u…8Fí@˙‘±JÈπ@   ‰  ¥⁄  '#     )      )   ¨   10.0.0.2                                      10.0.0.22                                     ®ip[ª@~;âˇ‚@   Â  ¥⁄  '#     )      )   ¨   10.0.0.2                                      10.0.0.22                                     1Bx¥q‰@¢`∆@   Ê  ¥⁄  '#     )      )   ¨   10.0.0.2                                      10.0.0.22                                     ∫eá¯á@ñ?ﬂ,5@   Á  ¥⁄  '#     )      )   ¨   10.0.0.2                                      10.0.0.22                                     Dâñ<û6@% &·B^@   Ë  ¥⁄  '#     )      )   ¨   10.0.0.2                                      10.0.0.22                                     ¬26t≥_@ííÜVá@   È  ¥⁄  '#     )      )   ¨   10.0.0.2                                      10.0.0.22                                     Fô2…à@∂- l∞@   Í  ¥⁄  '#     )      )   ¨   10.0.0.2                                      10.0.0.22                                     œºvﬂ±@ö_ÕÇŸ@   Î  ¥⁄  '#     )      )   ¨   10.0.0.2                                      10.0.0.22                                     S#Ù3ı⁄@)@Ãò@   Ï  ¥⁄  '#     )      )   ¨   10.0.0.2                                      10.0.0.22                                     Ë¿rÑ@∏ [ñØ+@   Ì  ¥⁄  '#     )      )   ¨   10.0.0.2                                      10.0.0.22                                     l'JB"-@BDj⁄≈T@   Ó  ¥⁄  '#     )      )   ¨   10.0.0.2                                      10.0.0.22                                     9Ì)9'V@«ÅWÀ}@   Ô  ¥⁄  '#     )      )   ¨   10.0.0.2                                      10.0.0.22                                     √9}=@ûÍêõ·¶@     ¥⁄  '#     )      )   ¨   10.0.0.2                                      10.0.0.22                                     A∫ÿ¥R®@◊¯Lˆœ@   Ò  ¥⁄  '#     )      )   ¨   10.0.0.2                                      10.0.0.22                                     ƒ ∞rh—@ö=–
˘@   Ú  ¥⁄  '#     )      )   ¨   10.0.0.2                                      10.0.0.22                                     NDø∂~˙@$aﬂN""@   Û  ¥⁄  '#     )      )   ¨   10.0.0.2                                      10.0.0.22                                     “™ñtî#@¢
Ü7K@   Ù  ¥⁄  '#     )      )   ¨   10.0.0.2                                      10.0.0.22                                     PT6¨©L@ ¥æLt@   ı  ¥⁄  '#     )      )   ¨   10.0.0.2                                      10.0.0.22                                     ‘∫jøu@™◊-cù@   ˆ  ¥⁄  '#     )      )   ¨   10.0.0.2                                      10.0.0.22                                     W!Â'’û@->¿x∆@   ˜  ¥⁄  '#     )      )   ¨   10.0.0.2                                      10.0.0.22                                     €áºÂÍ«@±§‹}éÔ@   ¯  ¥⁄  '#     )      )   ¨   10.0.0.2                                      10.0.0.22                                     Y1\ Ò@/N|µ£	@   ˘  ¥⁄  '#     )      )   ¨   10.0.0.2                                      10.0.0.22                                     ›ó3€	@πqã˘πA	@   ˙  ¥⁄  '#     )      )   ¨   10.0.0.2                                      10.0.0.22                                     r5≤+-C	@Bïö=–j	@   ˚  ¥⁄  '#     )      )   ¨   10.0.0.2                                      10.0.0.22                                     ˆõâÈBl	@Ã∏©ÅÊì	@   ¸  ¥⁄  '#     )      )   ¨   10.0.0.2                                      10.0.0.22                                     nàÒöWï	@>ËŸ¨˙º	@   ˝  ¥⁄  '#     )      )   ¨   10.0.0.2                                      10.0.0.22                                     Ï1ë“læ	@”ÖX˝Ê	@   ˛  ¥⁄  '#     )      )   ¨   10.0.0.2                                      10.0.0.22                                     vU†ÉÁ	@äë%s,
@   ˇ  ¥⁄  '#     )      )   ¨   10.0.0.2                                      10.0.0.22                                     ˇxØZô
@’ïœÚ<8
@      ¥⁄  '#     )      )   ¨   10.0.0.2                                      10.0.0.22                                     ÉﬂÜØ9
@j3NCTa
@     ¥⁄  '#     )      )   ¨   10.0.0.2                                      10.0.0.22                                     F^÷ƒb
@Ë‹Ìziä
@     ¥⁄  '#     )      )   ¨   10.0.0.2                                      10.0.0.22                                     ñ&•†€ã
@lC≈8≥
@     ¥⁄  '#     )      )   ¨   10.0.0.2                                      10.0.0.22                                     J¥‰Ò¥
@Ô©úˆî‹
@     ¥⁄  '#     )      )   ¨   10.0.0.2                                      10.0.0.22                                     ùÛSﬁ
@mS<.™@     ¥⁄  '#     )      )   ¨   10.0.0.2                                      10.0.0.22                                     &c`@Ò∫~¡.@     ¥⁄  '#     )      )   ¨   10.0.0.2                                      10.0.0.22                                     ™}:30@ÄöZ∂÷W@     ¥⁄  '#     )      )   ¨   10.0.0.2                                      10.0.0.22                                     .‰‹HY@
æi˙ÏÄ@     ¥⁄  '#     )      )   ¨   10.0.0.2                                      10.0.0.22                                     ¨ç±^Ç@|Ìô%™@   	  ¥⁄  '#     )      )   ¨   10.0.0.2                                      10.0.0.22                                     6±¿Wt´@àÇ”@   
  ¥⁄  '#     )      )   ¨   10.0.0.2                                      10.0.0.22                                     ø‘œõä‘@Ωvﬂ1¸@     ¥⁄  '#     )      )   ¨   10.0.0.2                                      10.0.0.22                                     C;ßY†˝@ˇwD%@     ¥⁄  '#     )      )   ¨   10.0.0.2                                      10.0.0.22                                     O Ï´&@ÊWsÄ`N@     ¥⁄  '#     )      )   ¨   10.0.0.2                                      10.0.0.22                                     ÿC˚X¡O@À2êgw@     ¥⁄  '#     )      )   ¨   10.0.0.2                                      10.0.0.22                                     bg
ù◊x@8Ñ*5{†@     ¥⁄  '#     )      )   ¨   10.0.0.2                                      10.0.0.22                                     ‡™‘Ï°@∞píÊè…@     ¥⁄  '#     )      )   ¨   10.0.0.2                                      10.0.0.22                                     j4πÀ@E7ßÚ@     ¥⁄  '#     )      )   ¨   10.0.0.2                                      10.0.0.22                                     ÛW»\Ù@QÖ?√@     ¥⁄  '#     )      )   ¨   10.0.0.2                                      10.0.0.22                                     |{◊†/@M€ø≤“D@     ¥⁄  '#     )      )   ¨   10.0.0.2                                      10.0.0.22                                      ‚Æ^EF@‹ª}Èm@     ¥⁄  '#     )      )   ¨   10.0.0.2                                      10.0.0.22                                     äæ¢[o@Ze¶¥˛ñ@     ¥⁄  '#     )      )   ¨   10.0.0.2                                      10.0.0.22                                     lï`qò@‰àµ¯¿@     ¥⁄  '#     )      )   ¨   10.0.0.2                                      10.0.0.22                                     óè§§á¡@gÔå∂*È@     ¥⁄  '#     )      )   ¨   10.0.0.2                                      10.0.0.22                                      ≥≥ËùÍ@ÎUdt@@     ¥⁄  '#     )      )   ¨   10.0.0.2                                      10.0.0.22                                     §ã¶≥@^ÖîüT;@     ¥⁄  '#     )      )   ¨   10.0.0.2                                      10.0.0.22                                     (Äbd…<@˛úÇ¸ld@     ¥⁄  '#     )      )   ¨   10.0.0.2                                      10.0.0.22                                     ¨Ê9"ﬂe@ç}…∆Éç@     ¥⁄  '#     )      )   ¨   10.0.0.2                                      10.0.0.22                                     ;«ÄÏıé@°ÿ
ö∂@     ¥⁄  '#     )      )   ¨   10.0.0.2                                      10.0.0.22                                     æ-X™∏@ö∞»Øﬂ@     ¥⁄  '#     )      )   ¨   10.0.0.2                                      10.0.0.22                                     Bî/h!·@Ùzƒ@     ¥⁄  '#     )      )   ¨   10.0.0.2                                      10.0.0.22                                     ¿=œü6
@ñZÔ7⁄1@     ¥⁄  '#     )      )   ¨   10.0.0.2                                      10.0.0.22                                     Jaﬁ„L3@÷ˆB[@      ¥⁄  '#     )      )   ¨   10.0.0.2                                      10.0.0.22                                     ”ÑÌ'c\@§‰’9Ñ@   !  ¥⁄  '#     )      )   ¨   10.0.0.2                                      10.0.0.22                                     ]®¸kyÖ@>?å≠@   "  ¥⁄  '#     )      )   ¨   10.0.0.2                                      10.0.0.22                                     ÊÀ∞èÆ@¬•cŒ3÷@   #  ¥⁄  '#     )      )   ¨   10.0.0.2                                      10.0.0.22                                     pÔÙ•◊@F;åIˇ@   $  ¥⁄  '#     )      )   ¨   10.0.0.2                                      10.0.0.22                                     ˙*˘ÿ] @jˆ@+0@   %  ¥⁄  '#     )      )   ¨   10.0.0.2                                      10.0.0.22                                     æº ˚Ë@)À«∫(@   &  ¥⁄  '#     )      )   ¨   10.0.0.2                                      10.0.0.22                                     ÉNt)@w¯k≤F=@   '  ¥⁄  '#     )      )   ¨   10.0.0.2                                      10.0.0.22                                     Àæ+Çˇ=@∏´Wë—Q@   (  ¥⁄  '#     )      )   ¨   10.0.0.2                                      10.0.0.22                                     èP3§äR@}=_≥\f@   )  ¥⁄  '#     )      )   ¨   10.0.0.2                                      10.0.0.22                                     T‚:∆g@øJíÁz@   *  ¥⁄  '#     )      )   ¨   10.0.0.2                                      10.0.0.22                                     ñï&•†{@an˜rè@   +  ¥⁄  '#     )      )   ¨   10.0.0.2                                      10.0.0.22                                     f°ù”,ê@—Ø≠ü˛£@   ,  ¥⁄  '#     )      )   ¨   10.0.0.2                                      10.0.0.22                                     ®Tâ≤∑§@cô~â∏@   -  ¥⁄  '#     )      )   ¨   10.0.0.2                                      10.0.0.22                                     g)YNBπ@UÖ]Õ@   .  ¥⁄  '#     )      )   ¨   10.0.0.2                                      10.0.0.22                                     £ßÃÕ@ë9∂û·@   /  ¥⁄  '#     )      )   ¨   10.0.0.2                                      10.0.0.22                                     bÙ‹BW‚@J$—À(ˆ@   0  ¥⁄  '#     )      )   ¨   10.0.0.2                                      10.0.0.22                                     'Ü‰d‚ˆ@íîÙ0¥
@   1  ¥⁄  '#     )      )   ¨   10.0.0.2                                      10.0.0.22                                     i9–Cm@√9}=@   2  ¥⁄  '#     )      )   ¨   10.0.0.2                                      10.0.0.22                                     î0”ˆ@˘IµO«3@   3  ¥⁄  '#     )      )   ¨   10.0.0.2                                      10.0.0.22                                     ^G≤Å4@L4H¡SH@   4  ¥⁄  '#     )      )   ¨   10.0.0.2                                      10.0.0.22                                     ÏMI@à*¸ﬁ\@   5  ¥⁄  '#     )      )   ¨   10.0.0.2                                      10.0.0.22                                     _œ◊,ó]@≈ ∞rhq@   6  ¥⁄  '#     )      )   ¨   10.0.0.2                                      10.0.0.22                                     §ß»!r@â≤∑îÛÖ@   7  ¥⁄  '#     )      )   ¨   10.0.0.2                                      10.0.0.22                                     `Wìß¨Ü@Àe£s~ö@   8  ¥⁄  '#     )      )   ¨   10.0.0.2                                      10.0.0.22                                     ¢
Ü7õ@ì˛^
Ø@   9  ¥⁄  '#     )      )   ¨   10.0.0.2                                      10.0.0.22                                     ‰Ωje¬Ø@OÃz1î√@   :  ¥⁄  '#     )      )   ¨   10.0.0.2                                      10.0.0.22                                     &qVDMƒ@%ï)Ê ÿ@   ;  ¥⁄  '#     )      )   ¨   10.0.0.2                                      10.0.0.22                                     Î^fÿÿ@”2RÔ©Ï@   <  ¥⁄  '#     )      )   ¨   10.0.0.2                                      10.0.0.22                                     ,∂IEcÌ@òƒY5@   =  ¥⁄  '#     )      )   ¨   10.0.0.2                                      10.0.0.22                                     ni5$Ó@ŸwEø@   >  ¥⁄  '#     )      )   ¨   10.0.0.2                                      10.0.0.22                                     3˚<Fy@û	MK*@   ?  ¥⁄  '#     )      )   ¨   10.0.0.2                                      10.0.0.22                                     uÆ(%+@]ﬁÆ’>@   @  ¥⁄  '#     )      )   ¨   10.0.0.2                                      10.0.0.22                                     :@0Gè?@(-\VaS@   A  ¥⁄  '#     )      )   ¨   10.0.0.2                                      10.0.0.22                                     ˛—7iT@≥BëÓg@   B  ¥⁄  '#     )      )   ¨   10.0.0.2                                      10.0.0.22                                     @Ö#H•h@´ì3w|@   C  ¥⁄  '#     )      )   ¨   10.0.0.2                                      10.0.0.22                                     àıF≠0}@ÛWyë@   D  ¥⁄  '#     )      )   ¨   10.0.0.2                                      10.0.0.22                                     LáNœªë@5∑BXç•@   E  ¥⁄  '#     )      )   ¨   10.0.0.2                                      10.0.0.22                                     é::ÆF¶@˘HJz∫@   F  ¥⁄  '#     )      )   ¨   10.0.0.2                                      10.0.0.22                                     SÃA–—∫@ƒóâ"§Œ@   G  ¥⁄  '#     )      )   ¨   10.0.0.2                                      10.0.0.22                                     õ<e5]œ@éÊ» /„@   H  ¥⁄  '#     )      )   ¨   10.0.0.2                                      10.0.0.22                                     ›ÔPË„@≈Eùπ˜@   I  ¥⁄  '#     )      )   ¨   10.0.0.2                                      10.0.0.22                                     £<Ûr¯@”0|D@   J  ¥⁄  '#     )      )   ¨   10.0.0.2                                      10.0.0.22                                     „4D˛@∫-ëŒ @   K  ¥⁄  '#     )      )   ¨   10.0.0.2                                      10.0.0.22                                     ùL‹*à!@øò-Y5@   L  ¥⁄  '#     )      )   ¨   10.0.0.2                                      10.0.0.22                                     ﬁˇ«	6@Iÿ’‰I@   M  ¥⁄  '#     )      )   ¨   10.0.0.2                                      10.0.0.22                                     ˆ{bùJ@tÍ gy^@   N  ¥⁄  '#     )      )   ¨   10.0.0.2                                      10.0.0.22                                     ﬂáÉÑ(_@ÕtØì˙r@   O  ¥⁄  '#     )      )   ¨   10.0.0.2                                      10.0.0.22                                     §ã¶≥s@í∑µÖá@   P  ¥⁄  '#     )      )   ¨   10.0.0.2                                      10.0.0.22                                     *©–Dà@ï∑#úú@   Q  ¥⁄  '#     )      )   ¨   10.0.0.2                                      10.0.0.22                                     l\ˇÆœú@|∑y„§∞@   R  ¥⁄  '#     )      )   ¨   10.0.0.2                                      10.0.0.22                                     πâZö[±@*U¢Ï-≈@   S  ¥⁄  '#     )      )   ¨   10.0.0.2                                      10.0.0.22                                     ˚<FyÊ≈@È)rà∏Ÿ@   T  ¥⁄  '#     )      )   ¨   10.0.0.2                                      10.0.0.22                                     ¿ŒMõq⁄@+›]gCÓ@   U  ¥⁄  '#     )      )   ¨   10.0.0.2                                      10.0.0.22                                     Ç9z¸Ó@mêIFŒ@   V  ¥⁄  '#     )      )   ¨   10.0.0.2                                      10.0.0.22                                     «Aúá@2"QhY@   W  ¥⁄  '#     )      )   ¨   10.0.0.2                                      10.0.0.22                                     «,{@s’<G‰+@   X  ¥⁄  '#     )      )   ¨   10.0.0.2                                      10.0.0.22                                     ÕX4ùù,@8gDio@@   Y  ¥⁄  '#     )      )   ¨   10.0.0.2                                      10.0.0.22                                      |(A@˜;˙T@   Z  ¥⁄  '#     )      )   ¨   10.0.0.2                                      10.0.0.22                                     Œ‡Ô≥U@ºÕ'Öi@   [  ¥⁄  '#     )      )   ¨   10.0.0.2                                      10.0.0.22                                     ìr˜9>j@>?å~@   \  ¥⁄  '#     )      )   ¨   10.0.0.2                                      10.0.0.22                                     Wˇ[…~@¬(õí@   ]  ¥⁄  '#     )      )   ¨   10.0.0.2                                      10.0.0.22                                     ŸŒ˜Sì@ÇÁﬁ√%ß@   ^  ¥⁄  '#     )      )   ¨   10.0.0.2                                      10.0.0.22                                     Xå∫÷ﬁß@AºÆ_∞ª@   _  ¥⁄  '#     )      )   ¨   10.0.0.2                                      10.0.0.22                                     ¬¯iº@à,“ƒ;–@   `  ¥⁄  '#     )      )   ¨   10.0.0.2                                      10.0.0.22                                     ˛`‡π˜–@ÏM……‰@   a  ¥⁄  '#     )      )   ¨   10.0.0.2                                      10.0.0.22                                     F—ÉÂ@¬ª}V˘@   b  ¥⁄  '#     )      )   ¨   10.0.0.2                                      10.0.0.22                                     çA'Ñ˙@vq‡@   c  ¥⁄  '#     )      )   ¨   10.0.0.2                                      10.0.0.22                                     R”.¶ô@≤gœej"@   d  ¥⁄  '#     )      )   ¨   10.0.0.2                                      10.0.0.22                                     ®˛A$#@˘◊Ú ı6@   e  ¥⁄  '#     )      )   ¨   10.0.0.2                                      10.0.0.22                                     ÷9dØ7@æi˙ÏÄK@   f  ¥⁄  '#     )      )   ¨   10.0.0.2                                      10.0.0.22                                     ™)…:L@⁄R`@   g  ¥⁄  '#     )      )   ¨   10.0.0.2                                      10.0.0.22                                     _]®≈`@Hç	1ót@   h  ¥⁄  '#     )      )   ¨   10.0.0.2                                      10.0.0.22                                     $Ô Pu@S"â@   i  ¥⁄  '#     )      )   ¨   10.0.0.2                                      10.0.0.22                                     f¢©€â@N“¸1≠ù@   j  ¥⁄  '#     )      )   ¨   10.0.0.2                                      10.0.0.22                                     %wÿDfû@ßÃÕ7≤@   k  ¥⁄  '#     )      )   ¨   10.0.0.2                                      10.0.0.22                                     Í‡fÒ≤@Z‘'π√∆@   l  ¥⁄  '#     )      )   ¨   10.0.0.2                                      10.0.0.22                                     ,ºÀE|«@ó €N€@   m  ¥⁄  '#     )      )   ¨   10.0.0.2                                      10.0.0.22                                     M”g‹@ÿ}«ÿÔ@   n  ¥⁄  '#     )      )   ¨   10.0.0.2                                      10.0.0.22                                     2øFí@òRóåc@   o  ¥⁄  '#     )      )   ¨   10.0.0.2                                      10.0.0.22                                     ˜í∆h@ﬂ¬∫ÒÓ@   p  ¥⁄  '#     )      )   ¨   10.0.0.2                                      10.0.0.22                                     >ÍÕ®@'3ﬁVz-@   q  ¥⁄  '#     )      )   ¨   10.0.0.2                                      10.0.0.22                                     Ä∂’¨3.@ÊÆÚB@   r  ¥⁄  '#     )      )   ¨   10.0.0.2                                      10.0.0.22                                     »&˘øB@35	ﬁêV@   s  ¥⁄  '#     )      )   ¨   10.0.0.2                                      10.0.0.22                                     ç∏ 4JW@Äbd…k@   t  ¥⁄  '#     )      )   ¨   10.0.0.2                                      10.0.0.22                                     ⁄»uS k@E◊Öú@   u  ¥⁄  '#     )      )   ¨   10.0.0.2                                      10.0.0.22                                     |a2UÄ@¥r/0+î@   v  ¥⁄  '#     )      )   ¨   10.0.0.2                                      10.0.0.22                                     ^/M‡î@Ly ≤®@   w  ¥⁄  '#     )      )   ¨   10.0.0.2                                      10.0.0.22                                     "¡T3k©@k∏»=Ω@   x  ¥⁄  '#     )      )   ¨   10.0.0.2                                      10.0.0.22                                     ‚ï$œıΩ@L§4õ«—@   y  ¥⁄  '#     )      )   ¨   10.0.0.2                                      10.0.0.22                                     #IÆÄ“@y7RÊ@   z  ¥⁄  '#     )      )   ¨   10.0.0.2                                      10.0.0.22                                     e¸˚åÁ@–
Y›˙@   {  ¥⁄  '#     )      )   ¨   10.0.0.2                                      10.0.0.22                                     ßØÁkñ˚@õYKi@   |  ¥⁄  '#     )      )   ¨   10.0.0.2                                      10.0.0.22                                     lAÔç!@∆X«Ò#@   }  ¥⁄  '#     )      )   ¨   10.0.0.2                                      10.0.0.22                                     ùΩ3⁄™$@¸Q‘ô{8@   ~  ¥⁄  '#     )      )   ¨   10.0.0.2                                      10.0.0.22                                     ﬁpπ59@J/ÖM@     ¥⁄  '#     )      )   ¨   10.0.0.2                                      10.0.0.22                                      $ò¿M@	Tˇ ía@   Ä  ¥⁄  '#     )      )   ¨   10.0.0.2                                      10.0.0.22                                     Âµ∫Kb@”¢>…v@   Å  ¥⁄  '#     )      )   ¨   10.0.0.2                                      10.0.0.22                                     fàc]‹v@—ñs)Æä@   Ç  ¥⁄  '#     )      )   ¨   10.0.0.2                                      10.0.0.22                                     *kgã@õÂ≤—9ü@   É  ¥⁄  '#     )      )   ¨   10.0.0.2                                      10.0.0.22                                     ÈÓ:Úü@òŸÁ1 ≥@   Ñ  ¥⁄  '#     )      )   ¨   10.0.0.2                                      10.0.0.22                                     ®√
∑|¥@ñ∞6∆N»@   Ö  ¥⁄  '#     )      )   ¨   10.0.0.2                                      10.0.0.22                                     3.…@ﬁ Z+⁄‹@   Ü  ¥⁄  '#     )      )   ¨   10.0.0.2                                      10.0.0.22                                     µ≈5>ì›@ ‘E
eÒ@   á  ¥⁄  '#     )      )   ¨   10.0.0.2                                      10.0.0.22                                     ˆx!Ú@‰eM,@   à  ¥⁄  '#     )      )   ¨   10.0.0.2                                      10.0.0.22                                     ª
)?©@&9{@   â  ¥⁄  '#     )      )   ¨   10.0.0.2                                      10.0.0.22                                     ˝Ω4@bÌc/@   ä  ¥⁄  '#     )      )   ¨   10.0.0.2                                      10.0.0.22                                     ¬O@ø/@-^,ëC@   ã  ¥⁄  '#     )      )   ¨   10.0.0.2                                      10.0.0.22                                     á·#bJD@ÚÔ3.X@   å  ¥⁄  '#     )      )   ¨   10.0.0.2                                      10.0.0.22                                     Ks+Ñ’X@∂Å;Pßl@   ç  ¥⁄  '#     )      )   ¨   10.0.0.2                                      10.0.0.22                                     ç&c`m@{Cr2Å@   é  ¥⁄  '#     )      )   ¨   10.0.0.2                                      10.0.0.22                                     œŸBÎÅ@Ω∆.QΩï@   è  ¥⁄  '#     )      )   ¨   10.0.0.2                                      10.0.0.22                                     çÓ vñ@|õ˛ÏG™@   ê  ¥⁄  '#     )      )   ¨   10.0.0.2                                      10.0.0.22                                     ÷ˆB´@A-”æ@   ë  ¥⁄  '#     )      )   ¨   10.0.0.2                                      10.0.0.22                                     ¶*mqçø@ˆ¥√_”@   í  ¥⁄  '#     )      )   ¨   10.0.0.2                                      10.0.0.22                                     Ë›XP‘@’ Ñ_ÍÁ@   ì  ¥⁄  '#     )      )   ¨   10.0.0.2                                      10.0.0.22                                     *ëD/£Ë@ïüT˚t¸@   î  ¥⁄  '#     )      )   ¨   10.0.0.2                                      10.0.0.22                                     Ó"LQ.˝@÷R@⁄ˇ@   ï  ¥⁄  '#     )      )   ¨   10.0.0.2                                      10.0.0.22                                     ≥¥Ssπ@√c?ã%@   ñ  ¥⁄  '#     )      )   ¨   10.0.0.2                                      10.0.0.22                                     lÃÎàC&@q≠ˆ∞:@   ó  ¥⁄  '#     )      )   ¨   10.0.0.2                                      10.0.0.22                                     Æ◊gŒ:@éÁ3†N@   ò  ¥⁄  '#     )      )   ¨   10.0.0.2                                      10.0.0.22                                     sﬂâYO@Èô^b,c@   ô  ¥⁄  '#     )      )   ¨   10.0.0.2                                      10.0.0.22                                     µƒ h‰c@£Æµw@   ö  ¥⁄  '#     )      )   ¨   10.0.0.2                                      10.0.0.22                                     ˜w∂Gox@bÜ∆Aå@   õ  ¥⁄  '#     )      )   ¨   10.0.0.2                                      10.0.0.22                                     9+¢&˙å@&Œ5Ã†@   ú  ¥⁄  '#     )      )   ¨   10.0.0.2                                      10.0.0.22                                     ¯ˇq¬Ñ°@cÇéVµ@   ù  ¥⁄  '#     )      )   ¨   10.0.0.2                                      10.0.0.22                                     ∑‘A^∂@&§‡…@   û  ¥⁄  '#     )      )   ¨   10.0.0.2                                      10.0.0.22                                     ¯á-=ö @·∑!∆kﬁ@   ü  ¥⁄  '#     )      )   ¨   10.0.0.2                                      10.0.0.22                                     :;%ﬂ@•I)ËˆÚ@   †  ¥⁄  '#     )      )   ¨   10.0.0.2                                      10.0.0.22                                     àht±Û@vU†É@   °  ¥⁄  '#     )      )   ¨   10.0.0.2                                      10.0.0.22                                      `Ê;@≤KTo@   ¢  ¥⁄  '#     )      )   ¨   10.0.0.2                                      10.0.0.22                                     é≠g«@˘ªw‘ò0@   £  ¥⁄  '#     )      )   ¨   10.0.0.2                                      10.0.0.22                                     S?o*R1@;oc≥#E@   §  ¥⁄  '#     )      )   ¨   10.0.0.2                                      10.0.0.22                                     ïÚZ	›E@ k’ÆY@   •  ¥⁄  '#     )      )   ¨   10.0.0.2                                      10.0.0.22                                     ZÑb+hZ@B¥V¥9n@   ¶  ¥⁄  '#     )      )   ¨   10.0.0.2                                      10.0.0.22                                     ú7N
Ûn@â$z≈Ç@   ß  ¥⁄  '#     )      )   ¨   10.0.0.2                                      10.0.0.22                                     „ßqo~É@À◊e¯Oó@   ®  ¥⁄  '#     )      )   ¨   10.0.0.2                                      10.0.0.22                                     %[]N	ò@ãQ◊⁄´@   ©  ¥⁄  '#     )      )   ¨   10.0.0.2                                      10.0.0.22                                     ‰/-Íì¨@O>=∂e¿@   ™  ¥⁄  '#     )      )   ¨   10.0.0.2                                      10.0.0.22                                     ©¡4¡@ç|^Ò‘@   ´  ¥⁄  '#     )      )   ¨   10.0.0.2                                      10.0.0.22                                     mS<.™’@[@h=|È@   ¨  ¥⁄  '#     )      )   ¨   10.0.0.2                                      10.0.0.22                                     Ø(5Í@£∞ã¢˛@   ≠  ¥⁄  '#     )      )   ¨   10.0.0.2                                      10.0.0.22                                     n€˜®ø˛@VÏ1ë@   Æ  ¥⁄  '#     )      )   ¨   10.0.0.2                                      10.0.0.22                                     -∞«DJ@
fL¡'@   Ø  ¥⁄  '#     )      )   ¨   10.0.0.2                                      10.0.0.22                                     j¶{ù‘'@œ˜S„•;@   ∞  ¥⁄  '#     )      )   ¨   10.0.0.2                                      10.0.0.22                                     ){K9_<@îâ[1P@   ±  ¥⁄  '#     )      )   ¨   10.0.0.2                                      10.0.0.22                                     ËO’ÈP@M°Ûªd@   ≤  ¥⁄  '#     )      )   ¨   10.0.0.2                                      10.0.0.22                                     ≤ûZ}ue@†ãÜåGy@   ≥  ¥⁄  '#     )      )   ¨   10.0.0.2                                      10.0.0.22                                     w0bü z@‚>rk“ç@   ¥  ¥⁄  '#     )      )   ¨   10.0.0.2                                      10.0.0.22                                     æ†Öåé@¶–yç]¢@   µ  ¥⁄  '#     )      )   ¨   10.0.0.2                                      10.0.0.22                                     }uU†£@f•I)Ë∂@   ∂  ¥⁄  '#     )      )   ¨   10.0.0.2                                      10.0.0.22                                     ø(A°∑@0Ùà—sÀ@   ∑  ¥⁄  '#     )      )   ¨   10.0.0.2                                      10.0.0.22                                     ôd‰,Ã@rßt∞˛ﬂ@   ∏  ¥⁄  '#     )      )   ¨   10.0.0.2                                      10.0.0.22                                     ILP√∑‡@¥Z`èâÙ@   π  ¥⁄  '#     )      )   ¨   10.0.0.2                                      10.0.0.22                                     ÖBBı@PË	@   ∫  ¥⁄  '#     )      )   ¨   10.0.0.2                                      10.0.0.22                                     J‘>Õ	@µ‚
ü@   ª  ¥⁄  '#     )      )   ¨   10.0.0.2                                      10.0.0.22                                     f`X@ˆïÈ)2@   º  ¥⁄  '#     )      )   ¨   10.0.0.2                                      10.0.0.22                                     K\«∏‚2@∂j◊Ñ¥F@   Ω  ¥⁄  '#     )      )   ¨   10.0.0.2                                      10.0.0.22                                     áR{mG@Ú`ã›>[@   æ  ¥⁄  '#     )      )   ¨   10.0.0.2                                      10.0.0.22                                     …g˜[@∂Úíˇ…o@   ø  ¥⁄  '#     )      )   ¨   10.0.0.2                                      10.0.0.22                                     
πRœÇp@¯•~ﬁTÑ@   ¿  ¥⁄  '#     )      )   ¨   10.0.0.2                                      10.0.0.22                                     œJZÒÖ@:YjΩﬂò@   ¡  ¥⁄  '#     )      )   ¨   10.0.0.2                                      10.0.0.22                                     é*çòô@ˇÍqﬂj≠@   ¬  ¥⁄  '#     )      )   ¨   10.0.0.2                                      10.0.0.22                                     €LÖx$Æ@F[ïDˆ¡@   √  ¥⁄  '#     )      )   ¨   10.0.0.2                                      10.0.0.22                                     †ﬁåöØ¬@ÌúfÅ÷@   ƒ  ¥⁄  '#     )      )   ¨   10.0.0.2                                      10.0.0.22                                     ËN∞ˇ:◊@÷;‹Î@   ≈  ¥⁄  '#     )      )   ¨   10.0.0.2                                      10.0.0.22                                     ß#Äõ≈Î@èSt$óˇ@   ∆  ¥⁄  '#     )      )   ¨   10.0.0.2                                      10.0.0.22                                     lµáΩP @TÂ{F"@   «  ¥⁄  '#     )      )   ¨   10.0.0.2                                      10.0.0.22                                     ≠hsú€@@‹’´(@   »  ¥⁄  '#     )      )   ¨   10.0.0.2                                      10.0.0.22                                     a√”+e)@>yX®5=@   …  ¥⁄  '#     )      )   ¨   10.0.0.2                                      10.0.0.22                                      ò£«Ô=@Öœ÷¡Q@      ¥⁄  '#     )      )   ¨   10.0.0.2                                      10.0.0.22                                     bKè¶zR@J{É/Lf@   À  ¥⁄  '#     )      )   ¨   10.0.0.2                                      10.0.0.22                                     §˛zÖg@ãQ◊z@   Ã  ¥⁄  '#     )      )   ¨   10.0.0.2                                      10.0.0.22                                     iêÇßê{@Œ·ZÌaè@   Õ  ¥⁄  '#     )      )   ¨   10.0.0.2                                      10.0.0.22                                     •Ü6 ê@ìsbÌ£@   Œ  ¥⁄  '#     )      )   ¨   10.0.0.2                                      10.0.0.22                                     Á9"ﬂ•§@‘&NÓw∏@   œ  ¥⁄  '#     )      )   ¨   10.0.0.2                                      10.0.0.22                                     )Ìæ0π@î˚äÕ@   –  ¥⁄  '#     )      )   ¨   10.0.0.2                                      10.0.0.22                                     j†˘úªÕ@S–Ì%ç·@   —  ¥⁄  '#     )      )   ¨   10.0.0.2                                      10.0.0.22                                     )u…8F‚@è∆°~ˆ@   “  ¥⁄  '#     )      )   ¨   10.0.0.2                                      10.0.0.22                                     k(µ—ˆ@÷6≈„¢
@   ”  ¥⁄  '#     )      )   ¨   10.0.0.2                                      10.0.0.22                                     ≥òÿ|\@°Öå.@   ‘  ¥⁄  '#     )      )   ¨   10.0.0.2                                      10.0.0.22                                     ˙¸·Á@ˇÈ
º3@   ’  ¥⁄  '#     )      )   ¨   10.0.0.2                                      10.0.0.22                                     ∫›À}r4@$Ï€IDH@   ÷  ¥⁄  '#     )      )   ¨   10.0.0.2                                      10.0.0.22                                     ˆ”÷¸H@a‚è¢Œ\@   ◊  ¥⁄  '#     )      )   ¨   10.0.0.2                                      10.0.0.22                                     ∫eá¯á]@£ï{ÅYq@   ÿ  ¥⁄  '#     )      )   ¨   10.0.0.2                                      10.0.0.22                                     ˜ér@g'É£‰Ö@   Ÿ  ¥⁄  '#     )      )   ¨   10.0.0.2                                      10.0.0.22                                     >Ã^∂ùÜ@_^Ä}tö@   ⁄  ¥⁄  '#     )      )   ¨   10.0.0.2                                      10.0.0.22                                     ÄJï(õ@ÎçZa˙Æ@   €  ¥⁄  '#     )      )   ¨   10.0.0.2                                      10.0.0.22                                     ER∑≥Ø@3˛}∆Ö√@   ‹  ¥⁄  '#     )      )   ¨   10.0.0.2                                      10.0.0.22                                     áƒ=ñ>ƒ@Ú“Mbÿ@   ›  ¥⁄  '#     )      )   ¨   10.0.0.2                                      10.0.0.22                                     √∫ÒÓ»ÿ@±ß˛öÏ@   ﬁ  ¥⁄  '#     )      )   ¨   10.0.0.2                                      10.0.0.22                                     n›ÕSÌ@p|Ìô%@   ﬂ  ¥⁄  '#     )      )   ¨   10.0.0.2                                      10.0.0.22                                     G!…¨ﬁ@∑Ïˇ∞@   ‡  ¥⁄  '#     )      )   ¨   10.0.0.2                                      10.0.0.22                                     à‘¥ãi@›ÓÂ>9*@   ·  ¥⁄  '#     )      )   ¨   10.0.0.2                                      10.0.0.22                                     πP˘◊Ú*@êIFŒ¬>@   ‚  ¥⁄  '#     )      )   ¨   10.0.0.2                                      10.0.0.22                                     ˚Â∂}?@È∆OS@   „  ¥⁄  '#     )      )   ¨   10.0.0.2                                      10.0.0.22                                     H1@¢	T@6l±€g@   ‰  ¥⁄  '#     )      )   ¨   10.0.0.2                                      10.0.0.22                                     √Gƒîh@ö?¶µi|@   Â  ¥⁄  '#     )      )   ¨   10.0.0.2                                      10.0.0.22                                     Iπ˚}@¥«Èê@   Ê  ¥⁄  '#     )      )   ¨   10.0.0.2                                      10.0.0.22                                     K?™ë@ˆz˜«{•@   Á  ¥⁄  '#     )      )   ¨   10.0.0.2                                      10.0.0.22                                     P˛Ó5¶@>Î-∫@   Ë  ¥⁄  '#     )      )   ¨   10.0.0.2                                      10.0.0.22                                     í±⁄¸ø∫@z·ŒÖëŒ@   È  ¥⁄  '#     )      )   ¨   10.0.0.2                                      10.0.0.22                                     QÜ™òJœ@?s÷ß„@   Í  ¥⁄  '#     )      )   ¨   10.0.0.2                                      10.0.0.22                                     ≤∫’„@Å&¬Üß˜@   Î  ¥⁄  '#     )      )   ¨   10.0.0.2                                      10.0.0.22                                     ⁄©π‹`¯@#‹dT @   Ï  ¥⁄  '#     )      )   ¨   10.0.0.2                                      10.0.0.22                                     –ù`ˇu @ƒµ⁄√^ @   Ì  ¥⁄  '#     )      )   ¨   10.0.0.2                                      10.0.0.22                                     Óò∫+ª @¶~ﬁT§ @   Ó  ¥⁄  '#     )      )   ¨   10.0.0.2                                      10.0.0.22                                     –aæº  @àG‚ÂÈ$ @   Ô  ¥⁄  '#     )      )   ¨   10.0.0.2                                      10.0.0.22                                     ≤*¬MF% @Ë1 3// @     ¥⁄  '#     )      )   ¨   10.0.0.2                                      10.0.0.22                                     ïÛ≈ﬁã/ @ ˙Õƒt9 @   Ò  ¥⁄  '#     )      )   ¨   10.0.0.2                                      10.0.0.22                                     Ù›≠,—9 @*Âµ∫C @   Ú  ¥⁄  '#     )      )   ¨   10.0.0.2                                      10.0.0.22                                     ï∑#úD @H‡?ˇM @   Û  ¥⁄  '#     )      )   ¨   10.0.0.2                                      10.0.0.22                                     6ëô\N @w˛EX @   Ù  ¥⁄  '#     )      )   ¨   10.0.0.2                                      10.0.0.22                                     ZI+æ°X @èP3§äb @   ı  ¥⁄  '#     )      )   ¨   10.0.0.2                                      10.0.0.22                                     π3Áb @0*©–l @   ˆ  ¥⁄  '#     )      )   ¨   10.0.0.2                                      10.0.0.22                                     ú¸ù,m @Û¨§w @   ˜  ¥⁄  '#     )      )   ¨   10.0.0.2                                      10.0.0.22                                     ~≈.rw @r›îÚZÅ @   ¯  ¥⁄  '#     )      )   ¨   10.0.0.2                                      10.0.0.22                                     `éø∑Å @0h!£ã @   ˘  ¥⁄  '#     )      )   ¨   10.0.0.2                                      10.0.0.22                                     ¿x˝ã @,ı,Âï @   ˙  ¥⁄  '#     )      )   ¨   10.0.0.2                                      10.0.0.22                                     [ïDˆAñ @ãﬂV*† @   ˚  ¥⁄  '#     )      )   ¨   10.0.0.2                                      10.0.0.22                                     >^Háá† @2v¬Kp™ @   ¸  ¥⁄  '#     )      )   ¨   10.0.0.2                                      10.0.0.22                                     ﬂ7æˆÃ™ @”O8ªµ¥ @   ˝  ¥⁄  '#     )      )   ¨   10.0.0.2                                      10.0.0.22                                     >"¶Dµ @ÒJíÁ˙æ @   ˛  ¥⁄  '#     )      )   ¨   10.0.0.2                                      10.0.0.22                                     ﬂ˚¥Wø @$ö@… @   ˇ  ¥⁄  '#     )      )   ¨   10.0.0.2                                      10.0.0.22                                     Ä’ë#ù… @˜À'+Ü” @      ¥⁄  '#     )      )   ¨   10.0.0.2                                      10.0.0.22                                     bûï¥‚” @ò•ùöÀ› @     ¥⁄  '#     )      )   ¨   10.0.0.2                                      10.0.0.22                                     ¬à}(ﬁ @9
Ë @     ¥⁄  '#     )      )   ¨   10.0.0.2                                      10.0.0.22                                     §QÅìmË @⁄XâyVÚ @     ¥⁄  '#     )      )   ¨   10.0.0.2                                      10.0.0.22                                     <i·≤Ú @{2ˇËõ¸ @     ¥⁄  '#     )      )   ¨   10.0.0.2                                      10.0.0.22                                     (Ù˙ì¯¸ @8Ωã˜„!@     ¥⁄  '#     )      )   ¨   10.0.0.2                                      10.0.0.22                                     áﬁ‚·=!@˛‘xÈ&!@     ¥⁄  '#     )      )   ¨   10.0.0.2                                      10.0.0.22                                     •Ÿ<É!@ôÒ∂“k!@     ¥⁄  '#     )      )   ¨   10.0.0.2                                      10.0.0.22                                     F≥≤}»!@Ω©HÖ±%!@     ¥⁄  '#     )      )   ¨   10.0.0.2                                      10.0.0.22                                     (|∂&!@ÚòÅ ¯/!@   	  ¥⁄  '#     )      )   ¨   10.0.0.2                                      10.0.0.22                                     àfû\S0!@Ωm¶B<:!@   
  ¥⁄  '#     )      )   ¨   10.0.0.2                                      10.0.0.22                                     j/¢Ìò:!@†6™”ÅD!@     ¥⁄  '#     )      )   ¨   10.0.0.2                                      10.0.0.22                                     M¯•~ﬁD!@ƒÓ;Ü«N!@     ¥⁄  '#     )      )   ¨   10.0.0.2                                      10.0.0.22                                     Ó—Ó#O!@#Ÿ#‘Y!@     ¥⁄  '#     )      )   ¨   10.0.0.2                                      10.0.0.22                                     x∑≤DgY!@iˇ¨Uc!@     ¥⁄  '#     )      )   ¨   10.0.0.2                                      10.0.0.22                                     ZÄ∂’¨c!@◊3Ñcñm!@     ¥⁄  '#     )      )   ¨   10.0.0.2                                      10.0.0.22                                     =I∫fÚm!@ı.ﬁè€w!@     ¥⁄  '#     )      )   ¨   10.0.0.2                                      10.0.0.22                                     `L8x!@◊˜· !Ç!@     ¥⁄  '#     )      )   ¨   10.0.0.2                                      10.0.0.22                                     ¿Î3g}Ç!@x—Wêfå!@     ¥⁄  '#     )      )   ¨   10.0.0.2                                      10.0.0.22                                     a≈©÷¬å!@Óïy´ñ!@     ¥⁄  '#     )      )   ¨   10.0.0.2                                      10.0.0.22                                     ¿ó!@sÿ}«†!@     ¥⁄  '#     )      )   ¨   10.0.0.2                                      10.0.0.22                                      öyrM°!@¢
Ü7´!@     ¥⁄  '#     )      )   ¨   10.0.0.2                                      10.0.0.22                                     œΩáKé´!@√’wµ!@     ¥⁄  '#     )      )   ¨   10.0.0.2                                      10.0.0.22                                     Ûu˛”µ!@(}!‰ºø!@     ¥⁄  '#     )      )   ¨   10.0.0.2                                      10.0.0.22                                     îOèm¿!@F%u !@     ¥⁄  '#     )      )   ¨   10.0.0.2                                      10.0.0.22                                     vì˛^ !@Ì)H‘!@     ¥⁄  '#     )      )   ¨   10.0.0.2                                      10.0.0.22                                     ÷{L§‘!@
É2çﬁ!@     ¥⁄  '#     )      )   ¨   10.0.0.2                                      10.0.0.22                                     ˘∫ˇÈﬁ!@≤†0(”Ë!@     ¥⁄  '#     )      )   ¨   10.0.0.2                                      10.0.0.22                                     öîÇn/È!@–õäTÛ!@     ¥⁄  '#     )      )   ¨   10.0.0.2                                      10.0.0.22                                     æL!uÛ!@5C™(^˝!@     ¥⁄  '#     )      )   ¨   10.0.0.2                                      10.0.0.22                                     7¸n∫˝!@Æπ£"@     ¥⁄  '#     )      )   ¨   10.0.0.2                                      10.0.0.22                                          "@ÙzƒË"@     ¥⁄  '#     )      )   ¨   10.0.0.2                                      10.0.0.22                                     ‚»ëE"@÷‡}U."@      ¥⁄  '#     )      )   ¨   10.0.0.2                                      10.0.0.22                                     B≥Îﬁä"@˙òt&"@   !  ¥⁄  '#     )      )   ¨   10.0.0.2                                      10.0.0.22                                     °ù”,–&"@ïµMÒ∏0"@   "  ¥⁄  '#     )      )   ¨   10.0.0.2                                      10.0.0.22                                     BwIú1"@6è√`˛:"@   #  ¥⁄  '#     )      )   ¨   10.0.0.2                                      10.0.0.22                                     %@M-[;"@›%qVDE"@   $  ¥⁄  '#     )      )   ¨   10.0.0.2                                      10.0.0.22                                     	Qæ†E"@˚ ÀÇâO"@   %  ¥⁄  '#     )      )   ¨   10.0.0.2                                      10.0.0.22                                     éø∑ÈO"@Ç69|“Y"@   &  ¥⁄  '#     )      )   ¨   10.0.0.2                                      10.0.0.22                                     /¯4'/Z"@eˇ<d"@   '  ¥⁄  '#     )      )   ¨   10.0.0.2                                      10.0.0.22                                     ¡8∏td"@ñÍ^n"@   (  ¥⁄  '#     )      )   ¨   10.0.0.2                                      10.0.0.22                                     ≥öÆ'∫n"@*ëD/£x"@   )  ¥⁄  '#     )      )   ¨   10.0.0.2                                      10.0.0.22                                     —ïTˇx"@≈≠ÇËÇ"@   *  ¥⁄  '#     )      )   ¨   10.0.0.2                                      10.0.0.22                                     ÔêbÄDÉ"@≥ıµ.ç"@   +  ¥⁄  '#     )      )   ¨   10.0.0.2                                      10.0.0.22                                     N{JŒâç"@¿¥®Oró"@   ,  ¥⁄  '#     )      )   ¨   10.0.0.2                                      10.0.0.22                                     gπltŒó"@%!ë∂°"@   -  ¥⁄  '#     )      )   ¨   10.0.0.2                                      10.0.0.22                                     ™Ú=#¢"@s	ﬂ˚´"@   .  ¥⁄  '#     )      )   ¨   10.0.0.2                                      10.0.0.22                                     KÃ≥íV¨"@Ä”ªx?∂"@   /  ¥⁄  '#     )      )   ¨   10.0.0.2                                      10.0.0.22                                     Ï•)ú∂"@!≠1ËÑ¿"@   0  ¥⁄  '#     )      )   ¨   10.0.0.2                                      10.0.0.22                                     Œn-ì·¿"@v5y  "@   1  ¥⁄  '#     )      )   ¨   10.0.0.2                                      10.0.0.22                                     ∞71$'À"@Ê>9
’"@   2  ¥⁄  '#     )      )   ¨   10.0.0.2                                      10.0.0.22                                     Qßìl’"@»=õUﬂ"@   3  ¥⁄  '#     )      )   ¨   10.0.0.2                                      10.0.0.22                                     ±˚é·±ﬂ"@i·≤
õÈ"@   4  ¥⁄  '#     )      )   ¨   10.0.0.2                                      10.0.0.22                                     ìƒír˜È"@…ÀöX‡Û"@   5  ¥⁄  '#     )      )   ¨   10.0.0.2                                      10.0.0.22                                     vçñ=Ù"@j•»%˛"@   6  ¥⁄  '#     )      )   ¨   10.0.0.2                                      10.0.0.22                                     XVöîÇ˛"@LnYk#@   7  ¥⁄  '#     )      )   ¨   10.0.0.2                                      10.0.0.22                                     ˘/»#@.7Í∞#@   8  ¥⁄  '#     )      )   ¨   10.0.0.2                                      10.0.0.22                                     X¯Q#@L2rˆ#@   9  ¥⁄  '#     )      )   ¨   10.0.0.2                                      10.0.0.22                                     ˘Ûm¡R#@/˚uß;'#@   :  ¥⁄  '#     )      )   ¨   10.0.0.2                                      10.0.0.22                                     öÕ„0ò'#@éÂ]ıÄ1#@   ;  ¥⁄  '#     )      )   ¨   10.0.0.2                                      10.0.0.22                                     }ñÁ¡›1#@qÆaÜ∆;#@   <  ¥⁄  '#     )      )   ¨   10.0.0.2                                      10.0.0.22                                     __ÎR#<#@÷UÅZF#@   =  ¥⁄  '#     )      )   ¨   10.0.0.2                                      10.0.0.22                                     øI”†hF#@≥aMeQP#@   >  ¥⁄  '#     )      )   ¨   10.0.0.2                                      10.0.0.22                                     4ªÓ≠P#@‹÷ûóZ#@   ?  ¥⁄  '#     )      )   ¨   10.0.0.2                                      10.0.0.22                                     ø1^ÛZ#@≥%´"‹d#@   @  ¥⁄  '#     )      )   ¨   10.0.0.2                                      10.0.0.22                                     ¯¨8e#@∏\˝ÿ$o#@   A  ¥⁄  '#     )      )   ¨   10.0.0.2                                      10.0.0.22                                     ~‚ ˙}o#@ıÿñgy#@   B  ¥⁄  '#     )      )   ¨   10.0.0.2                                      10.0.0.22                                     ºvi√y#@‘-¨É#@   C  ¥⁄  '#     )      )   ¨   10.0.0.2                                      10.0.0.22                                     ¿ïÏÿÑ#@ıúÙæÒç#@   D  ¥⁄  '#     )      )   ¨   10.0.0.2                                      10.0.0.22                                     ¢^iNé#@“®¿…6ò#@   E  ¥⁄  '#     )      )   ¨   10.0.0.2                                      10.0.0.22                                     jºtìò#@£ˆ{¢#@   F  ¥⁄  '#     )      )   ¨   10.0.0.2                                      10.0.0.22                                     &jjŸ¢#@‰.¬¨#@   G  ¥⁄  '#     )      )   ¨   10.0.0.2                                      10.0.0.22                                      m˚≠#@=—u·∑#@   H  ¥⁄  '#     )      )   ¨   10.0.0.2                                      10.0.0.22                                     ,Çˇ≠d∑#@aâîM¡#@   I  ¥⁄  '#     )      )   ¨   10.0.0.2                                      10.0.0.22                                     K?™¡#@DR%ìÀ#@   J  ¥⁄  '#     )      )   ¨   10.0.0.2                                      10.0.0.22                                     Ø$yÆÔÀ#@Â+Åîÿ’#@   K  ¥⁄  '#     )      )   ¨   10.0.0.2                                      10.0.0.22                                     ëÌ|?5÷#@‰G‡#@   L  ¥⁄  '#     )      )   ¨   10.0.0.2                                      10.0.0.22                                     Ò◊dçz‡#@&ﬂlscÍ#@   M  ¥⁄  '#     )      )   ¨   10.0.0.2                                      10.0.0.22                                     ”†h¿Í#@«∏‚‚®Ù#@   N  ¥⁄  '#     )      )   ¨   10.0.0.2                                      10.0.0.22                                     ∂ilØı#@™ÅÊsÓ˛#@   O  ¥⁄  '#     )      )   ¨   10.0.0.2                                      10.0.0.22                                     åÉKˇ#@)H4	$@   P  ¥⁄  '#     )      )   ¨   10.0.0.2                                      10.0.0.22                                     z˚s—ê	$@nÓïy$@   Q  ¥⁄  '#     )      )   ¨   10.0.0.2                                      10.0.0.22                                     ]ƒwb÷$@‘∫jø$@   R  ¥⁄  '#     )      )   ¨   10.0.0.2                                      10.0.0.22                                     ˛ùÌ—$@º@IÅ($@   S  ¥⁄  '#     )      )   ¨   10.0.0.2                                      10.0.0.22                                     üwcAa($@‘~k'J2$@   T  ¥⁄  '#     )      )   ¨   10.0.0.2                                      10.0.0.22                                     @QŸ∞¶2$@4iSuè<$@   U  ¥⁄  '#     )      )   ¨   10.0.0.2                                      10.0.0.22                                     ^L3›Î<$@Rd≠°‘F$@   V  ¥⁄  '#     )      )   ¨   10.0.0.2                                      10.0.0.22                                     Ω6+1G$@íÕUÛQ$@   W  ¥⁄  '#     )      )   ¨   10.0.0.2                                      10.0.0.22                                     †ˇºvQ$@R(__[$@   X  ¥⁄  '#     )      )   ¨   10.0.0.2                                      10.0.0.22                                     Ç»"Mº[$@|ù‘ó•e$@   Y  ¥⁄  '#     )      )   ¨   10.0.0.2                                      10.0.0.22                                     ¶Ä¥ˇf$@wJÎo$@   Z  ¥⁄  '#     )      )   ¨   10.0.0.2                                      10.0.0.22                                     àI∏êGp$@FÏ@1z$@   [  ¥⁄  '#     )      )   ¨   10.0.0.2                                      10.0.0.22                                     )#. çz$@;®ƒuÑ$@   \  ¥⁄  '#     )      )   ¨   10.0.0.2                                      10.0.0.22                                     Ï1ë“Ñ$@Ç‚«òªé$@   ]  ¥⁄  '#     )      )   ¨   10.0.0.2                                      10.0.0.22                                     ¨≈ß è$@õ Í> ô$@   ^  ¥⁄  '#     )      )   ¨   10.0.0.2                                      10.0.0.22                                     ÛW»\ô$@6=((E£$@   _  ¥⁄  '#     )      )   ¨   10.0.0.2                                      10.0.0.22                                     f›?¢£$@Zıπ⁄ä≠$@   `  ¥⁄  '#     )      )   ¨   10.0.0.2                                      10.0.0.22                                     ÀÑ_ÍÁ≠$@øúŸÆ–∑$@   a  ¥⁄  '#     )      )   ¨   10.0.0.2                                      10.0.0.22                                     ≠Mc{-∏$@°e›?¬$@   b  ¥⁄  '#     )      )   ¨   10.0.0.2                                      10.0.0.22                                     N'ŸÍr¬$@Ñ.·–[Ã$@   c  ¥⁄  '#     )      )   ¨   10.0.0.2                                      10.0.0.22                                     Æ¡8∏Ã$@„…°÷$@   d  ¥⁄  '#     )      )   ¨   10.0.0.2                                      10.0.0.22                                     ê⁄ƒ…˝÷$@∆·ÃØÊ‡$@   e  ¥⁄  '#     )      )   ¨   10.0.0.2                                      10.0.0.22                                     r£»ZC·$@fªB,Î$@   f  ¥⁄  '#     )      )   ¨   10.0.0.2                                      10.0.0.22                                     }> àÎ$@IÑF∞qı$@   g  ¥⁄  '#     )      )   ¨   10.0.0.2                                      10.0.0.22                                     ˆEB[Œı$@Í]º∑ˇ$@   h  ¥⁄  '#     )      )   ¨   10.0.0.2                                      10.0.0.22                                     ó∏  %@ã72è¸	%@   i  ¥⁄  '#     )      )   ¨   10.0.0.2                                      10.0.0.22                                     8˘-:Y
%@m 6 B%@   j  ¥⁄  '#     )      )   ¨   10.0.0.2                                      10.0.0.22                                     ¬1Àû%@O…9±á%@   k  ¥⁄  '#     )      )   ¨   10.0.0.2                                      10.0.0.22                                     ¸ä5\‰%@2í=BÕ(%@   l  ¥⁄  '#     )      )   ¨   10.0.0.2                                      10.0.0.22                                     \u™))%@ë|%ê3%@   m  ¥⁄  '#     )      )   ¨   10.0.0.2                                      10.0.0.22                                     >>!;o3%@tE)!X=%@   n  ¥⁄  '#     )      )   ¨   10.0.0.2                                      10.0.0.22                                     ﬂó™¥=%@gE‘DüG%@   o  ¥⁄  '#     )      )   ¨   10.0.0.2                                      10.0.0.22                                     ¡‡ö;˙G%@z∆æd„Q%@   p  ¥⁄  '#     )      )   ¨   10.0.0.2                                      10.0.0.22                                     b∫´?R%@ò¡ë(\%@   q  ¥⁄  '#     )      )   ¨   10.0.0.2                                      10.0.0.22                                     îÜÖ\%@ÄGT®nf%@   r  ¥⁄  '#     )      )   ¨   10.0.0.2                                      10.0.0.22                                     Ê\ä´ f%@]S ≥≥p%@   s  ¥⁄  '#     )      )   ¨   10.0.0.2                                      10.0.0.22                                     èãjq%@	ß/˙z%@   t  ¥⁄  '#     )      )   ¨   10.0.0.2                                      10.0.0.22                                     9GW{%@-_ó·?Ö%@   u  ¥⁄  '#     )      )   ¨   10.0.0.2                                      10.0.0.22                                     ⁄ ìåúÖ%@P)îÖè%@   v  ¥⁄  '#     )      )   ¨   10.0.0.2                                      10.0.0.22                                     z˙¸·è%@iUK: ô%@   w  ¥⁄  '#     )      )   ¨   10.0.0.2                                      10.0.0.22                                     GÂ&ö%@râ#§%@   x  ¥⁄  '#     )      )   ¨   10.0.0.2                                      10.0.0.22                                     ∑ºTl§%@Ï˜ƒ:UÆ%@   y  ¥⁄  '#     )      )   ¨   10.0.0.2                                      10.0.0.22                                     ⁄®N≤Æ%@∞VÌö∏%@   z  ¥⁄  '#     )      )   ¨   10.0.0.2                                      10.0.0.22                                     ˛`‡π˜∏%@ÚxZ~‡¬%@   {  ¥⁄  '#     )      )   ¨   10.0.0.2                                      10.0.0.22                                     ü:V)=√%@ìR–Ì%Õ%@   |  ¥⁄  '#     )      )   ¨   10.0.0.2                                      10.0.0.22                                     @ÃòÇÕ%@v‘~k◊%@   }  ¥⁄  '#     )      )   ¨   10.0.0.2                                      10.0.0.22                                     "›œ)»◊%@ıIÓ∞·%@   ~  ¥⁄  '#     )      )   ¨   10.0.0.2                                      10.0.0.22                                     Ç«∑w‚%@5£ˆÎ%@     ¥⁄  '#     )      )   ¨   10.0.0.2                                      10.0.0.22                                     dêªSÏ%@€ÜQ<ˆ%@   Ä  ¥⁄  '#     )      )   ¨   10.0.0.2                                      10.0.0.22                                     GYøôòˆ%@|`«Å &@   Å  ¥⁄  '#     )      )   ¨   10.0.0.2                                      10.0.0.22                                     )"√*ﬁ &@:=Ô∆
&@   Ç  ¥⁄  '#     )      )   ¨   10.0.0.2                                      10.0.0.22                                     M⁄T›#&@ƒ–Í‰&@   É  ¥⁄  '#     )      )   ¨   10.0.0.2                                      10.0.0.22                                     Ó≥ Li&@‚ÀDR&@   Ñ  ¥⁄  '#     )      )   ¨   10.0.0.2                                      10.0.0.22                                     –|Œ›Æ&@Ñ÷√ó)&@   Ö  ¥⁄  '#     )      )   ¨   10.0.0.2                                      10.0.0.22                                     ≥E“nÙ)&@)<hv›3&@   Ü  ¥⁄  '#     )      )   ¨   10.0.0.2                                      10.0.0.22                                     THﬁ94&@H4Å">&@   á  ¥⁄  '#     )      )   ¨   10.0.0.2                                      10.0.0.22                                     6ËKo>&@* ∆3hH&@   à  ¥⁄  '#     )      )   ¨   10.0.0.2                                      10.0.0.22                                     ±O ≈H&@……ƒ≠R&@   â  ¥⁄  '#     )      )   ¨   10.0.0.2                                      10.0.0.22                                     <i·≤
S&@rpÈòÛ\&@   ä  ¥⁄  '#     )      )   ¨   10.0.0.2                                      10.0.0.22                                     `!seP]&@ï({K9g&@   ã  ¥⁄  '#     )      )   ¨   10.0.0.2                                      10.0.0.22                                     ø[≥ïg&@6Ò∫~q&@   å  ¥⁄  '#     )      )   ¨   10.0.0.2                                      10.0.0.22                                     ˆB€q&@◊€f*ƒ{&@   ç  ¥⁄  '#     )      )   ¨   10.0.0.2                                      10.0.0.22                                     CÆ‘≥ |&@ı÷¿V	Ü&@   é  ¥⁄  '#     )      )   ¨   10.0.0.2                                      10.0.0.22                                     ‰áJ#fÜ&@¢*¶“Oê&@   è  ¥⁄  '#     )      )   ¨   10.0.0.2                                      10.0.0.22                                     @‹’´ê&@1ÕtØìö&@   ê  ¥⁄  '#     )      )   ¨   10.0.0.2                                      10.0.0.22                                     amåùö&@“¶ÍŸ§&@   ë  ¥⁄  '#     )      )   ¨   10.0.0.2                                      10.0.0.22                                     ¡WtÎ5•&@µoÓØØ&@   í  ¥⁄  '#     )      )   ¨   10.0.0.2                                      10.0.0.22                                     b1ÍZ{Ø&@Z÷˝cπ&@   ì  ¥⁄  '#     )      )   ¨   10.0.0.2                                      10.0.0.22                                     ` ¿π&@8h∞©√&@   î  ¥⁄  '#     )      )   ¨   10.0.0.2                                      10.0.0.22                                     §‰’9ƒ&@ŸÎ›ÔÕ&@   ï  ¥⁄  '#     )      )   ¨   10.0.0.2                                      10.0.0.22                                     DæK©KŒ&@z≈Sè4ÿ&@   ñ  ¥⁄  '#     )      )   ¨   10.0.0.2                                      10.0.0.22                                     Âó¡ëÿ&@ò¿≠ªy‚&@   ó  ¥⁄  '#     )      )   ¨   10.0.0.2                                      10.0.0.22                                     EÇ©f÷‚&@zâ±LøÏ&@   ò  ¥⁄  '#     )      )   ¨   10.0.0.2                                      10.0.0.22                                     Ê[÷Ì&@c'º˜&@   ô  ¥⁄  '#     )      )   ¨   10.0.0.2                                      10.0.0.22                                     »$#ga˜&@{M
J'@   ö  ¥⁄  '#     )      )   ¨   10.0.0.2                                      10.0.0.22                                     ´Ì&¯¶'@ü°ºè'@   õ  ¥⁄  '#     )      )   ¨   10.0.0.2                                      10.0.0.22                                     L«úgÏ'@¬Ω2o’'@   ú  ¥⁄  '#     )      )   ¨   10.0.0.2                                      10.0.0.22                                     Ï†◊1'@‡∏åõ '@   ù  ¥⁄  '#     )      )   ¨   10.0.0.2                                      10.0.0.22                                     çzàFw '@qN`*'@   û  ¥⁄  '#     )      )   ¨   10.0.0.2                                      10.0.0.22                                     ±2˘º*'@d[ú•4'@   ü  ¥⁄  '#     )      )   ¨   10.0.0.2                                      10.0.0.22                                     î˚ä5'@L·A≥Î>'@   †  ¥⁄  '#     )      )   ¨   10.0.0.2                                      10.0.0.22                                     vƒ!H?'@pô”e1I'@   °  ¥⁄  '#     )      )   ¨   10.0.0.2                                      10.0.0.22                                     Xç%¨çI'@L•üpvS'@   ¢  ¥⁄  '#     )      )   ¨   10.0.0.2                                      10.0.0.22                                     ˘fõ”S'@/n£º]'@   £  ¥⁄  '#     )      )   ¨   10.0.0.2                                      10.0.0.22                                     ‹/ü¨^'@R&5¥h'@   §  ¥⁄  '#     )      )   ¨   10.0.0.2                                      10.0.0.22                                     æ¯¢=^h'@≤Gr'@   •  ¥⁄  '#     )      )   ¨   10.0.0.2                                      10.0.0.22                                     _“≠£r'@SÍíqå|'@   ¶  ¥⁄  '#     )      )   ¨   10.0.0.2                                      10.0.0.22                                      ¨éÈ|'@qÂÏù—Ü'@   ß  ¥⁄  '#     )      )   ¨   10.0.0.2                                      10.0.0.22                                     _ñvj.á'@SÆ.ë'@   ®  ¥⁄  '#     )      )   ¨   10.0.0.2                                      10.0.0.22                                      pÏŸsë'@0∫º9\õ'@   ©  ¥⁄  '#     )      )   ¨   10.0.0.2                                      10.0.0.22                                     ›{∏‰∏õ'@äÁl°•'@   ™  ¥⁄  '#     )      )   ¨   10.0.0.2                                      10.0.0.22                                     ˚v˛•'@Ôéå’ÊØ'@   ´  ¥⁄  '#     )      )   ¨   10.0.0.2                                      10.0.0.22                                     ›?¢C∞'@◊»Ï,∫'@   ¨  ¥⁄  '#     )      )   ¨   10.0.0.2                                      10.0.0.22                                     ¿3â∫'@¥ î˜qƒ'@   ≠  ¥⁄  '#     )      )   ¨   10.0.0.2                                      10.0.0.22                                     a‚è¢Œƒ'@|E∑Œ'@   Æ  ¥⁄  '#     )      )   ¨   10.0.0.2                                      10.0.0.22                                     ºœ'@sıcì¸ÿ'@   Ø  ¥⁄  '#     )      )   ¨   10.0.0.2                                      10.0.0.22                                     ‰Ñ	£YŸ'@fı∑C„'@   ∞  ¥⁄  '#     )      )   ¨   10.0.0.2                                      10.0.0.22                                     ∆M4ü„'@∫eá¯áÌ'@   ±  ¥⁄  '#     )      )   ¨   10.0.0.2                                      10.0.0.22                                     ©≈‰Ì'@ù.ãâÕ˜'@   ≤  ¥⁄  '#     )      )   ¨   10.0.0.2                                      10.0.0.22                                     JÜ4*¯'@°e›?(@   ≥  ¥⁄  '#     )      )   ¨   10.0.0.2                                      10.0.0.22                                     ,πä≈o(@b¿í´X(@   ¥  ¥⁄  '#     )      )   ¨   10.0.0.2                                      10.0.0.22                                     ÇéVµ(@«g≤û(@   µ  ¥⁄  '#     )      )   ¨   10.0.0.2                                      10.0.0.22                                     ÒJíÁ˙(@Âb¨„ (@   ∂  ¥⁄  '#     )      )   ¨   10.0.0.2                                      10.0.0.22                                     ”ñx@!(@«+=)+(@   ∑  ¥⁄  '#     )      )   ¨   10.0.0.2                                      10.0.0.22                                     µ‹ô	Ü+(@Î„°Ôn5(@   ∏  ¥⁄  '#     )      )   ¨   10.0.0.2                                      10.0.0.22                                     Ÿî+ºÀ5(@Õ¨•Ä¥?(@   π  ¥⁄  '#     )      )   ¨   10.0.0.2                                      10.0.0.22                                     º]/M@(@úﬁ≈˚I(@   ∫  ¥⁄  '#     )      )   ¨   10.0.0.2                                      10.0.0.22                                     û&3ﬁVJ(@QOÅ?T(@   ª  ¥⁄  '#     )      )   ¨   10.0.0.2                                      10.0.0.22                                     ? ©MúT(@3#Ö^(@   º  ¥⁄  '#     )      )   ¨   10.0.0.2                                      10.0.0.22                                     !…¨ﬁ·^(@òøBÊ h(@   Ω  ¥⁄  '#     )      )   ¨   10.0.0.2                                      10.0.0.22                                     EÅ>ë'i(@9ô∏Us(@   æ  ¥⁄  '#     )      )   ¨   10.0.0.2                                      10.0.0.22                                     'JB"ms(@⁄r.≈U}(@   ø  ¥⁄  '#     )      )   ¨   10.0.0.2                                      10.0.0.22                                     
F≥≤}(@˛*¿wõá(@   ¿  ¥⁄  '#     )      )   ¨   10.0.0.2                                      10.0.0.22                                     Ï€ID¯á(@"„Q*·ë(@   ¡  ¥⁄  '#     )      )   ¨   10.0.0.2                                      10.0.0.22                                     çµø≥=í(@pñíÂ$ú(@   ¬  ¥⁄  '#     )      )   ¨   10.0.0.2                                      10.0.0.22                                     ¶Û·YÇú(@éëÏj¶(@   √  ¥⁄  '#     )      )   ¨   10.0.0.2                                      10.0.0.22                                     FÕW…«¶(@|‘_Ø∞∞(@   ƒ  ¥⁄  '#     )      )   ¨   10.0.0.2                                      10.0.0.22                                     Á¶Õ8±(@€æG˝ı∫(@   ≈  ¥⁄  '#     )      )   ¨   10.0.0.2                                      10.0.0.22                                     àÄC®Rª(@|òΩl;≈(@   ∆  ¥⁄  '#     )      )   ¨   10.0.0.2                                      10.0.0.22                                     )Zπò≈(@è®åœ(@   «  ¥⁄  '#     )      )   ¨   10.0.0.2                                      10.0.0.22                                      ©Mú‹œ(@fh<ƒŸ(@   »  ¥⁄  '#     )      )   ¨   10.0.0.2                                      10.0.0.22                                     `ì5Í!⁄(@—Ãìk
‰(@   …  ¥⁄  '#     )      )   ¨   10.0.0.2                                      10.0.0.22                                     gö∞˝d‰(@ÿ”MÓ(@      ¥⁄  '#     )      )   ¨   10.0.0.2                                      10.0.0.22                                     «ÑòK™Ó(@ˆŒh´í¯(@   À  ¥⁄  '#     )      )   ¨   10.0.0.2                                      10.0.0.22                                     &oÄôÔ¯(@ó®ﬁÿ)@   Ã  ¥⁄  '#     )      )   ¨   10.0.0.2                                      10.0.0.22                                     ÜYhÁ4)@8ÇTä)@   Õ  ¥⁄  '#     )      )   ¨   10.0.0.2                                      10.0.0.22                                     ÂCP5z)@V}Æ∂b)@   Œ  ¥⁄  '#     )      )   ¨   10.0.0.2                                      10.0.0.22                                     Ü∆§ø)@˜V$&®!)@   œ  ¥⁄  '#     )      )   ¨   10.0.0.2                                      10.0.0.22                                     ÊÆÚ")@WAtÌ+)@   –  ¥⁄  '#     )      )   ¨   10.0.0.2                                      10.0.0.22                                     »–±ÉJ,)@¯Ç„26)@   —  ¥⁄  '#     )      )   ¨   10.0.0.2                                      10.0.0.22                                     i™'Ûè6)@Wj1x@)@   “  ¥⁄  '#     )      )   ¨   10.0.0.2                                      10.0.0.22                                     »îA’@)@∑ÔQΩJ)@   ”  ¥⁄  '#     )      )   ¨   10.0.0.2                                      10.0.0.22                                     (˜éK)@X…«ÓU)@   ‘  ¥⁄  '#     )      )   ¨   10.0.0.2                                      10.0.0.22                                     …Xm˛_U)@˘¢=^H_)@   ’  ¥⁄  '#     )      )   ¨   10.0.0.2                                      10.0.0.22                                     j2„m•_)@ö|≥Õçi)@   ÷  ¥⁄  '#     )      )   ¨   10.0.0.2                                      10.0.0.22                                     …ÀªÍi)@˘fõ”s)@   ◊  ¥⁄  '#     )      )   ¨   10.0.0.2                                      10.0.0.22                                     )≥	0t)@YQÉi~)@   ÿ  ¥⁄  '#     )      )   ¨   10.0.0.2                                      10.0.0.22                                     G6u~)@wL›ï]à)@   Ÿ  ¥⁄  '#     )      )   ¨   10.0.0.2                                      10.0.0.22                                     e˝fb∫à)@‚∞4£í)@   ⁄  ¥⁄  '#     )      )   ¨   10.0.0.2                                      10.0.0.22                                     Ü»ÈÎ˘í)@™òJ?·ú)@   €  ¥⁄  '#     )      )   ¨   10.0.0.2                                      10.0.0.22                                     ûí>ù)@√÷lÂ%ß)@   ‹  ¥⁄  '#     )      )   ¨   10.0.0.2                                      10.0.0.22                                     ΩfæÉß)@ÏK6l±)@   ›  ¥⁄  '#     )      )   ¨   10.0.0.2                                      10.0.0.22                                     ÏM…±)@L6l±ª)@   ﬁ  ¥⁄  '#     )      )   ¨   10.0.0.2                                      10.0.0.22                                     |÷5Zº)@j1xòˆ≈)@   ﬂ  ¥⁄  '#     )      )   ¨   10.0.0.2                                      10.0.0.22                                     €¿®S∆)@ `Ê;–)@   ‡  ¥⁄  '#     )      )   ¨   10.0.0.2                                      10.0.0.22                                     |öìô–)@jı’UÅ⁄)@   ·  ¥⁄  '#     )      )   ¨   10.0.0.2                                      10.0.0.22                                     t	áﬁ⁄)@é≠g«‰)@   ‚  ¥⁄  '#     )      )   ¨   10.0.0.2                                      10.0.0.22                                     }^Ò‘#Â)@¨®¡4Ô)@   „  ¥⁄  '#     )      )   ¨   10.0.0.2                                      10.0.0.22                                     ‹HŸ"iÔ)@MÇ7§Q˘)@   ‰  ¥⁄  '#     )      )   ¨   10.0.0.2                                      10.0.0.22                                     <3¡pÆ˘)@k}ë–ñ*@   Â  ¥⁄  '#     )      )   ¨   10.0.0.2                                      10.0.0.22                                     õ©æÛ*@—$±§‹*@   Ê  ¥⁄  '#     )      )   ¨   10.0.0.2                                      10.0.0.22                                     ˚ë9*@lAÔç!*@   Á  ¥⁄  '#     )      )   ¨   10.0.0.2                                      10.0.0.22                                     Î8~*@^-wf"*@   Ë  ¥⁄  '#     )      )   ¨   10.0.0.2                                      10.0.0.22                                     xÌ“Ü√"*@È&1¨,*@   È  ¥⁄  '#     )      )   ¨   10.0.0.2                                      10.0.0.22                                     ÿ◊∫‘-*@∆2˝Ò6*@   Í  ¥⁄  '#     )      )   ¨   10.0.0.2                                      10.0.0.22                                     ˆ“N7*@&Â`6A*@   Î  ¥⁄  '#     )      )   ¨   10.0.0.2                                      10.0.0.22                                     Üu„›ëA*@∂ø≥=zK*@   Ï  ¥⁄  '#     )      )   ¨   10.0.0.2                                      10.0.0.22                                     Â_À+◊K*@‘∫jøU*@   Ì  ¥⁄  '#     )      )   ¨   10.0.0.2                                      10.0.0.22                                     [%XV*@Úµgñ`*@   Ó  ¥⁄  '#     )      )   ¨   10.0.0.2                                      10.0.0.22                                     cE¶a`*@‘~k'Jj*@   Ô  ¥⁄  '#     )      )   ¨   10.0.0.2                                      10.0.0.22                                     Éßj*@4iSuèt*@     ¥⁄  '#     )      )   ¨   10.0.0.2                                      10.0.0.22                                     c	kcÏt*@Rd≠°‘~*@   Ò  ¥⁄  '#     )      )   ¨   10.0.0.2                                      10.0.0.22                                     √ÛR±1*@Û=#â*@   Ú  ¥⁄  '#     )      )   ¨   10.0.0.2                                      10.0.0.22                                     "ﬁ:ˇvâ*@R(__ì*@   Û  ¥⁄  '#     )      )   ¨   10.0.0.2                                      10.0.0.22                                     Ç»"Mºì*@°€K£ù*@   Ù  ¥⁄  '#     )      )   ¨   10.0.0.2                                      10.0.0.22                                     Y∑— û*@ø÷•FËß*@   ı  ¥⁄  '#     )      )   ¨   10.0.0.2                                      10.0.0.22                                     w˛E®*@ËKo.≤*@   ˆ  ¥⁄  '#     )      )   ¨   10.0.0.2                                      10.0.0.22                                     ÷¸¯Kã≤*@Àstº*@   ˜  ¥⁄  '#     )      )   ¨   10.0.0.2                                      10.0.0.22                                     ı˜Rx–º*@„Rï∂∏∆*@   ¯  ¥⁄  '#     )      )   ¨   10.0.0.2                                      10.0.0.22                                     Û¨§«*@B=}˛–*@   ˘  ¥⁄  '#     )      )   ¨   10.0.0.2                                      10.0.0.22                                     1Ó—Z—*@a8◊0C€*@   ˙  ¥⁄  '#     )      )   ¨   10.0.0.2                                      10.0.0.22                                     êÿÓ†€*@¿"ø~àÂ*@   ˚  ¥⁄  '#     )      )   ¨   10.0.0.2                                      10.0.0.22                                     Æ”HKÂÂ*@ù.ãâÕÔ*@   ¸  ¥⁄  '#     )      )   ¨   10.0.0.2                                      10.0.0.22                                     D¡å)*@ÒûÀ˙*@   ˝  ¥⁄  '#     )      )   ¨   10.0.0.2                                      10.0.0.22                                     !?πn˙*@PâÎW+@   ˛  ¥⁄  '#     )      )   ¨   10.0.0.2                                      10.0.0.22                                     Ä)¥+@oÑEEú+@   ˇ  ¥⁄  '#     )      )   ¨   10.0.0.2                                      10.0.0.22                                     û$]3˘+@QMI÷·+@      ¥⁄  '#     )      )   ¨   10.0.0.2                                      10.0.0.22                                     ?˛“¢>+@∞71$'#+@     ¥⁄  '#     )      )   ¨   10.0.0.2                                      10.0.0.22                                     üË∫É#+@œ2ãPl-+@     ¥⁄  '#     )      )   ¨   10.0.0.2                                      10.0.0.22                                     ˛“¢>…-+@.sû±7+@     ¥⁄  '#     )      )   ¨   10.0.0.2                                      10.0.0.22                                     Œ¸j8+@é[ÏˆA+@     ¥⁄  '#     )      )   ¨   10.0.0.2                                      10.0.0.22                                     |∏‰∏SB+@KíÁ˙>L+@     ¥⁄  '#     )      )   ¨   10.0.0.2                                      10.0.0.22                                     ö≥>ÂòL+@ ˝EÅV+@     ¥⁄  '#     )      )   ¨   10.0.0.2                                      10.0.0.22                                     ˙ù&3ﬁV+@Óµ†˜∆`+@     ¥⁄  '#     )      )   ¨   10.0.0.2                                      10.0.0.22                                     YàÅ#a+@±˙#k+@     ¥⁄  '#     )      )   ¨   10.0.0.2                                      10.0.0.22                                     ∏rˆŒhk+@*¨TPQu+@   	  ¥⁄  '#     )      )   ¨   10.0.0.2                                      10.0.0.22                                     ]ﬁÆu+@–BFó+@   
  ¥⁄  '#     )      )   ¨   10.0.0.2                                      10.0.0.22                                     6X8IÛ+@¢‘^D€â+@     ¥⁄  '#     )      )   ¨   10.0.0.2                                      10.0.0.22                                     TSíu8ä+@|~!î+@     ¥⁄  '#     )      )   ¨   10.0.0.2                                      10.0.0.22                                     ¥=z√}î+@“P£êdû+@     ¥⁄  '#     )      )   ¨   10.0.0.2                                      10.0.0.22                                     n€˜®øû+@Qº ⁄¶®+@     ¥⁄  '#     )      )   ¨   10.0.0.2                                      10.0.0.22                                     µm©+@¬›YªÌ≤+@     ¥⁄  '#     )      )   ¨   10.0.0.2                                      10.0.0.22                                     ∞é„áJ≥+@‡ÿ≥Á2Ω+@     ¥⁄  '#     )      )   ¨   10.0.0.2                                      10.0.0.22                                     yÀ’èΩ+@@√õ5x«+@     ¥⁄  '#     )      )   ¨   10.0.0.2                                      10.0.0.22                                     .t%’«+@^æıaΩ—+@     ¥⁄  '#     )      )   ¨   10.0.0.2                                      10.0.0.22                                     ç^P“+@|πOé‹+@     ¥⁄  '#     )      )   ¨   10.0.0.2                                      10.0.0.22                                     ÌHıù_‹+@^ÇSHÊ+@     ¥⁄  '#     )      )   ¨   10.0.0.2                                      10.0.0.22                                     é"k•Ê+@æl;mç+@     ¥⁄  '#     )      )   ¨   10.0.0.2                                      10.0.0.22                                     ¨≈9Í+@öxx“˙+@     ¥⁄  '#     )      )   ¨   10.0.0.2                                      10.0.0.22                                     ≠á/˚+@;R}Á,@     ¥⁄  '#     )      )   ¨   10.0.0.2                                      10.0.0.22                                     kÚî’t,@õ<e5],@     ¥⁄  '#     )      )   ¨   10.0.0.2                                      10.0.0.22                                      ‹|#∫,@ƒ±.n£,@     ¥⁄  '#     )      )   ¨   10.0.0.2                                      10.0.0.22                                     *«dqˇ,@Z5—Á#,@     ¥⁄  '#     )      )   ¨   10.0.0.2                                      10.0.0.22                                     H¬æùD$,@xè˝,.,@     ¥⁄  '#     )      )   ¨   10.0.0.2                                      10.0.0.22                                     fΩ â.,@U[r8,@     ¥⁄  '#     )      )   ¨   10.0.0.2                                      10.0.0.22                                     Ñ∏rˆŒ8,@sµ4∑B,@     ¥⁄  '#     )      )   ¨   10.0.0.2                                      10.0.0.22                                     ‰¢ZDC,@“˝úÇ¸L,@     ¥⁄  '#     )      )   ¨   10.0.0.2                                      10.0.0.22                                     2VõˇWM,@!±›=@W,@     ¥⁄  '#     )      )   ¨   10.0.0.2                                      10.0.0.22                                     PQı+ùW,@¬äS≠Öa,@      ¥⁄  '#     )      )   ¨   10.0.0.2                                      10.0.0.22                                     Ò*kõ‚a,@!u;˚ k,@   !  ¥⁄  '#     )      )   ¨   10.0.0.2                                      10.0.0.22                                     QSÈ'l,@Å_#Iv,@   "  ¥⁄  '#     )      )   ¨   10.0.0.2                                      10.0.0.22                                     ∞ˇ:7mv,@‡IóUÄ,@   #  ¥⁄  '#     )      )   ¨   10.0.0.2                                      10.0.0.22                                     Í"Ö≤Ä,@˛De√öä,@   $  ¥⁄  '#     )      )   ¨   10.0.0.2                                      10.0.0.22                                     o‘
”˜ä,@Ê †⁄‡î,@   %  ¥⁄  '#     )      )   ¨   10.0.0.2                                      10.0.0.22                                     çœdˇ<ï,@≤ü≈R$ü,@   &  ¥⁄  '#     )      )   ¨   10.0.0.2                                      10.0.0.22                                     d˘ÉÅü,@è´ë]i©,@   '  ¥⁄  '#     )      )   ¨   10.0.0.2                                      10.0.0.22                                     A*≈é∆©,@≤c#Ø≥,@   (  ¥⁄  '#     )      )   ¨   10.0.0.2                                      10.0.0.22                                     _%ª¥,@èoÔÙΩ,@   )  ¥⁄  '#     )      )   ¨   10.0.0.2                                      10.0.0.22                                      ˇî*Qæ,@q8Û´9»,@   *  ¥⁄  '#     )      )   ¨   10.0.0.2                                      10.0.0.22                                     `È|xñ»,@è3Mÿ~“,@   +  ¥⁄  '#     )      )   ¨   10.0.0.2                                      10.0.0.22                                     ~‰÷§€“,@+Pã¡√‹,@   ,  ¥⁄  '#     )      )   ¨   10.0.0.2                                      10.0.0.22                                     úﬂ0— ›,@Ã)1	Á,@   -  ¥⁄  '#     )      )   ¨   10.0.0.2                                      10.0.0.22                                     ˚…fÁ,@Í$[]NÒ,@   .  ¥⁄  '#     )      )   ¨   10.0.0.2                                      10.0.0.22                                     Ç™—´Ò,@ö$ñî˚,@   /  ¥⁄  '#     )      )   ¨   10.0.0.2                                      10.0.0.22                                     2ïÒÔ˚,@ ^◊/ÿ-@   0  ¥⁄  '#     )      )   ¨   10.0.0.2                                      10.0.0.22                                     ”‹
a5-@¡7Mü-@   1  ¥⁄  '#     )      )   ¨   10.0.0.2                                      10.0.0.22                                     2«ÚÆz-@§ Q0c-@   2  ¥⁄  '#     )      )   ¨   10.0.0.2                                      10.0.0.22                                     ”†h¿-@¬˚™\®$-@   3  ¥⁄  '#     )      )   ¨   10.0.0.2                                      10.0.0.22                                     3ãPl%-@c’ ÃÌ.-@   4  ¥⁄  '#     )      )   ¨   10.0.0.2                                      10.0.0.22                                     íu8∫J/-@¬ø39-@   5  ¥⁄  '#     )      )   ¨   10.0.0.2                                      10.0.0.22                                     Ú_ ê9-@"™gxC-@   6  ¥⁄  '#     )      )   ¨   10.0.0.2                                      10.0.0.22                                     ì9ñw’C-@√Éf◊ΩM-@   7  ¥⁄  '#     )      )   ¨   10.0.0.2                                      10.0.0.22                                     Ú#~≈N-@·~¿X-@   8  ¥⁄  '#     )      )   ¨   10.0.0.2                                      10.0.0.22                                     ÿÒ_X-@ÇX6sHb-@   9  ¥⁄  '#     )      )   ¨   10.0.0.2                                      10.0.0.22                                     p	¿?•b-@·B¡çl-@   :  ¥⁄  '#     )      )   ¨   10.0.0.2                                      10.0.0.22                                     œÛßçÍl-@A-”v-@   ;  ¥⁄  '#     )      )   ¨   10.0.0.2                                      10.0.0.22                                     /ﬁè€/w-@_(`;Å-@   <  ¥⁄  '#     )      )   ¨   10.0.0.2                                      10.0.0.22                                     é»w)uÅ-@É‡ÒÌ]ã-@   =  ¥⁄  '#     )      )   ¨   10.0.0.2                                      10.0.0.22                                     Ó≤_w∫ã-@˝/◊¢ï-@   >  ¥⁄  '#     )      )   ¨   10.0.0.2                                      10.0.0.22                                     NùG≈ˇï-@πn¿Áü-@   ?  ¥⁄  '#     )      )   ¨   10.0.0.2                                      10.0.0.22                                     *©–D†-@T6¨©,™-@   @  ¥⁄  '#     )      )   ¨   10.0.0.2                                      10.0.0.22                                     Í…;á™-@\='Ωo¥-@   A  ¥⁄  '#     )      )   ¨   10.0.0.2                                      10.0.0.22                                     ÕÃÃÃÃ¥-@ı∏oµæ-@   B  ¥⁄  '#     )      )   ¨   10.0.0.2                                      10.0.0.22                                     ,∑¥ø-@ﬂﬂ†Ω˙»-@   C  ¥⁄  '#     )      )   ¨   10.0.0.2                                      10.0.0.22                                     Õê*äW…-@ºÎl»?”-@   D  ¥⁄  '#     )      )   ¨   10.0.0.2                                      10.0.0.22                                     -{ÿú”-@û¥pYÖ›-@   E  ¥⁄  '#     )      )   ¨   10.0.0.2                                      10.0.0.22                                     Kvl‚›-@˛ûXß Á-@   F  ¥⁄  '#     )      )   ¨   10.0.0.2                                      10.0.0.22                                     ÏO‚s'Ë-@]â@ıÚ-@   G  ¥⁄  '#     )      )   ¨   10.0.0.2                                      10.0.0.22                                     K: ¡lÚ-@{Ñö!U¸-@   H  ¥⁄  '#     )      )   ¨   10.0.0.2                                      10.0.0.22                                     ´$≤≤¸-@€nÇoö.@   I  ¥⁄  '#     )      )   ¨   10.0.0.2                                      10.0.0.22                                     
ö]˜.@:YjΩﬂ.@   J  ¥⁄  '#     )      )   ¨   10.0.0.2                                      10.0.0.22                                     j˘Å´<.@öCR%.@   K  ¥⁄  '#     )      )   ¨   10.0.0.2                                      10.0.0.22                                     …„i˘Å.@˘-:Yj%.@   L  ¥⁄  '#     )      )   ¨   10.0.0.2                                      10.0.0.22                                     )ŒQG«%.@Y"ßØ/.@   M  ¥⁄  '#     )      )   ¨   10.0.0.2                                      10.0.0.22                                     à∏9ï0.@w|”Ù9.@   N  ¥⁄  '#     )      )   ¨   10.0.0.2                                      10.0.0.22                                     Ë¢!„Q:.@ÌÒB:D.@   O  ¥⁄  '#     )      )   ¨   10.0.0.2                                      10.0.0.22                                     Gç	1óD.@6ËKoN.@   P  ¥⁄  '#     )      )   ¨   10.0.0.2                                      10.0.0.22                                     ßwÒ~‹N.@ï“3ΩƒX.@   Q  ¥⁄  '#     )      )   ¨   10.0.0.2                                      10.0.0.22                                     Í∞¬-Y.@˚íçc.@   R  ¥⁄  '#     )      )   ¨   10.0.0.2                                      10.0.0.22                                     Jõ™{dc.@Cp\∆Mm.@   S  ¥⁄  '#     )      )   ¨   10.0.0.2                                      10.0.0.22                                     Ît Î©m.@øJíw.@   T  ¥⁄  '#     )      )   ¨   10.0.0.2                                      10.0.0.22                                     	pzÔw.@z©ÿò◊Å.@   U  ¥⁄  '#     )      )   ¨   10.0.0.2                                      10.0.0.22                                     ™IÜ4Ç.@ÉNå.@   V  ¥⁄  '#     )      )   ¨   10.0.0.2                                      10.0.0.22                                     K#fˆyå.@zm6Vbñ.@   W  ¥⁄  '#     )      )   ¨   10.0.0.2                                      10.0.0.22                                     ™NDøñ.@G¨≈ß†.@   X  ¥⁄  '#     )      )   ¨   10.0.0.2                                      10.0.0.22                                     E*å-°.@j˙ÏÄÎ™.@   Y  ¥⁄  '#     )      )   ¨   10.0.0.2                                      10.0.0.22                                     •t{I´.@’^D€1µ.@   Z  ¥⁄  '#     )      )   ¨   10.0.0.2                                      10.0.0.22                                     ˇ[…éµ.@∑'Hlwø.@   [  ¥⁄  '#     )      )   ¨   10.0.0.2                                      10.0.0.22                                     dÈC‘ø.@î3wº….@   \  ¥⁄  '#     )      )   ¨   10.0.0.2                                      10.0.0.22                                     √”+e .@Û¸ƒ‘.@   ]  ¥⁄  '#     )      )   ¨   10.0.0.2                                      10.0.0.22                                     ·ŒÖë^‘.@VÒFﬁ.@   ^  ¥⁄  '#     )      )   ¨   10.0.0.2                                      10.0.0.22                                     Aπmﬂ£ﬁ.@≤ÚÀ`åË.@   _  ¥⁄  '#     )      )   ¨   10.0.0.2                                      10.0.0.22                                     †£U-ÈË.@›≥Æ—Ú.@   `  ¥⁄  '#     )      )   ¨   10.0.0.2                                      10.0.0.22                                      é={.Û.@ÓËπ˝.@   a  ¥⁄  '#     )      )   ¨   10.0.0.2                                      10.0.0.22                                     âóßs˝.@ÀÙKƒ[/@   b  ¥⁄  '#     )      )   ¨   10.0.0.2                                      10.0.0.22                                     a¬hV∂/@.sû/@   c  ¥⁄  '#     )      )   ¨   10.0.0.2                                      10.0.0.22                                     úﬁ≈˚/@µƒ h‰/@   d  ¥⁄  '#     )      )   ¨   10.0.0.2                                      10.0.0.22                                     bÜ∆A/@Vû@ÿ)&/@   e  ¥⁄  '#     )      )   ¨   10.0.0.2                                      10.0.0.22                                     ¡pÆaÜ&/@Ò∫~¡n0/@   f  ¥⁄  '#     )      )   ¨   10.0.0.2                                      10.0.0.22                                     ![ñØÀ0/@P•f¥:/@   g  ¥⁄  '#     )      )   ¨   10.0.0.2                                      10.0.0.22                                     ÄE~˝;/@Ò~‹~˘D/@   h  ¥⁄  '#     )      )   ¨   10.0.0.2                                      10.0.0.22                                     û@ÿ)VE/@¥∆†BO/@   i  ¥⁄  '#     )      )   ¨   10.0.0.2                                      10.0.0.22                                     º;2VõO/@.uê◊ÉY/@   j  ¥⁄  '#     )      )   ¨   10.0.0.2                                      10.0.0.22                                     ⁄6åÇ‡Y/@
Å\‚»c/@   k  ¥⁄  '#     )      )   ¨   10.0.0.2                                      10.0.0.22                                     :!t–%d/@»Èn/@   l  ¥⁄  '#     )      )   ¨   10.0.0.2                                      10.0.0.22                                     ö\kn/@E∫üSx/@   m  ¥⁄  '#     )      )   ¨   10.0.0.2                                      10.0.0.22                                     ˘ıCl∞x/@¨0ôÇ/@   n  ¥⁄  '#     )      )   ¨   10.0.0.2                                      10.0.0.22                                     ÒùòıÇ/@L‡÷›å/@   o  ¥⁄  '#     )      )   ¨   10.0.0.2                                      10.0.0.22                                     w€ÖÊ:ç/@¶%VF#ó/@   p  ¥⁄  '#     )      )   ¨   10.0.0.2                                      10.0.0.22                                     ï÷ﬂÄó/@ö%jj°/@   q  ¥⁄  '#     )      )   ¨   10.0.0.2                                      10.0.0.22                                     ƒ·—∆°/@n§lë¥´/@   r  ¥⁄  '#     )      )   ¨   10.0.0.2                                      10.0.0.22                                     ¶—‰b¨/@¶cŒ3ˆµ/@   s  ¥⁄  '#     )      )   ¨   10.0.0.2                                      10.0.0.22                                     âöËÛQ∂/@ ë~˚:¿/@   t  ¥⁄  '#     )      )   ¨   10.0.0.2                                      10.0.0.22                                     *t^có¿/@#IÆÄ /@   u  ¥⁄  '#     )      )   ¨   10.0.0.2                                      10.0.0.22                                     M,› /@ƒ"Ü∆‘/@   v  ¥⁄  '#     )      )   ¨   10.0.0.2                                      10.0.0.22                                     q‰Å»"’/@* •Òﬂ/@   w  ¥⁄  '#     )      )   ¨   10.0.0.2                                      10.0.0.22                                     ïú{hﬂ/@èq≈≈QÈ/@   x  ¥⁄  '#     )      )   ¨   10.0.0.2                                      10.0.0.22                                     πT•-ÆÈ/@0K;5óÛ/@   y  ¥⁄  '#     )      )   ¨   10.0.0.2                                      10.0.0.22                                     õ©æÛÛ/@—$±§‹˝/@   z  ¥⁄  '#     )      )   ¨   10.0.0.2                                      10.0.0.22                                     ø’:q9˛/@fh<0@   {  ¥⁄  '#     )      )   ¨   10.0.0.2                                      10.0.0.22                                     ∞WXp?0@K[\„3	0@   |  ¥⁄  '#     )      )   ¨   10.0.0.2                                      10.0.0.22                                     !<⁄8b	0@]7•ºV0@   }  ¥⁄  '#     )      )   ¨   10.0.0.2                                      10.0.0.22                                     í \Ö0@∞|∑y0@   ~  ¥⁄  '#     )      )   ¨   10.0.0.2                                      10.0.0.22                                     cπß0@? ©Mú0@     ¥⁄  '#     )      )   ¨   10.0.0.2                                      10.0.0.22                                     
g∑ñ…0@(I◊Læ0@   Ä  ¥⁄  '#     )      )   ¨   10.0.0.2                                      10.0.0.22                                     {K9_Ï0@O=“‡"0@   Å  ¥⁄  '#     )      )   ¨   10.0.0.2                                      10.0.0.22                                     L8Ù#0@á3øö(0@   Ç  ¥⁄  '#     )      )   ¨   10.0.0.2                                      10.0.0.22                                     {-ËΩ1(0@∑(≥A&-0@   É  ¥⁄  '#     )      )   ¨   10.0.0.2                                      10.0.0.22                                     ç	1óT-0@(5
I20@   Ñ  ¥⁄  '#     )      )   ¨   10.0.0.2                                      10.0.0.22                                     ^ˆÎNw20@¯˘Ô¡k70@   Ö  ¥⁄  '#     )      )   ¨   10.0.0.2                                      10.0.0.22                                     œ⁄mö70@jﬁqäé<0@   Ü  ¥⁄  '#     )      )   ¨   10.0.0.2                                      10.0.0.22                                     ·∂∂º<0@-È(≥A0@   á  ¥⁄  '#     )      )   ¨   10.0.0.2                                      10.0.0.22                                     p¥„ÜﬂA0@Lßu‘F0@   à  ¥⁄  '#     )      )   ¨   10.0.0.2                                      10.0.0.22                                     @°û>G0@î0”ˆK0@   â  ¥⁄  '#     )      )   ¨   10.0.0.2                                      10.0.0.22                                     pñíÂ$L0@éx≤õQ0@   ä  ¥⁄  '#     )      )   ¨   10.0.0.2                                      10.0.0.22                                     AÉMùGQ0@˘ü¸›;V0@   ã  ¥⁄  '#     )      )   ¨   10.0.0.2                                      10.0.0.22                                     pUjV0@¨s»^[0@   å  ¥⁄  '#     )      )   ¨   10.0.0.2                                      10.0.0.22                                     ÇTäç[0@XéêÅ`0@   ç  ¥⁄  '#     )      )   ¨   10.0.0.2                                      10.0.0.22                                     ≤I~ƒØ`0@¨Uª&§e0@   é  ¥⁄  '#     )      )   ¨   10.0.0.2                                      10.0.0.22                                     Ç69|“e0@|Bvﬁ∆j0@   è  ¥⁄  '#     )      )   ¨   10.0.0.2                                      10.0.0.22                                     S#Ù3ıj0@Ó&¯¶Èo0@   ê  ¥⁄  '#     )      )   ¨   10.0.0.2                                      10.0.0.22                                     #ØÎp0@æ≥^u0@   ë  ¥⁄  '#     )      )   ¨   10.0.0.2                                      10.0.0.22                                     ≤‹Å:u0@¨‰.z0@   í  ¥⁄  '#     )      )   ¨   10.0.0.2                                      10.0.0.22                                     É˙ñ9]z0@Ac&Q0@   ì  ¥⁄  '#     )      )   ¨   10.0.0.2                                      10.0.0.22                                     ≥Ôä‡0@S∞∆ŸtÑ0@   î  ¥⁄  '#     )      )   ¨   10.0.0.2                                      10.0.0.22                                     ∆3hËüÑ0@/3lîâ0@   ï  ¥⁄  '#     )      )   ¨   10.0.0.2                                      10.0.0.22                                     7Í∞¬â0@|E∑é0@   ñ  ¥⁄  '#     )      )   ¨   10.0.0.2                                      10.0.0.22                                     gﬁWÂé0@¢©€Ÿì0@   ó  ¥⁄  '#     )      )   ¨   10.0.0.2                                      10.0.0.22                                     7˙òî0@“˝úÇ¸ò0@   ò  ¥⁄  '#     )      )   ¨   10.0.0.2                                      10.0.0.22                                     gÔå∂*ô0@Ûê)û0@   ô  ¥⁄  '#     )      )   ¨   10.0.0.2                                      10.0.0.22                                     8‹GnMû0@“ﬂK·A£0@   ö  ¥⁄  '#     )      )   ¨   10.0.0.2                                      10.0.0.22                                     J∏êGp£0@DƒÕ©d®0@   õ  ¥⁄  '#     )      )   ¨   10.0.0.2                                      10.0.0.22                                     •Kˇí®0@sπ¡Pá≠0@   ú  ¥⁄  '#     )      )   ¨   10.0.0.2                                      10.0.0.22                                     Íë∑µ≠0@‰ùC™≤0@   ù  ¥⁄  '#     )      )   ¨   10.0.0.2                                      10.0.0.22                                     á˙]ÿ≤0@µä˛–Ã∑0@   û  ¥⁄  '#     )      )   ¨   10.0.0.2                                      10.0.0.22                                     Îsµ˚∑0@ÖwπàÔº0@   ü  ¥⁄  '#     )      )   ¨   10.0.0.2                                      10.0.0.22                                     ª`pÕΩ0@Vdt@¬0@   †  ¥⁄  '#     )      )   ¨   10.0.0.2                                      10.0.0.22                                     ÎUdt@¬0@&Q/¯4«0@   °  ¥⁄  '#     )      )   ¨   10.0.0.2                                      10.0.0.22                                     ªB,c«0@˜=ÍØWÃ0@   ¢  ¥⁄  '#     )      )   ¨   10.0.0.2                                      10.0.0.22                                     -'°ÙÖÃ0@«*•gz—0@   £  ¥⁄  '#     )      )   ¨   10.0.0.2                                      10.0.0.22                                     ÄÚwÔ®—0@z˛¥Qù÷0@   §  ¥⁄  '#     )      )   ¨   10.0.0.2                                      10.0.0.22                                     Ò÷˘∑À÷0@2è¸¡¿€0@   •  ¥⁄  '#     )      )   ¨   10.0.0.2                                      10.0.0.22                                     bª{ÄÓ€0@˝æÛ‚‡0@   ¶  ¥⁄  '#     )      )   ¨   10.0.0.2                                      10.0.0.22                                     ”ü˝H·0@õ»ÃÊ0@   ß  ¥⁄  '#     )      )   ¨   10.0.0.2                                      10.0.0.22                                     ïÒÔ3Ê0@?êºs(Î0@   ®  ¥⁄  '#     )      )   ¨   10.0.0.2                                      10.0.0.22                                     ‘Å¨ßVÎ0@}w+K0@   ©  ¥⁄  '#     )      )   ¨   10.0.0.2                                      10.0.0.22                                     Ê]ıÄy0@!Y¿nı0@   ™  ¥⁄  '#     )      )   ¨   10.0.0.2                                      10.0.0.22                                     SÈ'úı0@QN¥´ê˙0@   ´  ¥⁄  '#     )      )   ¨   10.0.0.2                                      10.0.0.22                                     EH›Œæ˙0@‡K·A≥ˇ0@   ¨  ¥⁄  '#     )      )   ¨   10.0.0.2                                      10.0.0.22                                     ∂,_ó·ˇ0@Ú'*÷1@   ≠  ¥⁄  '#     )      )   ¨   10.0.0.2                                      10.0.0.22                                     '·_1@¬Â“¯	1@   Æ  ¥⁄  '#     )      )   ¨   10.0.0.2                                      10.0.0.22                                     ôıb('
1@ì†ä1@   Ø  ¥⁄  '#     )      )   ¨   10.0.0.2                                      10.0.0.22                                     i‚‡I1@•›Ëc>1@   ∞  ¥⁄  '#     )      )   ¨   10.0.0.2                                      10.0.0.22                                     ô◊ál1@u £a1@   ±  ¥⁄  '#     )      )   ¨   10.0.0.2                                      10.0.0.22                                     iƒÃ>è1@»–±É1@   ≤  ¥⁄  '#     )      )   ¨   10.0.0.2                                      10.0.0.22                                     :±áˆ±1@’¥ãi¶#1@   ≥  ¥⁄  '#     )      )   ¨   10.0.0.2                                      10.0.0.22                                     
ûBÆ‘#1@d≤∏ˇ»(1@   ¥  ¥⁄  '#     )      )   ¨   10.0.0.2                                      10.0.0.22                                     :ì6U˜(1@’ñ:»Î-1@   µ  ¥⁄  '#     )      )   ¨   10.0.0.2                                      10.0.0.22                                     ´w∏.1@•Éı31@   ∂  ¥⁄  '#     )      )   ¨   10.0.0.2                                      10.0.0.22                                     \:Ê<31@hwH181@   ∑  ¥⁄  '#     )      )   ¨   10.0.0.2                                      10.0.0.22                                     ÌHıù_81@àL˘T=1@   ∏  ¥⁄  '#     )      )   ¨   10.0.0.2                                      10.0.0.22                                     ˇ$>wÇ=1@˘0{ŸvB1@   π  ¥⁄  '#     )      )   ¨   10.0.0.2                                      10.0.0.22                                     œ˘.•B1@…6ëôG1@   ∫  ¥⁄  '#     )      )   ¨   10.0.0.2                                      10.0.0.22                                     †˛≥Ê«G1@:∏YºL1@   ª  ¥⁄  '#     )      )   ¨   10.0.0.2                                      10.0.0.22                                     œÛßçÍL1@ÔrﬂQ1@   º  ¥⁄  '#     )      )   ¨   10.0.0.2                                      10.0.0.22                                     †‡bER1@ÑdW1@   Ω  ¥⁄  '#     )      )   ¨   10.0.0.2                                      10.0.0.22                                     /ﬁè€/W1@Ë˙>$\1@   æ  ¥⁄  '#     )      )   ¨   10.0.0.2                                      10.0.0.22                                     _”ÉÇR\1@˘÷áıFa1@   ø  ¥⁄  '#     )      )   ¨   10.0.0.2                                      10.0.0.22                                     –∑Kua1@)Ã{úif1@   ¿  ¥⁄  '#     )      )   ¨   10.0.0.2                                      10.0.0.22                                     †§¿òf1@ö∞˝dåk1@   ¡  ¥⁄  '#     )      )   ¨   10.0.0.2                                      10.0.0.22                                     âBÀ∫k1@ï-Øp1@   ¬  ¥⁄  '#     )      )   ¨   10.0.0.2                                      10.0.0.22                                     ‚u˝Ç›p1@q»“u1@   √  ¥⁄  '#     )      )   ¨   10.0.0.2                                      10.0.0.22                                     SZK v1@Mfº≠Ùz1@   ƒ  ¥⁄  '#     )      )   ¨   10.0.0.2                                      10.0.0.22                                     ÉOsÚ"{1@}[∞TÄ1@   ≈  ¥⁄  '#     )      )   ¨   10.0.0.2                                      10.0.0.22                                     6#É‹EÄ1@–&áO:Ö1@   ∆  ¥⁄  '#     )      )   ¨   10.0.0.2                                      10.0.0.22                                     GˇÀµhÖ1@‚–(]ä1@   «  ¥⁄  '#     )      )   ¨   10.0.0.2                                      10.0.0.22                                     wÙø\ãä1@¯√œè1@   »  ¥⁄  '#     )      )   ¨   10.0.0.2                                      10.0.0.22                                     ËÿA%Æè1@É‹Eò¢î1@   …  ¥⁄  '#     )      )   ¨   10.0.0.2                                      10.0.0.22                                     ZΩ√Ì–î1@Ù¿«`≈ô1@      ¥⁄  '#     )      )   ¨   10.0.0.2                                      10.0.0.22                                     À°E∂Ûô1@≈≠ÇËû1@   À  ¥⁄  '#     )      )   ¨   10.0.0.2                                      10.0.0.22                                     ZürLü1@6í·
§1@   Ã  ¥⁄  '#     )      )   ¨   10.0.0.2                                      10.0.0.22                                     *å-9§1@$òjf-©1@   Õ  ¥⁄  '#     )      )   ¨   10.0.0.2                                      10.0.0.22                                     õpØÃ[©1@ñ|Ï.PÆ1@   Œ  ¥⁄  '#     )      )   ¨   10.0.0.2                                      10.0.0.22                                     l]jÑ~Æ1@fißÊr≥1@   œ  ¥⁄  '#     )      )   ¨   10.0.0.2                                      10.0.0.22                                     úR^+°≥1@ıf‘|ï∏1@   –  ¥⁄  '#     )      )   ¨   10.0.0.2                                      10.0.0.22                                     l?„√∏1@H2´w∏Ω1@   —  ¥⁄  '#     )      )   ¨   10.0.0.2                                      10.0.0.22                                     ›#õ´ÊΩ1@x'ü€¬1@   “  ¥⁄  '#     )      )   ¨   10.0.0.2                                      10.0.0.22                                     ÆVc	√1@®ì≈˝«1@   ”  ¥⁄  '#     )      )   ¨   10.0.0.2                                      10.0.0.22                                     ﬁJ
,»1@ÿál Õ1@   ‘  ¥⁄  '#     )      )   ¨   10.0.0.2                                      10.0.0.22                                     ÆÚ¬NÕ1@®˛A$C“1@   ’  ¥⁄  '#     )      )   ¨   10.0.0.2                                      10.0.0.22                                     ﬁÁ¯hq“1@†˚rf◊1@   ÷  ¥⁄  '#     )      )   ¨   10.0.0.2                                      10.0.0.22                                     3díë◊1@-'°ÙÖ‹1@   ◊  ¥⁄  '#     )      )   ¨   10.0.0.2                                      10.0.0.22                                     bX9¥‹1@º$Œä®·1@   ÿ  ¥⁄  '#     )      )   ¨   10.0.0.2                                      10.0.0.22                                     ‘ÙŸ◊·1@Œ dÀÊ1@   Ÿ  ¥⁄  '#     )      )   ¨   10.0.0.2                                      10.0.0.22                                     §·îπ˘Ê1@?Âò,ÓÎ1@   ⁄  ¥⁄  '#     )      )   ¨   10.0.0.2                                      10.0.0.22                                     ∆ÇÏ1@“S‰Ò1@   €  ¥⁄  '#     )      )   ¨   10.0.0.2                                      10.0.0.22                                     Ê≤—9?Ò1@Ä∂’¨3ˆ1@   ‹  ¥⁄  '#     )      )   ¨   10.0.0.2                                      10.0.0.22                                     ∂üåÒaˆ1@Q£êdV˚1@   ›  ¥⁄  '#     )      )   ¨   10.0.0.2                                      10.0.0.22                                     áåG©Ñ˚1@?©ˆÈx 2@   ﬁ  ¥⁄  '#     )      )   ¨   10.0.0.2                                      10.0.0.22                                     ¯p…qß 2@Ú|‘õ2@   ﬂ  ¥⁄  '#     )      )   ¨   10.0.0.2                                      10.0.0.22                                     ánˆ 2@Åz3jæ
2@   ‡  ¥⁄  '#     )      )   ¨   10.0.0.2                                      10.0.0.22                                     W[±øÏ
2@Ú^µ2·2@   ·  ¥⁄  '#     )      )   ¨   10.0.0.2                                      10.0.0.22                                     i7˙ò2@E*å-2@   ‚  ¥⁄  '#     )      )   ¨   10.0.0.2                                      10.0.0.22                                     :$µP22@40Ú≤&2@   „  ¥⁄  '#     )      )   ¨   10.0.0.2                                      10.0.0.22                                     Ï˜ƒ:U2@(ÛèæI2@   ‰  ¥⁄  '#     )      )   ¨   10.0.0.2                                      10.0.0.22                                     Ω‰Úw2@∑ºTl$2@   Â  ¥⁄  '#     )      )   ¨   10.0.0.2                                      10.0.0.22                                     ÏŸsôö$2@ÊÂ∞˚é)2@   Ê  ¥⁄  '#     )      )   ¨   10.0.0.2                                      10.0.0.22                                     œg@Ω)2@⁄®N≤.2@   Á  ¥⁄  '#     )      )   ¨   10.0.0.2                                      10.0.0.22                                     q”i›.2@ Iª—32@   Ë  ¥⁄  '#     )      )   ¨   10.0.0.2                                      10.0.0.22                                     AÔç! 42@õsÙ82@   È  ¥⁄  '#     )      )   ¨   10.0.0.2                                      10.0.0.22                                     ‹HŸ"92@≠ﬂLL>2@   Í  ¥⁄  '#     )      )   ¨   10.0.0.2                                      10.0.0.22                                     ‚»ëE>2@‹‘@Û9C2@   Î  ¥⁄  '#     )      )   ¨   10.0.0.2                                      10.0.0.22                                     æ˜7hC2@Nπ¬ª\H2@   Ï  ¥⁄  '#     )      )   ¨   10.0.0.2                                      10.0.0.22                                     „™≤ÔäH2@øùDÑM2@   Ì  ¥⁄  '#     )      )   ¨   10.0.0.2                                      10.0.0.22                                     ÙÜ˚»≠M2@Ôí8+¢R2@   Ó  ¥⁄  '#     )      )   ¨   10.0.0.2                                      10.0.0.22                                     ≈s∂Ä–R2@õ©èƒW2@   Ô  ¥⁄  '#     )      )   ¨   10.0.0.2                                      10.0.0.22                                     ÇUıÚW2@Àû6Á\2@     ¥⁄  '#     )      )   ¨   10.0.0.2                                      10.0.0.22                                     „n≠]2@›zM
b2@   Ò  ¥⁄  '#     )      )   ¨   10.0.0.2                                      10.0.0.22                                     ¥[Àd8b2@Æg«,g2@   Ú  ¥⁄  '#     )      )   ¨   10.0.0.2                                      10.0.0.22                                     ÑHÜ[g2@~T√~Ol2@   Û  ¥⁄  '#     )      )   ¨   10.0.0.2                                      10.0.0.22                                     ¥=z√}l2@ÆI∑%rq2@   Ù  ¥⁄  '#     )      )   ¨   10.0.0.2                                      10.0.0.22                                     Ñ*5{†q2@~6r›îv2@   ı  ¥⁄  '#     )      )   ¨   10.0.0.2                                      10.0.0.22                                     U2√v2@ÔÙ•∑{2@   ˆ  ¥⁄  '#     )      )   ¨   10.0.0.2                                      10.0.0.22                                     %´ÍÂ{2@¿Ø]⁄Ä2@   ˜  ¥⁄  '#     )      )   ¨   10.0.0.2                                      10.0.0.22                                     U˘ûëÅ2@O‹Û¸Ö2@   ¯  ¥⁄  '#     )      )   ¨   10.0.0.2                                      10.0.0.22                                     %ÊYI+Ü2@¿È]ºã2@   ˘  ¥⁄  '#     )      )   ¨   10.0.0.2                                      10.0.0.22                                     ó €Nã2@ë÷tBê2@   ˙  ¥⁄  '#     )      )   ¨   10.0.0.2                                      10.0.0.22                                     ®¶$Îpê2@¢≤aMeï2@   ˚  ¥⁄  '#     )      )   ¨   10.0.0.2                                      10.0.0.22                                     ÿõíìï2@süàö2@   ¸  ¥⁄  '#     )      )   ¨   10.0.0.2                                      10.0.0.22                                     ë9∂ö2@ùIõ™ü2@   ˝  ¥⁄  '#     )      )   ¨   10.0.0.2                                      10.0.0.22                                     ÿ}«ÿü2@sÅÀcÕ§2@   ˛  ¥⁄  '#     )      )   ¨   10.0.0.2                                      10.0.0.22                                     ©jÇ®˚§2@£vø
©2@   ˇ  ¥⁄  '#     )      )   ¨   10.0.0.2                                      10.0.0.22                                     yW=`™2@2tÏ†Ø2@      ¥⁄  '#     )      )   ¨   10.0.0.2                                      10.0.0.22                                     JD¯AØ2@ÂG¸ä5¥2@     ¥⁄  '#     )      )   ¨   10.0.0.2                                      10.0.0.22                                     z9Ïæc¥2@=1Xπ2@     ¥⁄  '#     )      )   ¨   10.0.0.2                                      10.0.0.22                                     ©.‡eÜπ2@ÕÕ7¢{æ2@     ¥⁄  '#     )      )   ¨   10.0.0.2                                      10.0.0.22                                     Ÿ#‘©æ2@üêù√2@     ¥⁄  '#     )      )   ¨   10.0.0.2                                      10.0.0.22                                     JV’À√2@Ü!Y¿»2@     ¥⁄  '#     )      )   ¨   10.0.0.2                                      10.0.0.22                                     z˝I|Ó»2@∂¯ „Õ2@     ¥⁄  '#     )      )   ¨   10.0.0.2                                      10.0.0.22                                     åŸíUŒ2@ÜÂœ∑”2@     ¥⁄  '#     )      )   ¨   10.0.0.2                                      10.0.0.22                                     \∆M4”2@‘Ûn,(ÿ2@     ¥⁄  '#     )      )   ¨   10.0.0.2                                      10.0.0.22                                     -≥≈Vÿ2@hÆ”HK›2@   	  ¥⁄  '#     )      )   ¨   10.0.0.2                                      10.0.0.22                                     ?èQûy›2@zä"n‚2@   
  ¥⁄  '#     )      )   ¨   10.0.0.2                                      10.0.0.22                                     Qköwú‚2@πƒëÁ2@     ¥⁄  '#     )      )   ¨   10.0.0.2                                      10.0.0.22                                     Ä`éøÁ2@º[Y¢≥Ï2@     ¥⁄  '#     )      )   ¨   10.0.0.2                                      10.0.0.22                                     ÚDÁ·Ï2@åHZ÷Ò2@     ¥⁄  '#     )      )   ¨   10.0.0.2                                      10.0.0.22                                     !:éÚ2@º=˘ˆ2@     ¥⁄  '#     )      )   ¨   10.0.0.2                                      10.0.0.22                                     ìÜV'˜2@˝i£:¸2@     ¥⁄  '#     )      )   ¨   10.0.0.2                                      10.0.0.22                                     cAJ¸2@]~p>3@     ¥⁄  '#     )      )   ¨   10.0.0.2                                      10.0.0.22                                     ‘Ô¬÷l3@Œ˚ˇ8a3@     ¥⁄  '#     )      )   ¨   10.0.0.2                                      10.0.0.22                                     E‘Düè3@‡◊HÑ3@     ¥⁄  '#     )      )   ¨   10.0.0.2                                      10.0.0.22                                     ¡ˇV≤3@e®ä©3@     ¥⁄  '#     )      )   ¨   10.0.0.2                                      10.0.0.22                                     F∂Û˝‘3@Å±æÅ…3@     ¥⁄  '#     )      )   ¨   10.0.0.2                                      10.0.0.22                                     Xí<◊˜3@ìç[Ï3@     ¥⁄  '#     )      )   ¨   10.0.0.2                                      10.0.0.22                                     (˜é3@√Ç˚ 3@     ¥⁄  '#     )      )   ¨   10.0.0.2                                      10.0.0.22                                     ôcyW= 3@ìo∂π1%3@     ¥⁄  '#     )      )   ¨   10.0.0.2                                      10.0.0.22                                     …Xm˛_%3@d\qqT*3@     ¥⁄  '#     )      )   ¨   10.0.0.2                                      10.0.0.22                                     Ω
É*3@X}w/3@     ¥⁄  '#     )      )   ¨   10.0.0.2                                      10.0.0.22                                     ç∆¡•/3@( 4ö43@     ¥⁄  '#     )      )   ¨   10.0.0.2                                      10.0.0.22                                     ^ıÄy»43@"åü∆Ω93@     ¥⁄  '#     )      )   ¨   10.0.0.2                                      10.0.0.22                                     .‚;1Î93@…Â?§ﬂ>3@     ¥⁄  '#     )      )   ¨   10.0.0.2                                      10.0.0.22                                     @æÑ
?3@€¡à}D3@     ¥⁄  '#     )      )   ¨   10.0.0.2                                      10.0.0.22                                     p≥x±0D3@jøµ%I3@     ¥⁄  '#     )      )   ¨   10.0.0.2                                      10.0.0.22                                     @†3iSI3@€£7‹GN3@     ¥⁄  '#     )      )   ¨   10.0.0.2                                      10.0.0.22                                     pï'vN3@ô+ÉjS3@      ¥⁄  '#     )      )   ¨   10.0.0.2                                      10.0.0.22                                     ·y©ÿòS3@Yß ˜åX3@   !  ¥⁄  '#     )      )   ¨   10.0.0.2                                      10.0.0.22                                     oùªX3@kÉ—Ø]3@   "  ¥⁄  '#     )      )   ¨   10.0.0.2                                      10.0.0.22                                     ‚[X7ﬁ]3@W#ª“b3@   #  ¥⁄  '#     )      )   ¨   10.0.0.2                                      10.0.0.22                                     QLﬁ c3@ÓCﬁrıg3@   $  ¥⁄  '#     )      )   ¨   10.0.0.2                                      10.0.0.22                                     †Nyt#h3@;R}Ám3@   %  ¥⁄  '#     )      )   ¨   10.0.0.2                                      10.0.0.22                                     –CmFm3@?8ü:r3@   &  ¥⁄  '#     )      )   ¨   10.0.0.2                                      10.0.0.22                                     °0(”hr3@;4,F]w3@   '  ¥⁄  '#     )      )   ¨   10.0.0.2                                      10.0.0.22                                     –%zãw3@MuÄ|3@   (  ¥⁄  '#     )      )   ¨   10.0.0.2                                      10.0.0.22                                     B
ûBÆ|3@}i∆¢Å3@   )  ¥⁄  '#     )      )   ¨   10.0.0.2                                      10.0.0.22                                     ≥Ó—Å3@NÚ#~≈Ü3@   *  ¥⁄  '#     )      )   ¨   10.0.0.2                                      10.0.0.22                                     É€⁄¬ÛÜ3@}Á%Ëã3@   +  ¥⁄  '#     )      )   ¨   10.0.0.2                                      10.0.0.22                                     T»ïzå3@è√`˛
ë3@   ,  ¥⁄  '#     )      )   ¨   10.0.0.2                                      10.0.0.22                                     ≈¨C9ë3@°ü©◊-ñ3@   -  ¥⁄  '#     )      )   ¨   10.0.0.2                                      10.0.0.22                                     ◊à`\ñ3@—îù~Põ3@   .  ¥⁄  '#     )      )   ¨   10.0.0.2                                      10.0.0.22                                     Hm‚‰~õ3@°ÅX6s†3@   /  ¥⁄  '#     )      )   ¨   10.0.0.2                                      10.0.0.22                                     ◊j{°†3@TUh ñ•3@   0  ¥⁄  '#     )      )   ¨   10.0.0.2                                      10.0.0.22                                     ÈFXTƒ•3@B[Œ•∏™3@   1  ¥⁄  '#     )      )   ¨   10.0.0.2                                      10.0.0.22                                     π3Á™3@≥?Pn€Ø3@   2  ¥⁄  '#     )      )   ¨   10.0.0.2                                      10.0.0.22                                     +ï‘	∞3@≈ôG˛¥3@   3  ¥⁄  '#     )      )   ¨   10.0.0.2                                      10.0.0.22                                     Zâ{,µ3@◊˜· !∫3@   4  ¥⁄  '#     )      )   ¨   10.0.0.2                                      10.0.0.22                                     ÃÒ
DO∫3@TV”ıDø3@   5  ¥⁄  '#     )      )   ¨   10.0.0.2                                      10.0.0.22                                     úﬁ≈˚qø3@7‚…nfƒ3@   6  ¥⁄  '#     )      )   ¨   10.0.0.2                                      10.0.0.22                                     lÀÄ≥îƒ3@f◊Ωâ…3@   7  ¥⁄  '#     )      )   ¨   10.0.0.2                                      10.0.0.22                                     ú¿tZ∑…3@ÿª?ﬁ´Œ3@   8  ¥⁄  '#     )      )   ¨   10.0.0.2                                      10.0.0.22                                     Ãµh⁄Œ3@gπltŒ”3@   9  ¥⁄  '#     )      )   ¨   10.0.0.2                                      10.0.0.22                                     ú¢#π¸”3@–Dÿÿ3@   :  ¥⁄  '#     )      )   ¨   10.0.0.2                                      10.0.0.22                                     ã®â>Ÿ3@÷™]ﬁ3@   ;  ¥⁄  '#     )      )   ¨   10.0.0.2                                      10.0.0.22                                     [ïDˆAﬁ3@ˆòHi6„3@   <  ¥⁄  '#     )      )   ¨   10.0.0.2                                      10.0.0.22                                     Ãy∆æd„3@g} 1YË3@   =  ¥⁄  '#     )      )   ¨   10.0.0.2                                      10.0.0.22                                     ¸n∫eáË3@VÉ0∑{Ì3@   >  ¥⁄  '#     )      )   ¨   10.0.0.2                                      10.0.0.22                                     Õ[u™Ì3@«g≤ûÚ3@   ?  ¥⁄  '#     )      )   ¨   10.0.0.2                                      10.0.0.22                                     ùH0’ÃÚ3@óTm7¡˜3@   @  ¥⁄  '#     )      )   ¨   10.0.0.2                                      10.0.0.22                                     n5ÎåÔ˜3@©0∂‰¸3@   A  ¥⁄  '#     )      )   ¨   10.0.0.2                                      10.0.0.22                                     >"¶D˝3@8.„¶4@   B  ¥⁄  '#     )      )   ¨   10.0.0.2                                      10.0.0.22                                     a¸44@©eo)4@   C  ¥⁄  '#     )      )   ¨   10.0.0.2                                      10.0.0.22                                     ﬂ˚¥W4@zˇ'L4@   D  ¥⁄  '#     )      )   ¨   10.0.0.2                                      10.0.0.22                                     Ò◊dçz4@Î„°Ôn4@   E  ¥⁄  '#     )      )   ¨   10.0.0.2                                      10.0.0.22                                     !ÕX4ù4@ª–\ßë4@   F  ¥⁄  '#     )      )   ¨   10.0.0.2                                      10.0.0.22                                     í±⁄¸ø4@-µﬁo¥4@   G  ¥⁄  '#     )      )   ¨   10.0.0.2                                      10.0.0.22                                     bûï¥‚4@˝°ô'◊ 4@   H  ¥⁄  '#     )      )   ¨   10.0.0.2                                      10.0.0.22                                     3ãPl!4@~‚ ˙%4@   I  ¥⁄  '#     )      )   ¨   10.0.0.2                                      10.0.0.22                                     óçŒ˘)&4@”àô}+4@   J  ¥⁄  '#     )      )   ¨   10.0.0.2                                      10.0.0.22                                     rP¬L+4@£uT5A04@   K  ¥⁄  '#     )      )   ¨   10.0.0.2                                      10.0.0.22                                     Ÿ^zo04@§7‹Gn54@   L  ¥⁄  '#     )      )   ¨   10.0.0.2                                      10.0.0.22                                     JCçBí54@£WîÜ:4@   M  ¥⁄  '#     )      )   ¨   10.0.0.2                                      10.0.0.22                                     0H˙¥:4@<Ö\©?4@   N  ¥⁄  '#     )      )   ¨   10.0.0.2                                      10.0.0.22                                     å ¬◊?4@«ïFÃD4@   O  ¥⁄  '#     )      )   ¨   10.0.0.2                                      10.0.0.22                                     ˝¯Kã˙D4@ŸÎ›ÔI4@   P  ¥⁄  '#     )      )   ¨   10.0.0.2                                      10.0.0.22                                     -Ó?2J4@«ÒC•O4@   Q  ¥⁄  '#     )      )   ¨   10.0.0.2                                      10.0.0.22                                     ˝⁄˙È?O4@òﬁ˛\4T4@   R  ¥⁄  '#     )      )   ¨   10.0.0.2                                      10.0.0.22                                     Œ«µ°bT4@§˝∞VY4@   S  ¥⁄  '#     )      )   ¨   10.0.0.2                                      10.0.0.22                                     zﬁçÖY4@ÚØ$y^4@   T  ¥⁄  '#     )      )   ¨   10.0.0.2                                      10.0.0.22                                     ™”Å¨ß^4@Ü∆Aúc4@   U  ¥⁄  '#     )      )   ¨   10.0.0.2                                      10.0.0.22                                     {¿<d c4@∂ªËæh4@   V  ¥⁄  '#     )      )   ¨   10.0.0.2                                      10.0.0.22                                     ™µ0Ìh4@á®¬ü·m4@   W  ¥⁄  '#     )      )   ¨   10.0.0.2                                      10.0.0.22                                     {¢Î¬n4@∂ù∂Fs4@   X  ¥⁄  '#     )      )   ¨   10.0.0.2                                      10.0.0.22                                     Kè¶z2s4@Êí™Ì&x4@   Y  ¥⁄  '#     )      )   ¨   10.0.0.2                                      10.0.0.22                                     -≥≈Vx4@'øE'K}4@   Z  ¥⁄  '#     )      )   ¨   10.0.0.2                                      10.0.0.22                                     ˝ü√|y}4@û`ˇunÇ4@   [  ¥⁄  '#     )      )   ¨   10.0.0.2                                      10.0.0.22                                     oÑEEúÇ4@iêÇßêá4@   \  ¥⁄  '#     )      )   ¨   10.0.0.2                                      10.0.0.22                                     ?q ˝æá4@⁄tp≥å4@   ]  ¥⁄  '#     )      )   ¨   10.0.0.2                                      10.0.0.22                                     ∞UÇ≈·å4@™aø'÷ë4@   ^  ¥⁄  '#     )      )   ¨   10.0.0.2                                      10.0.0.22                                     !:éí4@˛,ñ"˘ñ4@   _  ¥⁄  '#     )      )   ¨   10.0.0.2                                      10.0.0.22                                     3Mg'ó4@-"ä…ú4@   `  ¥⁄  '#     )      )   ¨   10.0.0.2                                      10.0.0.22                                     Jú4@ûí>°4@   a  ¥⁄  '#     )      )   ¨   10.0.0.2                                      10.0.0.22                                     ‘Ô¬÷l°4@…>»≤`¶4@   b  ¥⁄  '#     )      )   ¨   10.0.0.2                                      10.0.0.22                                     Åõ:è¶4@¯3ºYÉ´4@   c  ¥⁄  '#     )      )   ¨   10.0.0.2                                      10.0.0.22                                     ÚÍ≤´4@.ÊÁÜ¶∞4@   d  ¥⁄  '#     )      )   ¨   10.0.0.2                                      10.0.0.22                                     dœûÀ‘∞4@˛“¢>…µ4@   e  ¥⁄  '#     )      )   ¨   10.0.0.2                                      10.0.0.22                                     ’≥ î˜µ4@±¶≤(Ï∫4@   f  ¥⁄  '#     )      )   ¨   10.0.0.2                                      10.0.0.22                                     •†€Kª4@ü¨Æ¿4@   g  ¥⁄  '#     )      )   ¨   10.0.0.2                                      10.0.0.22                                     vçñ=¿4@RÄ(ò1≈4@   h  ¥⁄  '#     )      )   ¨   10.0.0.2                                      10.0.0.22                                     FzQª_≈4@Çu?T 4@   i  ¥⁄  '#     )      )   ¨   10.0.0.2                                      10.0.0.22                                     
Ö8Ñ 4@ëEöxœ4@   j  ¥⁄  '#     )      )   ¨   10.0.0.2                                      10.0.0.22                                     aQßœ4@W\ïõ‘4@   k  ¥⁄  '#     )      )   ¨   10.0.0.2                                      10.0.0.22                                     ÏM……‘4@c{-ËΩŸ4@   l  ¥⁄  '#     )      )   ¨   10.0.0.2                                      10.0.0.22                                     ⁄SrNÏŸ4@4hËü‡ﬁ4@   m  ¥⁄  '#     )      )   ¨   10.0.0.2                                      10.0.0.22                                     L8Ùﬂ4@Ê;¯â‰4@   n  ¥⁄  '#     )      )   ¨   10.0.0.2                                      10.0.0.22                                     %ØŒ1‰4@¯Ac&È4@   o  ¥⁄  '#     )      )   ¨   10.0.0.2                                      10.0.0.22                                     ÌjÜTÈ4@F&‡◊HÓ4@   p  ¥⁄  '#     )      )   ¨   10.0.0.2                                      10.0.0.22                                     Ω˛$>wÓ4@∑
b†kÛ4@   q  ¥⁄  '#     )      )   ¨   10.0.0.2                                      10.0.0.22                                     ÌÛÂôÛ4@…Ê™yé¯4@   r  ¥⁄  '#     )      )   ¨   10.0.0.2                                      10.0.0.22                                     ^ÿö≠º¯4@ô”e1±˝4@   s  ¥⁄  '#     )      )   ¨   10.0.0.2                                      10.0.0.22                                     .≈Ueﬂ˝4@…»Yÿ”5@   t  ¥⁄  '#     )      )   ¨   10.0.0.2                                      10.0.0.22                                     †©◊-5@€§¢±ˆ5@   u  ¥⁄  '#     )      )   ¨   10.0.0.2                                      10.0.0.22                                     éYˆ$5@öñX5@   v  ¥⁄  '#     )      )   ¨   10.0.0.2                                      10.0.0.22                                     ·zÆG5@vﬂ1<5@   w  ¥⁄  '#     )      )   ¨   10.0.0.2                                      10.0.0.22                                     R_ñvj5@¨s»^5@   x  ¥⁄  '#     )      )   ¨   10.0.0.2                                      10.0.0.22                                     #LQ.ç5@XéêÅ5@   y  ¥⁄  '#     )      )   ¨   10.0.0.2                                      10.0.0.22                                     v()∞5@,ú§!5@   z  ¥⁄  '#     )      )   ¨   10.0.0.2                                      10.0.0.22                                     Á˚©Ò“!5@ƒÓ;Ü«&5@   {  ¥⁄  '#     )      )   ¨   10.0.0.2                                      10.0.0.22                                     Y‡+∫ı&5@Û„/-Í+5@   |  ¥⁄  '#     )      )   ¨   10.0.0.2                                      10.0.0.22                                     jºtì,5@¿x15@   }  ¥⁄  '#     )      )   ¨   10.0.0.2                                      10.0.0.22                                     ;©/K;15@÷¨3æ/65@   ~  ¥⁄  '#     )      )   ¨   10.0.0.2                                      10.0.0.22                                     ñÍ^65@)x
πR;5@     ¥⁄  '#     )      )   ¨   10.0.0.2                                      10.0.0.22                                     }zlÀÄ;5@~p>u@5@   Ä  ¥⁄  '#     )      )   ¨   10.0.0.2                                      10.0.0.22                                     Mg'É£@5@GsdÂóE5@   Å  ¥⁄  '#     )      )   ¨   10.0.0.2                                      10.0.0.22                                     T‚:∆E5@∏WÊ≠∫J5@   Ç  ¥⁄  '#     )      )   ¨   10.0.0.2                                      10.0.0.22                                     è8dÈJ5@âD°e›O5@   É  ¥⁄  '#     )      )   ¨   10.0.0.2                                      10.0.0.22                                     _%ªP5@õ Í> U5@   Ñ  ¥⁄  '#     )      )   ¨   10.0.0.2                                      10.0.0.22                                     èb.U5@MÙ˘(#Z5@   Ö  ¥⁄  '#     )      )   ¨   10.0.0.2                                      10.0.0.22                                     <1Î≈PZ5@TV”ıD_5@   Ü  ¥⁄  '#     )      )   ¨   10.0.0.2                                      10.0.0.22                                     l&ﬂls_5@*„ﬂgd5@   á  ¥⁄  '#     )      )   ¨   10.0.0.2                                      10.0.0.22                                     <ö$ñd5@xe®äi5@   à  ¥⁄  '#     )      )   ¨   10.0.0.2                                      10.0.0.22                                      U‹∏i5@í>≠n5@   â  ¥⁄  '#     )      )   ¨   10.0.0.2                                      10.0.0.22                                     <ıHÉ€n5@x–s5@   ä  ¥⁄  '#     )      )   ¨   10.0.0.2                                      10.0.0.22                                     ‚;˛s5@®ÂÆÚx5@   ã  ¥⁄  '#     )      )   ¨   10.0.0.2                                      10.0.0.22                                     ~∆Ö!y5@π¡Pá~5@   å  ¥⁄  '#     )      )   ¨   10.0.0.2                                      10.0.0.22                                     Æªy™C~5@Hø}8É5@   ç  ¥⁄  '#     )      )   ¨   10.0.0.2                                      10.0.0.22                                     †˚rfÉ5@¨8’Zà5@   é  ¥⁄  '#     )      )   ¨   10.0.0.2                                      10.0.0.22                                     êÑ};âà5@®©ek}ç5@   è  ¥⁄  '#     )      )   ¨   10.0.0.2                                      10.0.0.22                                     ¢`∆¨ç5@=d á†í5@   ê  ¥⁄  '#     )      )   ¨   10.0.0.2                                      10.0.0.22                                     rMÅÃŒí5@QÖ?√ó5@   ë  ¥⁄  '#     )      )   ¨   10.0.0.2                                      10.0.0.22                                     C:<ÑÒó5@~5Êú5@   í  ¥⁄  '#     )      )   ¨   10.0.0.2                                      10.0.0.22                                     ¥æLù5@êP·¢5@   ì  ¥⁄  '#     )      )   ¨   10.0.0.2                                      10.0.0.22                                     %@7¢5@äë%s,ß5@   î  ¥⁄  '#     )      )   ¨   10.0.0.2                                      10.0.0.22                                     U¯3ºYß5@“‚åaN¨5@   ï  ¥⁄  '#     )      )   ¨   10.0.0.2                                      10.0.0.22                                     &ÂÓs|¨5@a‡π˜p±5@   ñ  ¥⁄  '#     )      )   ¨   10.0.0.2                                      10.0.0.22                                     ˆ—©+ü±5@1ÕtØì∂5@   ó  ¥⁄  '#     )      )   ¨   10.0.0.2                                      10.0.0.22                                     ∆æd„¡∂5@£±ˆw∂ª5@   ò  ¥⁄  '#     )      )   ¨   10.0.0.2                                      10.0.0.22                                     ó´õ‰ª5@2Ø#Ÿ¿5@   ô  ¥⁄  '#     )      )   ¨   10.0.0.2                                      10.0.0.22                                     gò⁄R¡5@£ì•÷˚≈5@   ö  ¥⁄  '#     )      )   ¨   10.0.0.2                                      10.0.0.22                                     yt#,*∆5@µoÓØÀ5@   õ  ¥⁄  '#     )      )   ¨   10.0.0.2                                      10.0.0.22                                     ÍX•ÙLÀ5@&TpxA–5@   ú  ¥⁄  '#     )      )   ¨   10.0.0.2                                      10.0.0.22                                     ªE`¨o–5@VIdd’5@   ù  ¥⁄  '#     )      )   ¨   10.0.0.2                                      10.0.0.22                                     ,*‚tí’5@Ö>X∆Ü⁄5@   û  ¥⁄  '#     )      )   ¨   10.0.0.2                                      10.0.0.22                                     \÷µ⁄5@µ3Lm©ﬂ5@   ü  ¥⁄  '#     )      )   ¨   10.0.0.2                                      10.0.0.22                                     ,ë”◊ﬂ5@«ïFÃ‰5@   †  ¥⁄  '#     )      )   ¨   10.0.0.2                                      10.0.0.22                                     ˝¯Kã˙‰5@ò¸O˛ÓÈ5@   °  ¥⁄  '#     )      )   ¨   10.0.0.2                                      10.0.0.22                                     ÕÂCÍ5@	·—∆Ô5@   ¢  ¥⁄  '#     )      )   ¨   10.0.0.2                                      10.0.0.22                                     ﬂ¡O@Ô5@z≈Sè4Ù5@   £  ¥⁄  '#     )      )   ¨   10.0.0.2                                      10.0.0.22                                     ∞Æ
‘bÙ5@å°úhW˘5@   §  ¥⁄  '#     )      )   ¨   10.0.0.2                                      10.0.0.22                                     !ìåúÖ˘5@y?nø|˛5@   •  ¥⁄  '#     )      )   ¨   10.0.0.2                                      10.0.0.22                                     ÒGT®˛5@nj†˘ú6@   ¶  ¥⁄  '#     )      )   ¨   10.0.0.2                                      10.0.0.22                                     cd…À6@˝gÕèø6@   ß  ¥⁄  '#     )      )   ¨   10.0.0.2                                      10.0.0.22                                     ‘HKÂÌ6@Di‚6@   ®  ¥⁄  '#     )      )   ¨   10.0.0.2                                      10.0.0.22                                     E-Õ≠6@?9
6@   ©  ¥⁄  '#     )      )   ¨   10.0.0.2                                      10.0.0.22                                     àe36@&≈«'6@   ™  ¥⁄  '#     )      )   ¨   10.0.0.2                                      10.0.0.22                                     á˛	.V6@Å
GêJ6@   ´  ¥⁄  '#     )      )   ¨   10.0.0.2                                      10.0.0.22                                     ¯‚ãˆx6@3ﬁVzm"6@   ¨  ¥⁄  '#     )      )   ¨   10.0.0.2                                      10.0.0.22                                     »œFÆõ"6@c”J!ê'6@   ≠  ¥⁄  '#     )      )   ¨   10.0.0.2                                      10.0.0.22                                     ôºfæ'6@3¿Ÿ≤,6@   Æ  ¥⁄  '#     )      )   ¨   10.0.0.2                                      10.0.0.22                                     
°É.·,6@≠¿ê’16@   Ø  ¥⁄  '#     )      )   ¨   10.0.0.2                                      10.0.0.22                                     ⁄ç>Ê26@‘ô{H¯66@   ∞  ¥⁄  '#     )      )   ¨   10.0.0.2                                      10.0.0.22                                     Kr¿Æ&76@•Ü6 <6@   ±  ¥⁄  '#     )      )   ¨   10.0.0.2                                      10.0.0.22                                     ΩVBwI<6@WZFÍ=A6@   ≤  ¥⁄  '#     )      )   ¨   10.0.0.2                                      10.0.0.22                                     çC˝.lA6@ÊWsÄ`F6@   ≥  ¥⁄  '#     )      )   ¨   10.0.0.2                                      10.0.0.22                                     Ω8Ò’éF6@ô+ÉjÉK6@   ¥  ¥⁄  '#     )      )   ¨   10.0.0.2                                      10.0.0.22                                     Ì-Â|±K6@á1ÈÔ•P6@   µ  ¥⁄  '#     )      )   ¨   10.0.0.2                                      10.0.0.22                                     ^gE‘P6@€¸øÍ»U6@   ∂  ¥⁄  '#     )      )   ¨   10.0.0.2                                      10.0.0.22                                     .ˇ!˝ˆU6@·^ô∑ÍZ6@   ∑  ¥⁄  '#     )      )   ¨   10.0.0.2                                      10.0.0.22                                     €˙`[6@RCÄ`6@   ∏  ¥⁄  '#     )      )   ¨   10.0.0.2                                      10.0.0.22                                     Ó<`6@¶Úz0e6@   π  ¥⁄  '#     )      )   ¨   10.0.0.2                                      10.0.0.22                                     |Ôo–^e6@X‚eSj6@   ∫  ¥⁄  '#     )      )   ¨   10.0.0.2                                      10.0.0.22                                     M‹*àÅj6@GËgÍuo6@   ª  ¥⁄  '#     )      )   ¨   10.0.0.2                                      10.0.0.22                                     æ¿¨P§o6@Yƒ∞√òt6@   º  ¥⁄  '#     )      )   ¨   10.0.0.2                                      10.0.0.22                                     é≠g«t6@àπ§jªy6@   Ω  ¥⁄  '#     )      )   ¨   10.0.0.2                                      10.0.0.22                                     _ö"¿Èy6@˘ù&3ﬁ~6@   æ  ¥⁄  '#     )      )   ¨   10.0.0.2                                      10.0.0.22                                     /á›w6@ ä·Í Ñ6@   ø  ¥⁄  '#     )      )   ¨   10.0.0.2                                      10.0.0.22                                     †k_@/Ñ6@öwú¢#â6@   ¿  ¥⁄  '#     )      )   ¨   10.0.0.2                                      10.0.0.22                                     qX¯Qâ6@\kFé6@   ¡  ¥⁄  '#     )      )   ¨   10.0.0.2                                      10.0.0.22                                     AE’Øté6@‹HŸ"iì6@   ¬  ¥⁄  '#     )      )   ¨   10.0.0.2                                      10.0.0.22                                     q:…Vóì6@>Õ…ãò6@   √  ¥⁄  '#     )      )   ¨   10.0.0.2                                      10.0.0.22                                     B'Ñ∫ò6@<3¡pÆù6@   ƒ  ¥⁄  '#     )      )   ¨   10.0.0.2                                      10.0.0.22                                     ?∆‹ù6@M
J—¢6@   ≈  ¥⁄  '#     )      )   ¨   10.0.0.2                                      10.0.0.22                                     ‚ ˙}ˇ¢6@_ÎR#Ùß6@   ∆  ¥⁄  '#     )      )   ¨   10.0.0.2                                      10.0.0.22                                     TÂ{F"®6@ÓËπ≠6@   «  ¥⁄  '#     )      )   ¨   10.0.0.2                                      10.0.0.22                                     É⁄oÌD≠6@ﬁs`9≤6@   »  ¥⁄  '#     )      )   ¨   10.0.0.2                                      10.0.0.22                                     ≥œcîg≤6@≠€†ˆ[∑6@   …  ¥⁄  '#     )      )   ¨   10.0.0.2                                      10.0.0.22                                     $¥Â\ä∑6@`Ø∞‡~º6@      ¥⁄  '#     )      )   ¨   10.0.0.2                                      10.0.0.22                                     T©Ÿ≠º6@Ô¨›v°¡6@   À  ¥⁄  '#     )      )   ¨   10.0.0.2                                      10.0.0.22                                     ¿–#Fœ¡6@Z‘'π√∆6@   Ã  ¥⁄  '#     )      )   ¨   10.0.0.2                                      10.0.0.22                                     1µ•Ú∆6@Ã∏©ÅÊÀ6@   Õ  ¥⁄  '#     )      )   ¨   10.0.0.2                                      10.0.0.22                                     ¢`∆Ã6@=ù+J	—6@   Œ  ¥⁄  '#     )      )   ¨   10.0.0.2                                      10.0.0.22                                     “é~7—6@líÒ+÷6@   œ  ¥⁄  '#     )      )   ¨   10.0.0.2                                      10.0.0.22                                     CsùFZ÷6@ˆ“N€6@   –  ¥⁄  '#     )      )   ¨   10.0.0.2                                      10.0.0.22                                     ëÅ<ª|€6@Ø]⁄p‡6@   —  ¥⁄  '#     )      )   ¨   10.0.0.2                                      10.0.0.22                                     an˜rü‡6@=aâîÂ6@   “  ¥⁄  '#     )      )   ¨   10.0.0.2                                      10.0.0.22                                     B]¬Â6@ÆE–∂Í6@   ”  ¥⁄  '#     )      )   ¨   10.0.0.2                                      10.0.0.22                                     C7˚ÂÍ6@=C8fŸÔ6@   ‘  ¥⁄  '#     )      )   ¨   10.0.0.2                                      10.0.0.22                                     µ}Ã6@ëa¸Ù6@   ’  ¥⁄  '#     )      )   ¨   10.0.0.2                                      10.0.0.22                                     & ˇî*ı6@IüV—˙6@   ÷  ¥⁄  '#     )      )   ¨   10.0.0.2                                      10.0.0.22                                     ó‰Ä]M˙6@ëΩøAˇ6@   ◊  ¥⁄  '#     )      )   ¨   10.0.0.2                                      10.0.0.22                                     …&pˇ6@£Ãôd7@   ÿ  ¥⁄  '#     )      )   ¨   10.0.0.2                                      10.0.0.22                                     ŸµΩ›í7@n¸â Ü	7@   Ÿ  ¥⁄  '#     )      )   ¨   10.0.0.2                                      10.0.0.22                                     Jö?¶µ	7@∑ÓÊ©7@   ⁄  ¥⁄  '#     )      )   ¨   10.0.0.2                                      10.0.0.22                                     zè3Mÿ7@ì7¿Ã7@   €  ¥⁄  '#     )      )   ¨   10.0.0.2                                      10.0.0.22                                     J|Ó˚7@J¥‰Ò7@   ‹  ¥⁄  '#     )      )   ¨   10.0.0.2                                      10.0.0.22                                     i©º7@µl≠/7@   ›  ¥⁄  '#     )      )   ¨   10.0.0.2                                      10.0.0.22                                     ÎUdt@7@ÜYhÁ4#7@   ﬁ  ¥⁄  '#     )      )   ¨   10.0.0.2                                      10.0.0.22                                     ªB,c#7@VF#üW(7@   ﬂ  ¥⁄  '#     )      )   ¨   10.0.0.2                                      10.0.0.22                                     å/⁄„Ö(7@Ü;Fz-7@   ‡  ¥⁄  '#     )      )   ¨   10.0.0.2                                      10.0.0.22                                     \ïõ®-7@˜ôù27@   ·  ¥⁄  '#     )      )   ¨   10.0.0.2                                      10.0.0.22                                     -	PSÀ27@'çµø77@   ‚  ¥⁄  '#     )      )   ¨   10.0.0.2                                      10.0.0.22                                     ˝ı
Ó77@˜Hm‚<7@   „  ¥⁄  '#     )      )   ¨   10.0.0.2                                      10.0.0.22                                     Œ‚≈¬=7@'˜;B7@   ‰  ¥⁄  '#     )      )   ¨   10.0.0.2                                      10.0.0.22                                     ûœÄz3B7@ò€Ω‹'G7@   Â  ¥⁄  '#     )      )   ¨   10.0.0.2                                      10.0.0.22                                     ¥CVG7@KØÕ∆JL7@   Ê  ¥⁄  '#     )      )   ¨   10.0.0.2                                      10.0.0.22                                     ?©ˆÈxL7@{§¡mmQ7@   Á  ¥⁄  '#     )      )   ¨   10.0.0.2                                      10.0.0.22                                     ñ±°õQ7@™ôµêV7@   Ë  ¥⁄  '#     )      )   ¨   10.0.0.2                                      10.0.0.22                                     "r˙zæV7@u…8F≤[7@   È  ¥⁄  '#     )      )   ¨   10.0.0.2                                      10.0.0.22                                     .ëŒ‡[7@dœûÀ‘`7@   Í  ¥⁄  '#     )      )   ¨   10.0.0.2                                      10.0.0.22                                     ˛}∆Öa7@ôÅ ¯˜e7@   Î  ¥⁄  '#     )      )   ¨   10.0.0.2                                      10.0.0.22                                     .s∫,&f7@…væük7@   Ï  ¥⁄  '#     )      )   ¨   10.0.0.2                                      10.0.0.22                                     RÓ>«Gk7@éÈ	K<p7@   Ì  ¥⁄  '#     )      )   ¨   10.0.0.2                                      10.0.0.22                                     #€˘~jp7@*ˇZ^u7@   Ó  ¥⁄  '#     )      )   ¨   10.0.0.2                                      10.0.0.22                                     –Ò—‚åu7@GÛÅz7@   Ô  ¥⁄  '#     )      )   ¨   10.0.0.2                                      10.0.0.22                                     †ﬁåöØz7@;‚ê§7@     ¥⁄  '#     )      )   ¨   10.0.0.2                                      10.0.0.22                                     √c“7@œK≈∆Ñ7@   Ò  ¥⁄  '#     )      )   ¨   10.0.0.2                                      10.0.0.22                                     A∏
ıÑ7@;ƒ?lÈâ7@   Ú  ¥⁄  '#     )      )   ¨   10.0.0.2                                      10.0.0.22                                     –µ/†ä7@kπ3è7@   Û  ¥⁄  '#     )      )   ¨   10.0.0.2                                      10.0.0.22                                      ´#G:è7@õÆ'∫.î7@   Ù  ¥⁄  '#     )      )   ¨   10.0.0.2                                      10.0.0.22                                     –óﬁ˛\î7@kõ‚qQô7@   ı  ¥⁄  '#     )      )   ¨   10.0.0.2                                      10.0.0.22                                     B|`«ô7@‹d:tû7@   ˆ  ¥⁄  '#     )      )   ¨   10.0.0.2                                      10.0.0.22                                     i¢û7@Ó[≠ó£7@   ˜  ¥⁄  '#     )      )   ¨   10.0.0.2                                      10.0.0.22                                     „U÷6≈£7@¨©,
ª®7@   ¯  ¥⁄  '#     )      )   ¨   10.0.0.2                                      10.0.0.22                                     K ›Á®7@NFïa‹≠7@   ˘  ¥⁄  '#     )      )   ¨   10.0.0.2                                      10.0.0.22                                     É/L¶
Æ7@`"ﬁ:ˇ≤7@   ˙  ¥⁄  '#     )      )   ¨   10.0.0.2                                      10.0.0.22                                     T^-≥7@è“·!∏7@   ˚  ¥⁄  '#     )      )   ¨   10.0.0.2                                      10.0.0.22                                     $	¬P∏7@ˇwDΩ7@   ¸  ¥⁄  '#     )      )   ¨   10.0.0.2                                      10.0.0.22                                     T˛µºrΩ7@—Ëbg¬7@   ˝  ¥⁄  '#     )      )   ¨   10.0.0.2                                      10.0.0.22                                     ≈‚7Öï¬7@`Ê;¯â«7@   ˛  ¥⁄  '#     )      )   ¨   10.0.0.2                                      10.0.0.22                                     7«πM∏«7@≥±Û¨Ã7@   ˇ  ¥⁄  '#     )      )   ¨   10.0.0.2                                      10.0.0.22                                     ®´;€Ã7@¢∑xxœ—7@      ¥⁄  '#     )      )   ¨   10.0.0.2                                      10.0.0.22                                     7©h¨˝—7@r§30Ú÷7@     ¥⁄  '#     )      )   ¨   10.0.0.2                                      10.0.0.22                                     ®çÍt ◊7@ÉN‹7@     ¥⁄  '#     )      )   ¨   10.0.0.2                                      10.0.0.22                                     rl=C‹7@¥up∞7·7@     ¥⁄  '#     )      )   ¨   10.0.0.2                                      10.0.0.22                                     Í^'ıe·7@%ZÚxZÊ7@     ¥⁄  '#     )      )   ¨   10.0.0.2                                      10.0.0.22                                     ∫K‚¨àÊ7@¥W}Î7@     ¥⁄  '#     )      )   ¨   10.0.0.2                                      10.0.0.22                                     ã8ùd´Î7@%<°◊ü7@     ¥⁄  '#     )      )   ¨   10.0.0.2                                      10.0.0.22                                     [%XŒ7@ˆ(\è¬ı7@     ¥⁄  '#     )      )   ¨   10.0.0.2                                      10.0.0.22                                     +‘ı7@IÙ2äÂ˙7@     ¥⁄  '#     )      )   ¨   10.0.0.2                                      10.0.0.22                                     ¸˛Õã˚7@=∑–ï 8@   	  ¥⁄  '#     )      )   ¨   10.0.0.2                                      10.0.0.22                                     m„OT6 8@I÷·Ë*8@   
  ¥⁄  '#     )      )   ¨   10.0.0.2                                      10.0.0.22                                     >–
Y8@yÀ’èM
8@     ¥⁄  '#     )      )   ¨   10.0.0.2                                      10.0.0.22                                     Ω≈√{
8@…&p8@     ¥⁄  '#     )      )   ¨   10.0.0.2                                      10.0.0.22                                     >≤πjû8@•Kˇí8@     ¥⁄  '#     )      )   ¨   10.0.0.2                                      10.0.0.22                                     PéD¡8@Íë∑µ8@     ¥⁄  '#     )      )   ¨   10.0.0.2                                      10.0.0.22                                      {Ω˚„8@ﬁT§¬ÿ8@     ¥⁄  '#     )      )   ¨   10.0.0.2                                      10.0.0.22                                     ë_?ƒ8@,cC7˚#8@     ¥⁄  '#     )      )   ¨   10.0.0.2                                      10.0.0.22                                     ¡T3k)$8@ª`pÕ)8@     ¥⁄  '#     )      )   ¨   10.0.0.2                                      10.0.0.22                                     íAÓ"L)8@,EÚï@.8@     ¥⁄  '#     )      )   ¨   10.0.0.2                                      10.0.0.22                                     b.©⁄n.8@˝1≠Mc38@     ¥⁄  '#     )      )   ¨   10.0.0.2                                      10.0.0.22                                     3díë38@-'°ÙÖ88@     ¥⁄  '#     )      )   ¨   10.0.0.2                                      10.0.0.22                                     bX9¥88@˝\¨®=8@     ¥⁄  '#     )      )   ¨   10.0.0.2                                      10.0.0.22                                     3˝Ò÷=8@Œ dÀB8@     ¥⁄  '#     )      )   ¨   10.0.0.2                                      10.0.0.22                                     cÚò˘B8@˝ı
ÓG8@     ¥⁄  '#     )      )   ¨   10.0.0.2                                      10.0.0.22                                     3ﬂ¡OH8@Œ‚≈¬M8@     ¥⁄  '#     )      )   ¨   10.0.0.2                                      10.0.0.22                                     Ã|?M8@?«Gã3R8@     ¥⁄  '#     )      )   ¨   10.0.0.2                                      10.0.0.22                                     ‘∏7øaR8@oº;2VW8@     ¥⁄  '#     )      )   ¨   10.0.0.2                                      10.0.0.22                                     Æ+fÑW8@9Ïæcx\8@     ¥⁄  '#     )      )   ¨   10.0.0.2                                      10.0.0.22                                     ‘öÊß\8@Œ¶#Äõa8@     ¥⁄  '#     )      )   ¨   10.0.0.2                                      10.0.0.22                                     cò¥…a8@üìﬁ7æf8@     ¥⁄  '#     )      )   ¨   10.0.0.2                                      10.0.0.22                                     4ÖŒkÏf8@u=—u·k8@     ¥⁄  '#     )      )   ¨   10.0.0.2                                      10.0.0.22                                     ÊXﬁUl8@Å\‚»q8@     ¥⁄  '#     )      )   ¨   10.0.0.2                                      10.0.0.22                                     W=`2q8@Ú@dë&v8@      ¥⁄  '#     )      )   ¨   10.0.0.2                                      10.0.0.22                                     á2T≈Tv8@Å>ë'I{8@   !  ¥⁄  '#     )      )   ¨   10.0.0.2                                      10.0.0.22                                     ∑'Hlw{8@R+LﬂkÄ8@   "  ¥⁄  '#     )      )   ¨   10.0.0.2                                      10.0.0.22                                     á$öÄ8@"óéÖ8@   #  ¥⁄  '#     )      )   ¨   10.0.0.2                                      10.0.0.22                                     Xæ€ºÖ8@Û¬N±ä8@   $  ¥⁄  '#     )      )   ¨   10.0.0.2                                      10.0.0.22                                     àˆ±Çﬂä8@dÈC‘è8@   %  ¥⁄  '#     )      )   ¨   10.0.0.2                                      10.0.0.22                                     ˘⁄3Kê8@îﬁ7æˆî8@   &  ¥⁄  '#     )      )   ¨   10.0.0.2                                      10.0.0.22                                     jøµ%ï8@dÀÚuö8@   '  ¥⁄  '#     )      )   ¨   10.0.0.2                                      10.0.0.22                                     ;¨pÀGö8@•˜çØ=ü8@   (  ¥⁄  '#     )      )   ¨   10.0.0.2                                      10.0.0.22                                     j°drjü8@àÉÑ(_§8@   )  ¥⁄  '#     )      )   ¨   10.0.0.2                                      10.0.0.22                                     ;é*ç§8@vâÍ≠Å©8@   *  ¥⁄  '#     )      )   ¨   10.0.0.2                                      10.0.0.22                                     jÉ—Ø©8@ÒGT®Æ8@   +  ¥⁄  '#     )      )   ¨   10.0.0.2                                      10.0.0.22                                     ‹gïô“Æ8@÷s“˚∆≥8@   ,  ¥⁄  '#     )      )   ¨   10.0.0.2                                      10.0.0.22                                     ke¬/ı≥8@eqˇëÈ∏8@   -  ¥⁄  '#     )      )   ¨   10.0.0.2                                      10.0.0.22                                     ;R}Áπ8@wMHkæ8@   .  ¥⁄  '#     )      )   ¨   10.0.0.2                                      10.0.0.22                                     Ó%ç—:æ8@â)ëD/√8@   /  ¥⁄  '#     )      )   ¨   10.0.0.2                                      10.0.0.22                                     _
ö]√8@˙R»8@   0  ¥⁄  '#     )      )   ¨   10.0.0.2                                      10.0.0.22                                     Ó<0Ä»8@*¥tÕ8@   1  ¥⁄  '#     )      )   ¨   10.0.0.2                                      10.0.0.22                                     _ÏΩ¯¢Õ8@˙Ô¡kó“8@   2  ¥⁄  '#     )      )   ¨   10.0.0.2                                      10.0.0.22                                     q»“≈“8@Ã
E∫◊8@   3  ¥⁄  '#     )      )   ¨   10.0.0.2                                      10.0.0.22                                     °Ω˙xË◊8@_ó·?›‹8@   4  ¥⁄  '#     )      )   ¨   10.0.0.2                                      10.0.0.22                                     0ª'›8@Àæ+Çˇ·8@   5  ¥⁄  '#     )      )   ¨   10.0.0.2                                      10.0.0.22                                     `∞∂-‚8@_yêû"Á8@   6  ¥⁄  '#     )      )   ¨   10.0.0.2                                      10.0.0.22                                     è•]PÁ8@*©–DÏ8@   7  ¥⁄  '#     )      )   ¨   10.0.0.2                                      10.0.0.22                                     `í sÏ8@ZûwgÒ8@   8  ¥⁄  '#     )      )   ¨   10.0.0.2                                      10.0.0.22                                     Ôè˜™ïÒ8@*ã¬.äˆ8@   9  ¥⁄  '#     )      )   ¨   10.0.0.2                                      10.0.0.22                                     `tys∏ˆ8@˚w}Ê¨˚8@   :  ¥⁄  '#     )      )   ¨   10.0.0.2                                      10.0.0.22                                     1a4+€˚8@T∆øœ 9@   ;  ¥⁄  '#     )      )   ¨   10.0.0.2                                      10.0.0.22                                     Ñ,&˛ 9@ø'÷©Ú9@   <  ¥⁄  '#     )      )   ¨   10.0.0.2                                      10.0.0.22                                     *8º 9@6u9@   =  ¥⁄  '#     )      )   ¨   10.0.0.2                                      10.0.0.22                                     „ÛsC9@æ˜79@   >  ¥⁄  '#     )      )   ¨   10.0.0.2                                      10.0.0.22                                     7‚…nf9@r›îÚZ9@   ?  ¥⁄  '#     )      )   ¨   10.0.0.2                                      10.0.0.22                                     ®∆K7â9@¢“àô}9@   @  ¥⁄  '#     )      )   ¨   10.0.0.2                                      10.0.0.22                                     x≥Ô´9@U¶òÉ†9@   A  ¥⁄  '#     )      )   ¨   10.0.0.2                                      10.0.0.22                                     Íóà∑Œ9@‰£≈√$9@   B  ¥⁄  '#     )      )   ¨   10.0.0.2                                      10.0.0.22                                     ∫ÑCoÒ$9@¥êÄ—Â)9@   C  ¥⁄  '#     )      )   ¨   10.0.0.2                                      10.0.0.22                                     +i≈7*9@%uö/9@   D  ¥⁄  '#     )      )   ¨   10.0.0.2                                      10.0.0.22                                     [^πﬁ6/9@ˆaΩQ+49@   E  ¥⁄  '#     )      )   ¨   10.0.0.2                                      10.0.0.22                                     +KtñY49@&W±¯M99@   F  ¥⁄  '#     )      )   ¨   10.0.0.2                                      10.0.0.22                                     ¸7/N|99@ˆCl∞p>9@   G  ¥⁄  '#     )      )   ¨   10.0.0.2                                      10.0.0.22                                     Ã$Íü>9@ µâìC9@   H  ¥⁄  '#     )      )   ¨   10.0.0.2                                      10.0.0.22                                     ¸ﬁ¨¡C9@ó‚∂H9@   I  ¥⁄  '#     )      )   ¨   10.0.0.2                                      10.0.0.22                                     ,“S‰H9@©˘*˘ÿM9@   J  ¥⁄  '#     )      )   ¨   10.0.0.2                                      10.0.0.22                                     >Î-N9@ŸÓ†˚R9@   K  ¥⁄  '#     )      )   ¨   10.0.0.2                                      10.0.0.22                                     ÿ’‰)S9@©€ŸWX9@   L  ¥⁄  '#     )      )   ¨   10.0.0.2                                      10.0.0.22                                     >Õ…ãLX9@$ö@]9@   M  ¥⁄  '#     )      )   ¨   10.0.0.2                                      10.0.0.22                                     ∫ÑCo]9@Î¨ÿcb9@   N  ¥⁄  '#     )      )   ¨   10.0.0.2                                      10.0.0.22                                     Äûíb9@¢
Üg9@   O  ¥⁄  '#     )      )   ¨   10.0.0.2                                      10.0.0.22                                     ÒÇà‘¥g9@,~SX©l9@   P  ¥⁄  '#     )      )   ¨   10.0.0.2                                      10.0.0.22                                     !x|{◊l9@\sGˇÀq9@   Q  ¥⁄  '#     )      )   ¨   10.0.0.2                                      10.0.0.22                                     3T≈T˙q9@-`∑Óv9@   R  ¥⁄  '#     )      )   ¨   10.0.0.2                                      10.0.0.22                                     D0.w9@ﬂ3°|9@   S  ¥⁄  '#     )      )   ¨   10.0.0.2                                      10.0.0.22                                     VW@|9@Pîi4Å9@   T  ¥⁄  '#     )      )   ¨   10.0.0.2                                      10.0.0.22                                     œ•Ñ`Å9@h±…WÜ9@   U  ¥⁄  '#     )      )   ¨   10.0.0.2                                      10.0.0.22                                     ˛
ô+ÉÜ9@Ω‰Úwã9@   V  ¥⁄  '#     )      )   ¨   10.0.0.2                                      10.0.0.22                                     Á·¶ã9@…ëEöê9@   W  ¥⁄  '#     )      )   ¨   10.0.0.2                                      10.0.0.22                                     @‹’´»ê9@˘¯ÑÏºï9@   X  ¥⁄  '#     )      )   ¨   10.0.0.2                                      10.0.0.22                                     p—…RÎï9@(Óxìﬂö9@   Y  ¥⁄  '#     )      )   ¨   10.0.0.2                                      10.0.0.22                                     †∆Ω˘õ9@∑Î•)†9@   Z  ¥⁄  '#     )      )   ¨   10.0.0.2                                      10.0.0.22                                     p≥x±0†9@jøµ%•9@   [  ¥⁄  '#     )      )   ¨   10.0.0.2                                      10.0.0.22                                     †®lXS•9@X≈ôG™9@   \  ¥⁄  '#     )      )   ¨   10.0.0.2                                      10.0.0.22                                     pï'v™9@ ©ùajØ9@   ]  ¥⁄  '#     )      )   ¨   10.0.0.2                                      10.0.0.22                                     †ä∑òØ9@˘ûëç¥9@   ^  ¥⁄  '#     )      )   ¨   10.0.0.2                                      10.0.0.22                                     ≤fdêª¥9@jÉ—Øπ9@   _  ¥⁄  '#     )      )   ¨   10.0.0.2                                      10.0.0.22                                     Adë&ﬁπ9@·$Õ”æ9@   `  ¥⁄  '#     )      )   ¨   10.0.0.2                                      10.0.0.22                                     T®n.˛æ9@lÕV^Ú√9@   a  ¥⁄  '#     )      )   ¨   10.0.0.2                                      10.0.0.22                                     Ñùb’ ƒ9@ú¬J…9@   b  ¥⁄  '#     )      )   ¨   10.0.0.2                                      10.0.0.22                                     ¥íV|C…9@+¿wõ7Œ9@   c  ¥⁄  '#     )      )   ¨   10.0.0.2                                      10.0.0.22                                     ‰áJ#fŒ9@˚¨2SZ”9@   d  ¥⁄  '#     )      )   ¨   10.0.0.2                                      10.0.0.22                                     }> à”9@â{,}ÿ9@   e  ¥⁄  '#     )      )   ¨   10.0.0.2                                      10.0.0.22                                     ¢zk`´ÿ9@¸é·±ü›9@   f  ¥⁄  '#     )      )   ¨   10.0.0.2                                      10.0.0.22                                     OëCƒÕ›9@Ò∫~¡‚9@   g  ¥⁄  '#     )      )   ¨   10.0.0.2                                      10.0.0.22                                     Ü7k‚9@ó´õ‰Á9@   h  ¥⁄  '#     )      )   ¨   10.0.0.2                                      10.0.0.22                                     Ø{+Ë9@&©L1Ì9@   i  ¥⁄  '#     )      )   ¨   10.0.0.2                                      10.0.0.22                                     ﬂpπ5Ì9@óçŒ˘)Ú9@   j  ¥⁄  '#     )      )   ¨   10.0.0.2                                      10.0.0.22                                     yËª[YÚ9@ÏøŒM˜9@   k  ¥⁄  '#     )      )   ¨   10.0.0.2                                      10.0.0.22                                     ©›Ø|˜9@a˙^Cp¸9@   l  ¥⁄  '#     )      )   ¨   10.0.0.2                                      10.0.0.22                                     ÿ“£©û¸9@˜ãŸí:@   m  ¥⁄  '#     )      )   ¨   10.0.0.2                                      10.0.0.22                                     h––?¡:@ ÌÄµ:@   n  ¥⁄  '#     )      )   ¨   10.0.0.2                                      10.0.0.22                                     ó≈ƒÊ„:@P‚s'ÿ:@   o  ¥⁄  '#     )      )   ¨   10.0.0.2                                      10.0.0.22                                     &√Ò|:@&åfe˚:@   p  ¥⁄  '#     )      )   ¨   10.0.0.2                                      10.0.0.22                                     V∏Â#):@n›ÕS:@   q  ¥⁄  '#     )      )   ¨   10.0.0.2                                      10.0.0.22                                     ÚóıI:@´¥≈5>:@   r  ¥⁄  '#     )      )   ¨   10.0.0.2                                      10.0.0.22                                     "ç
úl:@⁄©π‹` :@   s  ¥⁄  '#     )      )   ¨   10.0.0.2                                      10.0.0.22                                     QÇ˛Bè :@´ñtîÉ%:@   t  ¥⁄  '#     )      )   ¨   10.0.0.2                                      10.0.0.22                                     ÅwÚÈ±%:@¯§	¶*:@   u  ¥⁄  '#     )      )   ¨   10.0.0.2                                      10.0.0.22                                     Rd≠°‘*:@LpÍ…/:@   v  ¥⁄  '#     )      )   ¨   10.0.0.2                                      10.0.0.22                                     ÅY°H˜/:@Úaˆ≤Ì4:@   w  ¥⁄  '#     )      )   ¨   10.0.0.2                                      10.0.0.22                                     ’$xC5:@R—Ë::@   x  ¥⁄  '#     )      )   ¨   10.0.0.2                                      10.0.0.22                                     F	˙=::@·˛~1?:@   y  ¥⁄  '#     )      )   ¨   10.0.0.2                                      10.0.0.22                                     ˆ¥√_?:@Ú%TD:@   z  ¥⁄  '#     )      )   ¨   10.0.0.2                                      10.0.0.22                                     Á‚o{ÇD:@dÕ» wI:@   {  ¥⁄  '#     )      )   ¨   10.0.0.2                                      10.0.0.22                                     ˘æ∏T•I:@î¬º«ôN:@   |  ¥⁄  '#     )      )   ¨   10.0.0.2                                      10.0.0.22                                     …´s»N:@ß>êºS:@   }  ¥⁄  '#     )      )   ¨   10.0.0.2                                      10.0.0.22                                     :êı‘ÍS:@’ì˘GﬂX:@   ~  ¥⁄  '#     )      )   ¨   10.0.0.2                                      10.0.0.22                                     jÖÈ{Y:@æ‹'G^:@     ¥⁄  '#     )      )   ¨   10.0.0.2                                      10.0.0.22                                     ÷¨3æ/^:@)râ#c:@   Ä  ¥⁄  '#     )      )   ¨   10.0.0.2                                      10.0.0.22                                     ¢'eRc:@ Æd«Fh:@   Å  ¥⁄  '#     )      )   ¨   10.0.0.2                                      10.0.0.22                                     wÜ©-uh:@ä≠†im:@   Ç  ¥⁄  '#     )      )   ¨   10.0.0.2                                      10.0.0.22                                     êáæªïm:@ÀÇâ?är:@   É  ¥⁄  '#     )      )   ¨   10.0.0.2                                      10.0.0.22                                     B[Œ•∏r:@<g≠w:@   Ñ  ¥⁄  '#     )      )   ¨   10.0.0.2                                      10.0.0.22                                     ≥?Pn€w:@NCT·œ|:@   Ö  ¥⁄  '#     )      )   ¨   10.0.0.2                                      10.0.0.22                                     Ñ,&˛|:@~8HàÚÅ:@   Ü  ¥⁄  '#     )      )   ¨   10.0.0.2                                      10.0.0.22                                     ıçÓ Ç:@êëaá:@   á  ¥⁄  '#     )      )   ¨   10.0.0.2                                      10.0.0.22                                     fı∑Cá:@æ˜7å:@   à  ¥⁄  '#     )      )   ¨   10.0.0.2                                      10.0.0.22                                     x—Wêfå:@r›îÚZë:@   â  ¥⁄  '#     )      )   ¨   10.0.0.2                                      10.0.0.22                                     ä≠†iâë:@%±§‹}ñ:@   ä  ¥⁄  '#     )      )   ¨   10.0.0.2                                      10.0.0.22                                     [ö[!¨ñ:@ñï&•†õ:@   ã  ¥⁄  '#     )      )   ¨   10.0.0.2                                      10.0.0.22                                     +áŸŒõ:@%ìS;√†:@   å  ¥⁄  '#     )      )   ¨   10.0.0.2                                      10.0.0.22                                     =c_≤Ò†:@7oúÊ•:@   ç  ¥⁄  '#     )      )   ¨   10.0.0.2                                      10.0.0.22                                     ÆG·z¶:@ÍB¨˛´:@   é  ¥⁄  '#     )      )   ¨   10.0.0.2                                      10.0.0.22                                     ,cC7´:@˚ı◊+∞:@   è  ¥⁄  '#     )      )   ¨   10.0.0.2                                      10.0.0.22                                     êÂZ∞:@Ã∞èNµ:@   ê  ¥⁄  '#     )      )   ¨   10.0.0.2                                      10.0.0.22                                     ıf‘|µ:@ú¯jGq∫:@   ë  ¥⁄  '#     )      )   ¨   10.0.0.2                                      10.0.0.22                                     1ÍZ{ü∫:@ÃÌ^Óìø:@   í  ¥⁄  '#     )      )   ¨   10.0.0.2                                      10.0.0.22                                     Öµ1v¬ø:@π5È∂ƒ:@   ì  ¥⁄  '#     )      )   ¨   10.0.0.2                                      10.0.0.22                                     ˆô≥>Âƒ:@•†Ÿ…:@   î  ¥⁄  '#     )      )   ¨   10.0.0.2                                      10.0.0.22                                     v¸ :@aäri¸Œ:@   ï  ¥⁄  '#     )      )   ¨   10.0.0.2                                      10.0.0.22                                     8kæ*œ:@2w-!‘:@   ñ  ¥⁄  '#     )      )   ¨   10.0.0.2                                      10.0.0.22                                     ©OráM‘:@CSv˙AŸ:@   ó  ¥⁄  '#     )      )   ¨   10.0.0.2                                      10.0.0.22                                     y<-?pŸ:@∫Ù/Ieﬁ:@   ò  ¥⁄  '#     )      )   ¨   10.0.0.2                                      10.0.0.22                                     Í Øìﬁ:@£=^Há„:@   ô  ¥⁄  '#     )      )   ¨   10.0.0.2                                      10.0.0.22                                     y‹ùµ„:@2;ãﬁ©Ë:@   ö  ¥⁄  '#     )      )   ¨   10.0.0.2                                      10.0.0.22                                     ©–DÿË:@(FñÃÌ:@   õ  ¥⁄  '#     )      )   ¨   10.0.0.2                                      10.0.0.22                                     ŸƒÎ˙Ì:@2:=ÔÚ:@   ú  ¥⁄  '#     )      )   ¨   10.0.0.2                                      10.0.0.22                                     ©ı~£Û:@
ıÙ¯:@   ù  ¥⁄  '#     )      )   ¨   10.0.0.2                                      10.0.0.22                                     z‚9[@¯:@£uT5˝:@   û  ¥⁄  '#     )      )   ¨   10.0.0.2                                      10.0.0.22                                     JœÙc˝:@bÙ‹BW;@   ü  ¥⁄  '#     )      )   ¨   10.0.0.2                                      10.0.0.22                                     ŸÃ!©Ö;@ÒÒ	Ÿy;@   †  ¥⁄  '#     )      )   ¨   10.0.0.2                                      10.0.0.22                                     	¬P®;@ÄÔ6oú;@   °  ¥⁄  '#     )      )   ¨   10.0.0.2                                      10.0.0.22                                     9∑	˜ ;@Ú”∏7ø;@   ¢  ¥⁄  '#     )      )   ¨   10.0.0.2                                      10.0.0.22                                     »¥6çÌ;@Å—ÂÕ·;@   £  ¥⁄  '#     )      )   ¨   10.0.0.2                                      10.0.0.22                                     å.o;@±ü;@   §  ¥⁄  '#     )      )   ¨   10.0.0.2                                      10.0.0.22                                     4Å"1;@L¶
F%!;@   •  ¥⁄  '#     )      )   ¨   10.0.0.2                                      10.0.0.22                                     n›ÕS!;@†q·@H&;@   ¶  ¥⁄  '#     )      )   ¨   10.0.0.2                                      10.0.0.22                                     5c—tv&;@ÌÄµj+;@   ß  ¥⁄  '#     )      )   ¨   10.0.0.2                                      10.0.0.22                                     ƒ`˛
ô+;@|}≠Kç0;@   ®  ¥⁄  '#     )      )   ¨   10.0.0.2                                      10.0.0.22                                     ÛUÚ±ª0;@Ìa/∞5;@   ©  ¥⁄  '#     )      )   ¨   10.0.0.2                                      10.0.0.22                                     #KÊXﬁ5;@W#ª“:;@   ™  ¥⁄  '#     )      )   ¨   10.0.0.2                                      10.0.0.22                                     S@⁄ˇ ;;@]â@ı?;@   ´  ¥⁄  '#     )      )   ¨   10.0.0.2                                      10.0.0.22                                     É5Œ¶#@;@öZ∂÷E;@   ¨  ¥⁄  '#     )      )   ¨   10.0.0.2                                      10.0.0.22                                     S"â^FE;@M.∆¿:J;@   ≠  ¥⁄  '#     )      )   ¨   10.0.0.2                                      10.0.0.22                                     É}iJ;@‹+ÛV]O;@   Æ  ¥⁄  '#     )      )   ¨   10.0.0.2                                      10.0.0.22                                     ≥q¨ãO;@èˇAÄT;@   Ø  ¥⁄  '#     )      )   ¨   10.0.0.2                                      10.0.0.22                                     B
ûBÆT;@Z/Ür¢Y;@   ∞  ¥⁄  '#     )      )   ¨   10.0.0.2                                      10.0.0.22                                     —Àÿ–Y;@Ù¶"∆^;@   ±  ¥⁄  '#     )      )   ¨   10.0.0.2                                      10.0.0.22                                     Ë†K8Ù^;@3k) Ìc;@   ≤  ¥⁄  '#     )      )   ¨   10.0.0.2                                      10.0.0.22                                     πçd;@Së
ci;@   ≥  ¥⁄  '#     )      )   ¨   10.0.0.2                                      10.0.0.22                                     Hã3Ü9i;@°ü©◊-n;@   ¥  ¥⁄  '#     )      )   ¨   10.0.0.2                                      10.0.0.22                                     %ZÚxZn;@=⁄®Ns;@   µ  ¥⁄  '#     )      )   ¨   10.0.0.2                                      10.0.0.22                                     ˆF≠0}s;@lï`qx;@   ∂  ¥⁄  '#     )      )   ¨   10.0.0.2                                      10.0.0.22                                     %<°◊üx;@ﬁXPî};@   ∑  ¥⁄  '#     )      )   ¨   10.0.0.2                                      10.0.0.22                                     ˆ(\è¬};@O=“‡∂Ç;@   ∏  ¥⁄  '#     )      )   ¨   10.0.0.2                                      10.0.0.22                                     &P6ÂÇ;@2∆áŸá;@   π  ¥⁄  '#     )      )   ¨   10.0.0.2                                      10.0.0.22                                     UD›à;@0Û¸å;@   ∫  ¥⁄  '#     )      )   ¨   10.0.0.2                                      10.0.0.22                                     Ö8Ñ*ç;@ﬁÆ’í;@   ª  ¥⁄  '#     )      )   ¨   10.0.0.2                                      10.0.0.22                                     µ˝++Mí;@¢|Aó;@   º  ¥⁄  '#     )      )   ¨   10.0.0.2                                      10.0.0.22                                     D˚X¡oó;@ùœdú;@   Ω  ¥⁄  '#     )      )   ¨   10.0.0.2                                      10.0.0.22                                     Ëyíú;@,¸®Ü°;@   æ  ¥⁄  '#     )      )   ¨   10.0.0.2                                      10.0.0.22                                     £Â@µ°;@m9ó‚™¶;@   ø  ¥⁄  '#     )      )   ¨   10.0.0.2                                      10.0.0.22                                     t“˚∆◊¶;@P≈ç[Ã´;@   ¿  ¥⁄  '#     )      )   ¨   10.0.0.2                                      10.0.0.22                                     Â∂}è˙´;@ ≤HÔ∞;@   ¡  ¥⁄  '#     )      )   ¨   10.0.0.2                                      10.0.0.22                                     ¨q6±;@ÒûÀ∂;@   ¬  ¥⁄  '#     )      )   ¨   10.0.0.2                                      10.0.0.22                                     Âò,Ó?∂;@!î˜q4ª;@   √  ¥⁄  '#     )      )   ¨   10.0.0.2                                      10.0.0.22                                     V}Æ∂bª;@ —äX¿;@   ƒ  ¥⁄  '#     )      )   ¨   10.0.0.2                                      10.0.0.22                                     'jinÖ¿;@be4Úy≈;@   ≈  ¥⁄  '#     )      )   ¨   10.0.0.2                                      10.0.0.22                                     òNÎ6®≈;@‘I∂∫ú ;@   ∆  ¥⁄  '#     )      )   ¨   10.0.0.2                                      10.0.0.22                                     	3mˇ  ;@§6qrøœ;@   «  ¥⁄  '#     )      )   ¨   10.0.0.2                                      10.0.0.22                                     zÔ«Ìœ;@t#,*‚‘;@   »  ¥⁄  '#     )      )   ¨   10.0.0.2                                      10.0.0.22                                     Ï˚pê’;@Üˇt⁄;@   …  ¥⁄  '#     )      )   ¨   10.0.0.2                                      10.0.0.22                                     ºË+H3⁄;@WÏ/ª'ﬂ;@      ¥⁄  '#     )      )   ¨   10.0.0.2                                      10.0.0.22                                     ç’ÊˇUﬂ;@»–±ÉJ‰;@   À  ¥⁄  '#     )      )   ¨   10.0.0.2                                      10.0.0.22                                     ˛πh»x‰;@òΩl;mÈ;@   Ã  ¥⁄  '#     )      )   ¨   10.0.0.2                                      10.0.0.22                                     oûÍêõÈ;@i™'ÛèÓ;@   Õ  ¥⁄  '#     )      )   ¨   10.0.0.2                                      10.0.0.22                                     ‡ÇlYæÓ;@ºu˛Ì≤Û;@   Œ  ¥⁄  '#     )      )   ¨   10.0.0.2                                      10.0.0.22                                     QgÓ!·Û;@çbπ•’¯;@   œ  ¥⁄  '#     )      )   ¨   10.0.0.2                                      10.0.0.22                                     "T©Ÿ˘;@Å%W±¯˝;@   –  ¥⁄  '#     )      )   ¨   10.0.0.2                                      10.0.0.22                                     ì8+¢&˛;@çDh<@   —  ¥⁄  '#     )      )   ¨   10.0.0.2                                      10.0.0.22                                     c%ÊYI<@]1#º=<@   “  ¥⁄  '#     )      )   ¨   10.0.0.2                                      10.0.0.22                                     4°l<@3¶`<@   ”  ¥⁄  '#     )      )   ¨   10.0.0.2                                      10.0.0.22                                     •ˆ"⁄é<@ü`<É<@   ‘  ¥⁄  '#     )      )   ¨   10.0.0.2                                      10.0.0.22                                     v„›ë±<@±ﬁ®¶<@   ’  ¥⁄  '#     )      )   ¨   10.0.0.2                                      10.0.0.22                                     áø&k‘<@"√*ﬁ»<@   ÷  ¥⁄  '#     )      )   ¨   10.0.0.2                                      10.0.0.22                                     ôõoD˜<@4üs∑Î!<@   ◊  ¥⁄  '#     )      )   ¨   10.0.0.2                                      10.0.0.22                                     
ÄÒ"<@ÁrÉ°'<@   ÿ  ¥⁄  '#     )      )   ¨   10.0.0.2                                      10.0.0.22                                     ΩS˜<'<@∑_>Y1,<@   Ÿ  ¥⁄  '#     )      )   ¨   10.0.0.2                                      10.0.0.22                                     é@ºÆ_,<@(D¿!T1<@   ⁄  ¥⁄  '#     )      )   ¨   10.0.0.2                                      10.0.0.22                                     ˇ$>wÇ1<@: 	˚v6<@   €  ¥⁄  '#     )      )   ¨   10.0.0.2                                      10.0.0.22                                     p	¿?•6<@´ã√ô;<@   ‹  ¥⁄  '#     )      )   ¨   10.0.0.2                                      10.0.0.22                                     ·ÌA»;<@Ω‡”úº@<@   ›  ¥⁄  '#     )      )   ¨   10.0.0.2                                      10.0.0.22                                     Û…ä·Í@<@œºvﬂE<@   ﬁ  ¥⁄  '#     )      )   ¨   10.0.0.2                                      10.0.0.22                                     dÆ™F<@Çê,`K<@   ﬂ  ¥⁄  '#     )      )   ¨   10.0.0.2                                      10.0.0.22                                     ’íér0K<@≤Ö %P<@   ‡  ¥⁄  '#     )      )   ¨   10.0.0.2                                      10.0.0.22                                     ¶I*SP<@†ãÜåGU<@   ·  ¥⁄  '#     )      )   ¨   10.0.0.2                                      10.0.0.22                                     vl‚uU<@≤gœejZ<@   ‚  ¥⁄  '#     )      )   ¨   10.0.0.2                                      10.0.0.22                                     GYøôòZ<@‚\√ç_<@   „  ¥⁄  '#     )      )   ¨   10.0.0.2                                      10.0.0.22                                     wN≥@ª_<@qZ¢Ød<@   ‰  ¥⁄  '#     )      )   ¨   10.0.0.2                                      10.0.0.22                                     G;n¯›d<@‚>rk“i<@   Â  ¥⁄  '#     )      )   ¨   10.0.0.2                                      10.0.0.22                                     Y∑— j<@S#Ù3ın<@   Ê  ¥⁄  '#     )      )   ¨   10.0.0.2                                      10.0.0.22                                      ˚8ö#o<@GÊë?t<@   Á  ¥⁄  '#     )      )   ¨   10.0.0.2                                      10.0.0.22                                     õËÛQFt<@÷„æ’:y<@   Ë  ¥⁄  '#     )      )   ¨   10.0.0.2                                      10.0.0.22                                     Mº<iy<@)Øï–]~<@   È  ¥⁄  '#     )      )   ¨   10.0.0.2                                      10.0.0.22                                     æ†Öå~<@Y§âwÄÉ<@   Í  ¥⁄  '#     )      )   ¨   10.0.0.2                                      10.0.0.22                                     0ÖÕÆÉ<@ à@£à<@   Î  ¥⁄  '#     )      )   ¨   10.0.0.2                                      10.0.0.22                                     °iâï—à<@‹dT∆ç<@   Ï  ¥⁄  '#     )      )   ¨   10.0.0.2                                      10.0.0.22                                     qVDMÙç<@ZH¿Ëí<@   Ì  ¥⁄  '#     )      )   ¨   10.0.0.2                                      10.0.0.22                                     ‚:∆ì<@6ëôò<@   Ó  ¥⁄  '#     )      )   ¨   10.0.0.2                                      10.0.0.22                                     ≥'ÅÕ9ò<@N+Ö@.ù<@   Ô  ¥⁄  '#     )      )   ¨   10.0.0.2                                      10.0.0.22                                     É<Ö\ù<@@¯P¢<@     ¥⁄  '#     )      )   ¨   10.0.0.2                                      10.0.0.22                                     Ù¯ΩM¢<@;n¯›tß<@   Ò  ¥⁄  '#     )      )   ¨   10.0.0.2                                      10.0.0.22                                     ≈Âx¢ß<@ ·Câñ¨<@   Ú  ¥⁄  '#     )      )   ¨   10.0.0.2                                      10.0.0.22                                     ï“3Ωƒ¨<@0÷70π±<@   Û  ¥⁄  '#     )      )   ¨   10.0.0.2                                      10.0.0.22                                     føÓtÁ±<@M,›∂<@   Ù  ¥⁄  '#     )      )   ¨   10.0.0.2                                      10.0.0.22                                     6¨©,
∑<@—Ø≠ü˛ª<@   ı  ¥⁄  '#     )      )   ¨   10.0.0.2                                      10.0.0.22                                     HàÚ-º<@ÑÉΩâ!¡<@   ˆ  ¥⁄  '#     )      )   ¨   10.0.0.2                                      10.0.0.22                                     πltŒO¡<@TpxAD∆<@   ˜  ¥⁄  '#     )      )   ¨   10.0.0.2                                      10.0.0.22                                     +Qˆñr∆<@≈T˙	gÀ<@   ¯  ¥⁄  '#     )      )   ¨   10.0.0.2                                      10.0.0.22                                     ú5x_ïÀ<@69|“â–<@   ˘  ¥⁄  '#     )      )   ¨   10.0.0.2                                      10.0.0.22                                     ˙'∏–<@®˛ö¨’<@   ˙  ¥⁄  '#     )      )   ¨   10.0.0.2                                      10.0.0.22                                     =ÓŒ⁄’<@x
πRœ⁄<@   ˚  ¥⁄  '#     )      )   ¨   10.0.0.2                                      10.0.0.22                                     ¸®Ü˝⁄<@ÈÓ:Úﬂ<@   ¸  ¥⁄  '#     )      )   ¨   10.0.0.2                                      10.0.0.22                                     =Òú- ‡<@ñÂ<@   ˝  ¥⁄  '#     )      )   ¨   10.0.0.2                                      10.0.0.22                                     Æ’ˆBÂ<@1}Ø!8Í<@   ˛  ¥⁄  '#     )      )   ¨   10.0.0.2                                      10.0.0.22                                     ¿±gœeÍ<@[µkBZÔ<@   ˇ  ¥⁄  '#     )      )   ¨   10.0.0.2                                      10.0.0.22                                     êû"áàÔ<@ÃôÌ
}Ù<@      ¥⁄  '#     )      )   ¨   10.0.0.2                                      10.0.0.22                                     aã›>´Ù<@úÜ®¬ü˘<@     ¥⁄  '#     )      )   ¨   10.0.0.2                                      10.0.0.22                                     1xòˆÕ˘<@k*ã¬˛<@     ¥⁄  '#     )      )   ¨   10.0.0.2                                      10.0.0.22                                     amåù˛<@ﬁWÂBÂ=@     ¥⁄  '#     )      )   ¨   10.0.0.2                                      10.0.0.22                                     2ZGU=@ØD†˙	=@     ¥⁄  '#     )      )   ¨   10.0.0.2                                      10.0.0.22                                     £>…6	=@ﬁ9î°*=@     ¥⁄  '#     )      )   ¨   10.0.0.2                                      10.0.0.22                                     s+Ñ’X=@U€MM=@     ¥⁄  '#     )      )   ¨   10.0.0.2                                      10.0.0.22                                     ‰û{=@ —!p=@     ¥⁄  '#     )      )   ¨   10.0.0.2                                      10.0.0.22                                     ó„àû=@s÷ßì=@     ¥⁄  '#     )      )   ¨   10.0.0.2                                      10.0.0.22                                     h––?¡=@‘‘≤µ"=@   	  ¥⁄  '#     )      )   ¨   10.0.0.2                                      10.0.0.22                                     ó≈ƒÊ„"=@∞åÿ'=@   
  ¥⁄  '#     )      )   ¨   10.0.0.2                                      10.0.0.22                                     h≤û(=@ÂúÿC˚,=@     ¥⁄  '#     )      )   ¨   10.0.0.2                                      10.0.0.22                                     zé»w)-=@Pƒ"Ü2=@     ¥⁄  '#     )      )   ¨   10.0.0.2                                      10.0.0.22                                     ÎrJ@L2=@Â~á¢@7=@     ¥⁄  '#     )      )   ¨   10.0.0.2                                      10.0.0.22                                     h>Án7=@Vc	kc<=@     ¥⁄  '#     )      )   ¨   10.0.0.2                                      10.0.0.22                                     ÎT˘ûë<=@h?RDÜA=@     ¥⁄  '#     )      )   ¨   10.0.0.2                                      10.0.0.22                                     ˝0Bx¥A=@ò4FÎ®F=@     ¥⁄  '#     )      )   ¨   10.0.0.2                                      10.0.0.22                                     nƒ@◊F=@ÎˇÊÀK=@     ¥⁄  '#     )      )   ¨   10.0.0.2                                      10.0.0.22                                     ?¯˘K=@ŸÉkÓP=@     ¥⁄  '#     )      )   ¨   10.0.0.2                                      10.0.0.22                                     Ô9∞Q=@™Ú=#V=@     ¥⁄  '#     )      )   ¨   10.0.0.2                                      10.0.0.22                                     ‡€Ùg?V=@zﬂ¯⁄3[=@     ¥⁄  '#     )      )   ¨   10.0.0.2                                      10.0.0.22                                     ∞»Øb[=@Î√z£V`=@     ¥⁄  '#     )      )   ¨   10.0.0.2                                      10.0.0.22                                     ‡Ω£∆Ñ`=@{¡ß9ye=@     ¥⁄  '#     )      )   ¨   10.0.0.2                                      10.0.0.22                                     ÚôÏüße=@-ï∑#új=@     ¥⁄  '#     )      )   ¨   10.0.0.2                                      10.0.0.22                                     c~nh j=@˛År€æo=@     ¥⁄  '#     )      )   ¨   10.0.0.2                                      10.0.0.22                                     3k) Ìo=@Œn-ì·t=@     ¥⁄  '#     )      )   ¨   10.0.0.2                                      10.0.0.22                                     c`«u=@˛c!:z=@     ¥⁄  '#     )      )   ¨   10.0.0.2                                      10.0.0.22                                     ‘Düè2z=@@j'=@     ¥⁄  '#     )      )   ¨   10.0.0.2                                      10.0.0.22                                     E)!XU=@@5^∫IÑ=@     ¥⁄  '#     )      )   ¨   10.0.0.2                                      10.0.0.22                                     ∑£ xÑ=@Qßìlâ=@     ¥⁄  '#     )      )   ¨   10.0.0.2                                      10.0.0.22                                     á˙]ÿöâ=@"˛aKèé=@     ¥⁄  '#     )      )   ¨   10.0.0.2                                      10.0.0.22                                     ¯änΩé=@4⁄™$≤ì=@     ¥⁄  '#     )      )   ¨   10.0.0.2                                      10.0.0.22                                     á‹7‡ì=@√◊◊∫‘ò=@      ¥⁄  '#     )      )   ¨   10.0.0.2                                      10.0.0.22                                     X…«Óô=@EÛ ˘ù=@   !  ¥⁄  '#     )      )   ¨   10.0.0.2                                      10.0.0.22                                     àæªï%û=@©;£=@   "  ¥⁄  '#     )      )   ¨   10.0.0.2                                      10.0.0.22                                     X´vMH£=@‡?ˇ=®=@   #  ¥⁄  '#     )      )   ¨   10.0.0.2                                      10.0.0.22                                     …è¯k®=@dì¸à_≠=@   $  ¥⁄  '#     )      )   ¨   10.0.0.2                                      10.0.0.22                                     ˘ÑÏºç≠=@îà/Ç≤=@   %  ¥⁄  '#     )      )   ¨   10.0.0.2                                      10.0.0.22                                     )z‡c∞≤=@#Ü∆§∑=@   &  ¥⁄  '#     )      )   ¨   10.0.0.2                                      10.0.0.22                                     ˘fõ”∑=@5bfü«º=@   '  ¥⁄  '#     )      )   ¨   10.0.0.2                                      10.0.0.22                                     jK‰ıº=@dWZFÍ¡=@   (  ¥⁄  '#     )      )   ¨   10.0.0.2                                      10.0.0.22                                     ;8ÿõ¬=@÷;‹«=@   )  ¥⁄  '#     )      )   ¨   10.0.0.2                                      10.0.0.22                                     k-ÃB;«=@e9	•/Ã=@   *  ¥⁄  '#     )      )   ¨   10.0.0.2                                      10.0.0.22                                     ;á˙]Ã=@∏‡üR—=@   +  ¥⁄  '#     )      )   ¨   10.0.0.2                                      10.0.0.22                                     B≤Ä—=@G6u÷=@   ,  ¥⁄  '#     )      )   ¨   10.0.0.2                                      10.0.0.22                                     }Î√z£÷=@Ô«Ìó€=@   -  ¥⁄  '#     )      )   ¨   10.0.0.2                                      10.0.0.22                                     Mÿ~2∆€=@G‰ªî∫‡=@   .  ¥⁄  '#     )      )   ¨   10.0.0.2                                      10.0.0.22                                     }ÕrŸË‡=@wŸØ;›Â=@   /  ¥⁄  '#     )      )   ¨   10.0.0.2                                      10.0.0.22                                     M∫-ëÊ=@âµ¯ Î=@   0  ¥⁄  '#     )      )   ¨   10.0.0.2                                      10.0.0.22                                     ßËH.Î=@wª^ö"=@   1  ¥⁄  '#     )      )   ¨   10.0.0.2                                      10.0.0.22                                     Nú‹ÔP=@âóßsEı=@   2  ¥⁄  '#     )      )   ¨   10.0.0.2                                      10.0.0.22                                     âóßsı=@õsLh˙=@   3  ¥⁄  '#     )      )   ¨   10.0.0.2                                      10.0.0.22                                     N~ãNñ˙=@ÈÅè¡äˇ=@   4  ¥⁄  '#     )      )   ¨   10.0.0.2                                      10.0.0.22                                     kFπˇ=@wÉh≠>@   5  ¥⁄  '#     )      )   ¨   10.0.0.2                                      10.0.0.22                                     N`:≠€>@Hlw–	>@   6  ¥⁄  '#     )      )   ¨   10.0.0.2                                      10.0.0.22                                     Mıd˛	>@ZH¿ËÚ>@   7  ¥⁄  '#     )      )   ¨   10.0.0.2                                      10.0.0.22                                     ê1w-!>@+5{†>@   8  ¥⁄  '#     )      )   ¨   10.0.0.2                                      10.0.0.22                                     `2ÂC>@Z*oG8>@   9  ¥⁄  '#     )      )   ¨   10.0.0.2                                      10.0.0.22                                     1Ìúf>@ÀÒ[>@   :  ¥⁄  '#     )      )   ¨   10.0.0.2                                      10.0.0.22                                     ¯ßTâ>@=Ûrÿ}#>@   ;  ¥⁄  '#     )      )   ¨   10.0.0.2                                      10.0.0.22                                     r‹)¨#>@lËf†(>@   <  ¥⁄  '#     )      )   ¨   10.0.0.2                                      10.0.0.22                                     ‰¿´ÂŒ(>@¿≥=z√->@   =  ¥⁄  '#     )      )   ¨   10.0.0.2                                      10.0.0.22                                     ¥≠fùÒ->@ê†¯1Ê2>@   >  ¥⁄  '#     )      )   ¨   10.0.0.2                                      10.0.0.22                                     ‰¢ZD3>@¢|A	8>@   ?  ¥⁄  '#     )      )   ¨   10.0.0.2                                      10.0.0.22                                     òNÎ68>@êÇßê+=>@   @  ¥⁄  '#     )      )   ¨   10.0.0.2                                      10.0.0.22                                     ‰Ñ	£Y=>@àNB>@   A  ¥⁄  '#     )      )   ¨   10.0.0.2                                      10.0.0.22                                     Uiãk|B>@ÿóqG>@   B  ¥⁄  '#     )      )   ¨   10.0.0.2                                      10.0.0.22                                     &VF#üG>@Iÿ∑ìL>@   C  ¥⁄  '#     )      )   ¨   10.0.0.2                                      10.0.0.22                                     ó:»Î¡L>@%!ë∂Q>@   D  ¥⁄  '#     )      )   ¨   10.0.0.2                                      10.0.0.22                                     «/ºí‰Q>@a3¿ŸV>@   E  ¥⁄  '#     )      )   ¨   10.0.0.2                                      10.0.0.22                                     ˆ$∞9W>@0Ìõ˚[>@   F  ¥⁄  '#     )      )   ¨   10.0.0.2                                      10.0.0.22                                     h	2*\>@ı*2: a>@   G  ¥⁄  '#     )      )   ¨   10.0.0.2                                      10.0.0.22                                     ›AÏLa>@È~NAf>@   H  ¥⁄  '#     )      )   ¨   10.0.0.2                                      10.0.0.22                                     ,πä≈of>@«ºé8dk>@   I  ¥⁄  '#     )      )   ¨   10.0.0.2                                      10.0.0.22                                     >ï”ûík>@8°áp>@   J  ¥⁄  '#     )      )   ¨   10.0.0.2                                      10.0.0.22                                     ÇéVµp>@J}Y⁄©u>@   K  ¥⁄  '#     )      )   ¨   10.0.0.2                                      10.0.0.22                                     Äfÿu>@jíÃz>@   L  ¥⁄  '#     )      )   ¨   10.0.0.2                                      10.0.0.22                                     ÒJíÁ˙z>@ÍÈ#>@   M  ¥⁄  '#     )      )   ¨   10.0.0.2                                      10.0.0.22                                     ¡7MüÄ>@zT¸ﬂÖ>@   N  ¥⁄  '#     )      )   ¨   10.0.0.2                                      10.0.0.22                                     Ò,AF@Ö>@™IÜ4ä>@   O  ¥⁄  '#     )      )   ¨   10.0.0.2                                      10.0.0.22                                     !"5Ìbä>@9GWè>@   P  ¥⁄  '#     )      )   ¨   10.0.0.2                                      10.0.0.22                                     P)îÖè>@	4ÿ‘yî>@   Q  ¥⁄  '#     )      )   ¨   10.0.0.2                                      10.0.0.22                                     Ä;®î>@!Æúô>@   R  ¥⁄  '#     )      )   ¨   10.0.0.2                                      10.0.0.22                                     ÒûÀô>@KUøû>@   S  ¥⁄  '#     )      )   ¨   10.0.0.2                                      10.0.0.22                                     !Êí™Ìû>@{˙¸·£>@   T  ¥⁄  '#     )      )   ¨   10.0.0.2                                      10.0.0.22                                     Q€ÜQ§>@
¯5í©>@   U  ¥⁄  '#     )      )   ¨   10.0.0.2                                      10.0.0.22                                     Å–z¯2©>@9Ì)9'Æ>@   V  ¥⁄  '#     )      )   ¨   10.0.0.2                                      10.0.0.22                                     ∞≈nüUÆ>@»ÍVœI≥>@   W  ¥⁄  '#     )      )   ¨   10.0.0.2                                      10.0.0.22                                     3·ó˙y≥>@n‹b~n∏>@   X  ¥⁄  '#     )      )   ¨   10.0.0.2                                      10.0.0.22                                     ŒR≤ú∏>@ºÍÛêΩ>@   Y  ¥⁄  '#     )      )   ¨   10.0.0.2                                      10.0.0.22                                     ‘∫jøΩ>@å◊º™≥¬>@   Z  ¥⁄  '#     )      )   ¨   10.0.0.2                                      10.0.0.22                                     §ß»!‚¬>@]ƒwb÷«>@   [  ¥⁄  '#     )      )   ¨   10.0.0.2                                      10.0.0.22                                     ‘úº»»>@Œ®˘*˘Ã>@   \  ¥⁄  '#     )      )   ¨   10.0.0.2                                      10.0.0.22                                     í∞o'Õ>@ºÆ_∞“>@   ]  ¥⁄  '#     )      )   ¨   10.0.0.2                                      10.0.0.22                                     3á§J“>@QiƒÃ>◊>@   ^  ¥⁄  '#     )      )   ¨   10.0.0.2                                      10.0.0.22                                     t_Œl◊>@]à’a‹>@   _  ¥⁄  '#     )      )   ¨   10.0.0.2                                      10.0.0.22                                     4iSuè‹>@ç}…∆É·>@   `  ¥⁄  '#     )      )   ¨   10.0.0.2                                      10.0.0.22                                     V-≤·>@€ãh;¶Ê>@   a  ¥⁄  '#     )      )   ¨   10.0.0.2                                      10.0.0.22                                     ìS;√‘Ê>@Ïg±…Î>@   b  ¥⁄  '#     )      )   ¨   10.0.0.2                                      10.0.0.22                                     d@ˆz˜Î>@ü;¡˛Î>@   c  ¥⁄  '#     )      )   ¨   10.0.0.2                                      10.0.0.22                                     ì5Í!Ò>@.9Óîˆ>@   d  ¥⁄  '#     )      )   ¨   10.0.0.2                                      10.0.0.22                                     d"•Ÿ<ˆ>@^.‚;1˚>@   e  ¥⁄  '#     )      )   ¨   10.0.0.2                                      10.0.0.22                                     îôÄ_˚>@Ì+“S ?@   f  ¥⁄  '#     )      )   ¨   10.0.0.2                                      10.0.0.22                                     dT8Ç ?@ˇX´v?@   g  ¥⁄  '#     )      )   ¨   10.0.0.2                                      10.0.0.22                                     ÛÅŒ§?@4∫Éÿô
?@   h  ¥⁄  '#     )      )   ¨   10.0.0.2                                      10.0.0.22                                     fNó≈ƒ
?@ Rõ8π?@   i  ¥⁄  '#     )      )   ¨   10.0.0.2                                      10.0.0.22                                     6;R}Á?@N`:≠€?@   j  ¥⁄  '#     )      )   ¨   10.0.0.2                                      10.0.0.22                                     f0F$
?@4Jó˛?@   k  ¥⁄  '#     )      )   ¨   10.0.0.2                                      10.0.0.22                                     6‹,?@Ô9∞!?@   l  ¥⁄  '#     )      )   ¨   10.0.0.2                                      10.0.0.22                                     fıÇO?@¿&k‘C$?@   m  ¥⁄  '#     )      )   ¨   10.0.0.2                                      10.0.0.22                                     ñÈ)r$?@ê&åf)?@   n  ¥⁄  '#     )      )   ¨   10.0.0.2                                      10.0.0.22                                     fÙ£·î)?@~åâ.?@   o  ¥⁄  '#     )      )   ¨   10.0.0.2                                      10.0.0.22                                     7·^ô∑.?@1Ìõ˚´3?@   p  ¥⁄  '#     )      )   ¨   10.0.0.2                                      10.0.0.22                                     ŒQ⁄3?@a‚è¢Œ8?@   q  ¥⁄  '#     )      )   ¨   10.0.0.2                                      10.0.0.22                                     ÿ∫‘˝8?@“∆kÒ=?@   r  ¥⁄  '#     )      )   ¨   10.0.0.2                                      10.0.0.22                                     ∞»Ø>?@aƒ>C?@   s  ¥⁄  '#     )      )   ¨   10.0.0.2                                      10.0.0.22                                     ÿúÉgBC?@ëπ2®6H?@   t  ¥⁄  '#     )      )   ¨   10.0.0.2                                      10.0.0.22                                     íweH?@a¶Ì_YM?@   u  ¥⁄  '#     )      )   ¨   10.0.0.2                                      10.0.0.22                                     8ákµáM?@£ˆ{R?@   v  ¥⁄  '#     )      )   ¨   10.0.0.2                                      10.0.0.22                                     g|_\™R?@ ôùûW?@   w  ¥⁄  '#     )      )   ¨   10.0.0.2                                      10.0.0.22                                     óqSÕW?@Øñ;3¡\?@   x  ¥⁄  '#     )      )   ¨   10.0.0.2                                      10.0.0.22                                     «fG™Ô\?@ÉˆÍ„a?@   y  ¥⁄  '#     )      )   ¨   10.0.0.2                                      10.0.0.22                                     Ê$îæb?@˝I|Óg?@   z  ¥⁄  '#     )      )   ¨   10.0.0.2                                      10.0.0.22                                     àe3g?@Œ67¶'l?@   {  ¥⁄  '#     )      )   ¨   10.0.0.2                                      10.0.0.22                                     ÊCVl?@]4d<Jq?@   |  ¥⁄  '#     )      )   ¨   10.0.0.2                                      10.0.0.22                                     ¸6ƒxq?@-!Ùlv?@   }  ¥⁄  '#     )      )   ¨   10.0.0.2                                      10.0.0.22                                     EÒ*kõv?@!‰ºˇè{?@   ~  ¥⁄  '#     )      )   ¨   10.0.0.2                                      10.0.0.22                                     uÊæ{?@.ŒR≤Ä?@     ¥⁄  '#     )      )   ¨   10.0.0.2                                      10.0.0.22                                     •€π‡Ä?@Ω ˚Ë‘Ö?@   Ä  ¥⁄  '#     )      )   ¨   10.0.0.2                                      10.0.0.22                                     ’–`Ü?@ÏıÓè˜ä?@   Å  ¥⁄  '#     )      )   ¨   10.0.0.2                                      10.0.0.22                                     Fµà(&ã?@Å∞S¨ê?@   Ç  ¥⁄  '#     )      )   ¨   10.0.0.2                                      10.0.0.22                                     ¢C‡Hê?@œæÚ =ï?@   É  ¥⁄  '#     )      )   ¨   10.0.0.2                                      10.0.0.22                                     Fó7ákï?@ü´≠ÿ_ö?@   Ñ  ¥⁄  '#     )      )   ¨   10.0.0.2                                      10.0.0.22                                     ÑÚ>éö?@œ†°Çü?@   Ö  ¥⁄  '#     )      )   ¨   10.0.0.2                                      10.0.0.22                                     FyÊÂ∞ü?@ˇïï&•§?@   Ü  ¥⁄  '#     )      )   ¨   10.0.0.2                                      10.0.0.22                                     vn⁄å”§?@€¸øÍ»©?@   á  ¥⁄  '#     )      )   ¨   10.0.0.2                                      10.0.0.22                                     ¶cŒ3ˆ©?@ˇwDÖÍÆ?@   à  ¥⁄  '#     )      )   ¨   10.0.0.2                                      10.0.0.22                                     ÷X¬⁄Ø?@éuq¥?@   â  ¥⁄  '#     )      )   ¨   10.0.0.2                                      10.0.0.22                                     eVÔp;¥?@_b,”/π?@   ä  ¥⁄  '#     )      )   ¨   10.0.0.2                                      10.0.0.22                                     B%Æc\π?@˙A]§Pæ?@   ã  ¥⁄  '#     )      )   ¨   10.0.0.2                                      10.0.0.22                                     iæ?@l&ﬂls√?@   å  ¥⁄  '#     )      )   ¨   10.0.0.2                                      10.0.0.22                                     B]¬°√?@›
a5ñ»?@   ç  ¥⁄  '#     )      )   ¨   10.0.0.2                                      10.0.0.22                                     r¸Piƒ»?@léÀ∏Õ?@   é  ¥⁄  '#     )      )   ¨   10.0.0.2                                      10.0.0.22                                     ¢ÒDÁÕ?@ú˝År€“?@   è  ¥⁄  '#     )      )   ¨   10.0.0.2                                      10.0.0.22                                     rﬁˇ«	”?@‚;˛◊?@   ê  ¥⁄  '#     )      )   ¨   10.0.0.2                                      10.0.0.22                                     ¢”Ûn,ÿ?@úﬂ0— ›?@   ë  ¥⁄  '#     )      )   ¨   10.0.0.2                                      10.0.0.22                                     “»ÁO›?@lÃÎàC‚?@   í  ¥⁄  '#     )      )   ¨   10.0.0.2                                      10.0.0.22                                     ¢µ¢Õq‚?@ˆ·òeÁ?@   ì  ¥⁄  '#     )      )   ¨   10.0.0.2                                      10.0.0.22                                     êªSîÁ?@Íœ~§àÏ?@   î  ¥⁄  '#     )      )   ¨   10.0.0.2                                      10.0.0.22                                     a®√
∑Ï?@∫º9\´Ò?@   ï  ¥⁄  '#     )      )   ¨   10.0.0.2                                      10.0.0.22                                     ëù∑±ŸÒ?@ã©ÙŒˆ?@   ñ  ¥⁄  '#     )      )   ¨   10.0.0.2                                      10.0.0.22                                     ¿í´X¸ˆ?@ùÖ=Ì˚?@   ó  ¥⁄  '#     )      )   ¨   10.0.0.2                                      10.0.0.22                                     áüˇ¸?@%Œä®â @@   ò  ¥⁄  '#     )      )   ¨   10.0.0.2                                      10.0.0.22                                     `:≠€† @@?ß ?@@   ô  ¥⁄  '#     )      )   ¨   10.0.0.2                                      10.0.0.22                                     ¯4'/2@@%?‚W¨@@   ö  ¥⁄  '#     )      )   ¨   10.0.0.2                                      10.0.0.22                                     ê/°Ç√@@Ω9\´=@@   õ  ¥⁄  '#     )      )   ¨   10.0.0.2                                      10.0.0.22                                     @ÜéT@@mêIFŒ
@@   ú  ¥⁄  '#     )      )   ¨   10.0.0.2                                      10.0.0.22                                     ÿÄqÂ
@@ã√ô_@@   ù  ¥⁄  '#     )      )   ¨   10.0.0.2                                      10.0.0.22                                     @˜ÂÃv@@=}˛@@   û  ¥⁄  '#     )      )   ¨   10.0.0.2                                      10.0.0.22                                     yÈ&1@@’w~QÇ@@   ü  ¥⁄  '#     )      )   ¨   10.0.0.2                                      10.0.0.22                                     ±€gïô@@›ÈŒ@@   †  ¥⁄  '#     )      )   ¨   10.0.0.2                                      10.0.0.22                                     I÷·Ë*@@F\ •@@   °  ¥⁄  '#     )      )   ¨   10.0.0.2                                      10.0.0.22                                     ≤LøDº@@Ø“›u6@@   ¢  ¥⁄  '#     )      )   ¨   10.0.0.2                                      10.0.0.22                                     √ú†M@@FÕW…«@@   £  ¥⁄  '#     )      )   ¨   10.0.0.2                                      10.0.0.22                                     ≤ΩÙﬁ@@O;¸5Y@@   §  ¥⁄  '#     )      )   ¨   10.0.0.2                                      10.0.0.22                                     ÍØWXp@@Á5vâÍ!@@   •  ¥⁄  '#     )      )   ¨   10.0.0.2                                      10.0.0.22                                     R&5¥"@@O¨SÂ{$@@   ¶  ¥⁄  '#     )      )   ¨   10.0.0.2                                      10.0.0.22                                     ªúì$@@Á¶Õ8'@@   ß  ¥⁄  '#     )      )   ¨   10.0.0.2                                      10.0.0.22                                     Sóåc$'@@r•û)@@   ®  ¥⁄  '#     )      )   ¨   10.0.0.2                                      10.0.0.22                                     ªjøµ)@@Á%Ë/,@@   ©  ¥⁄  '#     )      )   ¨   10.0.0.2                                      10.0.0.22                                     ƒ{,G,@@ë}êe¡.@@   ™  ¥⁄  '#     )      )   ¨   10.0.0.2                                      10.0.0.22                                     ,ÚÎáÿ.@@)x
πR1@@   ´  ¥⁄  '#     )      )   ¨   10.0.0.2                                      10.0.0.22                                     îh…„i1@@2ÊÆ%‰3@@   ¨  ¥⁄  '#     )      )   ¨   10.0.0.2                                      10.0.0.22                                     -óçŒ˘3@@π©ÅÊs6@@   ≠  ¥⁄  '#     )      )   ¨   10.0.0.2                                      10.0.0.22                                     ≈ë"ã6@@íìâ[9@@   Æ  ¥⁄  '#     )      )   ¨   10.0.0.2                                      10.0.0.22                                     -Â}9@@}ËÇ˙ñ;@@   Ø  ¥⁄  '#     )      )   ¨   10.0.0.2                                      10.0.0.22                                     ï~¬Ÿ≠;@@cÄD(>@@   ∞  ¥⁄  '#     )      )   ¨   10.0.0.2                                      10.0.0.22                                     ˝Ùü5?>@@*ˇZ^π@@@   ±  ¥⁄  '#     )      )   ¨   10.0.0.2                                      10.0.0.22                                     fk}ë–@@@3mˇ JC@@   ≤  ¥⁄  '#     )      )   ¨   10.0.0.2                                      10.0.0.22                                     ˛e˜‰aC@@*p≤‹E@@   ≥  ¥⁄  '#     )      )   ¨   10.0.0.2                                      10.0.0.22                                     ï`q8ÛE@@§QÅìmH@@   ¥  ¥⁄  '#     )      )   ¨   10.0.0.2                                      10.0.0.22                                     ˛÷NîÑH@@*·	Ω˛J@@   µ  ¥⁄  '#     )      )   ¨   10.0.0.2                                      10.0.0.22                                     ñ—»ÁK@@ìWÁêM@@   ∂  ¥⁄  '#     )      )   ¨   10.0.0.2                                      10.0.0.22                                     -ÃB;ßM@@Z÷˝c!P@@   ∑  ¥⁄  '#     )      )   ¨   10.0.0.2                                      10.0.0.22                                     ñB ó8P@@ì»>»≤R@@   ∏  ¥⁄  '#     )      )   ¨   10.0.0.2                                      10.0.0.22                                     ˛∏˝Ú…R@@ú6„4DU@@   π  ¥⁄  '#     )      )   ¨   10.0.0.2                                      10.0.0.22                                     f/€N[U@@≠¿ê’W@@   ∫  ¥⁄  '#     )      )   ¨   10.0.0.2                                      10.0.0.22                                     Œ•∏™ÏW@@ZÑb+hZ@@   ª  ¥⁄  '#     )      )   ¨   10.0.0.2                                      10.0.0.22                                     f†2˛}Z@@•ﬂP¯\@@   º  ¥⁄  '#     )      )   ¨   10.0.0.2                                      10.0.0.22                                     üísb]@@åº¨â_@@   Ω  ¥⁄  '#     )      )   ¨   10.0.0.2                                      10.0.0.22                                     úÜ®¬ü_@@
ÄÒb@@   æ  ¥⁄  '#     )      )   ¨   10.0.0.2                                      10.0.0.22                                     ’xÈ&1b@@sˆŒh´d@@   ø  ¥⁄  '#     )      )   ¨   10.0.0.2                                      10.0.0.22                                     =Ô∆Ç¬d@@€l¨ƒ<g@@   ¿  ¥⁄  '#     )      )   ¨   10.0.0.2                                      10.0.0.22                                     v·ÁSg@@¥V¥9Œi@@   ¡  ¥⁄  '#     )      )   ¨   10.0.0.2                                      10.0.0.22                                     O¨SÂi@@ΩƒX¶_l@@   ¬  ¥⁄  '#     )      )   ¨   10.0.0.2                                      10.0.0.22                                     Á≈âØvl@@ÖCoÒn@@   √  ¥⁄  '#     )      )   ¨   10.0.0.2                                      10.0.0.22                                     ¿o@@Ω5∞UÇq@@   ƒ  ¥⁄  '#     )      )   ¨   10.0.0.2                                      10.0.0.22                                     ∑≤Dgôq@@÷™]t@@   ≈  ¥⁄  '#     )      )   ¨   10.0.0.2                                      10.0.0.22                                     ﬁ9î°*t@@¨;€§v@@   ∆  ¥⁄  '#     )      )   ¨   10.0.0.2                                      10.0.0.22                                     ,’ºv@@Ö%P6y@@   «  ¥⁄  '#     )      )   ¨   10.0.0.2                                      10.0.0.22                                     Ø&OYMy@@†˛≥Ê«{@@   »  ¥⁄  '#     )      )   ¨   10.0.0.2                                      10.0.0.22                                     ù,µﬁ{@@ÖñuˇX~@@   …  ¥⁄  '#     )      )   ¨   10.0.0.2                                      10.0.0.22                                     
p~@@æà∂cÍÄ@@      ¥⁄  '#     )      )   ¨   10.0.0.2                                      10.0.0.22                                     àÅÆ}Å@@ˆz˜«{É@@   À  ¥⁄  '#     )      )   ¨   10.0.0.2                                      10.0.0.22                                      |(—íÉ@@æ˘Ü@@   Ã  ¥⁄  '#     )      )   ¨   10.0.0.2                                      10.0.0.22                                     àÚ-$Ü@@ˆÎNwûà@@   Õ  ¥⁄  '#     )      )   ¨   10.0.0.2                                      10.0.0.22                                     ë`™ôµà@@Û´9@0ã@@   Œ  ¥⁄  '#     )      )   ¨   10.0.0.2                                      10.0.0.22                                      RÎ˝Fã@@h––?¡ç@@   œ  ¥⁄  '#     )      )   ¨   10.0.0.2                                      10.0.0.22                                     bMeQÿç@@p>u¨Rê@@   –  ¥⁄  '#     )      )   ¨   10.0.0.2                                      10.0.0.22                                     ö?¶µiê@@8Ωã˜„í@@   —  ¥⁄  '#     )      )   ¨   10.0.0.2                                      10.0.0.22                                     ”1Á˚í@@†3iSuï@@   “  ¥⁄  '#     )      )   ¨   10.0.0.2                                      10.0.0.22                                     ;®ƒuåï@@Ÿ%™∑ò@@   ”  ¥⁄  '#     )      )   ¨   10.0.0.2                                      10.0.0.22                                     ”¢>…ò@@Îòö@@   ‘  ¥⁄  '#     )      )   ¨   10.0.0.2                                      10.0.0.22                                     ï-Øö@@zé»w)ù@@   ’  ¥⁄  '#     )      )   ¨   10.0.0.2                                      10.0.0.22                                     $ö@ù@@É¸l‰∫ü@@   ÷  ¥⁄  '#     )      )   ¨   10.0.0.2                                      10.0.0.22                                     ¨˝ùÌ—ü@@J{É/L¢@@   ◊  ¥⁄  '#     )      )   ¨   10.0.0.2                                      10.0.0.22                                     t{Ic¢@@≤Ò`ã›§@@   ÿ  ¥⁄  '#     )      )   ¨   10.0.0.2                                      10.0.0.22                                     Mfº≠Ù§@@ùFZ*oß@@   Ÿ  ¥⁄  '#     )      )   ¨   10.0.0.2                                      10.0.0.22                                     ÜX˝Üß@@ƒÕ©d ™@@   ⁄  ¥⁄  '#     )      )   ¨   10.0.0.2                                      10.0.0.22                                     ÓŒ⁄m™@@åL¿Øë¨@@   €  ¥⁄  '#     )      )   ¨   10.0.0.2                                      10.0.0.22                                     VE∏…®¨@@ï∫d#Ø@@   ‹  ¥⁄  '#     )      )   ¨   10.0.0.2                                      10.0.0.22                                     øªï%:Ø@@-µﬁo¥±@@   ›  ¥⁄  '#     )      )   ¨   10.0.0.2                                      10.0.0.22                                     ˜≠÷âÀ±@@°ŸuoE¥@@   ﬁ  ¥⁄  '#     )      )   ¨   10.0.0.2                                      10.0.0.22                                     ïô“˙[¥@@Q0c
÷∂@@   ﬂ  ¥⁄  '#     )      )   ¨   10.0.0.2                                      10.0.0.22                                     -îLNÌ∂@@õçïògπ@@   ‡  ¥⁄  '#     )      )   ¨   10.0.0.2                                      10.0.0.22                                     ñ
*™~π@@‘÷¸¯ª@@   ·  ¥⁄  '#     )      )   ¨   10.0.0.2                                      10.0.0.22                                     oÙ1º@@raäæ@@   ‚  ¥⁄  '#     )      )   ¨   10.0.0.2                                      10.0.0.22                                     ◊j{°æ@@uËÙº¡@@   „  ¥⁄  '#     )      )   ¨   10.0.0.2                                      10.0.0.22                                     oeâŒ2¡@@≠⁄5!≠√@@   ‰  ¥⁄  '#     )      )   ¨   10.0.0.2                                      10.0.0.22                                     ◊€f*ƒ√@@E’Øt>∆@@   Â  ¥⁄  '#     )      )   ¨   10.0.0.2                                      10.0.0.22                                     ‡IóU∆@@NCT·œ»@@   Ê  ¥⁄  '#     )      )   ¨   10.0.0.2                                      10.0.0.22                                     xDÖÍÊ»@@EF$aÀ@@   Á  ¥⁄  '#     )      )   ¨   10.0.0.2                                      10.0.0.22                                     ‡∫bFxÀ@@~8HàÚÕ@@   Ë  ¥⁄  '#     )      )   ¨   10.0.0.2                                      10.0.0.22                                     ≠£™	Œ@@á¶ÏÙÉ–@@   È  ¥⁄  '#     )      )   ¨   10.0.0.2                                      10.0.0.22                                     ±ß˛ö–@@`êÙi”@@   Í  ¥⁄  '#     )      )   ¨   10.0.0.2                                      10.0.0.22                                     I¢óQ,”@@ç‘{*ß’@@   Î  ¥⁄  '#     )      )   ¨   10.0.0.2                                      10.0.0.22                                     ±u≠Ω’@@êÖË8ÿ@@   Ï  ¥⁄  '#     )      )   ¨   10.0.0.2                                      10.0.0.22                                     È
∂Oÿ@@(Äbd…⁄@@   Ì  ¥⁄  '#     )      )   ¨   10.0.0.2                                      10.0.0.22                                     Å0e‡⁄@@Ô˛xØZ›@@   Ó  ¥⁄  '#     )      )   ¨   10.0.0.2                                      10.0.0.22                                      ™∏q›@@á˘ÚÏﬂ@@   Ô  ¥⁄  '#     )      )   ¨   10.0.0.2                                      10.0.0.22                                     ÁoB!‡@@Uiãk|‚@@     ¥⁄  '#     )      )   ¨   10.0.0.2                                      10.0.0.22                                     OÊ}ì‚@@Ωﬂh«Â@@   Ò  ¥⁄  '#     )      )   ¨   10.0.0.2                                      10.0.0.22                                     àÿ`·$Â@@®4bfüÁ@@   Ú  ¥⁄  '#     )      )   ¨   10.0.0.2                                      10.0.0.22                                      ”⁄4∂Á@@^Háá0Í@@   Û  ¥⁄  '#     )      )   ¨   10.0.0.2                                      10.0.0.22                                     ∏ÕTàGÍ@@Ã{úi¬Ï@@   Ù  ¥⁄  '#     )      )   ¨   10.0.0.2                                      10.0.0.22                                     øïÏÿÏ@@/5B?SÔ@@   ı  ¥⁄  '#     )      )   ¨   10.0.0.2                                      10.0.0.22                                     )≤÷PjÔ@@ó´õ‰Ò@@   ˆ  ¥⁄  '#     )      )   ¨   10.0.0.2                                      10.0.0.22                                     ¡¨P§˚Ò@@éÆ“›uÙ@@   ˜  ¥⁄  '#     )      )   ¨   10.0.0.2                                      10.0.0.22                                     Ë3†ﬁåÙ@@D¬˜˛˜@@   ¯  ¥⁄  '#     )      )   ¨   10.0.0.2                                      10.0.0.22                                     °DK˜@@/Òùò˘@@   ˘  ¥⁄  '#     )      )   ¨   10.0.0.2                                      10.0.0.22                                     )îÖØØ˘@@h	2*¸@@   ˙  ¥⁄  '#     )      )   ¨   10.0.0.2                                      10.0.0.22                                     ë
cA¸@@/àHMª˛@@   ˚  ¥⁄  '#     )      )   ¨   10.0.0.2                                      10.0.0.22                                     ˙Ä@g“˛@@hzâ±LA@   ¸  ¥⁄  '#     )      )   ¨   10.0.0.2                                      10.0.0.22                                     b˜√cA@–fﬁA@   ˝  ¥⁄  '#     )      )   ¨   10.0.0.2                                      10.0.0.22                                     öÈ^'ıA@J“5ìoA@   ˛  ¥⁄  '#     )      )   ¨   10.0.0.2                                      10.0.0.22                                     ˜ÂÃvÖA@e´À)	A@   ˇ  ¥⁄  '#     )      )   ¨   10.0.0.2                                      10.0.0.22                                     _\™“	A@ﬂ¿‰FëA@      ¥⁄  '#     )      )   ¨   10.0.0.2                                      10.0.0.22                                     òNÎ6®A@ï‘	h"A@     ¥⁄  '#     )      )   ¨   10.0.0.2                                      10.0.0.22                                      ≈»í9A@Œ∆JÃ≥A@     ¥⁄  '#     )      )   ¨   10.0.0.2                                      10.0.0.22                                     9∑	˜ A@6=((EA@     ¥⁄  '#     )      )   ¨   10.0.0.2                                      10.0.0.22                                     q©J[\A@û≥Ñ÷A@     ¥⁄  '#     )      )   ¨   10.0.0.2                                      10.0.0.22                                     zÔ«ÌA@ï‘	hA@     ¥⁄  '#     )      )   ¨   10.0.0.2                                      10.0.0.22                                     „çÃ#A@‡ÎT˘A@     ¥⁄  '#     )      )   ¨   10.0.0.2                                      10.0.0.22                                     ÄàA@,πäA@     ¥⁄  '#     )      )   ¨   10.0.0.2                                      10.0.0.22                                     TrNÏ°A@Q¯l A@     ¥⁄  '#     )      )   ¨   10.0.0.2                                      10.0.0.22                                     ådèP3 A@âÍ≠Å≠"A@   	  ¥⁄  '#     )      )   ¨   10.0.0.2                                      10.0.0.22                                     ı⁄l¨ƒ"A@Ã|?%A@   
  ¥⁄  '#     )      )   ¨   10.0.0.2                                      10.0.0.22                                     ç’ÊˇU%A@˚Œ/J–'A@     ¥⁄  '#     )      )   ¨   10.0.0.2                                      10.0.0.22                                     ≈«'dÁ'A@ì…©ùa*A@     ¥⁄  '#     )      )   ¨   10.0.0.2                                      10.0.0.22                                     ˛πh»x*A@˚?á˘Ú,A@     ¥⁄  '#     )      )   ¨   10.0.0.2                                      10.0.0.22                                     ñ¥‚
-A@c∂dUÑ/A@     ¥⁄  '#     )      )   ¨   10.0.0.2                                      10.0.0.22                                     .Ø\oõ/A@+5{†2A@     ¥⁄  '#     )      )   ¨   10.0.0.2                                      10.0.0.22                                     ñ%:À,2A@‡H†¡¶4A@     ¥⁄  '#     )      )   ¨   10.0.0.2                                      10.0.0.22                                     Ω¨âæ4A@˚!6X87A@     ¥⁄  '#     )      )   ¨   10.0.0.2                                      10.0.0.22                                     %#gaO7A@"©Öí…9A@     ¥⁄  '#     )      )   ¨   10.0.0.2                                      10.0.0.22                                     çôDΩ‡9A@Zõ∆ˆZ<A@     ¥⁄  '#     )      )   ¨   10.0.0.2                                      10.0.0.22                                     fÉL2r<A@c	kcÏ>A@     ¥⁄  '#     )      )   ¨   10.0.0.2                                      10.0.0.22                                     œ˘)é?A@˚Â∂}AA@     ¥⁄  '#     )      )   ¨   10.0.0.2                                      10.0.0.22                                     ÿgŒ˙îAA@râ#DA@     ¥⁄  '#     )      )   ¨   10.0.0.2                                      10.0.0.22                                     @ﬁ´V&DA@=d á†FA@     ¥⁄  '#     )      )   ¨   10.0.0.2                                      10.0.0.22                                     x–Ï∫∑FA@N“¸1IA@     ¥⁄  '#     )      )   ¨   10.0.0.2                                      10.0.0.22                                     ÀfIIA@ﬁÃËG√KA@     ¥⁄  '#     )      )   ¨   10.0.0.2                                      10.0.0.22                                     xADj⁄KA@FC∆£TNA@     ¥⁄  '#     )      )   ¨   10.0.0.2                                      10.0.0.22                                     <æΩkNA@¬‹ÓÂPA@     ¥⁄  '#     )      )   ¨   10.0.0.2                                      10.0.0.22                                     y≤õ˝PA@Á´‰cwSA@     ¥⁄  '#     )      )   ¨   10.0.0.2                                      10.0.0.22                                     ·(yuéSA@¶^∑VA@     ¥⁄  '#     )      )   ¨   10.0.0.2                                      10.0.0.22                                     IüV—VA@°ÿ
öXA@     ¥⁄  '#     )      )   ¨   10.0.0.2                                      10.0.0.22                                     ±4-±XA@∂f+[A@     ¥⁄  '#     )      )   ¨   10.0.0.2                                      10.0.0.22                                     ÍuëB[A@0∫º]A@      ¥⁄  '#     )      )   ¨   10.0.0.2                                      10.0.0.22                                     R~RÌ”]A@OqN`A@   !  ¥⁄  '#     )      )   ¨   10.0.0.2                                      10.0.0.22                                     ãpìQe`A@∑zNzﬂbA@   "  ¥⁄  '#     )      )   ¨   10.0.0.2                                      10.0.0.22                                     ÛÊp≠ˆbA@ Ò+÷peA@   #  ¥⁄  '#     )      )   ¨   10.0.0.2                                      10.0.0.22                                     ,Ÿ±àeA@)_–BhA@   $  ¥⁄  '#     )      )   ¨   10.0.0.2                                      10.0.0.22                                     îOèmhA@aQßìjA@   %  ¥⁄  '#     )      )   ¨   10.0.0.2                                      10.0.0.22                                     [Œ•∏™jA@àÿ`·$mA@   &  ¥⁄  '#     )      )   ¨   10.0.0.2                                      10.0.0.22                                     Û»<mA@N>=∂oA@   '  ¥⁄  '#     )      )   ¨   10.0.0.2                                      10.0.0.22                                     ,ª`pÕoA@)A°GrA@   (  ¥⁄  '#     )      )   ¨   10.0.0.2                                      10.0.0.22                                     î1>Ã^rA@m·y©ÿtA@   )  ¥⁄  '#     )      )   ¨   10.0.0.2                                      10.0.0.22                                     ª∏çtA@vOjwA@   *  ¥⁄  '#     )      )   ¨   10.0.0.2                                      10.0.0.22                                     S≥ZÅwA@P9&ã˚yA@   +  ¥⁄  '#     )      )   ¨   10.0.0.2                                      10.0.0.22                                     ã•HæzA@«∫∏ç|A@   ,  ¥⁄  '#     )      )   ¨   10.0.0.2                                      10.0.0.22                                     ƒóâ"§|A@2ë“lA@   -  ¥⁄  '#     )      )   ¨   10.0.0.2                                      10.0.0.22                                     \ív5A@)îÖØØÅA@   .  ¥⁄  '#     )      )   ¨   10.0.0.2                                      10.0.0.22                                     Ùå}…∆ÅA@ ó8Ú@ÑA@   /  ¥⁄  '#     )      )   ¨   10.0.0.2                                      10.0.0.22                                     \[%XÑA@˙Ä@g“ÜA@   0  ¥⁄  '#     )      )   ¨   10.0.0.2                                      10.0.0.22                                     îıõâÈÜA@b˜√câA@   1  ¥⁄  '#     )      )   ¨   10.0.0.2                                      10.0.0.22                                     nﬂ£˛zâA@öÈ^'ıãA@   2  ¥⁄  '#     )      )   ¨   10.0.0.2                                      10.0.0.22                                     ⁄RåA@”€üãÜéA@   3  ¥⁄  '#     )      )   ¨   10.0.0.2                                      10.0.0.22                                     >Ã^∂ùéA@Ûqm®ëA@   4  ¥⁄  '#     )      )   ¨   10.0.0.2                                      10.0.0.22                                     ÷∆ÿ	/ëA@”L˜:©ìA@   5  ¥⁄  '#     )      )   ¨   10.0.0.2                                      10.0.0.22                                     >=∂e¿ìA@;√‘ñ:ñA@   6  ¥⁄  '#     )      )   ¨   10.0.0.2                                      10.0.0.22                                     ß≥ì¡QñA@§9≤ÚÀòA@   7  ¥⁄  '#     )      )   ¨   10.0.0.2                                      10.0.0.22                                     *q„òA@∞èN]õA@   8  ¥⁄  '#     )      )   ¨   10.0.0.2                                      10.0.0.22                                     w†NytõA@t&m™ÓùA@   9  ¥⁄  '#     )      )   ¨   10.0.0.2                                      10.0.0.22                                     ∞íè›ûA@_{fIÄ†A@   :  ¥⁄  '#     )      )   ¨   10.0.0.2                                      10.0.0.22                                     	m9ó†A@èãj£A@   ;  ¥⁄  '#     )      )   ¨   10.0.0.2                                      10.0.0.22                                     ∞Áå(£A@≠âæ¢•A@   <  ¥⁄  '#     )      )   ¨   10.0.0.2                                      10.0.0.22                                     Ëı'Òπ•A@∂˜©*4®A@   =  ¥⁄  '#     )      )   ¨   10.0.0.2                                      10.0.0.22                                     QlMK®A@náÜ≈™A@   >  ¥⁄  '#     )      )   ¨   10.0.0.2                                      10.0.0.22                                     Ëf†‹™A@ÂÏù—V≠A@   ?  ¥⁄  '#     )      )   ¨   10.0.0.2                                      10.0.0.22                                     Q›\¸m≠A@}Á%ËØA@   @  ¥⁄  '#     )      )   ¨   10.0.0.2                                      10.0.0.22                                     âœù`ˇØA@ÜUºëy≤A@   A  ¥⁄  '#     )      )   ¨   10.0.0.2                                      10.0.0.22                                     ¬¡ﬁƒê≤A@}Xo‘
µA@   B  ¥⁄  '#     )      )   ¨   10.0.0.2                                      10.0.0.22                                     È|xñ µA@d${Ñö∑A@   C  ¥⁄  '#     )      )   ¨   10.0.0.2                                      10.0.0.22                                     ÅwÚÈ±∑A@Oyt#,∫A@   D  ¥⁄  '#     )      )   ¨   10.0.0.2                                      10.0.0.22                                     ∫i3NC∫A@∑ÔQΩºA@   E  ¥⁄  '#     )      )   ¨   10.0.0.2                                      10.0.0.22                                     Ú[t≤‘ºA@¢DKOøA@   F  ¥⁄  '#     )      )   ¨   10.0.0.2                                      10.0.0.22                                     äVÓføA@Á‰E&‡¡A@   G  ¥⁄  '#     )      )   ¨   10.0.0.2                                      10.0.0.22                                     R’Q˜¡A@Æc\qqƒA@   H  ¥⁄  '#     )      )   ¨   10.0.0.2                                      10.0.0.22                                     [C©ΩàƒA@áMdÊ«A@   I  ¥⁄  '#     )      )   ¨   10.0.0.2                                      10.0.0.22                                     Û=#«A@P)î…A@   J  ¥⁄  '#     )      )   ¨   10.0.0.2                                      10.0.0.22                                     ã8ùd´…A@Fœ-t%ÃA@   K  ¥⁄  '#     )      )   ¨   10.0.0.2                                      10.0.0.22                                     √*ﬁ»<ÃA@4ôÒ∂ŒA@   L  ¥⁄  '#     )      )   ¨   10.0.0.2                                      10.0.0.22                                     +°ª$ŒŒA@∑≥Ø<H—A@   M  ¥⁄  '#     )      )   ¨   10.0.0.2                                      10.0.0.22                                     √õ5x_—A@1ï~¬Ÿ”A@   N  ¥⁄  '#     )      )   ¨   10.0.0.2                                      10.0.0.22                                     [ñØÀ”A@Á®£„j÷A@   O  ¥⁄  '#     )      )   ¨   10.0.0.2                                      10.0.0.22                                     #∆Ç÷A@£7¸ÿA@   P  ¥⁄  '#     )      )   ¨   10.0.0.2                                      10.0.0.22                                     ª@jŸA@¶*mqç€A@   Q  ¥⁄  '#     )      )   ¨   10.0.0.2                                      10.0.0.22                                     ÇéVµ§€A@m©ÉºﬁA@   R  ¥⁄  '#     )      )   ¨   10.0.0.2                                      10.0.0.22                                     â–6ﬁA@^ª¥·∞‡A@   S  ¥⁄  '#     )      )   ¨   10.0.0.2                                      10.0.0.22                                     k◊Ñ¥∆‡A@«e‹‘@„A@   T  ¥⁄  '#     )      )   ¨   10.0.0.2                                      10.0.0.22                                     “˛X„A@è‰Ú“ÂA@   U  ¥⁄  '#     )      )   ¨   10.0.0.2                                      10.0.0.22                                     öÃx[ÈÂA@ëaodËA@   V  ¥⁄  '#     )      )   ¨   10.0.0.2                                      10.0.0.22                                     CV∑zËA@4fıÍA@   W  ¥⁄  '#     )      )   ¨   10.0.0.2                                      10.0.0.22                                     õ=–
ÎA@	7UÜÌA@   X  ¥⁄  '#     )      )   ¨   10.0.0.2                                      10.0.0.22                                     ¥≠fùÌA@_BáA@   Y  ¥⁄  '#     )      )   ¨   10.0.0.2                                      10.0.0.22                                     k*ã¬.A@8,¸®ÚA@   Z  ¥⁄  '#     )      )   ¨   10.0.0.2                                      10.0.0.22                                     %¿ÚA@Y›Í9ıA@   [  ¥⁄  '#     )      )   ¨   10.0.0.2                                      10.0.0.22                                     Y0ÒGQıA@§SW>À˜A@   \  ¥⁄  '#     )      )   ¨   10.0.0.2                                      10.0.0.22                                     !Øì‚˜A@Ó∞âÃ\˙A@   ]  ¥⁄  '#     )      )   ¨   10.0.0.2                                      10.0.0.22                                     Z°H˜s˙A@W'g(Ó¸A@   ^  ¥⁄  '#     )      )   ¨   10.0.0.2                                      10.0.0.22                                     ! _B˝A@¶}sˇA@   _  ¥⁄  '#     )      )   ¨   10.0.0.2                                      10.0.0.22                                     πŸïñˇA@Wòæ◊B@   `  ¥⁄  '#     )      )   ¨   10.0.0.2                                      10.0.0.22                                     Ú˙'B@Ôí8+¢B@   a  ¥⁄  '#     )      )   ¨   10.0.0.2                                      10.0.0.22                                     ZÉ˜UπB@˜ ›ó3B@   b  ¥⁄  '#     )      )   ¨   10.0.0.2                                      10.0.0.22                                     Ú}q©JB@Ôê⁄ƒ	B@   c  ¥⁄  '#     )      )   ¨   10.0.0.2                                      10.0.0.22                                     *p≤‹	B@uìVB@   d  ¥⁄  '#     )      )   ¨   10.0.0.2                                      10.0.0.22                                     íÊèimB@˘ÉÅÁB@   e  ¥⁄  '#     )      )   ¨   10.0.0.2                                      10.0.0.22                                     ˚\m≈˛B@K=ByB@   f  ¥⁄  '#     )      )   ¨   10.0.0.2                                      10.0.0.22                                     ìWÁêB@øa¢A
B@   g  ¥⁄  '#     )      )   ¨   10.0.0.2                                      10.0.0.22                                     ÀI(}!B@ôK™∂õB@   h  ¥⁄  '#     )      )   ¨   10.0.0.2                                      10.0.0.22                                     3¿Ÿ≤B@¬á-B@   i  ¥⁄  '#     )      )   ¨   10.0.0.2                                      10.0.0.22                                     ú6„4DB@i8enæB@   j  ¥⁄  '#     )      )   ¨   10.0.0.2                                      10.0.0.22                                     ≠¿ê’B@3ﬂ¡OB@   k  ¥⁄  '#     )      )   ¨   10.0.0.2                                      10.0.0.22                                     l#ûÏfB@i©º· B@   l  ¥⁄  '#     )      )   ¨   10.0.0.2                                      10.0.0.22                                     •ﬂP¯ B@Bìƒír#B@   m  ¥⁄  '#     )      )   ¨   10.0.0.2                                      10.0.0.22                                     ÆÉÉΩâ#B@
€›&B@   n  ¥⁄  '#     )      )   ¨   10.0.0.2                                      10.0.0.22                                     F~˝&B@ä∞·Èï(B@   o  ¥⁄  '#     )      )   ¨   10.0.0.2                                      10.0.0.22                                     ÆÙ⁄l¨(B@Kr¿Æ&+B@   p  ¥⁄  '#     )      )   ¨   10.0.0.2                                      10.0.0.22                                     k∏»=+B@Ò÷˘∑-B@   q  ¥⁄  '#     )      )   ¨   10.0.0.2                                      10.0.0.22                                     Æe2œ-B@€oÌDI0B@   r  ¥⁄  '#     )      )   ¨   10.0.0.2                                      10.0.0.22                                     F`¨o`0B@¢Óê⁄2B@   s  ¥⁄  '#     )      )   ¨   10.0.0.2                                      10.0.0.22                                     Æ÷âÀÒ2B@∑
b†k5B@   t  ¥⁄  '#     )      )   ¨   10.0.0.2                                      10.0.0.22                                     4fıÇ5B@âxÎ¸7B@   u  ¥⁄  '#     )      )   ¨   10.0.0.2                                      10.0.0.22                                     ú‹ÔP8B@…Ê™yé:B@   v  ¥⁄  '#     )      )   ¨   10.0.0.2                                      10.0.0.22                                     4◊i§•:B@êe¡ƒ=B@   w  ¥⁄  '#     )      )   ¨   10.0.0.2                                      10.0.0.22                                     úMG 7=B@…W)±?B@   x  ¥⁄  '#     )      )   ¨   10.0.0.2                                      10.0.0.22                                     4H¡S»?B@1ŒﬂÑBBB@   y  ¥⁄  '#     )      )   ¨   10.0.0.2                                      10.0.0.22                                     ÃB;ßYBB@…»Yÿ”DB@   z  ¥⁄  '#     )      )   ¨   10.0.0.2                                      10.0.0.22                                     î¡QÚÍDB@1?74eGB@   {  ¥⁄  '#     )      )   ¨   10.0.0.2                                      10.0.0.22                                     ,ºÀE|GB@∏Œø]ˆIB@   |  ¥⁄  '#     )      )   ¨   10.0.0.2                                      10.0.0.22                                     Û:‚êJB@M÷®áLB@   }  ¥⁄  '#     )      )   ¨   10.0.0.2                                      10.0.0.22                                     ã5\‰ûLB@GÃÏÛOB@   ~  ¥⁄  '#     )      )   ¨   10.0.0.2                                      10.0.0.22                                     #0÷70OB@K?™QB@     ¥⁄  '#     )      )   ¨   10.0.0.2                                      10.0.0.22                                     ÍÆÏÇ¡QB@G=D£;TB@   Ä  ¥⁄  '#     )      )   ¨   10.0.0.2                                      10.0.0.22                                     Ç©f÷RTB@ºZÓÃVB@   Å  ¥⁄  '#     )      )   ¨   10.0.0.2                                      10.0.0.22                                     ªõß:‰VB@¶∂‘A^YB@   Ç  ¥⁄  '#     )      )   ¨   10.0.0.2                                      10.0.0.22                                     Sñ!éuYB@Ø$yÆÔ[B@   É  ¥⁄  '#     )      )   ¨   10.0.0.2                                      10.0.0.22                                     Îêõ·\B@¶',ÒÄ^B@   Ñ  ¥⁄  '#     )      )   ¨   10.0.0.2                                      10.0.0.22                                     ≤≤,ò^B@n¶B<aB@   Ö  ¥⁄  '#     )      )   ¨   10.0.0.2                                      10.0.0.22                                     §U-È(aB@0h!£cB@   Ü  ¥⁄  '#     )      )   ¨   10.0.0.2                                      10.0.0.22                                     ‹GnM∫cB@òﬁ˛\4fB@   á  ¥⁄  '#     )      )   ¨   10.0.0.2                                      10.0.0.22                                     tBË†KfB@0Ÿx∞≈hB@   à  ¥⁄  '#     )      )   ¨   10.0.0.2                                      10.0.0.22                                     <¡˛Î‹hB@»”ÚWkB@   â  ¥⁄  '#     )      )   ¨   10.0.0.2                                      10.0.0.22                                     §7‹GnkB@ ∆3hËmB@   ä  ¥⁄  '#     )      )   ¨   10.0.0.2                                      10.0.0.22                                     Æπ£ˇmB@9∏tÃypB@   ã  ¥⁄  '#     )      )   ¨   10.0.0.2                                      10.0.0.22                                     §®3˜êpB@0ª'sB@   å  ¥⁄  '#     )      )   ¨   10.0.0.2                                      10.0.0.22                                     <£≠J"sB@E◊ÖúuB@   ç  ¥⁄  '#     )      )   ¨   10.0.0.2                                      10.0.0.22                                     c*˝Ñ≥uB@~…∆É-xB@   é  ¥⁄  '#     )      )   ¨   10.0.0.2                                      10.0.0.22                                     ˚$wÿDxB@W≥Œ¯æzB@   è  ¥⁄  '#     )      )   ¨   10.0.0.2                                      10.0.0.22                                     íÒ+÷zB@ø)¨TP}B@   ê  ¥⁄  '#     )      )   ¨   10.0.0.2                                      10.0.0.22                                     *kg}B@'†â∞·B@   ë  ¥⁄  '#     )      )   ¨   10.0.0.2                                      10.0.0.22                                     ¬Â“¯B@N'ŸÍrÇB@   í  ¥⁄  '#     )      )   ¨   10.0.0.2                                      10.0.0.22                                     Z_&äÇB@E*å-ÖB@   ì  ¥⁄  '#     )      )   ¨   10.0.0.2                                      10.0.0.22                                     Ú	ŸyÖB@Nò0öïáB@   î  ¥⁄  '#     )      )   ¨   10.0.0.2                                      10.0.0.22                                     πàÔƒ¨áB@uÄ‘&äB@   ï  ¥⁄  '#     )      )   ¨   10.0.0.2                                      10.0.0.22                                     Å>äB@˙'∏åB@   ñ  ¥⁄  '#     )      )   ¨   10.0.0.2                                      10.0.0.22                                     EH›ŒåB@o”ü˝HèB@   ó  ¥⁄  '#     )      )   ¨   10.0.0.2                                      10.0.0.22                                     {ª%9`èB@ŒQ⁄ëB@   ò  ¥⁄  '#     )      )   ¨   10.0.0.2                                      10.0.0.22                                     ∂üåÒëB@œL0úkîB@   ô  ¥⁄  '#     )      )   ¨   10.0.0.2                                      10.0.0.22                                     ´∞‡ÇîB@ÿ∫‘˝ñB@   ö  ¥⁄  '#     )      )   ¨   10.0.0.2                                      10.0.0.22                                     ‰¢ZDóB@pµN\éôB@   õ  ¥⁄  '#     )      )   ¨   10.0.0.2                                      10.0.0.22                                     L8†•ôB@®ßè¿úB@   ú  ¥⁄  '#     )      )   ¨   10.0.0.2                                      10.0.0.22                                     ‰≤Û6úB@@¢	±ûB@   ù  ¥⁄  '#     )      )   ¨   10.0.0.2                                      10.0.0.22                                     |,G»ûB@ÿúÉgB°B@   û  ¥⁄  '#     )      )   ¨   10.0.0.2                                      10.0.0.22                                     ‰Ñ	£Y°B@@a√”£B@   ü  ¥⁄  '#     )      )   ¨   10.0.0.2                                      10.0.0.22                                     L˚Ê˛Í£B@y¢'e¶B@   †  ¥⁄  '#     )      )   ¨   10.0.0.2                                      10.0.0.22                                     z˝I|¶B@@Ñ∏rˆ®B@   °  ¥⁄  '#     )      )   ¨   10.0.0.2                                      10.0.0.22                                     €¯ï©B@8ákµá´B@   ¢  ¥⁄  '#     )      )   ¨   10.0.0.2                                      10.0.0.22                                     sÛçËû´B@œÅÂÆB@   £  ¥⁄  '#     )      )   ¨   10.0.0.2                                      10.0.0.22                                     ;r§30ÆB@ó ¸S™∞B@   §  ¥⁄  '#     )      )   ¨   10.0.0.2                                      10.0.0.22                                     ”lá¡∞B@_ü;≥B@   •  ¥⁄  '#     )      )   ¨   10.0.0.2                                      10.0.0.22                                     jgò⁄R≥B@tõpØÃµB@   ¶  ¥⁄  '#     )      )   ¨   10.0.0.2                                      10.0.0.22                                      {Ω˚„µB@Y32»]∏B@   ß  ¥⁄  '#     )      )   ¨   10.0.0.2                                      10.0.0.22                                     ÙßçÍt∏B@P6Â
Ô∫B@   ®  ¥⁄  '#     )      )   ¨   10.0.0.2                                      10.0.0.22                                     \kFªB@Ë0_^ÄΩB@   ©  ¥⁄  '#     )      )   ¨   10.0.0.2                                      10.0.0.22                                     ÙÂôóΩB@íñ €¿B@   ™  ¥⁄  '#     )      )   ¨   10.0.0.2                                      10.0.0.22                                     å_Ì(¿B@&S£¬B@   ´  ¥⁄  '#     )      )   ¨   10.0.0.2                                      10.0.0.22                                     Ùâ<I∫¬B@Äú0a4≈B@   ¨  ¥⁄  '#     )      )   ¨   10.0.0.2                                      10.0.0.22                                     åÑ∂úK≈B@ËΩ≈«B@   ≠  ¥⁄  '#     )      )   ¨   10.0.0.2                                      10.0.0.22                                     $0‹«B@>ÍØWX B@   Æ  ¥⁄  '#     )      )   ¨   10.0.0.2                                      10.0.0.22                                     åıLn B@ j∫ûËÃB@   Ø  ¥⁄  '#     )      )   ¨   10.0.0.2                                      10.0.0.22                                     ÙkÎßˇÃB@be4ÚyœB@   ∞  ¥⁄  '#     )      )   ¨   10.0.0.2                                      10.0.0.22                                     -^,ëœB@À€N“B@   ±  ¥⁄  '#     )      )   ¨   10.0.0.2                                      10.0.0.22                                     ePmp"“B@˙Dû‘B@   ≤  ¥⁄  '#     )      )   ¨   10.0.0.2                                      10.0.0.22                                     Œ∆JÃ≥‘B@≠3æ/.◊B@   ≥  ¥⁄  '#     )      )   ¨   10.0.0.2                                      10.0.0.22                                     πã0E◊B@§6qrøŸB@   ¥  ¥⁄  '#     )      )   ¨   10.0.0.2                                      10.0.0.22                                     o/iå÷ŸB@<1Î≈P‹B@   µ  ¥⁄  '#     )      )   ¨   10.0.0.2                                      10.0.0.22                                     ß!™g‹B@‘+e‚ﬁB@   ∂  ¥⁄  '#     )      )   ¨   10.0.0.2                                      10.0.0.22                                     òáL˘ﬁB@¶}s·B@   ∑  ¥⁄  '#     )      )   ¨   10.0.0.2                                      10.0.0.22                                     xe®ä·B@'˜;‰B@   ∏  ¥⁄  '#     )      )   ¨   10.0.0.2                                      10.0.0.22                                     ∞ ¶‰B@≠Üƒ=ñÊB@   π  ¥⁄  '#     )      )   ¨   10.0.0.2                                      10.0.0.22                                     ÈÚÊp≠ÊB@Êx¢'ÈB@   ∫  ¥⁄  '#     )      )   ¨   10.0.0.2                                      10.0.0.22                                     QiƒÃ>ÈB@ÔÊ©πÎB@   ª  ¥⁄  '#     )      )   ¨   10.0.0.2                                      10.0.0.22                                     πﬂ°(–ÎB@∂e¿YJÓB@   º  ¥⁄  '#     )      )   ¨   10.0.0.2                                      10.0.0.22                                     !VÑaÓB@‹ùµ€B@   Ω  ¥⁄  '#     )      )   ¨   10.0.0.2                                      10.0.0.22                                     ZH¿ËÚB@WŒﬁmÛB@   æ  ¥⁄  '#     )      )   ¨   10.0.0.2                                      10.0.0.22                                     ì:MÑÛB@‚;˛ıB@   ø  ¥⁄  '#     )      )   ¨   10.0.0.2                                      10.0.0.22                                      âvˆB@cÌÔlè¯B@   ¿  ¥⁄  '#     )      )   ¨   10.0.0.2                                      10.0.0.22                                     ±ƒ ¶¯B@NBÈ!˚B@   ¡  ¥⁄  '#     )      )   ¨   10.0.0.2                                      10.0.0.22                                     È∂D.8˚B@∑∏∆g≤˝B@   ¬  ¥⁄  '#     )      )   ¨   10.0.0.2                                      10.0.0.22                                     Q-"ä…˝B@Ô™ÃC C@   √  ¥⁄  '#     )      )   ¨   10.0.0.2                                      10.0.0.22                                     ∫£ˇÂZ C@2W’C@   ƒ  ¥⁄  '#     )      )   ¨   10.0.0.2                                      10.0.0.22                                     Úï@JÏC@Ô_{fC@   ≈  ¥⁄  '#     )      )   ¨   10.0.0.2                                      10.0.0.22                                     [¶}C@i˝-¯C@   ∆  ¥⁄  '#     )      )   ¨   10.0.0.2                                      10.0.0.22                                     cz¬C@1|DLâ
C@   «  ¥⁄  '#     )      )   ¨   10.0.0.2                                      10.0.0.22                                     Ãün†
C@ôÚ!®C@   »  ¥⁄  '#     )      )   ¨   10.0.0.2                                      10.0.0.22                                     uVÏ1C@CXç%¨C@   …  ¥⁄  '#     )      )   ¨   10.0.0.2                                      10.0.0.22                                     ﬁÃËG√C@´ŒjÅ=C@      ¥⁄  '#     )      )   ¨   10.0.0.2                                      10.0.0.22                                     ø)¨TC@EH›ŒC@   À  ¥⁄  '#     )      )   ¨   10.0.0.2                                      10.0.0.22                                     O±jÊC@L7âA`C@   Ã  ¥⁄  '#     )      )   ¨   10.0.0.2                                      10.0.0.22                                     ∑'HlwC@Ñ) •ÒC@   Õ  ¥⁄  '#     )      )   ¨   10.0.0.2                                      10.0.0.22                                     êP·C@väUÉC@   Œ  ¥⁄  '#     )      )   ¨   10.0.0.2                                      10.0.0.22                                     ( 4öC@ˆLnC@   œ  ¥⁄  '#     )      )   ¨   10.0.0.2                                      10.0.0.22                                     êÇßê+C@ç∆¡•!C@   –  ¥⁄  '#     )      )   ¨   10.0.0.2                                      10.0.0.22                                     …tËÙº!C@ÍîG7$C@   —  ¥⁄  '#     )      )   ¨   10.0.0.2                                      10.0.0.22                                     aobHN$C@.q‰Å»&C@   “  ¥⁄  '#     )      )   ¨   10.0.0.2                                      10.0.0.22                                     ˘i‹õﬂ&C@ÉßZ)C@   ”  ¥⁄  '#     )      )   ¨   10.0.0.2                                      10.0.0.22                                     a‡π˜p)C@^fÿ(Î+C@   ‘  ¥⁄  '#     )      )   ¨   10.0.0.2                                      10.0.0.22                                     …VóS,C@g‘|ï|.C@   ’  ¥⁄  '#     )      )   ¨   10.0.0.2                                      10.0.0.22                                     1ÕtØì.C@ˇŒˆË1C@   ÷  ¥⁄  '#     )      )   ¨   10.0.0.2                                      10.0.0.22                                     :;%1C@=õUü3C@   ◊  ¥⁄  '#     )      )   ¨   10.0.0.2                                      10.0.0.22                                     “5ìo∂3C@Ì‘\n06C@   ÿ  ¥⁄  '#     )      )   ¨   10.0.0.2                                      10.0.0.22                                     GZ*oG6C@µSsπ¡8C@   Ÿ  ¥⁄  '#     )      )   ¨   10.0.0.2                                      10.0.0.22                                     Ÿ@∫ÿ8C@__ÎR;C@   ⁄  ¥⁄  '#     )      )   ¨   10.0.0.2                                      10.0.0.22                                     GÀÅj;C@ÕX‰=C@   €  ¥⁄  '#     )      )   ¨   10.0.0.2                                      10.0.0.22                                     ØA_z˚=C@¨«}´u@C@   ‹  ¥⁄  '#     )      )   ¨   10.0.0.2                                      10.0.0.22                                     ∏<÷å@C@>[CC@   ›  ¥⁄  '#     )      )   ¨   10.0.0.2                                      10.0.0.22                                     .2CC@|¥8còEC@   ﬁ  ¥⁄  '#     )      )   ¨   10.0.0.2                                      10.0.0.22                                     ∏ [ñØEC@µ¶y«)HC@   ﬂ  ¥⁄  '#     )      )   ¨   10.0.0.2                                      10.0.0.22                                     Òú˙@HC@Óò∫+ªJC@   ‡  ¥⁄  '#     )      )   ¨   10.0.0.2                                      10.0.0.22                                     YâyV“JC@«Ç¬†LMC@   ·  ¥⁄  '#     )      )   ¨   10.0.0.2                                      10.0.0.22                                     ÒÉÛ©cMC@æÖu„›OC@   ‚  ¥⁄  '#     )      )   ¨   10.0.0.2                                      10.0.0.22                                     Y˙–ıOC@&¸R?oRC@   „  ¥⁄  '#     )      )   ¨   10.0.0.2                                      10.0.0.22                                     ¡pÆaÜRC@æˆÃí UC@   ‰  ¥⁄  '#     )      )   ¨   10.0.0.2                                      10.0.0.22                                     )ÁãΩUC@&m™ÓëWC@   Â  ¥⁄  '#     )      )   ¨   10.0.0.2                                      10.0.0.22                                     ¡·©WC@è„áJ#ZC@   Ê  ¥⁄  '#     )      )   ¨   10.0.0.2                                      10.0.0.22                                     *X„l:ZC@òQ,∑¥\C@   Á  ¥⁄  '#     )      )   ¨   10.0.0.2                                      10.0.0.22                                     2∆áŸÀ\C@_–BF_C@   Ë  ¥⁄  '#     )      )   ¨   10.0.0.2                                      10.0.0.22                                     õ<e5]_C@h>Án◊aC@   È  ¥⁄  '#     )      )   ¨   10.0.0.2                                      10.0.0.22                                     §™	¢ÓaC@°0(”hdC@   Í  ¥⁄  '#     )      )   ¨   10.0.0.2                                      10.0.0.22                                     ‹úJÄdC@Ÿ"i7˙fC@   Î  ¥⁄  '#     )      )   ¨   10.0.0.2                                      10.0.0.22                                     D(bgC@q„äãiC@   Ï  ¥⁄  '#     )      )   ¨   10.0.0.2                                      10.0.0.22                                     ‹¢µ¢iC@™$ÔlC@   Ì  ¥⁄  '#     )      )   ¨   10.0.0.2                                      10.0.0.22                                      „4lC@‚eSÆnC@   Ó  ¥⁄  '#     )      )   ¨   10.0.0.2                                      10.0.0.22                                     náÜ≈nC@KxBØ?qC@   Ô  ¥⁄  '#     )      )   ¨   10.0.0.2                                      10.0.0.22                                     Ü‰d‚VqC@ÉjÉ—sC@     ¥⁄  '#     )      )   ¨   10.0.0.2                                      10.0.0.22                                     ø÷•FËsC@\TãàbvC@   Ò  ¥⁄  '#     )      )   ¨   10.0.0.2                                      10.0.0.22                                     ‚ëxyvC@rpÈòÛxC@   Ú  ¥⁄  '#     )      )   ¨   10.0.0.2                                      10.0.0.22                                     N‘“‹
yC@÷TÖ{C@   Û  ¥⁄  '#     )      )   ¨   10.0.0.2                                      10.0.0.22                                     WBwIú{C@6ØÍ¨~C@   Ù  ¥⁄  '#     )      )   ¨   10.0.0.2                                      10.0.0.22                                     è4∏≠-~C@]6:ÁßÄC@   ı  ¥⁄  '#     )      )   ¨   10.0.0.2                                      10.0.0.22                                     »&˘øÄC@f§ﬁS9ÉC@   ˆ  ¥⁄  '#     )      )   ¨   10.0.0.2                                      10.0.0.22                                     :vPÉC@ûñ∏ ÖC@   ˜  ¥⁄  '#     )      )   ¨   10.0.0.2                                      10.0.0.22                                     iè“·ÖC@6ëô\àC@   ¯  ¥⁄  '#     )      )   ¨   10.0.0.2                                      10.0.0.22                                     °ÅX6sàC@oÉ⁄oÌäC@   ˘  ¥⁄  '#     )      )   ¨   10.0.0.2                                      10.0.0.22                                     ™Ô¸¢ãC@xÒ~‹~çC@   ˙  ¥⁄  '#     )      )   ¨   10.0.0.2                                      10.0.0.22                                     f⁄˛ïçC@‡g\8êC@   ˚  ¥⁄  '#     )      )   ¨   10.0.0.2                                      10.0.0.22                                     KXc'êC@È’ •°íC@   ¸  ¥⁄  '#     )      )   ¨   10.0.0.2                                      10.0.0.22                                     T∆øœ∏íC@QLﬁ 3ïC@   ˝  ¥⁄  '#     )      )   ¨   10.0.0.2                                      10.0.0.22                                     º<ù+JïC@ä>eƒóC@   ˛  ¥⁄  '#     )      )   ¨   10.0.0.2                                      10.0.0.22                                     ı.ﬁè€óC@Ú¥¸¿UöC@   ˇ  ¥⁄  '#     )      )   ¨   10.0.0.2                                      10.0.0.22                                     ]•ªÎlöC@Z+⁄ÁúC@    	  ¥⁄  '#     )      )   ¨   10.0.0.2                                      10.0.0.22                                     ≈ôG˛úC@¬°∑xxüC@   	  ¥⁄  '#     )      )   ¨   10.0.0.2                                      10.0.0.22                                     ]õèüC@+ï‘	¢C@   	  ¥⁄  '#     )      )   ¨   10.0.0.2                                      10.0.0.22                                     ≈åˆ ¢C@¬(õ§C@   	  ¥⁄  '#     )      )   ¨   10.0.0.2                                      10.0.0.22                                     .ŒR≤§C@ÀÄ≥î,ßC@   	  ¥⁄  '#     )      )   ¨   10.0.0.2                                      10.0.0.22                                     fı∑CßC@9¥»væ©C@   	  ¥⁄  '#     )      )   ¨   10.0.0.2                                      10.0.0.22                                     œkÏ’©C@ÃÒ
DO¨C@   	  ¥⁄  '#     )      )   ¨   10.0.0.2                                      10.0.0.22                                     7‚…nf¨C@‘_Ø∞‡ÆC@   	  ¥⁄  '#     )      )   ¨   10.0.0.2                                      10.0.0.22                                     üXß ˜ÆC@úﬁ≈˚q±C@   	  ¥⁄  '#     )      )   ¨   10.0.0.2                                      10.0.0.22                                     œÑ&â±C@U£W¥C@   		  ¥⁄  '#     )      )   ¨   10.0.0.2                                      10.0.0.22                                     Å∞S¨¥C@˚WVöî∂C@   
	  ¥⁄  '#     )      )   ¨   10.0.0.2                                      10.0.0.22                                     7ƒxÕ´∂C@±k{ª%πC@   	  ¥⁄  '#     )      )   ¨   10.0.0.2                                      10.0.0.22                                     œæÚ =πC@m<ÿb∑ªC@   	  ¥⁄  '#     )      )   ¨   10.0.0.2                                      10.0.0.22                                     ÿ,óçŒªC@•.«HæC@   	  ¥⁄  '#     )      )   ¨   10.0.0.2                                      10.0.0.22                                     ü´≠ÿ_æC@ú1Ã	⁄¿C@   	  ¥⁄  '#     )      )   ¨   10.0.0.2                                      10.0.0.22                                     "ã4Ò¿C@•üpvk√C@   	  ¥⁄  '#     )      )   ¨   10.0.0.2                                      10.0.0.22                                     pòhêÇ√C@=öÍ…¸≈C@   	  ¥⁄  '#     )      )   ¨   10.0.0.2                                      10.0.0.22                                     ®ä©Ù∆C@•»%é»C@   	  ¥⁄  '#     )      )   ¨   10.0.0.2                                      10.0.0.22                                     ·|ÍX•»C@á•ÅÀC@   	  ¥⁄  '#     )      )   ¨   10.0.0.2                                      10.0.0.22                                     IÛ«¥6ÀC@ıIÓ∞ÕC@   	  ¥⁄  '#     )      )   ¨   10.0.0.2                                      10.0.0.22                                     ·ÌA»ÕC@ÆÔ√AB–C@   	  ¥⁄  '#     )      )   ¨   10.0.0.2                                      10.0.0.22                                     IddY–C@∑]hÆ”“C@   	  ¥⁄  '#     )      )   ¨   10.0.0.2                                      10.0.0.22                                     ÇV`»Í“C@Öô∂e’C@   	  ¥⁄  '#     )      )   ¨   10.0.0.2                                      10.0.0.22                                     Q⁄|’C@pÓØ˜◊C@   	  ¥⁄  '#     )      )   ¨   10.0.0.2                                      10.0.0.22                                     ≤KToÿC@M÷®á⁄C@   	  ¥⁄  '#     )      )   ¨   10.0.0.2                                      10.0.0.22                                     ¬1Àû⁄C@Á√≥›C@   	  ¥⁄  '#     )      )   ¨   10.0.0.2                                      10.0.0.22                                     S¥r/0›C@P:ë`™ﬂC@   	  ¥⁄  '#     )      )   ¨   10.0.0.2                                      10.0.0.22                                     ã¶≥ì¡ﬂC@à,“ƒ;‚C@   	  ¥⁄  '#     )      )   ¨   10.0.0.2                                      10.0.0.22                                     ÛëÔR‚C@¢Ø Õ‰C@   	  ¥⁄  '#     )      )   ¨   10.0.0.2                                      10.0.0.22                                     ,“S‰‰C@)ïÑ^ÁC@   	  ¥⁄  '#     )      )   ¨   10.0.0.2                                      10.0.0.22                                     ƒ	LßuÁC@¡èjÿÔÈC@   	  ¥⁄  '#     )      )   ¨   10.0.0.2                                      10.0.0.22                                     ,Ä)ÍC@)H4ÅÏC@   	  ¥⁄  '#     )      )   ¨   10.0.0.2                                      10.0.0.22                                     îˆ_òÏC@ë|%êÔC@    	  ¥⁄  '#     )      )   ¨   10.0.0.2                                      10.0.0.22                                     ÕËG√)ÔC@kf-§ÒC@   !	  ¥⁄  '#     )      )   ¨   10.0.0.2                                      10.0.0.22                                     €à'ªÒC@2ÂCP5ÙC@   "	  ¥⁄  '#     )      )   ¨   10.0.0.2                                      10.0.0.22                                     >Õ…ãLÙC@¨∆÷∆ˆC@   #	  ¥⁄  '#     )      )   ¨   10.0.0.2                                      10.0.0.22                                     îÿµΩ›ˆC@ÄÛ‚ƒW˘C@   $	  ¥⁄  '#     )      )   ¨   10.0.0.2                                      10.0.0.22                                     ˝Nìo˘C@‹ª}È˚C@   %	  ¥⁄  '#     )      )   ¨   10.0.0.2                                      10.0.0.22                                     e≈pu ¸C@CV∑z˛C@   &	  ¥⁄  '#     )      )   ¨   10.0.0.2                                      10.0.0.22                                     û∑±Ÿë˛C@±˙#D@   '	  ¥⁄  '#     )      )   ¨   10.0.0.2                                      10.0.0.22                                     e6»$#D@¥≠fùD@   (	  ¥⁄  '#     )      )   ¨   10.0.0.2                                      10.0.0.22                                     Õ¨•Ä¥D@ 2ƒ±.D@   )	  ¥⁄  '#     )      )   ¨   10.0.0.2                                      10.0.0.22                                     üÊ‰ED@3©°¿D@   *	  ¥⁄  '#     )      )   ¨   10.0.0.2                                      10.0.0.22                                     nƒ@◊D@<FzQD@   +	  ¥⁄  '#     )      )   ¨   10.0.0.2                                      10.0.0.22                                     >îhD@”¿Õ‚D@   ,	  ¥⁄  '#     )      )   ¨   10.0.0.2                                      10.0.0.22                                     ~‚ ˙D@2tD@   -	  ¥⁄  '#     )      )   ¨   10.0.0.2                                      10.0.0.22                                     Hp#eãD@r•ûD@   .	  ¥⁄  '#     )      )   ¨   10.0.0.2                                      10.0.0.22                                     Qﬁ«—D@NdÊóD@   /	  ¥⁄  '#     )      )   ¨   10.0.0.2                                      10.0.0.22                                     ËÿA%ÆD@	5C™(D@   0	  ¥⁄  '#     )      )   ¨   10.0.0.2                                      10.0.0.22                                     Ä”ªx?D@N’=≤πD@   1	  ¥⁄  '#     )      )   ¨   10.0.0.2                                      10.0.0.22                                     ÈIô‘–D@Êœ∑KD@   2	  ¥⁄  '#     )      )   ¨   10.0.0.2                                      10.0.0.22                                     !<⁄8bD@Ó=\r‹D@   3	  ¥⁄  '#     )      )   ¨   10.0.0.2                                      10.0.0.22                                     â≤∑îÛD@Ü8÷≈m"D@   4	  ¥⁄  '#     )      )   ¨   10.0.0.2                                      10.0.0.22                                     !≠1ËÑ"D@`"ﬁ:ˇ$D@   5	  ¥⁄  '#     )      )   ¨   10.0.0.2                                      10.0.0.22                                     *÷T%D@9ÊØê'D@   6	  ¥⁄  '#     )      )   ¨   10.0.0.2                                      10.0.0.22                                     cπß'D@`ì5Í!*D@   7	  ¥⁄  '#     )      )   ¨   10.0.0.2                                      10.0.0.22                                     ˚ë9*D@òÖvN≥,D@   8	  ¥⁄  '#     )      )   ¨   10.0.0.2                                      10.0.0.22                                     ‘ÒòÅ ,D@¸S™D/D@   9	  ¥⁄  '#     )      )   ¨   10.0.0.2                                      10.0.0.22                                     ‰ŸÂ[/D@
j¯÷1D@   :	  ¥⁄  '#     )      )   ¨   10.0.0.2                                      10.0.0.22                                     ûÌ—Ó1D@õsLh4D@   ;	  ¥⁄  '#     )      )   ¨   10.0.0.2                                      10.0.0.22                                     dØw4D@	ß/˙6D@   <	  ¥⁄  '#     )      )   ¨   10.0.0.2                                      10.0.0.22                                     n⁄å”7D@õ‰G¸ä9D@   =	  ¥⁄  '#     )      )   ¨   10.0.0.2                                      10.0.0.22                                     ’'¢9D@‘÷à`<D@   >	  ¥⁄  '#     )      )   ¨   10.0.0.2                                      10.0.0.22                                     ?«Gã3<D@<Mfº≠>D@   ?	  ¥⁄  '#     )      )   ¨   10.0.0.2                                      10.0.0.22                                     F^÷ƒ>D@‘G‡?AD@   @	  ¥⁄  '#     )      )   ¨   10.0.0.2                                      10.0.0.22                                     oº;2VAD@<æΩk–CD@   A	  ¥⁄  '#     )      )   ¨   10.0.0.2                                      10.0.0.22                                     ◊2éÁCD@‘∏7øaFD@   B	  ¥⁄  '#     )      )   ¨   10.0.0.2                                      10.0.0.22                                     %ZÚxFD@´x#ÛHD@   C	  ¥⁄  '#     )      )   ¨   10.0.0.2                                      10.0.0.22                                     ß‘E
ID@EùπáÑKD@   D	  ¥⁄  '#     )      )   ¨   10.0.0.2                                      10.0.0.22                                     ‡™õKD@›ó3€ND@   E	  ¥⁄  '#     )      )   ¨   10.0.0.2                                      10.0.0.22                                     HàÚ-ND@ät?ßPD@   F	  ¥⁄  '#     )      )   ¨   10.0.0.2                                      10.0.0.22                                     Åz3jæPD@~ Rõ8SD@   G	  ¥⁄  '#     )      )   ¨   10.0.0.2                                      10.0.0.22                                     u≠ΩOSD@Êv/˜…UD@   H	  ¥⁄  '#     )      )   ¨   10.0.0.2                                      10.0.0.22                                     ±o'·UD@~q©J[XD@   I	  ¥⁄  '#     )      )   ¨   10.0.0.2                                      10.0.0.22                                     ÊmrXD@l#ûÏZD@   J	  ¥⁄  '#     )      )   ¨   10.0.0.2                                      10.0.0.22                                     KÁ√≥[D@Hm‚‰~]D@   K	  ¥⁄  '#     )      )   ¨   10.0.0.2                                      10.0.0.22                                     ≥]°ñ]D@Å_#I`D@   L	  ¥⁄  '#     )      )   ¨   10.0.0.2                                      10.0.0.22                                     ÏO‚s'`D@È’ •°bD@   M	  ¥⁄  '#     )      )   ¨   10.0.0.2                                      10.0.0.22                                     ≥Œ¯æ∏bD@‡ÿ≥Á2eD@   N	  ¥⁄  '#     )      )   ¨   10.0.0.2                                      10.0.0.22                                     E÷JeD@ÀÙKƒgD@   O	  ¥⁄  '#     )      )   ¨   10.0.0.2                                      10.0.0.22                                     Ñª≥v€gD@QΩ5∞UjD@   P	  ¥⁄  '#     )      )   ¨   10.0.0.2                                      10.0.0.22                                     Ï1ë“ljD@äØvÁlD@   Q	  ¥⁄  '#     )      )   ¨   10.0.0.2                                      10.0.0.22                                     %$“6˛lD@Q.ç_xoD@   R	  ¥⁄  '#     )      )   ¨   10.0.0.2                                      10.0.0.22                                     ]õèoD@Zú1Ã	rD@   S	  ¥⁄  '#     )      )   ¨   10.0.0.2                                      10.0.0.22                                     ıçÓ rD@Úñ´õtD@   T	  ¥⁄  '#     )      )   ¨   10.0.0.2                                      10.0.0.22                                     ]ájJ≤tD@π·w”-wD@   U	  ¥⁄  '#     )      )   ¨   10.0.0.2                                      10.0.0.22                                     7qrøCwD@sÙ¯ΩyD@   V	  ¥⁄  '#     )      )   ¨   10.0.0.2                                      10.0.0.22                                     üÁO’yD@lÈ—TO|D@   W	  ¥⁄  '#     )      )   ¨   10.0.0.2                                      10.0.0.22                                     ^-wf|D@4hËü‡~D@   X	  ¥⁄  '#     )      )   ¨   10.0.0.2                                      10.0.0.22                                     œ‹C¬˜~D@lZ)rÅD@   Y	  ¥⁄  '#     )      )   ¨   10.0.0.2                                      10.0.0.22                                     7S!âÅD@4Ÿ?OÑD@   Z	  ¥⁄  '#     )      )   ¨   10.0.0.2                                      10.0.0.22                                     @¡≈äÑD@=G‰ªîÜD@   [	  ¥⁄  '#     )      )   ¨   10.0.0.2                                      10.0.0.22                                     @‹’´ÜD@’A^&âD@   \	  ¥⁄  '#     )      )   ¨   10.0.0.2                                      10.0.0.22                                     @2:=âD@=∏;k∑ãD@   ]	  ¥⁄  '#     )      )   ¨   10.0.0.2                                      10.0.0.22                                     ®®˙ïŒãD@v™|œHéD@   ^	  ¥⁄  '#     )      )   ¨   10.0.0.2                                      10.0.0.22                                     ·ö;˙_éD@ﬁ Z+⁄êD@   _	  ¥⁄  '#     )      )   ¨   10.0.0.2                                      10.0.0.22                                     yïµMÒêD@v‘~kìD@   `	  ¥⁄  '#     )      )   ¨   10.0.0.2                                      10.0.0.22                                     ·ì©ÇìD@âxÎ¸ïD@   a	  ¥⁄  '#     )      )   ¨   10.0.0.2                                      10.0.0.22                                     y˝ñD@Fè6éòD@   b	  ¥⁄  '#     )      )   ¨   10.0.0.2                                      10.0.0.22                                     Çt±i•òD@êe¡ƒõD@   c	  ¥⁄  '#     )      )   ¨   10.0.0.2                                      10.0.0.22                                     ÍÍé≈6õD@ıIÓ∞ùD@   d	  ¥⁄  '#     )      )   ¨   10.0.0.2                                      10.0.0.22                                     ÇÂ»ùD@=|ô(B†D@   e	  ¥⁄  '#     )      )   ¨   10.0.0.2                                      10.0.0.22                                     ‡ÇlY†D@vn⁄å”¢D@   f	  ¥⁄  '#     )      )   ¨   10.0.0.2                                      10.0.0.22                                     ·^ô∑Í¢D@mqçœd•D@   g	  ¥⁄  '#     )      )   ¨   10.0.0.2                                      10.0.0.22                                     ©›Ø|•D@5£ˆßD@   h	  ¥⁄  '#     )      )   ¨   10.0.0.2                                      10.0.0.22                                     Aÿ)V®D@¸n∫eá™D@   i	  ¥⁄  '#     )      )   ¨   10.0.0.2                                      10.0.0.22                                     ÿ“£©û™D@Ûqm®≠D@   j	  ¥⁄  '#     )      )   ¨   10.0.0.2                                      10.0.0.22                                     †Q∫Ù/≠D@st¥™ØD@   k	  ¥⁄  '#     )      )   ¨   10.0.0.2                                      10.0.0.22                                      $ò¿ØD@™)…:≤D@   l	  ¥⁄  '#     )      )   ¨   10.0.0.2                                      10.0.0.22                                     âöËÛQ≤D@Ü %Ã¥D@   m	  ¥⁄  '#     )      )   ¨   10.0.0.2                                      10.0.0.22                                     Ò∆O„¥D@èé´ë]∑D@   n	  ¥⁄  '#     )      )   ¨   10.0.0.2                                      10.0.0.22                                     ˙~jºt∑D@µ˚ÀÓπD@   o	  ¥⁄  '#     )      )   ¨   10.0.0.2                                      10.0.0.22                                     íy‰∫D@æÉü8ÄºD@   p	  ¥⁄  '#     )      )   ¨   10.0.0.2                                      10.0.0.22                                     *t^cóºD@'˙|îøD@   q	  ¥⁄  '#     )      )   ¨   10.0.0.2                                      10.0.0.22                                     ¡nÿ∂(øD@Óxìﬂ¢¡D@   r	  ¥⁄  '#     )      )   ¨   10.0.0.2                                      10.0.0.22                                     *Âµ∫¡D@Üs34ƒD@   s	  ¥⁄  '#     )      )   ¨   10.0.0.2                                      10.0.0.22                                     ¬ﬂ/fKƒD@náÜ≈∆D@   t	  ¥⁄  '#     )      )   ¨   10.0.0.2                                      10.0.0.22                                     *V¬‹∆D@V`»ÍV…D@   u	  ¥⁄  '#     )      )   ¨   10.0.0.2                                      10.0.0.22                                     Ò‘#n…D@ÓZB>ËÀD@   v	  ¥⁄  '#     )      )   ¨   10.0.0.2                                      10.0.0.22                                     ZKiˇÀD@ºñêzŒD@   w	  ¥⁄  '#     )      )   ¨   10.0.0.2                                      10.0.0.22                                     ÒE{ºêŒD@P6Â
—D@   x	  ¥⁄  '#     )      )   ¨   10.0.0.2                                      10.0.0.22                                     â@ı"—D@Ü∆Aú”D@   y	  ¥⁄  '#     )      )   ¨   10.0.0.2                                      10.0.0.22                                     Ú∂“k≥”D@Ô<Òú-÷D@   z	  ¥⁄  '#     )      )   ¨   10.0.0.2                                      10.0.0.22                                     Z-∞«D÷D@∂ªËæÿD@   {	  ¥⁄  '#     )      )   ¨   10.0.0.2                                      10.0.0.22                                     !¨∆÷ÿD@2ÂCP€D@   |	  ¥⁄  '#     )      )   ¨   10.0.0.2                                      10.0.0.22                                     ä"§ng€D@∂,_ó·›D@   }	  ¥⁄  '#     )      )   ¨   10.0.0.2                                      10.0.0.22                                     !¬¯›D@£<Ûr‡D@   ~	  ¥⁄  '#     )      )   ¨   10.0.0.2                                      10.0.0.22                                     äì˚ä‡D@áO„D@   	  ¥⁄  '#     )      )   ¨   10.0.0.2                                      10.0.0.22                                     "éuq„D@êáæªïÂD@   Ä	  ¥⁄  '#     )      )   ¨   10.0.0.2                                      10.0.0.22                                     äSÕ¨ÂD@áäq˛&ËD@   Å	  ¥⁄  '#     )      )   ¨   10.0.0.2                                      10.0.0.22                                     ¬ˆì1>ËD@ê¯k∏ÍD@   Ç	  ¥⁄  '#     )      )   ¨   10.0.0.2                                      10.0.0.22                                     ZÒÖœÍD@Ww,∂IÌD@   É	  ¥⁄  '#     )      )   ¨   10.0.0.2                                      10.0.0.22                                     "p$–`ÌD@ˆB€ÔD@   Ñ	  ¥⁄  '#     )      )   ¨   10.0.0.2                                      10.0.0.22                                     äÊ,ÚÔD@»[Æ~lÚD@   Ö	  ¥⁄  '#     )      )   ¨   10.0.0.2                                      10.0.0.22                                     Ú\ﬂáÉÚD@Ô‚˝∏˝ÙD@   Ü	  ¥⁄  '#     )      )   ¨   10.0.0.2                                      10.0.0.22                                     [”º„ıD@Ú_ ê˜D@   á	  ¥⁄  '#     )      )   ¨   10.0.0.2                                      10.0.0.22                                     ì≈˝G¶˜D@`«Å ˙D@   à	  ¥⁄  '#     )      )   ¨   10.0.0.2                                      10.0.0.22                                     Ã∑>¨7˙D@…=]›±¸D@   â	  ¥⁄  '#     )      )   ¨   10.0.0.2                                      10.0.0.22                                     4.…¸D@0ûACˇD@   ä	  ¥⁄  '#     )      )   ¨   10.0.0.2                                      10.0.0.22                                     ú§˘cZˇD@ô*ï‘E@   ã	  ¥⁄  '#     )      )   ¨   10.0.0.2                                      10.0.0.22                                     d#ØÎE@a©.‡eE@   å	  ¥⁄  '#     )      )   ¨   10.0.0.2                                      10.0.0.22                                     úQ}E@…<˜E@   ç	  ¥⁄  '#     )      )   ¨   10.0.0.2                                      10.0.0.22                                     å.oE@1ñÈóà	E@   é	  ¥⁄  '#     )      )   ¨   10.0.0.2                                      10.0.0.22                                     =~o”ü	E@:éE@   è	  ¥⁄  '#     )      )   ¨   10.0.0.2                                      10.0.0.22                                     ’xÈ&1E@sˆŒh´E@   ê	  ¥⁄  '#     )      )   ¨   10.0.0.2                                      10.0.0.22                                     k*ã¬E@ÒHº<E@   ë	  ¥⁄  '#     )      )   ¨   10.0.0.2                                      10.0.0.22                                     •e§ﬁSE@¢Î¬ŒE@   í	  ¥⁄  '#     )      )   ¨   10.0.0.2                                      10.0.0.22                                     ﬁWÂBÂE@€›t_E@   ì	  ¥⁄  '#     )      )   ¨   10.0.0.2                                      10.0.0.22                                     ö\åÅuE@ç|^ÒE@   î	  ¥⁄  '#     )      )   ¨   10.0.0.2                                      10.0.0.22                                     ”NÕÂE@S≥ZÅE@   ï	  ¥⁄  '#     )      )   ¨   10.0.0.2                                      10.0.0.22                                     AJòE@ŸBêÉE@   ñ	  ¥⁄  '#     )      )   ¨   10.0.0.2                                      10.0.0.22                                     t∑Î•)E@‚∞4£ E@   ó	  ¥⁄  '#     )      )   ¨   10.0.0.2                                      10.0.0.22                                     ≤e˘∫ E@ªö<e5#E@   ò	  ¥⁄  '#     )      )   ¨   10.0.0.2                                      10.0.0.22                                     D§¶]L#E@Sï∂∏∆%E@   ô	  ¥⁄  '#     )      )   ¨   10.0.0.2                                      10.0.0.22                                     ¨Ñπ›%E@ÕX(E@   ö	  ¥⁄  '#     )      )   ¨   10.0.0.2                                      10.0.0.22                                     ëao(E@ShÈ*E@   õ	  ¥⁄  '#     )      )   ¨   10.0.0.2                                      10.0.0.22                                     }?q +E@ª|Î√z-E@   ú	  ¥⁄  '#     )      )   ¨   10.0.0.2                                      10.0.0.22                                     Â}Õë-E@≤û0E@   ù	  ¥⁄  '#     )      )   ¨   10.0.0.2                                      10.0.0.22                                     p]1#0E@ˆ{bù2E@   û	  ¥⁄  '#     )      )   ¨   10.0.0.2                                      10.0.0.22                                     Vbûï¥2E@ï◊JË.5E@   ü	  ¥⁄  '#     )      )   ¨   10.0.0.2                                      10.0.0.22                                     æÿ{ÒE5E@\Va3¿7E@   †	  ¥⁄  '#     )      )   ¨   10.0.0.2                                      10.0.0.22                                     'OYM◊7E@É›∞mQ:E@   °	  ¥⁄  '#     )      )   ¨   10.0.0.2                                      10.0.0.22                                     è≈6©h:E@û∂F„<E@   ¢	  ¥⁄  '#     )      )   ¨   10.0.0.2                                      10.0.0.22                                     ò3€˙<E@e5]Ot?E@   £	  ¥⁄  '#     )      )   ¨   10.0.0.2                                      10.0.0.22                                     –%zã?E@åº¨âBE@   §	  ¥⁄  '#     )      )   ¨   10.0.0.2                                      10.0.0.22                                     9ú˘’BE@û{óDE@   •	  ¥⁄  '#     )      )   ¨   10.0.0.2                                      10.0.0.22                                     °◊1ÆDE@ûòıb(GE@   ¶	  ¥⁄  '#     )      )   ¨   10.0.0.2                                      10.0.0.22                                     	â¥ç?GE@◊ä6«πIE@   ß	  ¥⁄  '#     )      )   ¨   10.0.0.2                                      10.0.0.22                                     qˇëÈ–IE@}w+KLE@   ®	  ¥⁄  '#     )      )   ¨   10.0.0.2                                      10.0.0.22                                     ™Ò“MbLE@Îò‹NE@   ©	  ¥⁄  '#     )      )   ¨   10.0.0.2                                      10.0.0.22                                     ≥_w∫ÛNE@∞ÂïÎmQE@   ™	  ¥⁄  '#     )      )   ¨   10.0.0.2                                      10.0.0.22                                     ÷TÖQE@È◊÷OˇSE@   ´	  ¥⁄  '#     )      )   ¨   10.0.0.2                                      10.0.0.22                                     ≥–ŒiTE@∞VÌöêVE@   ¨	  ¥⁄  '#     )      )   ¨   10.0.0.2                                      10.0.0.22                                     Ï¬ŒßVE@πƒë"YE@   ≠	  ¥⁄  '#     )      )   ¨   10.0.0.2                                      10.0.0.22                                     ≈¨C9YE@¬26t≥[E@   Æ	  ¥⁄  '#     )      )   ¨   10.0.0.2                                      10.0.0.22                                     ˛ûXß [E@*©–D^E@   Ø	  ¥⁄  '#     )      )   ¨   10.0.0.2                                      10.0.0.22                                     f6\^E@3∏<÷`E@   ∞	  ¥⁄  '#     )      )   ¨   10.0.0.2                                      10.0.0.22                                     oÉ⁄oÌ`E@õçïògcE@   ±	  ¥⁄  '#     )      )   ¨   10.0.0.2                                      10.0.0.22                                     ßu‘~cE@§˚9˘eE@   ≤	  ¥⁄  '#     )      )   ¨   10.0.0.2                                      10.0.0.22                                     Ï¯/fE@raähE@   ≥	  ¥⁄  '#     )      )   ¨   10.0.0.2                                      10.0.0.22                                     xb÷ã°hE@EdX≈kE@   ¥	  ¥⁄  '#     )      )   ¨   10.0.0.2                                      10.0.0.22                                     ∞T2kE@≠⁄5!≠mE@   µ	  ¥⁄  '#     )      )   ¨   10.0.0.2                                      10.0.0.22                                     ÈFXTƒmE@ÊÃvÖ>pE@   ∂	  ¥⁄  '#     )      )   ¨   10.0.0.2                                      10.0.0.22                                     QΩ5∞UpE@ø∑ÈœrE@   ∑	  ¥⁄  '#     )      )   ¨   10.0.0.2                                      10.0.0.22                                     π3ÁrE@Ê=Œ4auE@   ∏	  ¥⁄  '#     )      )   ¨   10.0.0.2                                      10.0.0.22                                     "™gxuE@Ô´r°ÚwE@   π	  ¥⁄  '#     )      )   ¨   10.0.0.2                                      10.0.0.22                                     ∫§jª	xE@•øó¬ÉzE@   ∫	  ¥⁄  '#     )      )   ¨   10.0.0.2                                      10.0.0.22                                     Qü‰õzE@°fH}E@   ª	  ¥⁄  '#     )      )   ¨   10.0.0.2                                      10.0.0.22                                     äë%s,}E@(µ¶E@   º	  ¥⁄  '#     )      )   ¨   10.0.0.2                                      10.0.0.22                                     √Éf◊ΩE@êÖË8ÇE@   Ω	  ¥⁄  '#     )      )   ¨   10.0.0.2                                      10.0.0.22                                     ÃÒ
DOÇE@ÏM……ÑE@   æ	  ¥⁄  '#     )      )   ¨   10.0.0.2                                      10.0.0.22                                     ‰K®‡ÑE@“ÂÕ·ZáE@   ø	  ¥⁄  '#     )      )   ¨   10.0.0.2                                      10.0.0.22                                     lZ)ráE@
ÿFÏâE@   ¿	  ¥⁄  '#     )      )   ¨   10.0.0.2                                      10.0.0.22                                     ’–`äE@rNÏ°}åE@   ¡	  ¥⁄  '#     )      )   ¨   10.0.0.2                                      10.0.0.22                                     =G‰ªîåE@iQü‰èE@   ¬	  ¥⁄  '#     )      )   ¨   10.0.0.2                                      10.0.0.22                                     •Ω¡&èE@¢C‡H†ëE@   √	  ¥⁄  '#     )      )   ¨   10.0.0.2                                      10.0.0.22                                     ﬁØ|∑ëE@´±Ñµ1îE@   ƒ	  ¥⁄  '#     )      )   ¨   10.0.0.2                                      10.0.0.22                                     F&‡◊HîE@C¨˛√ñE@   ≈	  ¥⁄  '#     )      )   ¨   10.0.0.2                                      10.0.0.22                                     ÆúΩ3⁄ñE@œ¯æ∏TôE@   ∆	  ¥⁄  '#     )      )   ¨   10.0.0.2                                      10.0.0.22                                     õèkôE@ôπ¿ÂõE@   «	  ¥⁄  '#     )      )   ¨   10.0.0.2                                      10.0.0.22                                     Æ„¸õE@|ówûE@   »	  ¥⁄  '#     )      )   ¨   10.0.0.2                                      10.0.0.22                                     Fè6éûE@Ö};â°E@   …	  ¥⁄  '#     )      )   ¨   10.0.0.2                                      10.0.0.22                                     Æ~lí°E@´ã√ô£E@    	  ¥⁄  '#     )      )   ¨   10.0.0.2                                      10.0.0.22                                     ıIÓ∞£E@‰ˆÀ'+¶E@   À	  ¥⁄  '#     )      )   ¨   10.0.0.2                                      10.0.0.22                                     k'JB¶E@Lm©Éº®E@   Ã	  ¥⁄  '#     )      )   ¨   10.0.0.2                                      10.0.0.22                                     Á·¶”®E@Ö_ÍÁM´E@   Õ	  ¥⁄  '#     )      )   ¨   10.0.0.2                                      10.0.0.22                                     ‹~˘d´E@|bù*ﬂ≠E@   Œ	  ¥⁄  '#     )      )   ¨   10.0.0.2                                      10.0.0.22                                     ◊¯Lˆ≠E@‰ÿzÜp∞E@   œ	  ¥⁄  '#     )      )   ¨   10.0.0.2                                      10.0.0.22                                     O…9±á∞E@|”ÙŸ≥E@   –	  ¥⁄  '#     )      )   ¨   10.0.0.2                                      10.0.0.22                                     ∏?≥E@µ≈5>ìµE@   —	  ¥⁄  '#     )      )   ¨   10.0.0.2                                      10.0.0.22                                      ∂Ùh™µE@Ì∑v¢$∏E@   “	  ¥⁄  '#     )      )   ¨   10.0.0.2                                      10.0.0.22                                     à,“ƒ;∏E@?∆‹µ∫E@   ”	  ¥⁄  '#     )      )   ¨   10.0.0.2                                      10.0.0.22                                      'LÕ∫E@≠jIGΩE@   ‘	  ¥⁄  '#     )      )   ¨   10.0.0.2                                      10.0.0.22                                     Yç|^ΩE@&∂ÿøE@   ’	  ¥⁄  '#     )      )   ¨   10.0.0.2                                      10.0.0.22                                     ëŒ‡ÔøE@éëÏj¬E@   ÷	  ¥⁄  '#     )      )   ¨   10.0.0.2                                      10.0.0.22                                      ˝EÅ¬E@ˆ m˚ƒE@   ◊	  ¥⁄  '#     )      )   ¨   10.0.0.2                                      10.0.0.22                                     2tÏ†≈E@_~ß…å«E@   ÿ	  ¥⁄  '#     )      )   ¨   10.0.0.2                                      10.0.0.22                                     öÍ…¸£«E@>%Áƒ E@   Ÿ	  ¥⁄  '#     )      )   ¨   10.0.0.2                                      10.0.0.22                                     2ÂCP5 E@/kbÅØÃE@   ⁄	  ¥⁄  '#     )      )   ¨   10.0.0.2                                      10.0.0.22                                     ö[!¨∆ÃE@JD¯AœE@   €	  ¥⁄  '#     )      )   ¨   10.0.0.2                                      10.0.0.22                                     “˛XœE@ X9“—E@   ‹	  ¥⁄  '#     )      )   ¨   10.0.0.2                                      10.0.0.22                                     öÃx[È—E@	∆¡•c‘E@   ›	  ¥⁄  '#     )      )   ¨   10.0.0.2                                      10.0.0.22                                     ”æπøz‘E@–DÿÙ÷E@   ﬁ	  ¥⁄  '#     )      )   ¨   10.0.0.2                                      10.0.0.22                                     ¨®¡4◊E@©.‡eÜŸE@   ﬂ	  ¥⁄  '#     )      )   ¨   10.0.0.2                                      10.0.0.22                                     D£;àùŸE@A)Zπ‹E@   ‡	  ¥⁄  '#     )      )   ¨   10.0.0.2                                      10.0.0.22                                     ¨‰.‹E@™ü7©ﬁE@   ·	  ¥⁄  '#     )      )   ¨   10.0.0.2                                      10.0.0.22                                     ÂZH¿ﬁE@ 52;·E@   ‚	  ¥⁄  '#     )      )   ¨   10.0.0.2                                      10.0.0.22                                     MÇ7§Q·E@Ñπ›À„E@   „	  ¥⁄  '#     )      )   ¨   10.0.0.2                                      10.0.0.22                                     Ütx„„E@≥~31]ÊE@   ‰	  ¥⁄  '#     )      )   ¨   10.0.0.2                                      10.0.0.22                                     ÓÍUdtÊE@åh;¶ÓËE@   Â	  ¥⁄  '#     )      )   ¨   10.0.0.2                                      10.0.0.22                                     '›ñ»ÈE@ÙﬁÄÎE@   Ê	  ¥⁄  '#     )      )   ¨   10.0.0.2                                      10.0.0.22                                     èSt$óÎE@åŸíUÓE@   Á	  ¥⁄  '#     )      )   ¨   10.0.0.2                                      10.0.0.22                                     »Eµà(ÓE@ÙOp±¢E@   Ë	  ¥⁄  '#     )      )   ¨   10.0.0.2                                      10.0.0.22                                     0ºí‰πE@˝Ω4ÛE@   È	  ¥⁄  '#     )      )   ¨   10.0.0.2                                      10.0.0.22                                     hÆ”HKÛE@e4Úy≈ıE@   Í	  ¥⁄  '#     )      )   ¨   10.0.0.2                                      10.0.0.22                                     —$±§‹ıE@ÄàW¯E@   Î	  ¥⁄  '#     )      )   ¨   10.0.0.2                                      10.0.0.22                                     ò£«Ôm¯E@Bœf’Á˙E@   Ï	  ¥⁄  '#     )      )   ¨   10.0.0.2                                      10.0.0.22                                     ø**ˇ˙E@⁄…‡(y˝E@   Ì	  ¥⁄  '#     )      )   ¨   10.0.0.2                                      10.0.0.22                                     W%ë}ê˝E@„7Öï
 F@   Ó	  ¥⁄  '#     )      )   ¨   10.0.0.2                                      10.0.0.22                                     Ô—! F@KÆbÒõF@   Ô	  ¥⁄  '#     )      )   ¨   10.0.0.2                                      10.0.0.22                                     Ωè£9≤F@I¢óQ,F@   	  ¥⁄  '#     )      )   ¨   10.0.0.2                                      10.0.0.22                                     UäçCF@‡ú•ΩF@   Ò	  ¥⁄  '#     )      )   ¨   10.0.0.2                                      10.0.0.22                                     	4ÿ‘F@xóã¯N
F@   Ú	  ¥⁄  '#     )      )   ¨   10.0.0.2                                      10.0.0.22                                     Ñ4f
F@íL‡F@   Û	  ¥⁄  '#     )      )   ¨   10.0.0.2                                      10.0.0.22                                     zãá˜F@ÿóqF@   Ù	  ¥⁄  '#     )      )   ¨   10.0.0.2                                      10.0.0.22                                     ¥t€àF@]˚F@   ı	  ¥⁄  '#     )      )   ¨   10.0.0.2                                      10.0.0.22                                     Lo.F@ÿÅsFîF@   ˆ	  ¥⁄  '#     )      )   ¨   10.0.0.2                                      10.0.0.22                                     Óïy´F@ü äë%F@   ˜	  ¥⁄  '#     )      )   ¨   10.0.0.2                                      10.0.0.22                                     |ds’<F@Í]º∑F@   ¯	  ¥⁄  '#     )      )   ¨   10.0.0.2                                      10.0.0.22                                     _Ì(ŒF@†q·@HF@   ˘	  ¥⁄  '#     )      )   ¨   10.0.0.2                                      10.0.0.22                                     |’ Ñ_F@ËæúŸF@   ˙	  ¥⁄  '#     )      )   ¨   10.0.0.2                                      10.0.0.22                                     –DÿF@p^ú¯j!F@   ˚	  ¥⁄  '#     )      )   ¨   10.0.0.2                                      10.0.0.22                                     ¨ æ+Ç!F@7›≤C¸#F@   ¸	  ¥⁄  '#     )      )   ¨   10.0.0.2                                      10.0.0.22                                     C≈8$F@«∫∏ç&F@   ˝	  ¥⁄  '#     )      )   ¨   10.0.0.2                                      10.0.0.22                                     €ø≤“§&F@ m˚)F@   ˛	  ¥⁄  '#     )      )   ¨   10.0.0.2                                      10.0.0.22                                     s∫,&6)F@ˇÃ >∞+F@   ˇ	  ¥⁄  '#     )      )   ¨   10.0.0.2                                      10.0.0.22                                     µ¶y«+F@«K7âA.F@    
  ¥⁄  '#     )      )   ¨   10.0.0.2                                      10.0.0.22                                     \[%X.F@∏ë≤E“0F@   
  ¥⁄  '#     )      )   ¨   10.0.0.2                                      10.0.0.22                                     Ù˝‘xÈ0F@ ê°c3F@   
  ¥⁄  '#     )      )   ¨   10.0.0.2                                      10.0.0.22                                     \t≤‘z3F@ËÜ¶ÏÙ5F@   
  ¥⁄  '#     )      )   ¨   10.0.0.2                                      10.0.0.22                                     #Û»6F@ØΩ7Ü8F@   
  ¥⁄  '#     )      )   ¨   10.0.0.2                                      10.0.0.22                                     åi¶{ù8F@wÑ”Ç;F@   
  ¥⁄  '#     )      )   ¨   10.0.0.2                                      10.0.0.22                                     SËº∆.;F@ﬂ˙∞ﬁ®=F@   
  ¥⁄  '#     )      )   ¨   10.0.0.2                                      10.0.0.22                                     Î‚6¿=F@wı*2:@F@   
  ¥⁄  '#     )      )   ¨   10.0.0.2                                      10.0.0.22                                     SYvQ@F@§ÖÀBF@   
  ¥⁄  '#     )      )   ¨   10.0.0.2                                      10.0.0.22                                     åKU⁄‚BF@H‚ÂÈ\EF@   	
  ¥⁄  '#     )      )   ¨   10.0.0.2                                      10.0.0.22                                     $Fœ-tEF@∞X√EÓGF@   

  ¥⁄  '#     )      )   ¨   10.0.0.2                                      10.0.0.22                                     º@IÅHF@w◊ŸêJF@   
  ¥⁄  '#     )      )   ¨   10.0.0.2                                      10.0.0.22                                     $∑&›ñJF@∞…ıMF@   
  ¥⁄  '#     )      )   ¨   10.0.0.2                                      10.0.0.22                                     º±†0(MF@wH1@¢OF@   
  ¥⁄  '#     )      )   ¨   10.0.0.2                                      10.0.0.22                                     T¨ÑπOF@∞:r§3RF@   
  ¥⁄  '#     )      )   ¨   10.0.0.2                                      10.0.0.22                                     +1œJRF@xπàÔƒTF@   
  ¥⁄  '#     )      )   ¨   10.0.0.2                                      10.0.0.22                                     ≥%´"‹TF@?8ü:VWF@   
  ¥⁄  '#     )      )   ¨   10.0.0.2                                      10.0.0.22                                     K %vmWF@∑µÖÁYF@   
  ¥⁄  '#     )      )   ¨   10.0.0.2                                      10.0.0.22                                     ZK ˛YF@Êë?x\F@   
  ¥⁄  '#     )      )   ¨   10.0.0.2                                      10.0.0.22                                     "˛aKè\F@Ot	_F@   
  ¥⁄  '#     )      )   ¨   10.0.0.2                                      10.0.0.22                                     ∫¯€û _F@F–∂öaF@   
  ¥⁄  '#     )      )   ¨   10.0.0.2                                      10.0.0.22                                     RÛUÚ±aF@~˝,dF@   
  ¥⁄  '#     )      )   ¨   10.0.0.2                                      10.0.0.22                                     ∫i3NCdF@F|'fΩfF@   
  ¥⁄  '#     )      )   ¨   10.0.0.2                                      10.0.0.22                                     "‡™‘fF@ÆÚ¬NiF@   
  ¥⁄  '#     )      )   ¨   10.0.0.2                                      10.0.0.22                                     Í^'ıeiF@FÌ~‡kF@   
  ¥⁄  '#     )      )   ¨   10.0.0.2                                      10.0.0.22                                     ÅY°H˜kF@=1XqnF@   
  ¥⁄  '#     )      )   ¨   10.0.0.2                                      10.0.0.22                                     Íœ~§ànF@•f¥qF@   
  ¥⁄  '#     )      )   ¨   10.0.0.2                                      10.0.0.22                                     ±NïÔqF@mÂ%ˇìsF@   
  ¥⁄  '#     )      )   ¨   10.0.0.2                                      10.0.0.22                                     yÕ´:´sF@‡üR%vF@   
  ¥⁄  '#     )      )   ¨   10.0.0.2                                      10.0.0.22                                     ·Câñ<vF@U˙	g∑xF@   
  ¥⁄  '#     )      )   ¨   10.0.0.2                                      10.0.0.22                                     y>ÍÕxF@AÉMùG{F@   
  ¥⁄  '#     )      )   ¨   10.0.0.2                                      10.0.0.22                                     ˇÕã_{F@mUŸ}F@   
  ¥⁄  '#     )      )   ¨   10.0.0.2                                      10.0.0.22                                     «L¢^}F@ÛV]ájÄF@    
  ¥⁄  '#     )      )   ¨   10.0.0.2                                      10.0.0.22                                     ^G≤ÅÄF@ÍY ˚ÇF@   !
  ¥⁄  '#     )      )   ¨   10.0.0.2                                      10.0.0.22                                     ˆAñÉF@S–Ì%çÖF@   "
  ¥⁄  '#     )      )   ¨   10.0.0.2                                      10.0.0.22                                     æ¿¨P§ÖF@Í gyàF@   #
  ¥⁄  '#     )      )   ¨   10.0.0.2                                      10.0.0.22                                     Vª&§5àF@SAE’ØäF@   $
  ¥⁄  '#     )      )   ¨   10.0.0.2                                      10.0.0.22                                     æ1 «äF@¿[ AçF@   %
  ¥⁄  '#     )      )   ¨   10.0.0.2                                      10.0.0.22                                     V,~SXçF@Ç69|“èF@   &
  ¥⁄  '#     )      )   ¨   10.0.0.2                                      10.0.0.22                                     Ó&¯¶ÈèF@z9ÏæcíF@   '
  ¥⁄  '#     )      )   ¨   10.0.0.2                                      10.0.0.22                                     Vù’{íF@‚Ø…ıîF@   (
  ¥⁄  '#     )      )   ¨   10.0.0.2                                      10.0.0.22                                     ÓóOVïF@z™CnÜóF@   )
  ¥⁄  '#     )      )   ¨   10.0.0.2                                      10.0.0.22                                     µf°ùóF@A)ZπöF@   *
  ¥⁄  '#     )      )   ¨   10.0.0.2                                      10.0.0.22                                     M‡Ù.öF@©ü7©úF@   +
  ¥⁄  '#     )      )   ¨   10.0.0.2                                      10.0.0.22                                     ÂZH¿úF@Aö±h:üF@   ,
  ¥⁄  '#     )      )   ¨   10.0.0.2                                      10.0.0.22                                     }‘õQüF@Ÿî+ºÀ°F@   -
  ¥⁄  '#     )      )   ¨   10.0.0.2                                      10.0.0.22                                     NÔ‚°F@qè•]§F@   .
  ¥⁄  '#     )      )   ¨   10.0.0.2                                      10.0.0.22                                     ‹d:t§F@	äcÓ¶F@   /
  ¥⁄  '#     )      )   ¨   10.0.0.2                                      10.0.0.22                                     tzﬁçßF@0où©F@   0
  ¥⁄  '#     )      )   ¨   10.0.0.2                                      10.0.0.22                                     <˘Ùÿñ©F@»È¨F@   1
  ¥⁄  '#     )      )   ¨   10.0.0.2                                      10.0.0.22                                     ‘Ûn,(¨F@èäˇ;¢ÆF@   2
  ¥⁄  '#     )      )   ¨   10.0.0.2                                      10.0.0.22                                     õrÖwπÆF@W	á3±F@   3
  ¥⁄  '#     )      )   ¨   10.0.0.2                                      10.0.0.22                                     ¯nÛ∆I±F@¥Ñ÷√≥F@   4
  ¥⁄  '#     )      )   ¨   10.0.0.2                                      10.0.0.22                                     êim€≥F@|a2U∂F@   5
  ¥⁄  '#     )      )   ¨   10.0.0.2                                      10.0.0.22                                     ¯ﬂJvl∂F@¥v€ÖÊ∏F@   6
  ¥⁄  '#     )      )   ¨   10.0.0.2                                      10.0.0.22                                     ê⁄ƒ…˝∏F@ôùûwªF@   7
  ¥⁄  '#     )      )   ¨   10.0.0.2                                      10.0.0.22                                     ÊÂ∞˚éªF@¿ïÏÿæF@   8
  ¥⁄  '#     )      )   ¨   10.0.0.2                                      10.0.0.22                                     Æd«F æF@´ÍÂwö¿F@   9
  ¥⁄  '#     )      )   ¨   10.0.0.2                                      10.0.0.22                                     F_Aö±¿F@¢Ìò∫+√F@   :
  ¥⁄  '#     )      )   ¨   10.0.0.2                                      10.0.0.22                                     ﬁWÂB√F@…tËÙº≈F@   ;
  ¥⁄  '#     )      )   ¨   10.0.0.2                                      10.0.0.22                                     ’\n0‘≈F@ëÛ˛?N»F@   <
  ¥⁄  '#     )      )   ¨   10.0.0.2                                      10.0.0.22                                     mWËÉe»F@˘i‹õﬂ F@   =
  ¥⁄  '#     )      )   ¨   10.0.0.2                                      10.0.0.22                                     Rb◊ˆ F@a‡π˜pÕF@   >
  ¥⁄  '#     )      )   ¨   10.0.0.2                                      10.0.0.22                                     m»?3àÕF@: ¡l–F@   ?
  ¥⁄  '#     )      )   ¨   10.0.0.2                                      10.0.0.22                                     √πÜ–F@›Êçì“F@   @
  ¥⁄  '#     )      )   ¨   10.0.0.2                                      10.0.0.22                                     ÃA–—™“F@éïòg%’F@   A
  ¥⁄  '#     )      )   ¨   10.0.0.2                                      10.0.0.22                                     î¿Ê<’F@N>=∂◊F@   B
  ¥⁄  '#     )      )   ¨   10.0.0.2                                      10.0.0.22                                     [?˝gÕ◊F@ÁQÒG⁄F@   C
  ¥⁄  '#     )      )   ¨   10.0.0.2                                      10.0.0.22                                     Û9wª^⁄F@Ø–Àÿ‹F@   D
  ¥⁄  '#     )      )   ¨   10.0.0.2                                      10.0.0.22                                     VÛëÔ‹F@ä≠†iﬂF@   E
  ¥⁄  '#     )      )   ¨   10.0.0.2                                      10.0.0.22                                     ÓÌñ‰ÄﬂF@z ã¸˙·F@   F
  ¥⁄  '#     )      )   ¨   10.0.0.2                                      10.0.0.22                                     ÜË8‚F@˚På‰F@   G
  ¥⁄  '#     )      )   ¨   10.0.0.2                                      10.0.0.22                                     „äã£‰F@ŸyõÁF@   H
  ¥⁄  '#     )      )   ¨   10.0.0.2                                      10.0.0.22                                     µ›ﬂ4ÁF@°¯1ÊÆÈF@   I
  ¥⁄  '#     )      )   ¨   10.0.0.2                                      10.0.0.22                                     }\*∆ÈF@ŸÍrJ@ÏF@   J
  ¥⁄  '#     )      )   ¨   10.0.0.2                                      10.0.0.22                                     Â“¯ÖWÏF@°iâï—ÓF@   K
  ¥⁄  '#     )      )   ¨   10.0.0.2                                      10.0.0.22                                     }ÕrŸËÓF@hËü‡bÒF@   L
  ¥⁄  '#     )      )   ¨   10.0.0.2                                      10.0.0.22                                     DLâ$zÒF@°⁄‡DÙÛF@   M
  ¥⁄  '#     )      )   ¨   10.0.0.2                                      10.0.0.22                                     ‹FxÙF@ò›ìáÖˆF@   N
  ¥⁄  '#     )      )   ¨   10.0.0.2                                      10.0.0.22                                     tA}ÀúˆF@0ÿ€˘F@   O
  ¥⁄  '#     )      )   ¨   10.0.0.2                                      10.0.0.22                                     ‹∑Z'.˘F@W_]®˚F@   P
  ¥⁄  '#     )      )   ¨   10.0.0.2                                      10.0.0.22                                     ?™aø˚F@ﬁs`9˛F@   Q
  ¥⁄  '#     )      )   ¨   10.0.0.2                                      10.0.0.22                                     ÀΩ¿¨P˛F@ÜTQº  G@   R
  ¥⁄  '#     )      )   ¨   10.0.0.2                                      10.0.0.22                                     í<◊˜· G@N”g\G@   S
  ¥⁄  '#     )      )   ¨   10.0.0.2                                      10.0.0.22                                     ZªÌBsG@R~RÌG@   T
  ¥⁄  '#     )      )   ¨   10.0.0.2                                      10.0.0.22                                     ÚµgñG@≠L¯•~G@   U
  ¥⁄  '#     )      )   ¨   10.0.0.2                                      10.0.0.22                                     ◊M)ØïG@c`«G@   V
  ¥⁄  '#     )      )   ¨   10.0.0.2                                      10.0.0.22                                     üÃ?˙&G@+ﬂ3°G@   W
  ¥⁄  '#     )      )   ¨   10.0.0.2                                      10.0.0.22                                     CV∏G@¬Ÿ≠e2G@   X
  ¥⁄  '#     )      )   ¨   10.0.0.2                                      10.0.0.22                                     oπ˙±IG@+Pã¡√G@   Y
  ¥⁄  '#     )      )   ¨   10.0.0.2                                      10.0.0.22                                     ¥t€G@4æ/.UG@   Z
  ¥⁄  '#     )      )   ¨   10.0.0.2                                      10.0.0.22                                     o*RalG@Ã∏©ÅÊG@   [
  ¥⁄  '#     )      )   ¨   10.0.0.2                                      10.0.0.22                                     ◊†/Ω˝G@4/á›wG@   \
  ¥⁄  '#     )      )   ¨   10.0.0.2                                      10.0.0.22                                     @èG@ú•d9	G@   ]
  ¥⁄  '#     )      )   ¨   10.0.0.2                                      10.0.0.22                                     ®çÍt G@4†ﬁåöG@   ^
  ¥⁄  '#     )      )   ¨   10.0.0.2                                      10.0.0.22                                     »–±G@úºË+"G@   _
  ¥⁄  '#     )      )   ¨   10.0.0.2                                      10.0.0.22                                     ÿÇﬁC"G@ìo+Ω$G@   `
  ¥⁄  '#     )      )   ¨   10.0.0.2                                      10.0.0.22                                     p}Xo‘$G@úáòN'G@   a
  ¥⁄  '#     )      )   ¨   10.0.0.2                                      10.0.0.22                                     x“¬e'G@ìä∆⁄ﬂ)G@   b
  ¥⁄  '#     )      )   ¨   10.0.0.2                                      10.0.0.22                                     œˆË˜)G@[	›%q,G@   c
  ¥⁄  '#     )      )   ¨   10.0.0.2                                      10.0.0.22                                     óuˇXà,G@ÛWy/G@   d
  ¥⁄  '#     )      )   ¨   10.0.0.2                                      10.0.0.22                                     ˇÎ‹¥/G@+ˆó›ì1G@   e
  ¥⁄  '#     )      )   ¨   10.0.0.2                                      10.0.0.22                                     óÊV´1G@ÛtÆ(%4G@   f
  ¥⁄  '#     )      )   ¨   10.0.0.2                                      10.0.0.22                                     ƒ^(`;4G@Pqxµ6G@   g
  ¥⁄  '#     )      )   ¨   10.0.0.2                                      10.0.0.22                                     \Y¢≥Ã6G@∏Á˘”F9G@   h
  ¥⁄  '#     )      )   ¨   10.0.0.2                                      10.0.0.22                                     ÙS^9G@ÕX‰◊;G@   i
  ¥⁄  '#     )      )   ¨   10.0.0.2                                      10.0.0.22                                     €kAÔ;G@5z5@i>G@   j
  ¥⁄  '#     )      )   ¨   10.0.0.2                                      10.0.0.22                                     ≤’ÂîÄ>G@d=µ˙@G@   k
  ¥⁄  '#     )      )   ¨   10.0.0.2                                      10.0.0.22                                     J–_ËAG@÷‚S åCG@   l
  ¥⁄  '#     )      )   ¨   10.0.0.2                                      10.0.0.22                                     Ov3£CG@n›ÕSFG@   m
  ¥⁄  '#     )      )   ¨   10.0.0.2                                      10.0.0.22                                     z≈Sè4FG@÷S´ØÆHG@   n
  ¥⁄  '#     )      )   ¨   10.0.0.2                                      10.0.0.22                                     ¿Õ‚≈HG@ﬂ¡O@KG@   o
  ¥⁄  '#     )      )   ¨   10.0.0.2                                      10.0.0.22                                     ™∫G6WKG@IüV—MG@   p
  ¥⁄  '#     )      )   ¨   10.0.0.2                                      10.0.0.22                                     1%íËMG@ûC™bPG@   q
  ¥⁄  '#     )      )   ¨   10.0.0.2                                      10.0.0.22                                     ŸØ;›yPG@6>ì˝ÛRG@   r
  ¥⁄  '#     )      )   ¨   10.0.0.2                                      10.0.0.22                                     °.R(SG@˝º©HÖUG@   s
  ¥⁄  '#     )      )   ¨   10.0.0.2                                      10.0.0.22                                     9)Ã{úUG@Ùø\ãXG@   t
  ¥⁄  '#     )      )   ¨   10.0.0.2                                      10.0.0.22                                     °ü©◊-XG@˝-¯ßZG@   u
  ¥⁄  '#     )      )   ¨   10.0.0.2                                      10.0.0.22                                     	á3øZG@ï({K9]G@   v
  ¥⁄  '#     )      )   ¨   10.0.0.2                                      10.0.0.22                                     —îù~P]G@å+.é _G@   w
  ¥⁄  '#     )      )   ¨   10.0.0.2                                      10.0.0.22                                     3NCT·_G@ê‹öt[bG@   x
  ¥⁄  '#     )      )   ¨   10.0.0.2                                      10.0.0.22                                     ˚ÃYürbG@áﬂM∑ÏdG@   y
  ¥⁄  '#     )      )   ¨   10.0.0.2                                      10.0.0.22                                     ¬KpÍeG@N^d~gG@   z
  ¥⁄  '#     )      )   ¨   10.0.0.2                                      10.0.0.22                                     ZFÍ=ïgG@›zMjG@   {
  ¥⁄  '#     )      )   ¨   10.0.0.2                                      10.0.0.22                                     Ú@dë&jG@Oœª±†lG@   |
  ¥⁄  '#     )      )   ¨   10.0.0.2                                      10.0.0.22                                     Z∑AÌ∑lG@Ê…52oG@   }
  ¥⁄  '#     )      )   ¨   10.0.0.2                                      10.0.0.22                                     Ú±ª@IoG@~ƒØX√qG@   ~
  ¥⁄  '#     )      )   ¨   10.0.0.2                                      10.0.0.22                                     +§¸§⁄qG@á2T≈TtG@   
  ¥⁄  '#     )      )   ¨   10.0.0.2                                      10.0.0.22                                     Ú"ktG@ráMdÊvG@   Ä
  ¥⁄  '#     )      )   ¨   10.0.0.2                                      10.0.0.22                                     [ôK˝vG@∑'HlwyG@   Å
  ¥⁄  '#     )      )   ¨   10.0.0.2                                      10.0.0.22                                     ÛìjüéyG@¸«Bt|G@   Ç
  ¥⁄  '#     )      )   ¨   10.0.0.2                                      10.0.0.22                                     ∫Ÿ|G@•-ÆÒô~G@   É
  ¥⁄  '#     )      )   ¨   10.0.0.2                                      10.0.0.22                                     ±4-±~G@si¸¬+ÅG@   Ñ
  ¥⁄  '#     )      )   ¨   10.0.0.2                                      10.0.0.22                                     IÆÄBÅG@FñÃ±ºÉG@   Ö
  ¥⁄  '#     )      )   ¨   10.0.0.2                                      10.0.0.22                                     ·
(‘”ÉG@mÏMÜG@   Ü
  ¥⁄  '#     )      )   ¨   10.0.0.2                                      10.0.0.22                                     y¢'eÜG@’ì˘GﬂàG@   á
  ¥⁄  '#     )      )   ¨   10.0.0.2                                      10.0.0.22                                     @Ñ∏rˆàG@¸IÇpãG@   à
  ¥⁄  '#     )      )   ¨   10.0.0.2                                      10.0.0.22                                     ±àaáãG@p?‡ÅéG@   â
  ¥⁄  '#     )      )   ¨   10.0.0.2                                      10.0.0.22                                     |'fΩéG@:Z’íêG@   ä
  ¥⁄  '#     )      )   ¨   10.0.0.2                                      10.0.0.22                                     "‡™êG@A,õ9$ìG@   ã
  ¥⁄  '#     )      )   ¨   10.0.0.2                                      10.0.0.22                                     ¨Zd;ìG@8/N|µïG@   å
  ¥⁄  '#     )      )   ¨   10.0.0.2                                      10.0.0.22                                     D‘∑ÃïG@ Æd«FòG@   ç
  ¥⁄  '#     )      )   ¨   10.0.0.2                                      10.0.0.22                                     ¨ç±^òG@Ÿól<ÿöG@   é
  ¥⁄  '#     )      )   ¨   10.0.0.2                                      10.0.0.22                                     èoÔöG@–öiùG@   è
  ¥⁄  '#     )      )   ¨   10.0.0.2                                      10.0.0.22                                     ¨˛√ÄùG@8˝⁄˙üG@   ê
  ¥⁄  '#     )      )   ¨   10.0.0.2                                      10.0.0.22                                     D˘Ç†G@†á⁄6å¢G@   ë
  ¥⁄  '#     )      )   ¨   10.0.0.2                                      10.0.0.22                                     }Î√z£¢G@	˛∑í•G@   í
  ¥⁄  '#     )      )   ¨   10.0.0.2                                      10.0.0.22                                     Ê=Œ4•G@qtïÓÆßG@   ì
  ¥⁄  '#     )      )   ¨   10.0.0.2                                      10.0.0.22                                     }\*∆ßG@	oB@™G@   î
  ¥⁄  '#     )      )   ¨   10.0.0.2                                      10.0.0.22                                     Â“¯ÖW™G@qÂÏù—¨G@   ï
  ¥⁄  '#     )      )   ¨   10.0.0.2                                      10.0.0.22                                     ≠Q—Ë¨G@9dÈbØG@   ñ
  ¥⁄  '#     )      )   ¨   10.0.0.2                                      10.0.0.22                                     t–%zØG@–^}<Ù±G@   ó
  ¥⁄  '#     )      )   ¨   10.0.0.2                                      10.0.0.22                                     Àüo≤G@»a0Ö¥G@   ò
  ¥⁄  '#     )      )   ¨   10.0.0.2                                      10.0.0.22                                     §≈√ú¥G@0ÿ€∑G@   ô
  ¥⁄  '#     )      )   ¨   10.0.0.2                                      10.0.0.22                                     -y<-∑G@Œ√	LßπG@   ö
  ¥⁄  '#     )      )   ¨   10.0.0.2                                      10.0.0.22                                     {£VòæπG@TSíu8ºG@   õ
  ¥⁄  '#     )      )   ¨   10.0.0.2                                      10.0.0.22                                     3ﬂ¡OºG@{⁄·Ø…æG@   ú
  ¥⁄  '#     )      )   ¨   10.0.0.2                                      10.0.0.22                                     »±ı·æG@ıª∞5[¡G@   ù
  ¥⁄  '#     )      )   ¨   10.0.0.2                                      10.0.0.22                                     `¨o`r¡G@ç∂*âÏ√G@   û
  ¥⁄  '#     )      )   ¨   10.0.0.2                                      10.0.0.22                                     (+Ü´ƒG@Ñπ›À}∆G@   ü
  ¥⁄  '#     )      )   ¨   10.0.0.2                                      10.0.0.22                                     ¿% ˇî∆G@L8Ù…G@   †
  ¥⁄  '#     )      )   ¨   10.0.0.2                                      10.0.0.22                                     ôt&…G@ıù_î†ÀG@   °
  ¥⁄  '#     )      )   ¨   10.0.0.2                                      10.0.0.22                                     ÜÂœ∑ÀG@.ê†¯1ŒG@   ¢
  ¥⁄  '#     )      )   ¨   10.0.0.2                                      10.0.0.22                                     ôÄ_#IŒG@%ìS;√–G@   £
  ¥⁄  '#     )      )   ¨   10.0.0.2                                      10.0.0.22                                     1{Ÿv⁄–G@^ÖîüT”G@   §
  ¥⁄  '#     )      )   ¨   10.0.0.2                                      10.0.0.22                                     ôÒ∂“k”G@›#õ´Ê’G@   •
  ¥⁄  '#     )      )   ¨   10.0.0.2                                      10.0.0.22                                     hî.˝’G@çzàFwÿG@   ¶
  ¥⁄  '#     )      )   ¨   10.0.0.2                                      10.0.0.22                                     …Ê™yéÿG@U˘ûë€G@   ß
  ¥⁄  '#     )      )   ¨   10.0.0.2                                      10.0.0.22                                     a·$Õ€G@ÌÛÂô›G@   ®
  ¥⁄  '#     )      )   ¨   10.0.0.2                                      10.0.0.22                                     :À,B±›G@ñYÑb+‡G@   ©
  ¥⁄  '#     )      )   ¨   10.0.0.2                                      10.0.0.22                                     “≈¶ïB‡G@Ω‡”úº‚G@   ™
  ¥⁄  '#     )      )   ¨   10.0.0.2                                      10.0.0.22                                     †5?˛“‚G@,H3MÂG@   ´
  ¥⁄  '#     )      )   ¨   10.0.0.2                                      10.0.0.22                                     ¨ZdÂG@ƒB≠iﬁÁG@   ¨
  ¥⁄  '#     )      )   ¨   10.0.0.2                                      10.0.0.22                                     –*3•ıÁG@\='ΩoÍG@   ≠
  ¥⁄  '#     )      )   ¨   10.0.0.2                                      10.0.0.22                                     h%≠¯ÜÍG@ƒ≥ÌG@   Æ
  ¥⁄  '#     )      )   ¨   10.0.0.2                                      10.0.0.22                                     ˇ'LÌG@ª∂∑[íÔG@   Ø
  ¥⁄  '#     )      )   ¨   10.0.0.2                                      10.0.0.22                                     ó°ü©ÔG@S±1Ø#ÚG@   ∞
  ¥⁄  '#     )      )   ¨   10.0.0.2                                      10.0.0.22                                     /Û:ÚG@Î´´µÙG@   ±
  ¥⁄  '#     )      )   ¨   10.0.0.2                                      10.0.0.22                                     «ïFÃÙG@#ûÏfF˜G@   ≤
  ¥⁄  '#     )      )   ¨   10.0.0.2                                      10.0.0.22                                     _
ö]˜G@Î≤◊˘G@   ≥
  ¥⁄  '#     )      )   ¨   10.0.0.2                                      10.0.0.22                                     «ÄÏıÓ˘G@0Ω˝πh¸G@   ¥
  ¥⁄  '#     )      )   ¨   10.0.0.2                                      10.0.0.22                                     MuÄ¸G@»∑w˙˛G@   µ
  ¥⁄  '#     )      )   ¨   10.0.0.2                                      10.0.0.22                                     ∂ÜR{ˇG@™õãH@   ∂
  ¥⁄  '#     )      )   ¨   10.0.0.2                                      10.0.0.22                                     }i∆¢H@Ÿì¿ÊH@   ∑
  ¥⁄  '#     )      )   ¨   10.0.0.2                                      10.0.0.22                                      „4H@—ñs)ÆH@   ∏
  ¥⁄  '#     )      )   ¨   10.0.0.2                                      10.0.0.22                                     ‹~˘d≈H@hëÌ|?	H@   π
  ¥⁄  '#     )      )   ¨   10.0.0.2                                      10.0.0.22                                     tys∏V	H@—Àÿ–H@   ∫
  ¥⁄  '#     )      )   ¨   10.0.0.2                                      10.0.0.22                                     tÌËH@iE,bH@   ª
  ¥⁄  '#     )      )   ¨   10.0.0.2                                      10.0.0.22                                     ‡†Ω˙xH@l≥±ÛH@   º
  ¥⁄  '#     )      )   ¨   10.0.0.2                                      10.0.0.22                                     ß‘E
H@c∂dUÑH@   Ω
  ¥⁄  '#     )      )   ¨   10.0.0.2                                      10.0.0.22                                     ?NôõH@À,B±H@   æ
  ¥⁄  '#     )      )   ¨   10.0.0.2                                      10.0.0.22                                     ôd‰,H@ì´X¸¶H@   ø
  ¥⁄  '#     )      )   ¨   10.0.0.2                                      10.0.0.22                                     oB@æH@lï`q8H@   ¿
  ¥⁄  '#     )      )   ¨   10.0.0.2                                      10.0.0.22                                     
ºìOH@cò¥…H@   ¡
  ¥⁄  '#     )      )   ¨   10.0.0.2                                      10.0.0.22                                     oÄôÔ‡H@˚íç[ H@   ¬
  ¥⁄  '#     )      )   ¨   10.0.0.2                                      10.0.0.22                                     {Cr H@ìç[Ï"H@   √
  ¥⁄  '#     )      )   ¨   10.0.0.2                                      10.0.0.22                                     üuçñ#H@[¶}%H@   ƒ
  ¥⁄  '#     )      )   ¨   10.0.0.2                                      10.0.0.22                                     fÙ£·î%H@ì˛^
(H@   ≈
  ¥⁄  '#     )      )   ¨   10.0.0.2                                      10.0.0.22                                     ˛Ó5&(H@∫ÖÆD†*H@   ∆
  ¥⁄  '#     )      )   ¨   10.0.0.2                                      10.0.0.22                                     ge˚ê∑*H@√ÛR±1-H@   «
  ¥⁄  '#     )      )   ¨   10.0.0.2                                      10.0.0.22                                     .‰‹H-H@äri¸¬/H@   »
  ¥⁄  '#     )      )   ¨   10.0.0.2                                      10.0.0.22                                     ∆ﬁã/⁄/H@RÒGT2H@   …
  ¥⁄  '#     )      )   ¨   10.0.0.2                                      10.0.0.22                                     ç]¢zk2H@ÍÎ˘öÂ4H@    
  ¥⁄  '#     )      )   ¨   10.0.0.2                                      10.0.0.22                                     ˆ”÷¸4H@Rb◊ˆv7H@   À
  ¥⁄  '#     )      )   ¨   10.0.0.2                                      10.0.0.22                                     ^J]2é7H@·ÌA:H@   Ã
  ¥⁄  '#     )      )   ¨   10.0.0.2                                      10.0.0.22                                     OêÿÓ:H@)@Ãò<H@   Õ
  ¥⁄  '#     )      )   ¨   10.0.0.2                                      10.0.0.22                                     v()∞<H@2Æ∏8*?H@   Œ
  ¥⁄  '#     )      )   ¨   10.0.0.2                                      10.0.0.22                                     ¢|A?H@ò¿≠ªAH@   œ
  ¥⁄  '#     )      )   ¨   10.0.0.2                                      10.0.0.22                                     vàÿ“AH@õsLDH@   –
  ¥⁄  '#     )      )   ¨   10.0.0.2                                      10.0.0.22                                     É˘+dDH@kQLﬁFH@   —
  ¥⁄  '#     )      )   ¨   10.0.0.2                                      10.0.0.22                                     v˘÷áıFH@µnÉ⁄oIH@   “
  ¥⁄  '#     )      )   ¨   10.0.0.2                                      10.0.0.22                                     ﬂo¥„ÜIH@;˛LH@   ”
  ¥⁄  '#     )      )   ¨   10.0.0.2                                      10.0.0.22                                     GÊë?LH@}"OíNH@   ‘
  ¥⁄  '#     )      )   ¨   10.0.0.2                                      10.0.0.22                                     ﬂ‡ì©NH@;oc≥#QH@   ’
  ¥⁄  '#     )      )   ¨   10.0.0.2                                      10.0.0.22                                     GWÈÓ:QH@ta§µSH@   ÷
  ¥⁄  '#     )      )   ¨   10.0.0.2                                      10.0.0.22                                     ﬂQcBÃSH@;‡∫bFVH@   ◊
  ¥⁄  '#     )      )   ¨   10.0.0.2                                      10.0.0.22                                     wL›ï]VH@_—≠◊XH@   ÿ
  ¥⁄  '#     )      )   ¨   10.0.0.2                                      10.0.0.22                                     GWÈÓXH@k’Æ	i[H@   Ÿ
  ¥⁄  '#     )      )   ¨   10.0.0.2                                      10.0.0.22                                     ßA—<Ä[H@3T≈T˙]H@   ⁄
  ¥⁄  '#     )      )   ¨   10.0.0.2                                      10.0.0.22                                     ><Kê^H@ N?®ã`H@   €
  ¥⁄  '#     )      )   ¨   10.0.0.2                                      10.0.0.22                                     ªa€¢`H@íÕUÛcH@   ‹
  ¥⁄  '#     )      )   ¨   10.0.0.2                                      10.0.0.22                                     ûµ€.4cH@*»œFÆeH@   ›
  ¥⁄  '#     )      )   ¨   10.0.0.2                                      10.0.0.22                                     õ©èƒeH@¯7hØ>hH@   ﬁ
  ¥⁄  '#     )      )   ¨   10.0.0.2                                      10.0.0.22                                     c('⁄UhH@ø∑ÈœjH@   ﬂ
  ¥⁄  '#     )      )   ¨   10.0.0.2                                      10.0.0.22                                     Àû6ÁjH@á5ïEamH@   ‡
  ¥⁄  '#     )      )   ¨   10.0.0.2                                      10.0.0.22                                     cô~âxmH@ø'÷©ÚoH@   ·
  ¥⁄  '#     )      )   ¨   10.0.0.2                                      10.0.0.22                                     ˚ì¯‹	pH@W"P˝ÉrH@   ‚
  ¥⁄  '#     )      )   ¨   10.0.0.2                                      10.0.0.22                                     ìér0õrH@°fHuH@   „
  ¥⁄  '#     )      )   ¨   10.0.0.2                                      10.0.0.22                                     +âÏÉ,uH@≥ómßwH@   ‰
  ¥⁄  '#     )      )   ¨   10.0.0.2                                      10.0.0.22                                     c{-ËΩwH@¢Ÿ:8zH@   Â
  ¥⁄  '#     )      )   ¨   10.0.0.2                                      10.0.0.22                                     úmnLOzH@•°F!…|H@   Ê
  ¥⁄  '#     )      )   ¨   10.0.0.2                                      10.0.0.22                                     √ÙΩÜ‡|H@~ãNñZH@   Á
  ¥⁄  '#     )      )   ¨   10.0.0.2                                      10.0.0.22                                     ˚Ê˛ÍqH@¯lÏÅH@   Ë
  ¥⁄  '#     )      )   ¨   10.0.0.2                                      10.0.0.22                                     ì·x>ÇH@€¡à}ÑH@   È
  ¥⁄  '#     )      )   ¨   10.0.0.2                                      10.0.0.22                                     ˚WVöîÑH@ô’;‹áH@   Í
  ¥⁄  '#     )      )   ¨   10.0.0.2                                      10.0.0.22                                     4Jó˛%áH@“«|@†âH@   Î
  ¥⁄  '#     )      )   ¨   10.0.0.2                                      10.0.0.22                                     =∏;k∑âH@
∫Ω§1åH@   Ï
  ¥⁄  '#     )      )   ¨   10.0.0.2                                      10.0.0.22                                     ’≤µæHåH@¢¥7¯¬éH@   Ì
  ¥⁄  '#     )      )   ¨   10.0.0.2                                      10.0.0.22                                     =)ì⁄éH@€¶x\TëH@   Ó
  ¥⁄  '#     )      )   ¨   10.0.0.2                                      10.0.0.22                                     €èãjëH@ÿö≠º‰ìH@   Ô
  ¥⁄  '#     )      )   ¨   10.0.0.2                                      10.0.0.22                                     ‰Ç3¯˚ìH@Á≈âØvñH@   
  ¥⁄  '#     )      )   ¨   10.0.0.2                                      10.0.0.22                                     |}≠KçñH@ÍvˆïôH@   Ò
  ¥⁄  '#     )      )   ¨   10.0.0.2                                      10.0.0.22                                     g“¶ÍôH@F?NôõH@   Ú
  ¥⁄  '#     )      )   ¨   10.0.0.2                                      10.0.0.22                                     p@KW∞õH@>BÕê*ûH@   Û
  ¥⁄  '#     )      )   ¨   10.0.0.2                                      10.0.0.22                                     ©2åªAûH@v4ıª†H@   Ù
  ¥⁄  '#     )      )   ¨   10.0.0.2                                      10.0.0.22                                     A-”†H@ﬁ™ÎPM£H@   ı
  ¥⁄  '#     )      )   ¨   10.0.0.2                                      10.0.0.22                                     yGsd£H@ÁêΩﬁ•H@   ˆ
  ¥⁄  '#     )      )   ¨   10.0.0.2                                      10.0.0.22                                     S	OËı•H@ —!p®H@   ˜
  ¥⁄  '#     )      )   ¨   10.0.0.2                                      10.0.0.22                                     \wÛTá®H@)yué´H@   ¯
  ¥⁄  '#     )      )   ¨   10.0.0.2                                      10.0.0.22                                     Ûqm®´H@¡sÔ·í≠H@   ˘
  ¥⁄  '#     )      )   ¨   10.0.0.2                                      10.0.0.22                                     \ËJ™≠H@˘e0F$∞H@   ˙
  ¥⁄  '#     )      )   ¨   10.0.0.2                                      10.0.0.22                                     î⁄ãh;∞H@b‹¢µ≤H@   ˚
  ¥⁄  '#     )      )   ¨   10.0.0.2                                      10.0.0.22                                     ÕÃÃÃÃ≤H@kJ≤GµH@   ¸
  ¥⁄  '#     )      )   ¨   10.0.0.2                                      10.0.0.22                                     e«F ^µH@2…»Yÿ∑H@   ˝
  ¥⁄  '#     )      )   ¨   10.0.0.2                                      10.0.0.22                                     Õ=$|Ô∑H@ÛV]áj∫H@   ˛
  ¥⁄  '#     )      )   ¨   10.0.0.2                                      10.0.0.22                                     ÷´»ËÄ∫H@Ø[∆˙ºH@   ˇ
  ¥⁄  '#     )      )   ¨   10.0.0.2                                      10.0.0.22                                     ,∑¥ΩH@ËME*åøH@      ¥⁄  '#     )      )   ¨   10.0.0.2                                      10.0.0.22                                     ƒ±.n£øH@¡7Mü¬H@     ¥⁄  '#     )      )   ¨   10.0.0.2                                      10.0.0.22                                     \¨®¡4¬H@Y2«ÚÆƒH@     ¥⁄  '#     )      )   ¨   10.0.0.2                                      10.0.0.22                                     Ù¶"∆ƒH@¡®§N@«H@     ¥⁄  '#     )      )   ¨   10.0.0.2                                      10.0.0.22                                     -ôcyW«H@Mıd˛—…H@     ¥⁄  '#     )      )   ¨   10.0.0.2                                      10.0.0.22                                     ƒì›ÃË…H@b√cÃH@     ¥⁄  '#     )      )   ¨   10.0.0.2                                      10.0.0.22                                     -
ª(zÃH@ á†jÙŒH@     ¥⁄  '#     )      )   ¨   10.0.0.2                                      10.0.0.22                                     e¸˚åœH@bÇæÖ—H@     ¥⁄  '#     )      )   ¨   10.0.0.2                                      10.0.0.22                                     ÕrŸËú—H@kæ*‘H@     ¥⁄  '#     )      )   ¨   10.0.0.2                                      10.0.0.22                                     emS<.‘H@3o’u®÷H@   	  ¥⁄  '#     )      )   ¨   10.0.0.2                                      10.0.0.22                                     ˝gÕèø÷H@<›y‚9ŸH@   
  ¥⁄  '#     )      )   ¨   10.0.0.2                                      10.0.0.22                                     6ZÙPŸH@§SW>À€H@     ¥⁄  '#     )      )   ¨   10.0.0.2                                      10.0.0.22                                     û–ÎO‚€H@›Eò¢\ﬁH@     ¥⁄  '#     )      )   ¨   10.0.0.2                                      10.0.0.22                                     6Àe£sﬁH@ÕÁ‹Ì‡H@     ¥⁄  '#     )      )   ¨   10.0.0.2                                      10.0.0.22                                     ûACˇ·H@lC≈8„H@     ¥⁄  '#     )      )   ¨   10.0.0.2                                      10.0.0.22                                     ∏ [ñ„H@§5ùÊH@     ¥⁄  '#     )      )   ¨   10.0.0.2                                      10.0.0.22                                     ‡°(–'ÊH@›'G¢ËH@     ¥⁄  '#     )      )   ¨   10.0.0.2                                      10.0.0.22                                     ˙zæfπËH@P‰I“5ÎH@     ¥⁄  '#     )      )   ¨   10.0.0.2                                      10.0.0.22                                     3mˇ JÎH@B^&≈ÌH@     ¥⁄  '#     )      )   ¨   10.0.0.2                                      10.0.0.22                                     õ„‹&‹ÌH@⁄XâyVH@     ¥⁄  '#     )      )   ¨   10.0.0.2                                      10.0.0.22                                     ]•ªÎlH@úh>ÁÚH@     ¥⁄  '#     )      )   ¨   10.0.0.2                                      10.0.0.22                                     f`X˛ÚH@‘©¢xıH@     ¥⁄  '#     )      )   ¨   10.0.0.2                                      10.0.0.22                                     ü°ºèıH@ˇÈ
¯H@     ¥⁄  '#     )      )   ¨   10.0.0.2                                      10.0.0.22                                     |~!¯H@•˘cZõ˙H@     ¥⁄  '#     )      )   ¨   10.0.0.2                                      10.0.0.22                                     oÚ[t≤˙H@¬á-˝H@     ¥⁄  '#     )      )   ¨   10.0.0.2                                      10.0.0.22                                     ∆˝G¶C˝H@"åü∆ΩˇH@     ¥⁄  '#     )      )   ¨   10.0.0.2                                      10.0.0.22                                     ]¯¡˘‘ˇH@úmnLOI@     ¥⁄  '#     )      )   ¨   10.0.0.2                                      10.0.0.22                                     ∆nüUfI@cÏÑó‡I@     ¥⁄  '#     )      )   ¨   10.0.0.2                                      10.0.0.22                                     .Â|±˜I@lZ)rI@     ¥⁄  '#     )      )   ¨   10.0.0.2                                      10.0.0.22                                     ñ[ZâI@4Ÿ?O
I@     ¥⁄  '#     )      )   ¨   10.0.0.2                                      10.0.0.22                                     .V‘`
I@úO´îI@     ¥⁄  '#     )      )   ¨   10.0.0.2                                      10.0.0.22                                     ñÃ±º´I@dŒ3ˆ%I@     ¥⁄  '#     )      )   ¨   10.0.0.2                                      10.0.0.22                                     ∑bŸ=I@Ñd∏I@      ¥⁄  '#     )      )   ¨   10.0.0.2                                      10.0.0.22                                     ÔT¿=œI@Œ¡3°II@   !  ¥⁄  '#     )      )   ¨   10.0.0.2                                      10.0.0.22                                     (G¢`I@ıHÉ€⁄I@   "  ¥⁄  '#     )      )   ¨   10.0.0.2                                      10.0.0.22                                     `9BÚI@.;ƒ?lI@   #  ¥⁄  '#     )      )   ¨   10.0.0.2                                      10.0.0.22                                     ¯3ºYÉI@ñ±°õ˝I@   $  ¥⁄  '#     )      )   ¨   10.0.0.2                                      10.0.0.22                                     a™ôµI@œ£‚ˇéI@   %  ¥⁄  '#     )      )   ¨   10.0.0.2                                      10.0.0.22                                     ôú⁄¶I@gû\S !I@   &  ¥⁄  '#     )      )   ¨   10.0.0.2                                      10.0.0.22                                     “é~7!I@o¿±#I@   '  ¥⁄  '#     )      )   ¨   10.0.0.2                                      10.0.0.22                                     :˘Ÿ»#I@xz•,C&I@   (  ¥⁄  '#     )      )   ¨   10.0.0.2                                      10.0.0.22                                     ¢{÷5Z&I@uÄ‘(I@   )  ¥⁄  '#     )      )   ¨   10.0.0.2                                      10.0.0.22                                     €möÎ(I@yÎ¸€e+I@   *  ¥⁄  '#     )      )   ¨   10.0.0.2                                      10.0.0.22                                     `X˛|+I@ÅY°H˜-I@   +  ¥⁄  '#     )      )   ¨   10.0.0.2                                      10.0.0.22                                     LRôb.I@Íœ~§à0I@   ,  ¥⁄  '#     )      )   ¨   10.0.0.2                                      10.0.0.22                                     ¥»væü0I@RF\ 3I@   -  ¥⁄  '#     )      )   ¨   10.0.0.2                                      10.0.0.22                                     Ì∫∑"13I@∫º9\´5I@   .  ¥⁄  '#     )      )   ¨   10.0.0.2                                      10.0.0.22                                     Öµ1v¬5I@R∑≥Ø<8I@   /  ¥⁄  '#     )      )   ¨   10.0.0.2                                      10.0.0.22                                     ^ü9ÎS8I@ÃòÇ5Œ:I@   0  ¥⁄  '#     )      )   ¨   10.0.0.2                                      10.0.0.22                                     gﬁWÂ:I@9}=_=I@   1  ¥⁄  '#     )      )   ¨   10.0.0.2                                      10.0.0.22                                     Ω âv=I@yØZô?I@   2  ¥⁄  '#     )      )   ¨   10.0.0.2                                      10.0.0.22                                     UD›@I@Ûê)ÇBI@   3  ¥⁄  '#     )      )   ¨   10.0.0.2                                      10.0.0.22                                     /˝KRôBI@=Ó[≠EI@   4  ¥⁄  '#     )      )   ¨   10.0.0.2                                      10.0.0.22                                     gÔå∂*EI@’Ë’ •GI@   5  ¥⁄  '#     )      )   ¨   10.0.0.2                                      10.0.0.22                                     p]1#ºGI@€e6JI@   6  ¥⁄  '#     )      )   ¨   10.0.0.2                                      10.0.0.22                                     X´vMJI@¶’ê∏«LI@   7  ¥⁄  '#     )      )   ¨   10.0.0.2                                      10.0.0.22                                     AJÏ⁄ﬁLI@ﬁ«—YOI@   8  ¥⁄  '#     )      )   ¨   10.0.0.2                                      10.0.0.22                                     y<-?pOI@G>ØxÍQI@   9  ¥⁄  '#     )      )   ¨   10.0.0.2                                      10.0.0.22                                     7ßíRI@0‹{TI@   :  ¥⁄  '#     )      )   ¨   10.0.0.2                                      10.0.0.22                                     y≠ÑÓíTI@Á¶Õ8WI@   ;  ¥⁄  '#     )      )   ¨   10.0.0.2                                      10.0.0.22                                     M⁄T›#WI@ÎW:ûYI@   <  ¥⁄  '#     )      )   ¨   10.0.0.2                                      10.0.0.22                                     µP29µYI@SŒ{/\I@   =  ¥⁄  '#     )      )   ¨   10.0.0.2                                      10.0.0.22                                     «ïF\I@Î»ëŒ¿^I@   >  ¥⁄  '#     )      )   ¨   10.0.0.2                                      10.0.0.22                                     µ¡âË◊^I@É√"RaI@   ?  ¥⁄  '#     )      )   ¨   10.0.0.2                                      10.0.0.22                                     8gDiaI@ªµLÜ„cI@   @  ¥⁄  '#     )      )   ¨   10.0.0.2                                      10.0.0.22                                     V*®®˙cI@q…qßtfI@   A  ¥⁄  '#     )      )   ¨   10.0.0.2                                      10.0.0.22                                     æ†ÖåfI@/›$iI@   B  ¥⁄  '#     )      )   ¨   10.0.0.2                                      10.0.0.22                                     VõˇWiI@ÙÂôókI@   C  ¥⁄  '#     )      )   ¨   10.0.0.2                                      10.0.0.22                                     èç@ºÆkI@ÕÌ)nI@   D  ¥⁄  '#     )      )   ¨   10.0.0.2                                      10.0.0.22                                     ò˚‰(@nI@5y j∫pI@   E  ¥⁄  '#     )      )   ¨   10.0.0.2                                      10.0.0.22                                     0ˆ^|—pI@nkœKsI@   F  ¥⁄  '#     )      )   ¨   10.0.0.2                                      10.0.0.22                                     «ÿœbsI@6Í!›uI@   G  ¥⁄  '#     )      )   ¨   10.0.0.2                                      10.0.0.22                                      „4ÙuI@˝h8enxI@   H  ¥⁄  '#     )      )   ¨   10.0.0.2                                      10.0.0.22                                     ò›ìáÖxI@ËΩ1 {I@   I  ¥⁄  '#     )      )   ¨   10.0.0.2                                      10.0.0.22                                     0ÿ€{I@™…ê}I@   J  ¥⁄  '#     )      )   ¨   10.0.0.2                                      10.0.0.22                                     Ü„˘®}I@„qQ-"ÄI@   K  ¥⁄  '#     )      )   ¨   10.0.0.2                                      10.0.0.22                                     ÔY◊h9ÄI@]S ≥≥ÇI@   L  ¥⁄  '#     )      )   ¨   10.0.0.2                                      10.0.0.22                                     W–¥ƒ ÇI@ÙMöEÖI@   M  ¥⁄  '#     )      )   ¨   10.0.0.2                                      10.0.0.22                                     Ô .\ÖI@˝ª>s÷áI@   N  ¥⁄  '#     )      )   ¨   10.0.0.2                                      10.0.0.22                                     WAtÌáI@≈:UægäI@   O  ¥⁄  '#     )      )   ¨   10.0.0.2                                      10.0.0.22                                     BñäI@∞èN]˘åI@   P  ¥⁄  '#     )      )   ¨   10.0.0.2                                      10.0.0.22                                     K™çI@π˝Ú…äèI@   Q  ¥⁄  '#     )      )   ¨   10.0.0.2                                      10.0.0.22                                     „˛#”°èI@Å|	íI@   R  ¥⁄  '#     )      )   ¨   10.0.0.2                                      10.0.0.22                                     {˘ù&3íI@ÈÚÊp≠îI@   S  ¥⁄  '#     )      )   ¨   10.0.0.2                                      10.0.0.22                                     ≥ÎﬁäƒîI@!Â'’>óI@   T  ¥⁄  '#     )      )   ¨   10.0.0.2                                      10.0.0.22                                     ç’ÊˇUóI@*SÃA–ôI@   U  ¥⁄  '#     )      )   ¨   10.0.0.2                                      10.0.0.22                                     $–`SÁôI@=‘∂aúI@   V  ¥⁄  '#     )      )   ¨   10.0.0.2                                      10.0.0.22                                     º ⁄¶xúI@*ƒ#ÒÚûI@   W  ¥⁄  '#     )      )   ¨   10.0.0.2                                      10.0.0.22                                     %A∏
üI@"«÷3Ñ°I@   X  ¥⁄  '#     )      )   ¨   10.0.0.2                                      10.0.0.22                                     ]3˘fõ°I@+5{†§I@   Y  ¥⁄  '#     )      )   ¨   10.0.0.2                                      10.0.0.22                                     ≈©÷¬,§I@¬/ıÛ¶¶I@   Z  ¥⁄  '#     )      )   ¨   10.0.0.2                                      10.0.0.22                                     ]§Pæ¶I@˚!6X8©I@   [  ¥⁄  '#     )      )   ¨   10.0.0.2                                      10.0.0.22                                     ≈.rO©I@4wº…´I@   \  ¥⁄  '#     )      )   ¨   10.0.0.2                                      10.0.0.22                                     ˛o÷‡´I@ÀÒ[ÆI@   ]  ¥⁄  '#     )      )   ¨   10.0.0.2                                      10.0.0.22                                     fÉL2rÆI@4ÖŒkÏ∞I@   ^  ¥⁄  '#     )      )   ¨   10.0.0.2                                      10.0.0.22                                     oÒû±I@o÷‡}≥I@   _  ¥⁄  '#     )      )   ¨   10.0.0.2                                      10.0.0.22                                     ÿgŒ˙î≥I@’ÌÏ+∂I@   `  ¥⁄  '#     )      )   ¨   10.0.0.2                                      10.0.0.22                                     iq∆0'∂I@6sHj°∏I@   a  ¥⁄  '#     )      )   ¨   10.0.0.2                                      10.0.0.22                                     ¢cï∏∏I@]Pﬂ2ªI@   b  ¥⁄  '#     )      )   ¨   10.0.0.2                                      10.0.0.22                                     i‚‡IªI@„â Œ√ΩI@   c  ¥⁄  '#     )      )   ¨   10.0.0.2                                      10.0.0.22                                     Ôq¶	€ΩI@ôùEÔT¿I@   d  ¥⁄  '#     )      )   ¨   10.0.0.2                                      10.0.0.22                                     WËÉel¿I@ıeißÊ¬I@   e  ¥⁄  '#     )      )   ¨   10.0.0.2                                      10.0.0.22                                     Ô‚˝∏˝¬I@Ω‰Úw≈I@   f  ¥⁄  '#     )      )   ¨   10.0.0.2                                      10.0.0.22                                     ∑aè≈I@%[]N	»I@   g  ¥⁄  '#     )      )   ¨   10.0.0.2                                      10.0.0.22                                     ÔSUh »I@ÏŸsôö I@   h  ¥⁄  '#     )      )   ¨   10.0.0.2                                      10.0.0.22                                     X 2ƒ± I@ıG,ÕI@   i  ¥⁄  '#     )      )   ¨   10.0.0.2                                      10.0.0.22                                     ¿@ CÕI@çBíYΩœI@   j  ¥⁄  '#     )      )   ¨   10.0.0.2                                      10.0.0.22                                     X;äs‘œI@%=≠N“I@   k  ¥⁄  '#     )      )   ¨   10.0.0.2                                      10.0.0.22                                     ê-À◊e“I@œ¢w*‡‘I@   l  ¥⁄  '#     )      )   ¨   10.0.0.2                                      10.0.0.22                                     …<˜‘I@ñ!éuq◊I@   m  ¥⁄  '#     )      )   ¨   10.0.0.2                                      10.0.0.22                                     êû"áà◊I@^†§¿⁄I@   n  ¥⁄  '#     )      )   ¨   10.0.0.2                                      10.0.0.22                                     (ôú⁄⁄I@%ªî‹I@   o  ¥⁄  '#     )      )   ¨   10.0.0.2                                      10.0.0.22                                     ¿ì.´‹I@.ç_x%ﬂI@   p  ¥⁄  '#     )      )   ¨   10.0.0.2                                      10.0.0.22                                     XéêÅ<ﬂI@+MJA∑·I@   q  ¥⁄  '#     )      )   ¨   10.0.0.2                                      10.0.0.22                                     ëÄ—ÂÕ·I@.˛∂'H‰I@   r  ¥⁄  '#     )      )   ¨   10.0.0.2                                      10.0.0.22                                     ){K9_‰I@∆¯0{ŸÊI@   s  ¥⁄  '#     )      )   ¨   10.0.0.2                                      10.0.0.22                                     ¿u≈åÊI@éwG∆jÈI@   t  ¥⁄  '#     )      )   ¨   10.0.0.2                                      10.0.0.22                                     )Ï¢ËÅÈI@∆ià*¸ÎI@   u  ¥⁄  '#     )      )   ¨   10.0.0.2                                      10.0.0.22                                     jπ3ÏI@æl;mçÓI@   v  ¥⁄  '#     )      )   ¨   10.0.0.2                                      10.0.0.22                                     àe3á§ÓI@Ugµ¿ÒI@   w  ¥⁄  '#     )      )   ¨   10.0.0.2                                      10.0.0.22                                     ¡WtÎ5ÒI@^’Y-∞ÛI@   x  ¥⁄  '#     )      )   ¨   10.0.0.2                                      10.0.0.22                                     )ŒQG«ÛI@&TpxAˆI@   y  ¥⁄  '#     )      )   ¨   10.0.0.2                                      10.0.0.22                                     ¡»ÀöXˆI@A-”¯I@   z  ¥⁄  '#     )      )   ¨   10.0.0.2                                      10.0.0.22                                     àG‚ÂÈ¯I@&≈«'d˚I@   {  ¥⁄  '#     )      )   ¨   10.0.0.2                                      10.0.0.22                                     ÒΩøA{˚I@]â@ı˝I@   |  ¥⁄  '#     )      )   ¨   10.0.0.2                                      10.0.0.22                                     G…´s˛I@`<ÉÜ J@   }  ¥⁄  '#     )      )   ¨   10.0.0.2                                      10.0.0.22                                     ﬂ√%«ù J@qìQeJ@   ~  ¥⁄  '#     )      )   ¨   10.0.0.2                                      10.0.0.22                                     ¶B</J@D¿!T©J@     ¥⁄  '#     )      )   ¨   10.0.0.2                                      10.0.0.22                                     πn¿J@}≤b∏:J@   Ä  ¥⁄  '#     )      )   ¨   10.0.0.2                                      10.0.0.22                                     w/˜…QJ@≠‹Ã
J@   Å  ¥⁄  '#     )      )   ¨   10.0.0.2                                      10.0.0.22                                     Ò∆O„
J@Óñ‰Ä]J@   Ç  ¥⁄  '#     )      )   ¨   10.0.0.2                                      10.0.0.22                                     â@£tJ@'â%ÂÓJ@   É  ¥⁄  '#     )      )   ¨   10.0.0.2                                      10.0.0.22                                     ¡˝ÄJ@_{fIÄJ@   Ñ  ¥⁄  '#     )      )   ¨   10.0.0.2                                      10.0.0.22                                     ˙Ô¡kóJ@2tÏ†J@   Ö  ¥⁄  '#     )      )   ¨   10.0.0.2                                      10.0.0.22                                     bfü«(J@ ‰Ñ	£J@   Ü  ¥⁄  '#     )      )   ¨   10.0.0.2                                      10.0.0.22                                     ˙`∫J@ŸÕå~4J@   á  ¥⁄  '#     )      )   ¨   10.0.0.2                                      10.0.0.22                                     3SZKJ@ADj⁄≈J@   à  ¥⁄  '#     )      )   ¨   10.0.0.2                                      10.0.0.22                                     ÀM‘“‹J@»”ÚWJ@   â  ¥⁄  '#     )      )   ¨   10.0.0.2                                      10.0.0.22                                     bHN&nJ@ ∆3hË!J@   ä  ¥⁄  '#     )      )   ¨   10.0.0.2                                      10.0.0.22                                     Àæ+Çˇ!J@h<ƒy$J@   ã  ¥⁄  '#     )      )   ¨   10.0.0.2                                      10.0.0.22                                     ±lÊê$J@¢|A'J@   å  ¥⁄  '#     )      )   ¨   10.0.0.2                                      10.0.0.22                                     k'JB"'J@?Êù)J@   ç  ¥⁄  '#     )      )   ¨   10.0.0.2                                      10.0.0.22                                     "ƒï≥)J@—#Fœ-,J@   é  ¥⁄  '#     )      )   ¨   10.0.0.2                                      10.0.0.22                                     õ>ÈD,J@¯™ï	ø.J@   è  ¥⁄  '#     )      )   ¨   10.0.0.2                                      10.0.0.22                                     3∏<÷.J@`!seP1J@   ê  ¥⁄  '#     )      )   ¨   10.0.0.2                                      10.0.0.22                                     À2êg1J@iè“·3J@   ë  ¥⁄  '#     )      )   ¨   10.0.0.2                                      10.0.0.22                                     c¨„¯3J@`í s6J@   í  ¥⁄  '#     )      )   ¨   10.0.0.2                                      10.0.0.22                                     rk“mâ6J@œ˘)é9J@   ì  ¥⁄  '#     )      )   ¨   10.0.0.2                                      10.0.0.22                                     ⁄·Ø…9J@ÏjÚî;J@   î  ¥⁄  '#     )      )   ¨   10.0.0.2                                      10.0.0.22                                     CXç%¨;J@"≈ â&>J@   ï  ¥⁄  '#     )      )   ¨   10.0.0.2                                      10.0.0.22                                     €Ry=>J@%vmo∑@J@   ñ  ¥⁄  '#     )      )   ¨   10.0.0.2                                      10.0.0.22                                     “U∫ªŒ@J@.‰‹HCJ@   ó  ¥⁄  '#     )      )   ¨   10.0.0.2                                      10.0.0.22                                     jP4`CJ@ñZÔ7⁄EJ@   ò  ¥⁄  '#     )      )   ¨   10.0.0.2                                      10.0.0.22                                     KÆbÒEJ@^ŸÉkHJ@   ô  ¥⁄  '#     )      )   ¨   10.0.0.2                                      10.0.0.22                                     ôE(∂ÇHJ@∆O„ﬁ¸JJ@   ö  ¥⁄  '#     )      )   ¨   10.0.0.2                                      10.0.0.22                                     1@¢	KJ@ΩRñ!éMJ@   õ  ¥⁄  '#     )      )   ¨   10.0.0.2                                      10.0.0.22                                     …:]•MJ@ˆD◊ÖPJ@   ú  ¥⁄  '#     )      )   ¨   10.0.0.2                                      10.0.0.22                                     -]¡6PJ@^ª¥·∞RJ@   ù  ¥⁄  '#     )      )   ¨   10.0.0.2                                      10.0.0.22                                     ö'◊»RJ@&:À,BUJ@   û  ¥⁄  '#     )      )   ¨   10.0.0.2                                      10.0.0.22                                     sﬂâYUJ@@a√”WJ@   ü  ¥⁄  '#     )      )   ¨   10.0.0.2                                      10.0.0.22                                     €áºÂÍWJ@7eZJ@   †  ¥⁄  '#     )      )   ¨   10.0.0.2                                      10.0.0.22                                     £”0|ZJ@ˇî*Qˆ\J@   °  ¥⁄  '#     )      )   ¨   10.0.0.2                                      10.0.0.22                                     jÖÈ{]J@«Aúá_J@   ¢  ¥⁄  '#     )      )   ¨   10.0.0.2                                      10.0.0.22                                     Äcœû_J@éíWÁbJ@   £  ¥⁄  '#     )      )   ¨   10.0.0.2                                      10.0.0.22                                     æÑ
/bJ@ª
)?©dJ@   §  ¥⁄  '#     )      )   ¨   10.0.0.2                                      10.0.0.22                                     &˚Ái¿dJ@≤‹Å:gJ@   •  ¥⁄  '#     )      )   ¨   10.0.0.2                                      10.0.0.22                                     Óy˛¥QgJ@Ñπ›ÀiJ@   ¶  ¥⁄  '#     )      )   ¨   10.0.0.2                                      10.0.0.22                                     V€„iJ@$Ú]J]lJ@   ß  ¥⁄  '#     )      )   ¨   10.0.0.2                                      10.0.0.22                                     æfπltlJ@ÎptïÓnJ@   ®  ¥⁄  '#     )      )   ¨   10.0.0.2                                      10.0.0.22                                     Va3¿oJ@ÉkÓËqJ@   ©  ¥⁄  '#     )      )   ¨   10.0.0.2                                      10.0.0.22                                     Ó[≠óqJ@ûDÑtJ@   ™  ¥⁄  '#     )      )   ¨   10.0.0.2                                      10.0.0.22                                     V“äo(tJ@≥`‚è¢vJ@   ´  ¥⁄  '#     )      )   ¨   10.0.0.2                                      10.0.0.22                                     øHhÀπvJ@◊øÎ3yJ@   ¨  ¥⁄  '#     )      )   ¨   10.0.0.2                                      10.0.0.22                                     »∂8KyJ@T… P≈{J@   ≠  ¥⁄  '#     )      )   ¨   10.0.0.2                                      10.0.0.22                                     `±Üã‹{J@û&3ﬁV~J@   Æ  ¥⁄  '#     )      )   ¨   10.0.0.2                                      10.0.0.22                                     9õé n~J@$∂ªËÄJ@   Ø  ¥⁄  '#     )      )   ¨   10.0.0.2                                      10.0.0.22                                     —ïTˇÄJ@]®¸kyÉJ@   ∞  ¥⁄  '#     )      )   ¨   10.0.0.2                                      10.0.0.22                                     iêÇßêÉJ@ı¢vø
ÜJ@   ±  ¥⁄  '#     )      )   ¨   10.0.0.2                                      10.0.0.22                                     0ôÚ!ÜJ@Ï•)úàJ@   ≤  ¥⁄  '#     )      )   ¨   10.0.0.2                                      10.0.0.22                                     »	F≥àJ@T^-ãJ@   ≥  ¥⁄  '#     )      )   ¨   10.0.0.2                                      10.0.0.22                                     `çôDãJ@ºí‰πæçJ@   ¥  ¥⁄  '#     )      )   ¨   10.0.0.2                                      10.0.0.22                                     .t%’çJ@∫ÜOêJ@   µ  ¥⁄  '#     )      )   ¨   10.0.0.2                                      10.0.0.22                                     7‚…nfêJ@4hËü‡íJ@   ∂  ¥⁄  '#     )      )   ¨   10.0.0.2                                      10.0.0.22                                     o‘
”˜íJ@˚Ê˛ÍqïJ@   ∑  ¥⁄  '#     )      )   ¨   10.0.0.2                                      10.0.0.22                                     7S!âïJ@√e6òJ@   ∏  ¥⁄  '#     )      )   ¨   10.0.0.2                                      10.0.0.22                                     ü…˛yòJ@+‹ÚëîöJ@   π  ¥⁄  '#     )      )   ¨   10.0.0.2                                      10.0.0.22                                     x≥Ô´öJ@Ê¨O9&ùJ@   ∫  ¥⁄  '#     )      )   ¨   10.0.0.2                                      10.0.0.22                                     ·)‰J=ùJ@4üs∑üJ@   ª  ¥⁄  '#     )      )   ¨   10.0.0.2                                      10.0.0.22                                     y$^ûŒüJ@’≤µæH¢J@   º  ¥⁄  '#     )      )   ¨   10.0.0.2                                      10.0.0.22                                     ÿÒ_¢J@m≠/⁄§J@   Ω  ¥⁄  '#     )      )   ¨   10.0.0.2                                      10.0.0.22                                     ®REÒ§J@•üpvkßJ@   æ  ¥⁄  '#     )      )   ¨   10.0.0.2                                      10.0.0.22                                     ÛvÑ”ÇßJ@âxÎ¸©J@   ø  ¥⁄  '#     )      )   ¨   10.0.0.2                                      10.0.0.22                                     ãq˛&™J@∑{πOé¨J@   ¿  ¥⁄  '#     )      )   ¨   10.0.0.2                                      10.0.0.22                                     "lxz•¨J@Æ~líØJ@   ¡  ¥⁄  '#     )      )   ¨   10.0.0.2                                      10.0.0.22                                     ∫fÚÕ6ØJ@Áp≠ˆ∞±J@   ¬  ¥⁄  '#     )      )   ¨   10.0.0.2                                      10.0.0.22                                     Ral!»±J@ﬁs`9B¥J@   √  ¥⁄  '#     )      )   ¨   10.0.0.2                                      10.0.0.22                                     Í[ÊtY¥J@FÍ=ï”∂J@   ƒ  ¥⁄  '#     )      )   ¨   10.0.0.2                                      10.0.0.22                                     ÇV`»Í∂J@iT‡dπJ@   ≈  ¥⁄  '#     )      )   ¨   10.0.0.2                                      10.0.0.22                                     Ñ”Ç}πJ@Êv/˜ªJ@   ∆  ¥⁄  '#     )      )   ¨   10.0.0.2                                      10.0.0.22                                     Œ¸jºJ@Iÿ∑ìàæJ@   «  ¥⁄  '#     )      )   ¨   10.0.0.2                                      10.0.0.22                                     ÖD⁄∆üæJ@p_Œ¡J@   »  ¥⁄  '#     )      )   ¨   10.0.0.2                                      10.0.0.22                                     ?T1¡J@ÿ’‰)´√J@   …  ¥⁄  '#     )      )   ¨   10.0.0.2                                      10.0.0.22                                     ¥9Œm¬√J@»%é<∆J@      ¥⁄  '#     )      )   ¨   10.0.0.2                                      10.0.0.22                                     L4H¡S∆J@©¬ü·Õ»J@   À  ¥⁄  '#     )      )   ¨   10.0.0.2                                      10.0.0.22                                     ‰.¬Â»J@@Ω5_ÀJ@   Ã  ¥⁄  '#     )      )   ¨   10.0.0.2                                      10.0.0.22                                     |)<hvÀJ@8¿ÃwÕJ@   Õ  ¥⁄  '#     )      )   ¨   10.0.0.2                                      10.0.0.22                                     ‰üƒŒJ@A.q‰Å–J@   Œ  ¥⁄  '#     )      )   ¨   10.0.0.2                                      10.0.0.22                                     L˜ô–J@ÿ(Î7”J@   œ  ¥⁄  '#     )      )   ¨   10.0.0.2                                      10.0.0.22                                     ‰qs*”J@·ñè§§’J@   –  ¥⁄  '#     )      )   ¨   10.0.0.2                                      10.0.0.22                                     |Î∆ª’J@ﬂﬁ5ÿJ@   —  ¥⁄  '#     )      )   ¨   10.0.0.2                                      10.0.0.22                                     eMÿJ@pîº:«⁄J@   “  ¥⁄  '#     )      )   ¨   10.0.0.2                                      10.0.0.22                                     ¨ ﬂmﬁ⁄J@è6éX›J@   ”  ¥⁄  '#     )      )   ¨   10.0.0.2                                      10.0.0.22                                     D˚X¡o›J@ˇëÈ–ÈﬂJ@   ‘  ¥⁄  '#     )      )   ¨   10.0.0.2                                      10.0.0.22                                     ‹ı“‡J@ys∏V{‚J@   ’  ¥⁄  '#     )      )   ¨   10.0.0.2                                      10.0.0.22                                     	n§lë‚J@≈5|ÂJ@   ÷  ¥⁄  '#     )      )   ¨   10.0.0.2                                      10.0.0.22                                     °h¿"ÂJ@-{ÿúÁJ@   ◊  ¥⁄  '#     )      )   ¨   10.0.0.2                                      10.0.0.22                                     hÁ4¥ÁJ@≈uå+.ÍJ@   ÿ  ¥⁄  '#     )      )   ¨   10.0.0.2                                      10.0.0.22                                      ‚Æ^EÍJ@˝gÕèøÏJ@   Ÿ  ¥⁄  '#     )      )   ¨   10.0.0.2                                      10.0.0.22                                     hXå∫÷ÏJ@ÙjÄ“PÔJ@   ⁄  ¥⁄  '#     )      )   ¨   10.0.0.2                                      10.0.0.22                                      ShÔJ@]·].‚ÒJ@   €  ¥⁄  '#     )      )   ¨   10.0.0.2                                      10.0.0.22                                     òMÄa˘ÒJ@ı€◊ÅsÙJ@   ‹  ¥⁄  '#     )      )   ¨   10.0.0.2                                      10.0.0.22                                      ƒ]ΩäÙJ@å÷Q’˜J@   ›  ¥⁄  '#     )      )   ¨   10.0.0.2                                      10.0.0.22                                     òæ◊˜J@ıL/1ñ˘J@   ﬁ  ¥⁄  '#     )      )   ¨   10.0.0.2                                      10.0.0.22                                     0πQd≠˘J@ºÀE|'¸J@   ﬂ  ¥⁄  '#     )      )   ¨   10.0.0.2                                      10.0.0.22                                     ò//¿>¸J@ıΩÜ‡∏˛J@   ‡  ¥⁄  '#     )      )   ¨   10.0.0.2                                      10.0.0.22                                     0*©–˛J@º<ù+JK@   ·  ¥⁄  '#     )      )   ¨   10.0.0.2                                      10.0.0.22                                     ô†ÜoaK@≈™Aò€K@   ‚  ¥⁄  '#     )      )   ¨   10.0.0.2                                      10.0.0.22                                     0õ √ÚK@ç)X„lK@   „  ¥⁄  '#     )      )   ¨   10.0.0.2                                      10.0.0.22                                     »ïzÑK@T®n.˛K@   ‰  ¥⁄  '#     )      )   ¨   10.0.0.2                                      10.0.0.22                                     êëa	K@ΩLäèK@   Â  ¥⁄  '#     )      )   ¨   10.0.0.2                                      10.0.0.22                                     (µ¶K@Ñùb’ K@   Ê  ¥⁄  '#     )      )   ¨   10.0.0.2                                      10.0.0.22                                     UÜq7K@v„›ë±K@   Á  ¥⁄  '#     )      )   ¨   10.0.0.2                                      10.0.0.22                                     ·”úº»K@mÊê‘BK@   Ë  ¥⁄  '#     )      )   ¨   10.0.0.2                                      10.0.0.22                                     IJzZK@’\n0‘K@   È  ¥⁄  '#     )      )   ¨   10.0.0.2                                      10.0.0.22                                     ·DÙkÎK@mWËÉeK@   Í  ¥⁄  '#     )      )   ¨   10.0.0.2                                      10.0.0.22                                     ®√
∑|K@4÷˛ŒˆK@   Î  ¥⁄  '#     )      )   ¨   10.0.0.2                                      10.0.0.22                                     @æÑ
K@ùL‹*àK@   Ï  ¥⁄  '#     )      )   ¨   10.0.0.2                                      10.0.0.22                                     ÿ∏˛]üK@dÀÚu K@   Ì  ¥⁄  '#     )      )   ¨   10.0.0.2                                      10.0.0.22                                     p≥x±0 K@ÃA–—™"K@   Ó  ¥⁄  '#     )      )   ¨   10.0.0.2                                      10.0.0.22                                     ÿ)V¬"K@\:Ê<%K@   Ô  ¥⁄  '#     )      )   ¨   10.0.0.2                                      10.0.0.22                                     @†3iS%K@ù.ãâÕ'K@     ¥⁄  '#     )      )   ¨   10.0.0.2                                      10.0.0.22                                     ÿö≠º‰'K@5)›^*K@   Ò  ¥⁄  '#     )      )   ¨   10.0.0.2                                      10.0.0.22                                     Aãv*K@ùü‚8,K@   Ú  ¥⁄  '#     )      )   ¨   10.0.0.2                                      10.0.0.22                                     ê°c-K@d˘ÉÅ/K@   Û  ¥⁄  '#     )      )   ¨   10.0.0.2                                      10.0.0.22                                     –∏Æò/K@,ùœ2K@   Ù  ¥⁄  '#     )      )   ¨   10.0.0.2                                      10.0.0.22                                     h	2*2K@ƒóâ"§4K@   ı  ¥⁄  '#     )      )   ¨   10.0.0.2                                      10.0.0.22                                     /àHMª4K@ã†m57K@   ˆ  ¥⁄  '#     )      )   ¨   10.0.0.2                                      10.0.0.22                                     ˜_òL7K@≤ùÔß∆9K@   ˜  ¥⁄  '#     )      )   ¨   10.0.0.2                                      10.0.0.22                                     ËL⁄T›9K@§„jdW<K@   ¯  ¥⁄  '#     )      )   ¨   10.0.0.2                                      10.0.0.22                                     P√∑∞n<K@‹’´»Ë>K@   ˘  ¥⁄  '#     )      )   ¨   10.0.0.2                                      10.0.0.22                                     ËΩ1 ?K@”ÿ^zAK@   ˙  ¥⁄  '#     )      )   ¨   10.0.0.2                                      10.0.0.22                                     Ä∏´WëAK@ÀüoDK@   ˚  ¥⁄  '#     )      )   ¨   10.0.0.2                                      10.0.0.22                                     ≥%´"DK@EΩ‡”úFK@   ¸  ¥⁄  '#     )      )   ¨   10.0.0.2                                      10.0.0.22                                     ﬂ1<ˆ≥FK@‹∑Z'.IK@   ˝  ¥⁄  '#     )      )   ¨   10.0.0.2                                      10.0.0.22                                     w,∂IEIK@‘∫jøKK@   ˛  ¥⁄  '#     )      )   ¨   10.0.0.2                                      10.0.0.22                                     '0ù÷KK@õ9$µPNK@   ˇ  ¥⁄  '#     )      )   ¨   10.0.0.2                                      10.0.0.22                                     ß!™gNK@34û‚PK@      ¥⁄  '#     )      )   ¨   10.0.0.2                                      10.0.0.22                                     òáL˘PK@õ™{dsSK@     ¥⁄  '#     )      )   ¨   10.0.0.2                                      10.0.0.22                                     ßí†äSK@!Y¿VK@     ¥⁄  '#     )      )   ¨   10.0.0.2                                      10.0.0.22                                     ?ç{ÛVK@õ”ñXK@     ¥⁄  '#     )      )   ¨   10.0.0.2                                      10.0.0.22                                     í>≠XK@ìÜV'[K@     ¥⁄  '#     )      )   ¨   10.0.0.2                                      10.0.0.22                                     Œä®â>[K@˚îc≤∏]K@     ¥⁄  '#     )      )   ¨   10.0.0.2                                      10.0.0.22                                     ñ	ø‘œ]K@"≥ÏI`K@     ¥⁄  '#     )      )   ¨   10.0.0.2                                      10.0.0.22                                     .9(a`K@<ıHÉ€bK@     ¥⁄  '#     )      )   ¨   10.0.0.2                                      10.0.0.22                                     ≈˛≤{ÚbK@Ún§leK@     ¥⁄  '#     )      )   ¨   10.0.0.2                                      10.0.0.22                                     uU†ÉeK@¥ Li˝gK@   	  ¥⁄  '#     )      )   ¨   10.0.0.2                                      10.0.0.22                                     ﬁÀ}rhK@€Qú£éjK@   
  ¥⁄  '#     )      )   ¨   10.0.0.2                                      10.0.0.22                                     v∆˜≈•jK@¢–≤ÓmK@     ¥⁄  '#     )      )   ¨   10.0.0.2                                      10.0.0.22                                     ¡q7mK@ô”e1±oK@     ¥⁄  '#     )      )   ¨   10.0.0.2                                      10.0.0.22                                     •ªÎl»oK@JCçBrK@     ¥⁄  '#     )      )   ¨   10.0.0.2                                      10.0.0.22                                     2…»YrK@:<ÑÒ”tK@     ¥⁄  '#     )      )   ¨   10.0.0.2                                      10.0.0.22                                     •,CÎtK@ªö<ewK@     ¥⁄  '#     )      )   ¨   10.0.0.2                                      10.0.0.22                                     ='Ωo|wK@öµêˆyK@     ¥⁄  '#     )      )   ¨   10.0.0.2                                      10.0.0.22                                     ’!7√zK@Ö
/à|K@     ¥⁄  '#     )      )   ¨   10.0.0.2                                      10.0.0.22                                     =òü|K@:3PK@     ¥⁄  '#     )      )   ¨   10.0.0.2                                      10.0.0.22                                     ’íér0K@1Xq™ÅK@     ¥⁄  '#     )      )   ¨   10.0.0.2                                      10.0.0.22                                     >	lŒ¡ÅK@j'˜;ÑK@     ¥⁄  '#     )      )   ¨   10.0.0.2                                      10.0.0.22                                     ’Ê!SÑK@2í=BÕÜK@     ¥⁄  '#     )      )   ¨   10.0.0.2                                      10.0.0.22                                     m˛_u‰ÜK@ å∑ï^âK@     ¥⁄  '#     )      )   ¨   10.0.0.2                                      10.0.0.22                                     ˘Ÿ»uâK@¯˘ÔãK@     ¥⁄  '#     )      )   ¨   10.0.0.2                                      10.0.0.22                                     ùÛSåK@˘Å´<ÅéK@     ¥⁄  '#     )      )   ¨   10.0.0.2                                      10.0.0.22                                     j1xòéK@2tÏ†ëK@     ¥⁄  '#     )      )   ¨   10.0.0.2                                      10.0.0.22                                     «+=)ëK@ƒ±.n£ìK@     ¥⁄  '#     )      )   ¨   10.0.0.2                                      10.0.0.22                                     _&äê∫ìK@Î8~®4ñK@     ¥⁄  '#     )      )   ¨   10.0.0.2                                      10.0.0.22                                     '•†€KñK@SØ[∆òK@     ¥⁄  '#     )      )   ¨   10.0.0.2                                      10.0.0.22                                     æü/›òK@Î©’WWõK@     ¥⁄  '#     )      )   ¨   10.0.0.2                                      10.0.0.22                                     '¯änõK@É§O´ËùK@     ¥⁄  '#     )      )   ¨   10.0.0.2                                      10.0.0.22                                     èå’ÊˇùK@ü…˛y†K@     ¥⁄  '#     )      )   ¨   10.0.0.2                                      10.0.0.22                                     ˜≥Bë†K@$nk£K@      ¥⁄  '#     )      )   ¨   10.0.0.2                                      10.0.0.22                                     è˝,ñ"£K@ÎãÑ∂ú•K@   !  ¥⁄  '#     )      )   ¨   10.0.0.2                                      10.0.0.22                                     '¯¶È≥•K@≥
õ.®K@   "  ¥⁄  '#     )      )   ¨   10.0.0.2                                      10.0.0.22                                     ènÑEE®K@Î¸€eø™K@   #  ¥⁄  '#     )      )   ¨   10.0.0.2                                      10.0.0.22                                     WÌöê÷™K@É˜UπP≠K@   $  ¥⁄  '#     )      )   ¨   10.0.0.2                                      10.0.0.22                                     ÔÁ‰g≠K@Úœ‚ØK@   %  ¥⁄  '#     )      )   ¨   10.0.0.2                                      10.0.0.22                                     Ü‚é7˘ØK@≥ÏI`s≤K@   &  ¥⁄  '#     )      )   ¨   10.0.0.2                                      10.0.0.22                                     ›ãä≤K@{k`´µK@   '  ¥⁄  '#     )      )   ¨   10.0.0.2                                      10.0.0.22                                     ∂◊ÇﬁµK@BÍvˆï∑K@   (  ¥⁄  '#     )      )   ¨   10.0.0.2                                      10.0.0.22                                     N“¸1≠∑K@⁄‰I'∫K@   )  ¥⁄  '#     )      )   ¨   10.0.0.2                                      10.0.0.22                                     ÊÃvÖ>∫K@rﬂjù∏ºK@   *  ¥⁄  '#     )      )   ¨   10.0.0.2                                      10.0.0.22                                     ‰¿´ÂŒºK@@OIøK@   +  ¥⁄  '#     )      )   ¨   10.0.0.2                                      10.0.0.22                                     {ª%9`øK@Uka⁄¡K@   ,  ¥⁄  '#     )      )   ¨   10.0.0.2                                      10.0.0.22                                     ¢BusÒ¡K@ç]¢zkƒK@   -  ¥⁄  '#     )      )   ¨   10.0.0.2                                      10.0.0.22                                     j¡ãæÇƒK@ˆ”÷¸∆K@   .  ¥⁄  '#     )      )   ¨   10.0.0.2                                      10.0.0.22                                     ¢≥Ã"«K@ˇA$Cé…K@   /  ¥⁄  '#     )      )   ¨   10.0.0.2                                      10.0.0.22                                     :ÆFv•…K@ˆD◊ÖÃK@   0  ¥⁄  '#     )      )   ¨   10.0.0.2                                      10.0.0.22                                     ¢$$“6ÃK@.7Í∞ŒK@   1  ¥⁄  '#     )      )   ¨   10.0.0.2                                      10.0.0.22                                     õ.»ŒK@∆1í=B—K@   2  ¥⁄  '#     )      )   ¨   10.0.0.2                                      10.0.0.22                                     £ï{ÅY—K@/®oô””K@   3  ¥⁄  '#     )      )   ¨   10.0.0.2                                      10.0.0.22                                     :êı‘Í”K@ﬁ ùe÷K@   4  ¥⁄  '#     )      )   ¨   10.0.0.2                                      10.0.0.22                                      |÷K@/«HˆÿK@   5  ¥⁄  '#     )      )   ¨   10.0.0.2                                      10.0.0.22                                     ;MÑŸK@óè§§á€K@   6  ¥⁄  '#     )      )   ¨   10.0.0.2                                      10.0.0.22                                     “˚∆◊û€K@^ªÔﬁK@   7  ¥⁄  '#     )      )   ¨   10.0.0.2                                      10.0.0.22                                     jˆ@+0ﬁK@«ÑòK™‡K@   8  ¥⁄  '#     )      )   ¨   10.0.0.2                                      10.0.0.22                                     2uWv¡‡K@éØñ;„K@   9  ¥⁄  '#     )      )   ¨   10.0.0.2                                      10.0.0.22                                      o—…R„K@ÖbŸÃÂK@   :  ¥⁄  '#     )      )   ¨   10.0.0.2                                      10.0.0.22                                     ëÓÁ‰ÂK@Ó|?5^ËK@   ;  ¥⁄  '#     )      )   ¨   10.0.0.2                                      10.0.0.22                                     ÙßçÍtËK@P6Â
ÔÍK@   <  ¥⁄  '#     )      )   ¨   10.0.0.2                                      10.0.0.22                                     \kFÎK@â(&oÄÌK@   =  ¥⁄  '#     )      )   ¨   10.0.0.2                                      10.0.0.22                                     ÙÂôóÌK@Ä+Ÿ±K@   >  ¥⁄  '#     )      )   ¨   10.0.0.2                                      10.0.0.22                                     å_Ì(K@Ë°∂£ÚK@   ?  ¥⁄  '#     )      )   ¨   10.0.0.2                                      10.0.0.22                                     Ùâ<I∫ÚK@Pîi4ıK@   @  ¥⁄  '#     )      )   ¨   10.0.0.2                                      10.0.0.22                                     åÑ∂úKıK@ó™¥≈˜K@   A  ¥⁄  '#     )      )   ¨   10.0.0.2                                      10.0.0.22                                     Ù˙ì¯‹˜K@ÄàW˙K@   B  ¥⁄  '#     )      )   ¨   10.0.0.2                                      10.0.0.22                                     åıLn˙K@ËÉelË¸K@   C  ¥⁄  '#     )      )   ¨   10.0.0.2                                      10.0.0.22                                     $áüˇ¸K@∞|∑yˇK@   D  ¥⁄  '#     )      )   ¨   10.0.0.2                                      10.0.0.22                                     ºÍÛêˇK@hÈ
L@   E  ¥⁄  '#     )      )   ¨   10.0.0.2                                      10.0.0.22                                     Éi>"L@? ©MúL@   F  ¥⁄  '#     )      )   ¨   10.0.0.2                                      10.0.0.22                                     díë≥L@HnM∫-L@   G  ¥⁄  '#     )      )   ¨   10.0.0.2                                      10.0.0.22                                     ≥^ÂDL@‡h«ø	L@   H  ¥⁄  '#     )      )   ¨   10.0.0.2                                      10.0.0.22                                     {›"0÷	L@ßÁ›XPL@   I  ¥⁄  '#     )      )   ¨   10.0.0.2                                      10.0.0.22                                     B\9{gL@ûÍêõ·L@   J  ¥⁄  '#     )      )   ¨   10.0.0.2                                      10.0.0.22                                     ™“◊¯L@6Â
ÔrL@   K  ¥⁄  '#     )      )   ¨   10.0.0.2                                      10.0.0.22                                     rQ-"äL@˛c!:L@   L  ¥⁄  '#     )      )   ¨   10.0.0.2                                      10.0.0.22                                     "®ΩL@~6r›îL@   M  ¥⁄  '#     )      )   ¨   10.0.0.2                                      10.0.0.22                                     È&1¨L@Fµà(&L@   N  ¥⁄  '#     )      )   ¨   10.0.0.2                                      10.0.0.22                                     ±•GS=L@ﬁØ|∑L@   O  ¥⁄  '#     )      )   ¨   10.0.0.2                                      10.0.0.22                                     %ØŒL@F&‡◊HL@   P  ¥⁄  '#     )      )   ¨   10.0.0.2                                      10.0.0.22                                     Åí`L@~!<⁄ L@   Q  ¥⁄  '#     )      )   ¨   10.0.0.2                                      10.0.0.22                                     ç|^Ò L@•üpvk#L@   R  ¥⁄  '#     )      )   ¨   10.0.0.2                                      10.0.0.22                                     ±áˆ±Ç#L@âxÎ¸%L@   S  ¥⁄  '#     )      )   ¨   10.0.0.2                                      10.0.0.22                                     IÇp&L@•»%é(L@   T  ¥⁄  '#     )      )   ¨   10.0.0.2                                      10.0.0.22                                     ·|ÍX•(L@á•Å+L@   U  ¥⁄  '#     )      )   ¨   10.0.0.2                                      10.0.0.22                                     IÛ«¥6+L@’ºÃ∞-L@   V  ¥⁄  '#     )      )   ¨   10.0.0.2                                      10.0.0.22                                     ±i•»-L@¯¸0B0L@   W  ¥⁄  '#     )      )   ¨   10.0.0.2                                      10.0.0.22                                     ‡ÇlY0L@FÍ=ï”2L@   X  ¥⁄  '#     )      )   ¨   10.0.0.2                                      10.0.0.22                                     ≤⁄¸øÍ2L@iT‡d5L@   Y  ¥⁄  '#     )      )   ¨   10.0.0.2                                      10.0.0.22                                     yY|5L@¶cŒ3ˆ7L@   Z  ¥⁄  '#     )      )   ¨   10.0.0.2                                      10.0.0.22                                     ·œf8L@ùfÅvá:L@   [  ¥⁄  '#     )      )   ¨   10.0.0.2                                      10.0.0.22                                     y j∫û:L@5a˚…=L@   \  ¥⁄  '#     )      )   ¨   10.0.0.2                                      10.0.0.22                                     ≈‰0=L@>œü6™?L@   ]  ¥⁄  '#     )      )   ¨   10.0.0.2                                      10.0.0.22                                     P®ßè¿?L@Y‹d:BL@   ^  ¥⁄  '#     )      )   ¨   10.0.0.2                                      10.0.0.22                                     G´Z“QBL@”ΩNÍÀDL@   _  ¥⁄  '#     )      )   ¨   10.0.0.2                                      10.0.0.22                                     *q„DL@k∏»=]GL@   `  ¥⁄  '#     )      )   ¨   10.0.0.2                                      10.0.0.22                                     w†NytGL@≥BëÓIL@   a  ¥⁄  '#     )      )   ¨   10.0.0.2                                      10.0.0.22                                     õ»ÃJL@õ≠º‰LL@   b  ¥⁄  '#     )      )   ¨   10.0.0.2                                      10.0.0.22                                     ßïB óLL@”ü˝HOL@   c  ¥⁄  '#     )      )   ¨   10.0.0.2                                      10.0.0.22                                     ?êºs(OL@À¢∞ã¢QL@   d  ¥⁄  '#     )      )   ¨   10.0.0.2                                      10.0.0.22                                     ◊ä6«πQL@3éÁ3TL@   e  ¥⁄  '#     )      )   ¨   10.0.0.2                                      10.0.0.22                                     nÖ∞KTL@*A*≈VL@   f  ¥⁄  '#     )      )   ¨   10.0.0.2                                      10.0.0.22                                     6«e‹VL@3äÂñVYL@   g  ¥⁄  '#     )      )   ¨   10.0.0.2                                      10.0.0.22                                     Œ˛@πmYL@˙¸·Á[L@   h  ¥⁄  '#     )      )   ¨   10.0.0.2                                      10.0.0.22                                     f˘∫ˇ[L@ÚØ$y^L@   i  ¥⁄  '#     )      )   ¨   10.0.0.2                                      10.0.0.22                                     -x—Wê^L@Èbg
aL@   j  ¥⁄  '#     )      )   ¨   10.0.0.2                                      10.0.0.22                                     ≈rK´!aL@QÖ?√õcL@   k  ¥⁄  '#     )      )   ¨   10.0.0.2                                      10.0.0.22                                     ]m≈˛≤cL@Èπ-fL@   l  ¥⁄  '#     )      )   ¨   10.0.0.2                                      10.0.0.22                                     $Ï€IDfL@Åz3jæhL@   m  ¥⁄  '#     )      )   ¨   10.0.0.2                                      10.0.0.22                                     ºÊUù’hL@È∆OkL@   n  ¥⁄  '#     )      )   ¨   10.0.0.2                                      10.0.0.22                                     O$òjfkL@{.Sì‡mL@   o  ¥⁄  '#     )      )   ¨   10.0.0.2                                      10.0.0.22                                     Êæ˜mL@C≠iﬁqpL@   p  ¥⁄  '#     )      )   ¨   10.0.0.2                                      10.0.0.22                                     OïÔâpL@{ü™BsL@   q  ¥⁄  '#     )      )   ¨   10.0.0.2                                      10.0.0.22                                     ÁèimsL@s¢]ÖîuL@   r  ¥⁄  '#     )      )   ¨   10.0.0.2                                      10.0.0.22                                     OG…´uL@´îûÈ%xL@   s  ¥⁄  '#     )      )   ¨   10.0.0.2                                      10.0.0.22                                     Ö]=xL@Cè=∑zL@   t  ¥⁄  '#     )      )   ¨   10.0.0.2                                      10.0.0.22                                     ˚:pŒzL@/àH}L@   u  ¥⁄  '#     )      )   ¨   10.0.0.2                                      10.0.0.22                                     ÁqÃ_}L@sÑ‰ŸL@   v  ¥⁄  '#     )      )   ¨   10.0.0.2                                      10.0.0.22                                     líÒL@F±‹“jÇL@   w  ¥⁄  '#     )      )   ¨   10.0.0.2                                      10.0.0.22                                     •Û·YÇÇL@aäri¸ÑL@   x  ¥⁄  '#     )      )   ¨   10.0.0.2                                      10.0.0.22                                     mr¯§ÖL@ö|≥ÕçáL@   y  ¥⁄  '#     )      )   ¨   10.0.0.2                                      10.0.0.22                                     mr¯§áL@£ÍW:äL@   z  ¥⁄  '#     )      )   ¨   10.0.0.2                                      10.0.0.22                                     ùgÏK6äL@)z‡c∞åL@   {  ¥⁄  '#     )      )   ¨   10.0.0.2                                      10.0.0.22                                     5bfü«åL@ëΩøAèL@   |  ¥⁄  '#     )      )   ¨   10.0.0.2                                      10.0.0.22                                     Õ\‡ÚXèL@)Î7”ëL@   }  ¥⁄  '#     )      )   ¨   10.0.0.2                                      10.0.0.22                                     dWZFÍëL@ÍxÃ@eîL@   ~  ¥⁄  '#     )      )   ¨   10.0.0.2                                      10.0.0.22                                     ¸Q‘ô{îL@;«ÄÏıñL@     ¥⁄  '#     )      )   ¨   10.0.0.2                                      10.0.0.22                                     5D˛óL@£=^HáôL@   Ä  ¥⁄  '#     )      )   ¨   10.0.0.2                                      10.0.0.22                                     >≤πjûôL@¨´µúL@   Å  ¥⁄  '#     )      )   ¨   10.0.0.2                                      10.0.0.22                                     v§˙Œ/úL@«ÑòK™ûL@   Ç  ¥⁄  '#     )      )   ¨   10.0.0.2                                      10.0.0.22                                     üt"¡ûL@%ìS;°L@   É  ¥⁄  '#     )      )   ¨   10.0.0.2                                      10.0.0.22                                     wR~R°L@£ßÃ£L@   Ñ  ¥⁄  '#     )      )   ¨   10.0.0.2                                      10.0.0.22                                     ﬂã/⁄„£L@ñÍ^¶L@   Ö  ¥⁄  '#     )      )   ¨   10.0.0.2                                      10.0.0.22                                     wÜ©-u¶L@£êdVÔ®L@   Ü  ¥⁄  '#     )      )   ¨   10.0.0.2                                      10.0.0.22                                     >¿x©L@‹Ç•∫Ä´L@   á  ¥⁄  '#     )      )   ¨   10.0.0.2                                      10.0.0.22                                     Ô«Ìó´L@ÂI'ÆL@   à  ¥⁄  '#     )      )   ¨   10.0.0.2                                      10.0.0.22                                     ØÈAA)ÆL@xôa£∞L@   â  ¥⁄  '#     )      )   ¨   10.0.0.2                                      10.0.0.22                                     G‰ªî∫∞L@¡WtÎ5≥L@   ä  ¥⁄  '#     )      )   ¨   10.0.0.2                                      10.0.0.22                                     ﬂﬁ5ËK≥L@È∆µL@   ã  ¥⁄  '#     )      )   ¨   10.0.0.2                                      10.0.0.22                                     ß]L3›µL@Ï£SW∏L@   å  ¥⁄  '#     )      )   ¨   10.0.0.2                                      10.0.0.22                                     ?X∆Ün∏L@õÊßË∫L@   ç  ¥⁄  '#     )      )   ¨   10.0.0.2                                      10.0.0.22                                     ◊‹—ˇ∫L@]˚zΩL@   é  ¥⁄  '#     )      )   ¨   10.0.0.2                                      10.0.0.22                                     û—V%ëΩL@˙_ÆE¿L@   è  ¥⁄  '#     )      )   ¨   10.0.0.2                                      10.0.0.22                                     †Nyt#¿L@ŸÓ@ù¬L@   ê  ¥⁄  '#     )      )   ¨   10.0.0.2                                      10.0.0.22                                     ˜Ye¶¥¬L@A}Àú.≈L@   ë  ¥⁄  '#     )      )   ¨   10.0.0.2                                      10.0.0.22                                     æÿ{ÒE≈L@å⁄˝*¿«L@   í  ¥⁄  '#     )      )   ¨   10.0.0.2                                      10.0.0.22                                     ˜ ºU◊«L@$’w~Q L@   ì  ¥⁄  '#     )      )   ¨   10.0.0.2                                      10.0.0.22                                     è≈6©h L@ÎSé…‚ÃL@   î  ¥⁄  '#     )      )   ¨   10.0.0.2                                      10.0.0.22                                     '¿∞¸˘ÃL@ÉNtœL@   ï  ¥⁄  '#     )      )   ¨   10.0.0.2                                      10.0.0.22                                     è6éXãœL@ÒÅˇ“L@   ñ  ¥⁄  '#     )      )   ¨   10.0.0.2                                      10.0.0.22                                     '1¨“L@$∑&›ñ‘L@   ó  ¥⁄  '#     )      )   ¨   10.0.0.2                                      10.0.0.22                                     ø+Çˇ≠‘L@§U-È(◊L@   ò  ¥⁄  '#     )      )   ¨   10.0.0.2                                      10.0.0.22                                     W&¸R?◊L@≥¥SsπŸL@   ô  ¥⁄  '#     )      )   ¨   10.0.0.2                                      10.0.0.22                                     Ô v¶–ŸL@+1œJ‹L@   ö  ¥⁄  '#     )      )   ¨   10.0.0.2                                      10.0.0.22                                     Ü˘a‹L@.‰‹ﬁL@   õ  ¥⁄  '#     )      )   ¨   10.0.0.2                                      10.0.0.22                                     NöEÛﬁL@K %vm·L@   ú  ¥⁄  '#     )      )   ¨   10.0.0.2                                      10.0.0.22                                     ÊîÄòÑ·L@B#ÿ∏˛„L@   ù  ¥⁄  '#     )      )   ¨   10.0.0.2                                      10.0.0.22                                     ~è˙Î‰L@⁄RêÊL@   û  ¥⁄  '#     )      )   ¨   10.0.0.2                                      10.0.0.22                                     E7ßÊL@¢úhW!ÈL@   ü  ¥⁄  '#     )      )   ¨   10.0.0.2                                      10.0.0.22                                     ›ãä8ÈL@9ó‚™≤ÎL@   †  ¥⁄  '#     )      )   ¨   10.0.0.2                                      10.0.0.22                                     ô2…»ÎL@∆ÌÒBÓL@   °  ¥⁄  '#     )      )   ¨   10.0.0.2                                      10.0.0.22                                     1¨ZÓL@Ìû<,‘L@   ¢  ¥⁄  '#     )      )   ¨   10.0.0.2                                      10.0.0.22                                     …&pÎL@yÎ¸€eÛL@   £  ¥⁄  '#     )      )   ¨   10.0.0.2                                      10.0.0.22                                     a˝ü√|ÛL@é[ÏˆıL@   §  ¥⁄  '#     )      )   ¨   10.0.0.2                                      10.0.0.22                                     ˘˜ˆL@Ö
/à¯L@   •  ¥⁄  '#     )      )   ¨   10.0.0.2                                      10.0.0.22                                     ëÚìjü¯L@ÌÄÎä˚L@   ¶  ¥⁄  '#     )      )   ¨   10.0.0.2                                      10.0.0.22                                     )Ìæ0˚L@&s,Ô™˝L@   ß  ¥⁄  '#     )      )   ¨   10.0.0.2                                      10.0.0.22                                     ëcÎ¬˝L@vﬂ1< M@   ®  ¥⁄  '#     )      )   ¨   10.0.0.2                                      10.0.0.22                                     )^emS M@“âSÕM@   ©  ¥⁄  '#     )      )   ¨   10.0.0.2                                      10.0.0.22                                     iQü‰M@; ‚Æ^M@   ™  ¥⁄  '#     )      )   ¨   10.0.0.2                                      10.0.0.22                                     dÀÚuM@sÚ"M@   ´  ¥⁄  '#     )      )   ¨   10.0.0.2                                      10.0.0.22                                     Ø^EFM@ÌúfÅ
M@   ¨  ¥⁄  '#     )      )   ¨   10.0.0.2                                      10.0.0.22                                     v›[ëò
M@O©M@   ≠  ¥⁄  '#     )      )   ¨   10.0.0.2                                      10.0.0.22                                     ÿ’‰)M@kf-§M@   Æ  ¥⁄  '#     )      )   ¨   10.0.0.2                                      10.0.0.22                                     ∏=AbªM@[Dì7M@   Ø  ¥⁄  '#     )      )   ¨   10.0.0.2                                      10.0.0.22                                      ¥æLM@#˜tu«M@   ∞  ¥⁄  '#     )      )   ¨   10.0.0.2                                      10.0.0.22                                     Y¶_"ﬁM@ˆ#EdXM@   ±  ¥⁄  '#     )      )   ¨   10.0.0.2                                      10.0.0.22                                     ëò†ÜoM@/Ü»ÈM@   ≤  ¥⁄  '#     )      )   ¨   10.0.0.2                                      10.0.0.22                                     qs* M@n˘HJzM@   ≥  ¥⁄  '#     )      )   ¨   10.0.0.2                                      10.0.0.22                                     	n§lëM@e¸˚åM@   ¥  ¥⁄  '#     )      )   ¨   10.0.0.2                                      10.0.0.22                                     °h¿"M@˝ˆu‡ú!M@   µ  ¥⁄  '#     )      )   ¨   10.0.0.2                                      10.0.0.22                                     9cò¥!M@≈uå+.$M@   ∂  ¥⁄  '#     )      )   ¨   10.0.0.2                                      10.0.0.22                                     °ŸuoE$M@û_î†ø&M@   ∑  ¥⁄  '#     )      )   ¨   10.0.0.2                                      10.0.0.22                                     	PSÀ÷&M@6ZÙP)M@   ∏  ¥⁄  '#     )      )   ¨   10.0.0.2                                      10.0.0.22                                     q∆0'h)M@ŒTàG‚+M@   π  ¥⁄  '#     )      )   ¨   10.0.0.2                                      10.0.0.22                                     	¡™z˘+M@ï”ûís.M@   ∫  ¥⁄  '#     )      )   ¨   10.0.0.2                                      10.0.0.22                                     ≥&¯ä.M@‡0— 1M@   ª  ¥⁄  '#     )      )   ¨   10.0.0.2                                      10.0.0.22                                     K!êK1M@ßØÁkñ3M@   º  ¥⁄  '#     )      )   ¨   10.0.0.2                                      10.0.0.22                                     „
ü≠3M@∞åÿ'6M@   Ω  ¥⁄  '#     )      )   ¨   10.0.0.2                                      10.0.0.22                                     {ÑÚ>6M@)x
π8M@   æ  ¥⁄  '#     )      )   ¨   10.0.0.2                                      10.0.0.22                                     ˛E–8M@û#Ú]J;M@   ø  ¥⁄  '#     )      )   ¨   10.0.0.2                                      10.0.0.22                                     ™xôa;M@öœπ€=M@   ¿  ¥⁄  '#     )      )   ¨   10.0.0.2                                      10.0.0.22                                     räé‰Ú=M@˛úÇ¸l@M@   ¡  ¥⁄  '#     )      )   ¨   10.0.0.2                                      10.0.0.22                                     
Ö8Ñ@M@NÔ‚˝BM@   ¬  ¥⁄  '#     )      )   ¨   10.0.0.2                                      10.0.0.22                                     ¥æLCM@^J]2éEM@   √  ¥⁄  '#     )      )   ¨   10.0.0.2                                      10.0.0.22                                     |ù‘ó•EM@®ßè¿HM@   ƒ  ¥⁄  '#     )      )   ¨   10.0.0.2                                      10.0.0.22                                     òNÎ6HM@p&¶±JM@   ≈  ¥⁄  '#     )      )   ¨   10.0.0.2                                      10.0.0.22                                     ´í»>»JM@! _BMM@   ∆  ¥⁄  '#     )      )   ¨   10.0.0.2                                      10.0.0.22                                     CçBíYMM@pó˝∫”OM@   «  ¥⁄  '#     )      )   ¨   10.0.0.2                                      10.0.0.22                                     €áºÂÍOM@7eRM@   »  ¥⁄  '#     )      )   ¨   10.0.0.2                                      10.0.0.22                                     £”0|RM@ˇî*QˆTM@   …  ¥⁄  '#     )      )   ¨   10.0.0.2                                      10.0.0.22                                     ;MÑUM@«AúáWM@      ¥⁄  '#     )      )   ¨   10.0.0.2                                      10.0.0.22                                     “˚∆◊ûWM@^ªÔZM@   À  ¥⁄  '#     )      )   ¨   10.0.0.2                                      10.0.0.22                                     jˆ@+0ZM@«ÑòK™\M@   Ã  ¥⁄  '#     )      )   ¨   10.0.0.2                                      10.0.0.22                                     Ò∫~¡\M@/˚uß;_M@   Õ  ¥⁄  '#     )      )   ¨   10.0.0.2                                      10.0.0.22                                     öÎ4“R_M@«ıÔ˙ÃaM@   Œ  ¥⁄  '#     )      )   ¨   10.0.0.2                                      10.0.0.22                                     b.‰aM@_iN^dM@   œ  ¥⁄  '#     )      )   ¨   10.0.0.2                                      10.0.0.22                                     ö\åÅudM@˜Í„°ÔfM@   –  ¥⁄  '#     )      )   ¨   10.0.0.2                                      10.0.0.22                                     2W’gM@æi˙ÏÄiM@   —  ¥⁄  '#     )      )   ¨   10.0.0.2                                      10.0.0.22                                      QÄ(òiM@˜[;QlM@   “  ¥⁄  '#     )      )   ¨   10.0.0.2                                      10.0.0.22                                     bL˙{)lM@‚∞4£nM@   ”  ¥⁄  '#     )      )   ¨   10.0.0.2                                      10.0.0.22                                     ßÏÙÉ∫nM@tÓvΩ4qM@   ‘  ¥⁄  '#     )      )   ¨   10.0.0.2                                      10.0.0.22                                     >Án◊KqM@ ˘bÔ≈sM@   ’  ¥⁄  '#     )      )   ¨   10.0.0.2                                      10.0.0.22                                     wŸØ;›sM@”g\WvM@   ÷  ¥⁄  '#     )      )   ¨   10.0.0.2                                      10.0.0.22                                     ﬂOçónvM@ßî◊JËxM@   ◊  ¥⁄  '#     )      )   ¨   10.0.0.2                                      10.0.0.22                                     ïc≤∏ˇxM@-$`ty{M@   ÿ  ¥⁄  '#     )      )   ¨   10.0.0.2                                      10.0.0.22                                     \‚»ë{M@yY~M@   Ÿ  ¥⁄  '#     )      )   ¨   10.0.0.2                                      10.0.0.22                                     $aﬂN"~M@ÄÔ6oúÄM@   ⁄  ¥⁄  '#     )      )   ¨   10.0.0.2                                      10.0.0.22                                     Ïﬂıô≥ÄM@$òjf-ÉM@   €  ¥⁄  '#     )      )   ¨   10.0.0.2                                      10.0.0.22                                     ro~√DÉM@çH¬æÖM@   ‹  ¥⁄  '#     )      )   ¨   10.0.0.2                                      10.0.0.22                                     ⁄Â[÷ÖM@6t≥?PàM@   ›  ¥⁄  '#     )      )   ¨   10.0.0.2                                      10.0.0.22                                     r‡’rgàM@Œn-ì·äM@   ﬁ  ¥⁄  '#     )      )   ¨   10.0.0.2                                      10.0.0.22                                     
€O∆¯äM@ÈG√)sçM@   ﬂ  ¥⁄  '#     )      )   ¨   10.0.0.2                                      10.0.0.22                                     ¢’…äçM@ŒﬂÑBêM@   ‡  ¥⁄  '#     )      )   ¨   10.0.0.2                                      10.0.0.22                                     9–CmêM@f⁄˛ïïíM@   ·  ¥⁄  '#     )      )   ¨   10.0.0.2                                      10.0.0.22                                     — Ω¿¨íM@]›±ÿ&ïM@   ‚  ¥⁄  '#     )      )   ¨   10.0.0.2                                      10.0.0.22                                     ôI‘>ïM@≈Sè4∏óM@   „  ¥⁄  '#     )      )   ¨   10.0.0.2                                      10.0.0.22                                     1DN_œóM@]N	àIöM@   ‰  ¥⁄  '#     )      )   ¨   10.0.0.2                                      10.0.0.22                                     4ı∫E`öM@êÉf⁄úM@   Â  ¥⁄  '#     )      )   ¨   10.0.0.2                                      10.0.0.22                                     úkò°ÒúM@ôÒ∂“küM@   Ê  ¥⁄  '#     )      )   ¨   10.0.0.2                                      10.0.0.22                                     4fıÇüM@êÙi˝°M@   Á  ¥⁄  '#     )      )   ¨   10.0.0.2                                      10.0.0.22                                     Ã`åH¢M@{Ic¥é§M@   Ë  ¥⁄  '#     )      )   ¨   10.0.0.2                                      10.0.0.22                                     d[ú•§M@¿È]ºßM@   È  ¥⁄  '#     )      )   ¨   10.0.0.2                                      10.0.0.22                                     ¸UÄÔ6ßM@(`;±©M@   Í  ¥⁄  '#     )      )   ¨   10.0.0.2                                      10.0.0.22                                     îP˙B»©M@ﬁQcB¨M@   Î  ¥⁄  '#     )      )   ¨   10.0.0.2                                      10.0.0.22                                     [œéY¨M@f°ù”ÆM@   Ï  ¥⁄  '#     )      )   ¨   10.0.0.2                                      10.0.0.22                                     #N'ŸÍÆM@‹~˘d±M@   Ì  ¥⁄  '#     )      )   ¨   10.0.0.2                                      10.0.0.22                                     ªH°,|±M@F[ïDˆ≥M@   Ó  ¥⁄  '#     )      )   ¨   10.0.0.2                                      10.0.0.22                                     #ø~à¥M@Ø—r†á∂M@   Ô  ¥⁄  '#     )      )   ¨   10.0.0.2                                      10.0.0.22                                     ªπ¯€û∂M@ˇÎ‹¥πM@     ¥⁄  '#     )      )   ¨   10.0.0.2                                      10.0.0.22                                     S¥r/0πM@æ-X™ªM@   Ò  ¥⁄  '#     )      )   ¨   10.0.0.2                                      10.0.0.22                                     ÍÆÏÇ¡ªM@¶E}í;æM@   Ú  ¥⁄  '#     )      )   ¨   10.0.0.2                                      10.0.0.22                                     Ç©f÷RæM@ﬂ7æˆÃ¿M@   Û  ¥⁄  '#     )      )   ¨   10.0.0.2                                      10.0.0.22                                     ÍD2‰¿M@#ÿ∏˛]√M@   Ù  ¥⁄  '#     )      )   ¨   10.0.0.2                                      10.0.0.22                                     –∑Ku√M@z„§0Ô≈M@   ı  ¥⁄  '#     )      )   ¨   10.0.0.2                                      10.0.0.22                                     Â”c[∆M@ﬁÑÄ»M@   ˆ  ¥⁄  '#     )      )   ¨   10.0.0.2                                      10.0.0.22                                     }Œ›Æó»M@Ÿ\5œÀM@   ˜  ¥⁄  '#     )      )   ¨   10.0.0.2                                      10.0.0.22                                     …W)ÀM@Ov3£ÕM@   ¯  ¥⁄  '#     )      )   ¨   10.0.0.2                                      10.0.0.22                                     ≠√—U∫ÕM@	R)v4–M@   ˘  ¥⁄  '#     )      )   ¨   10.0.0.2                                      10.0.0.22                                     :Ø±K–M@q»“≈“M@   ˙  ¥⁄  '#     )      )   ¨   10.0.0.2                                      10.0.0.22                                     M,›“M@™∫G6W’M@   ˚  ¥⁄  '#     )      )   ¨   10.0.0.2                                      10.0.0.22                                     ∂¢Õqn’M@‚¨àöË◊M@   ¸  ¥⁄  '#     )      )   ¨   10.0.0.2                                      10.0.0.22                                     NùG≈ˇ◊M@zßÓy⁄M@   ˝  ¥⁄  '#     )      )   ¨   10.0.0.2                                      10.0.0.22                                     Âó¡ë⁄M@q™µ0›M@   ˛  ¥⁄  '#     )      )   ¨   10.0.0.2                                      10.0.0.22                                     Nüt"›M@⁄ ìåúﬂM@   ˇ  ¥⁄  '#     )      )   ¨   10.0.0.2                                      10.0.0.22                                     ∂Ñ|–≥ﬂM@–w.‚M@      ¥⁄  '#     )      )   ¨   10.0.0.2                                      10.0.0.22                                     }ìE‚M@zâ±Lø‰M@     ¥⁄  '#     )      )   ¨   10.0.0.2                                      10.0.0.22                                     ˛o÷‰M@rådèPÁM@     ¥⁄  '#     )      )   ¨   10.0.0.2                                      10.0.0.22                                     ≠¯Ü¬gÁM@9{⁄·ÈM@     ¥⁄  '#     )      )   ¨   10.0.0.2                                      10.0.0.22                                     EÛ ˘ÈM@r˝ª>sÏM@     ¥⁄  '#     )      )   ¨   10.0.0.2                                      10.0.0.22                                     ›ÌziäÏM@i oÅÔM@     ¥⁄  '#     )      )   ¨   10.0.0.2                                      10.0.0.22                                     uËÙºÔM@—vL›ïÒM@     ¥⁄  '#     )      )   ¨   10.0.0.2                                      10.0.0.22                                     “‰b¨ÒM@˛Ó5&ÙM@     ¥⁄  '#     )      )   ¨   10.0.0.2                                      10.0.0.22                                     :[@h=ÙM@ñÈóà∑ˆM@     ¥⁄  '#     )      )   ¨   10.0.0.2                                      10.0.0.22                                     “U∫ªŒˆM@^hÆ”H˘M@   	  ¥⁄  '#     )      )   ¨   10.0.0.2                                      10.0.0.22                                     jP4`˘M@ˆb('⁄˚M@   
  ¥⁄  '#     )      )   ¨   10.0.0.2                                      10.0.0.22                                     KÆbÒ˚M@ç]¢zk˛M@     ¥⁄  '#     )      *   ¨   10.0.0.2                                      10.0.0.22                                     ôE(∂Ç˛M@`´ã√ô?     ¥⁄  '#     *      *   ¨   10.0.0.2                                      10.0.0.22                                     ÿFÏ@Å?LP√∑∞nú?     ¥⁄  '#     *      *   ¨   10.0.0.2                                      10.0.0.22                                     ?8ü:V)ù?”ÑÌ'c|®?     ¥⁄  '#     *      *   ¨   10.0.0.2                                      10.0.0.22                                     §˚9˘Ÿ®?∫¬j,a±?     ¥⁄  '#     *      *   ¨   10.0.0.2                                      10.0.0.22                                     ï-ív£è±?2ÊÆ%‰É∂?     ¥⁄  '#     *      *   ¨   10.0.0.2                                      10.0.0.22                                     W]ájJ≤∂?>u¨Rz¶ª?     ¥⁄  '#     *      *   ¨   10.0.0.2                                      10.0.0.22                                     ç|^Ò‘ª?G‰ªî∫d¿?     ¥⁄  '#     *      *   ¨   10.0.0.2                                      10.0.0.22                                     nﬁ8)Ã{¿?C‰Ùı¬?     ¥⁄  '#     *      *   ¨   10.0.0.2                                      10.0.0.22                                     Ù•∑?√?çaN–&á≈?     ¥⁄  '#     *      *   ¨   10.0.0.2                                      10.0.0.22                                     zm6Vbû≈?n˘HJz»?     ¥⁄  '#     *      *   ¨   10.0.0.2                                      10.0.0.22                                     \1–µ/»?1ÍZ{ü™ ?     ¥⁄  '#     *      *   ¨   10.0.0.2                                      10.0.0.22                                     ‚ÃØÊ ¡ ?Aö±h:;Õ?     ¥⁄  '#     *      *   ¨   10.0.0.2                                      10.0.0.22                                     √d™`TRÕ?~(FñÃœ?     ¥⁄  '#     *      *   ¨   10.0.0.2                                      10.0.0.22                                     ˇÃ >∞„œ?∏Ku/—?     ¥⁄  '#     *      *   ¨   10.0.0.2                                      10.0.0.22                                     ÀÇâ?ä:—?÷9dØw“?     ¥⁄  '#     *      *   ¨   10.0.0.2                                      10.0.0.22                                     ro~√DÉ“?™πn¿”?     ¥⁄  '#     *      *   ¨   10.0.0.2                                      10.0.0.22                                     ê£9≤ÚÀ”?õZ∂÷	’?     ¥⁄  '#     *      *   ¨   10.0.0.2                                      10.0.0.22                                     ÄÔ6oú’?^æıaΩQ÷?     ¥⁄  '#     *      *   ¨   10.0.0.2                                      10.0.0.22                                     û#Ú]J]÷?N
Ûgö◊?     ¥⁄  '#     *      *   ¨   10.0.0.2                                      10.0.0.22                                     ºW≠L¯•◊?l>Æ„ÿ?     ¥⁄  '#     *      *   ¨   10.0.0.2                                      10.0.0.22                                     ≠£™	¢Óÿ?]ä´ æ+⁄?      ¥⁄  '#     *      *   ¨   10.0.0.2                                      10.0.0.22                                     ˘ø#*T7⁄?®¶$Îpt€?   !  ¥⁄  '#     *      *   ¨   10.0.0.2                                      10.0.0.22                                     D‹úJÄ€?Ù¬ù#Ω‹?   "  ¥⁄  '#     *      *   ¨   10.0.0.2                                      10.0.0.22                                     ê¯k∏»‹?m«‘]Ÿﬁ?   #  ¥⁄  '#     *      *   ¨   10.0.0.2                                      10.0.0.22                                     Æ,—Yfﬁ?ã˚èLáNﬂ?   $  ¥⁄  '#     *      *   ¨   10.0.0.2                                      10.0.0.22                                     Ã`åHZﬂ?’ó•ùöK‡?   %  ¥⁄  '#     *      *   ¨   10.0.0.2                                      10.0.0.22                                     u £aQ‡?ù,µﬁÔ‡?   &  ¥⁄  '#     *      *   ¨   10.0.0.2                                      10.0.0.22                                     Â∑Ëd©ı‡?áäq˛&î·?   '  ¥⁄  '#     *      *   ¨   10.0.0.2                                      10.0.0.22                                     ÙQF\ ö·?~!<⁄8‚?   (  ¥⁄  '#     *      *   ¨   10.0.0.2                                      10.0.0.22                                     ‡ÇlY>‚?∂/†Ó‹‚?   )  ¥⁄  '#     *      *   ¨   10.0.0.2                                      10.0.0.22                                     )z‡c∞‚‚?ó·?›@Å„?   *  ¥⁄  '#     *      *   ¨   10.0.0.2                                      10.0.0.22                                     ! _Bá„?yìﬂ¢ì%‰?   +  ¥⁄  '#     *      *   ¨   10.0.0.2                                      10.0.0.22                                     GÆõR^+‰?ü!≥Ï…‰?   ,  ¥⁄  '#     *      *   ¨   10.0.0.2                                      10.0.0.22                                     VH˘Iµœ‰?ƒØX√EnÂ?   -  ¥⁄  '#     *      *   ¨   10.0.0.2                                      10.0.0.22                                     e‚VAtÂ?‘I∂∫úÊ?   .  ¥⁄  '#     *      *   ¨   10.0.0.2                                      10.0.0.22                                     ãpìQeÊ?ÃÔ4ôÒ∂Ê?   /  ¥⁄  '#     *      *   ¨   10.0.0.2                                      10.0.0.22                                     ö
ÒHººÊ?€âíêH[Á?   0  ¥⁄  '#     *      *   ¨   10.0.0.2                                      10.0.0.22                                     øò-YaÁ?. ç“•ˇÁ?   1  ¥⁄  '#     *      *   ¨   10.0.0.2                                      10.0.0.22                                     œ2ãPlË?µ·∞4£Ë?   2  ¥⁄  '#     *      *   ¨   10.0.0.2                                      10.0.0.22                                     «ÿ	/¡©Ë?LäèOHÈ?   3  ¥⁄  '#     *      *   ¨   10.0.0.2                                      10.0.0.22                                     ÷rg&NÈ?E⁄∆ü®ÏÈ?   4  ¥⁄  '#     *      *   ¨   10.0.0.2                                      10.0.0.22                                     Â≈oÚÈ?jh∞ëÍ?   5  ¥⁄  '#     *      *   ¨   10.0.0.2                                      10.0.0.22                                     ›≤C¸√ñÍ?cÇéV5Î?   6  ¥⁄  '#     *      *   ¨   10.0.0.2                                      10.0.0.22                                     AÄ;Î?[¥ m´ŸÎ?   7  ¥⁄  '#     *      *   ¨   10.0.0.2                                      10.0.0.22                                     €›tﬂÎ?ÅB=}~Ï?   8  ¥⁄  '#     *      *   ¨   10.0.0.2                                      10.0.0.22                                     O]˘,œÉÏ?Î¨ÿc"Ì?   9  ¥⁄  '#     *      *   ¨   10.0.0.2                                      10.0.0.22                                     ¢”Ûn,(Ì?;SËº∆Ì?   :  ¥⁄  '#     *      *   ¨   10.0.0.2                                      10.0.0.22                                     »a0ÖÃÌ? ’∞ﬂkÓ?   ;  ¥⁄  '#     *      *   ¨   10.0.0.2                                      10.0.0.22                                     ◊˚çv‹pÓ?\WÃoÔ?   <  ¥⁄  '#     *      *   ¨   10.0.0.2                                      10.0.0.22                                     ¸â Ü5Ô?kÒ) ∆≥Ô?   =  ¥⁄  '#     *      *   ¨   10.0.0.2                                      10.0.0.22                                     9ÊØêπÔ?»?3à,?   >  ¥⁄  '#     *      *   ¨   10.0.0.2                                      10.0.0.22                                     /M‡Ù.?j¬ˆì1~?   ?  ¥⁄  '#     *      *   ¨   10.0.0.2                                      10.0.0.22                                     ¨q6Å?üwcAa–?   @  ¥⁄  '#     *      *   ¨   10.0.0.2                                      10.0.0.22                                     y ≤H”?»≤`‚è"Ò?   A  ¥⁄  '#     *      *   ¨   10.0.0.2                                      10.0.0.22                                     /¿>:u%Ò?ÊsÓvΩtÒ?   B  ¥⁄  '#     *      *   ¨   10.0.0.2                                      10.0.0.22                                     B]¬°wÒ?Ó@ùÚË∆Ò?   C  ¥⁄  '#     *      *   ¨   10.0.0.2                                      10.0.0.22                                     3‡,%À…Ò?Íì‹aÚ?   D  ¥⁄  '#     *      *   ¨   10.0.0.2                                      10.0.0.22                                     :≠€†ˆÚ?ÊÊ—=kÚ?   E  ¥⁄  '#     *      *   ¨   10.0.0.2                                      10.0.0.22                                     Bzä"nÚ?Ó≥ LiΩÚ?   F  ¥⁄  '#     *      *   ¨   10.0.0.2                                      10.0.0.22                                     U¡®§N¿Ú?˚Ë‘ïÛ?   G  ¥⁄  '#     *      *   ¨   10.0.0.2                                      10.0.0.22                                     \éW zÛ?»óP¡aÛ?   H  ¥⁄  '#     *      *   ¨   10.0.0.2                                      10.0.0.22                                     o’u®¶dÛ?∂ÿÌ≥Û?   I  ¥⁄  '#     *      *   ¨   10.0.0.2                                      10.0.0.22                                     Çî0”∂Û?~¨‡∑!Ù?   J  ¥⁄  '#     *      *   ¨   10.0.0.2                                      10.0.0.22                                     ïc≤∏ˇÙ?AùÚËFXÙ?   K  ¥⁄  '#     *      *   ¨   10.0.0.2                                      10.0.0.22                                     ®™–@,[Ù?_^Ä}t™Ù?   L  ¥⁄  '#     *      *   ¨   10.0.0.2                                      10.0.0.22                                     ∆k^’Y≠Ù?r•û°¸Ù?   M  ¥⁄  '#     *      *   ¨   10.0.0.2                                      10.0.0.22                                     Œ8QÖˇÙ?ÖÏºçÕNı?   N  ¥⁄  '#     *      *   ¨   10.0.0.2                                      10.0.0.22                                     ‡+Ÿ±Qı?åπk	˘†ı?   O  ¥⁄  '#     *      *   ¨   10.0.0.2                                      10.0.0.22                                     ›“jH‹£ı?}í;l"Ûı?   P  ¥⁄  '#     *      *   ¨   10.0.0.2                                      10.0.0.22                                     ‰üƒˆı?êŸYÙNEˆ?   Q  ¥⁄  '#     *      *   ¨   10.0.0.2                                      10.0.0.22                                     aßX5Hˆ?£ x|{óˆ?   R  ¥⁄  '#     *      *   ¨   10.0.0.2                                      10.0.0.22                                     ˛≥Ê«_öˆ?™Ì&¯¶Èˆ?   S  ¥⁄  '#     *      *   ¨   10.0.0.2                                      10.0.0.22                                     å∂*âÏˆ?ß@fg—;˜?   T  ¥⁄  '#     *      *   ¨   10.0.0.2                                      10.0.0.22                                     ‘‘≤µ>˜?£ì•÷˚ç˜?   U  ¥⁄  '#     *      *   ¨   10.0.0.2                                      10.0.0.22                                     ˛&"‡ê˜?™`TR'‡˜?   V  ¥⁄  '#     *      *   ¨   10.0.0.2                                      10.0.0.22                                     Ù¬ù„˜?¶≥ì¡Q2¯?   W  ¥⁄  '#     *      *   ¨   10.0.0.2                                      10.0.0.22                                     ˆÃí 55¯?<ºÁ¿rÑ¯?   X  ¥⁄  '#     *      *   ¨   10.0.0.2                                      10.0.0.22                                     ∆7>[á¯?f˜‰a°÷¯?   Y  ¥⁄  '#     *      *   ¨   10.0.0.2                                      10.0.0.22                                     ÿ~2∆áŸ¯?ê2‚–(˘?   Z  ¥⁄  '#     *      *   ¨   10.0.0.2                                      10.0.0.22                                     Î≈PN¥+˘?óˇê~˚z˘?   [  ¥⁄  '#     *      *   ¨   10.0.0.2                                      10.0.0.22                                     
áﬁ‚·}˘?™FØ(Õ˘?   \  ¥⁄  '#     *      *   ¨   10.0.0.2                                      10.0.0.22                                     Tç^–˘?≤^ÇS˙?   ]  ¥⁄  '#     *      *   ¨   10.0.0.2                                      10.0.0.22                                     !<⁄8"˙?ƒZ|
Äq˙?   ^  ¥⁄  '#     *      *   ¨   10.0.0.2                                      10.0.0.22                                     
˙=bt˙?ÿ°öí¨√˙?   _  ¥⁄  '#     *      *   ¨   10.0.0.2                                      10.0.0.22                                     «∫∏ç∆˙?»zjı’˚?   `  ¥⁄  '#     *      *   ¨   10.0.0.2                                      10.0.0.22                                     $Ÿ@∫˚?ƒÕ©d h˚?   a  ¥⁄  '#     *      *   ¨   10.0.0.2                                      10.0.0.22                                     +€áºÂj˚?‚é7˘-∫˚?   b  ¥⁄  '#     *      *   ¨   10.0.0.2                                      10.0.0.22                                     2®68Ω˚?‘g\W¸?   c  ¥⁄  '#     *      *   ¨   10.0.0.2                                      10.0.0.22                                     :uÂ≥<¸?t	á^¸?   d  ¥⁄  '#     *      *   ¨   10.0.0.2                                      10.0.0.22                                     Mº<ia¸?˘ıCl∞∞¸?   e  ¥⁄  '#     *      *   ¨   10.0.0.2                                      10.0.0.22                                     Tâ≤∑î≥¸?ıHÉ€⁄˝?   f  ¥⁄  '#     *      *   ¨   10.0.0.2                                      10.0.0.22                                     Q‹Ò&ø˝?ê°cU˝?   g  ¥⁄  '#     *      *   ¨   10.0.0.2                                      10.0.0.22                                     d#ØÎW˝?]Pﬂ2ß˝?   h  ¥⁄  '#     *      *   ¨   10.0.0.2                                      10.0.0.22                                     kæ*™˝?"§ng_˘˝?   i  ¥⁄  '#     *      *   ¨   10.0.0.2                                      10.0.0.22                                     †•+ÿF¸˝?LﬂkéK˛?   j  ¥⁄  '#     *      *   ¨   10.0.0.2                                      10.0.0.22                                     æfπltN˛?j†˘úªù˛?   k  ¥⁄  '#     *      *   ¨   10.0.0.2                                      10.0.0.22                                     Ë°∂£†˛?àaá1ÈÔ˛?   l  ¥⁄  '#     *      *   ¨   10.0.0.2                                      10.0.0.22                                     neâŒÚ˛?Ö¥∆†Bˇ?   m  ¥⁄  '#     *      *   ¨   10.0.0.2                                      10.0.0.22                                     ˜;˙Dˇ?£uT5Aîˇ?   n  ¥⁄  '#     *      *   ¨   10.0.0.2                                      10.0.0.22                                     ˝°ô'óˇ?∂ºrΩmÊˇ?   o  ¥⁄  '#     *      *   ¨   10.0.0.2                                      10.0.0.22                                      PSÈˇ?‰Å»"M @   p  ¥⁄  '#     *      *   ¨   10.0.0.2                                      10.0.0.22                                     íÀHø @tbÌcE @   q  ¥⁄  '#     *      *   ¨   10.0.0.2                                      10.0.0.22                                     ˇ=xÌ“F @–ù`ˇun @   r  ¥⁄  '#     *      *   ¨   10.0.0.2                                      10.0.0.22                                     üUfJÎo @pµN\éó @   s  ¥⁄  '#     *      *   ¨   10.0.0.2                                      10.0.0.22                                     ˇÇ ô @ˇïï&•¿ @   t  ¥⁄  '#     *      *   ¨   10.0.0.2                                      10.0.0.22                                     °e›?¬ @wÇ˝◊πÈ @   u  ¥⁄  '#     *      *   ¨   10.0.0.2                                      10.0.0.22                                     }w+Î @˚Ë‘ïœ@   v  ¥⁄  '#     *      *   ¨   10.0.0.2                                      10.0.0.22                                     ©2åªA@ä…`Ê;@   w  ¥⁄  '#     *      *   ¨   10.0.0.2                                      10.0.0.22                                     -ôcyW=@∂É˚d@   x  ¥⁄  '#     *      *   ¨   10.0.0.2                                      10.0.0.22                                     ∞ˇ:7mf@Å_#Ié@   y  ¥⁄  '#     *      *   ¨   10.0.0.2                                      10.0.0.22                                     4fıÇè@
É2ç&∑@   z  ¥⁄  '#     *      *   ¨   10.0.0.2                                      10.0.0.22                                     √FYøô∏@ôcyW=‡@   {  ¥⁄  '#     *      *   ¨   10.0.0.2                                      10.0.0.22                                     A¯ˆÆ·@ PS	@   |  ¥⁄  '#     *      *   ¨   10.0.0.2                                      10.0.0.22                                     ≈V–¥ƒ
@°0(”h2@   }  ¥⁄  '#     *      *   ¨   10.0.0.2                                      10.0.0.22                                     Nzﬂ¯⁄3@⁄«
~[@   ~  ¥⁄  '#     *      *   ¨   10.0.0.2                                      10.0.0.22                                     Ã#0\@ùÉgBìÑ@     ¥⁄  '#     *      *   ¨   10.0.0.2                                      10.0.0.22                                     KÕhÜ@&ßvÜ©≠@   Ä  ¥⁄  '#     *      *   ¨   10.0.0.2                                      10.0.0.22                                     ⁄≠e2Ø@∞ Ö ø÷@   Å  ¥⁄  '#     *      *   ¨   10.0.0.2                                      10.0.0.22                                     ^=1ÿ@.t%’ˇ@   Ç  ¥⁄  '#     *      *   ¨   10.0.0.2                                      10.0.0.22                                     ·zÆG@¨≈9Í(@   É  ¥⁄  '#     *      *   ¨   10.0.0.2                                      10.0.0.22                                     _$¥Â\*@0Ñú˜ˇQ@   Ñ  ¥⁄  '#     *      *   ¨   10.0.0.2                                      10.0.0.22                                     ÈG√)sS@πß´;{@   Ö  ¥⁄  '#     *      *   ¨   10.0.0.2                                      10.0.0.22                                     lÆöÁà|@2îÌ*§@   Ü  ¥⁄  '#     *      *   ¨   10.0.0.2                                      10.0.0.22                                     r•û•@ÃÓ…√BÕ@   á  ¥⁄  '#     *      *   ¨   10.0.0.2                                      10.0.0.22                                     i⁄V≥Œ@?˙ÓVˆ@   à  ¥⁄  '#     *      *   ¨   10.0.0.2                                      10.0.0.22                                     Á™yé»˜@∑
b†k@   â  ¥⁄  '#     *      *   ¨   10.0.0.2                                      10.0.0.22                                     jQLﬁ @ñAµ¡âH@   ä  ¥⁄  '#     *      *   ¨   10.0.0.2                                      10.0.0.22                                     “∆kÒI@Ä∏´Wëq@   ã  ¥⁄  '#     *      *   ¨   10.0.0.2                                      10.0.0.22                                     Pp±¢s@&ç—:™ö@   å  ¥⁄  '#     *      *   ¨   10.0.0.2                                      10.0.0.22                                     ‘÷à`ú@Ø∞‡~¿√@   ç  ¥⁄  '#     *      *   ¨   10.0.0.2                                      10.0.0.22                                     X=`2≈@(ùH0’Ï@   é  ¥⁄  '#     *      *   ¨   10.0.0.2                                      10.0.0.22                                     ·`obHÓ@C‰Ù@   è  ¥⁄  '#     *      *   ¨   10.0.0.2                                      10.0.0.22                                     _
ö]@/j˜´ ?@   ê  ¥⁄  '#     *      *   ¨   10.0.0.2                                      10.0.0.22                                     ›≥Æ—r@@πçh@   ë  ¥⁄  '#     *      *   ¨   10.0.0.2                                      10.0.0.22                                     lîıõâi@<Ù›≠,ë@   í  ¥⁄  '#     *      *   ¨   10.0.0.2                                      10.0.0.22                                     ˙ÃYüí@∆ÌÒB∫@   ì  ¥⁄  '#     *      *   ¨   10.0.0.2                                      10.0.0.22                                     n§lë¥ª@J~ƒØX„@   î  ¥⁄  '#     *      *   ¨   10.0.0.2                                      10.0.0.22                                     ¯«{’ ‰@”°”Ûn@   ï  ¥⁄  '#     *      *   ¨   10.0.0.2                                      10.0.0.22                                     ÅÎä·@W´±Ñ5@   ñ  ¥⁄  '#     *      *   ¨   10.0.0.2                                      10.0.0.22                                     Rb◊ˆ6@’±JÈô^@   ó  ¥⁄  '#     *      *   ¨   10.0.0.2                                      10.0.0.22                                     }> à`@Mû≤öÆá@   ò  ¥⁄  '#     *      *   ¨   10.0.0.2                                      10.0.0.22                                     •°F!â@‚;1Î≈∞@   ô  ¥⁄  '#     *      *   ¨   10.0.0.2                                      10.0.0.22                                     NA~6≤@Uka⁄Ÿ@   ö  ¥⁄  '#     *      *   ¨   10.0.0.2                                      10.0.0.22                                     µ<L€@Í‡fÒ@   õ  ¥⁄  '#     *      *   ¨   10.0.0.2                                      10.0.0.22                                     Å^∏sa@h≤û,@   ú  ¥⁄  '#     *      *   ¨   10.0.0.2                                      10.0.0.22                                     ?ˇ=x-@Ê[÷U@   ù  ¥⁄  '#     *      *   ¨   10.0.0.2                                      10.0.0.22                                     ôbÇéV@j¬ˆì1~@   û  ¥⁄  '#     *      *   ¨   10.0.0.2                                      10.0.0.22                                     Æπ£@
⁄‰Iß@   ü  ¥⁄  '#     *      *   ¨   10.0.0.2                                      10.0.0.22                                     ñµMÒ∏®@wL›ï]–@   †  ¥⁄  '#     *      *   ¨   10.0.0.2                                      10.0.0.22                                     Ÿ\5œ—@"ﬁ:ˇv˘@   °  ¥⁄  '#     *      *   ¨   10.0.0.2                                      10.0.0.22                                     £?4Û‰˙@~åâ"@   ¢  ¥⁄  '#     *      *   ¨   10.0.0.2                                      10.0.0.22                                     &¶±˙#@⁄T›#õK@   £  ¥⁄  '#     *      *   ¨   10.0.0.2                                      10.0.0.22                                     ™„nM@zlÀÄ≥t@   §  ¥⁄  '#     *      *   ¨   10.0.0.2                                      10.0.0.22                                     40Ú≤&v@
J— ù@   •  ¥⁄  '#     *      *   ¨   10.0.0.2                                      10.0.0.22                                     √9}=ü@ûÍêõ·∆@   ¶  ¥⁄  '#     *      *   ¨   10.0.0.2                                      10.0.0.22                                     L4H¡S»@"QhY˜Ô@   ß  ¥⁄  '#     *      *   ¨   10.0.0.2                                      10.0.0.22                                      ›Á¯hÒ@¨twù	@   ®  ¥⁄  '#     *      *   ¨   10.0.0.2                                      10.0.0.22                                     T˜<	@/€N[#B	@   ©  ¥⁄  '#     *      *   ¨   10.0.0.2                                      10.0.0.22                                     ›$ÅïC	@ÆÑÓí8k	@   ™  ¥⁄  '#     *      *   ¨   10.0.0.2                                      10.0.0.22                                     r¬Ñ—¨l	@Hﬂ§iPî	@   ´  ¥⁄  '#     *      *   ¨   10.0.0.2                                      10.0.0.22                                     ˆ(\è¬ï	@—¥≠fΩ	@   ¨  ¥⁄  '#     *      *   ¨   10.0.0.2                                      10.0.0.22                                     zè3Mÿæ	@[&√Ò|Ê	@   ≠  ¥⁄  '#     *      *   ¨   10.0.0.2                                      10.0.0.22                                     ¯8”ÑÌÁ	@ŒUÛë
@   Æ  ¥⁄  '#     *      *   ¨   10.0.0.2                                      10.0.0.22                                     Å\‚»
@bÛqm®8
@   Ø  ¥⁄  '#     *      *   ¨   10.0.0.2                                      10.0.0.22                                     ˇÇ :
@€ﬂŸΩa
@   ∞  ¥⁄  '#     *      *   ¨   10.0.0.2                                      10.0.0.22                                     à)ëD/c
@dÈb”ä
@   ±  ¥⁄  '#     *      *   ¨   10.0.0.2                                      10.0.0.22                                     êhEå
@Ëi¿ È≥
@   ≤  ¥⁄  '#     *      *   ¨   10.0.0.2                                      10.0.0.22                                     êˆ?¿Zµ
@`V(“˝‹
@   ≥  ¥⁄  '#     *      *   ¨   10.0.0.2                                      10.0.0.22                                     †ﬂ˜oﬁ
@ﬁˇ«	@   ¥  ¥⁄  '#     *      *   ¨   10.0.0.2                                      10.0.0.22                                     í∑µÖ@sùFZ*/@   µ  ¥⁄  '#     *      *   ¨   10.0.0.2                                      10.0.0.22                                     *∆˘õ0@˜@X@   ∂  ¥⁄  '#     *      *   ¨   10.0.0.2                                      10.0.0.22                                     üêù∑±Y@u≠ΩOUÅ@   ∑  ¥⁄  '#     *      *   ¨   10.0.0.2                                      10.0.0.22                                     }i∆Ç@Óô%j™@   ∏  ¥⁄  '#     *      *   ¨   10.0.0.2                                      10.0.0.22                                     õ„‹&‹´@wΩ4EÄ”@   π  ¥⁄  '#     *      *   ¨   10.0.0.2                                      10.0.0.22                                     J¥‰Ò‘@Ô©úˆî¸@   ∫  ¥⁄  '#     *      *   ¨   10.0.0.2                                      10.0.0.22                                     ®m√(˛@yÕ´:´%@   ª  ¥⁄  '#     *      *   ¨   10.0.0.2                                      10.0.0.22                                     =By'@‡ÇlYæN@   º  ¥⁄  '#     *      *   ¨   10.0.0.2                                      10.0.0.22                                     ∞:r§3P@dÈC‘w@   Ω  ¥⁄  '#     *      *   ¨   10.0.0.2                                      10.0.0.22                                     4°IbIy@{°ÄÌ†@   æ  ¥⁄  '#     *      *   ¨   10.0.0.2                                      10.0.0.22                                     √Åê,`¢@û[ËJ @   ø  ¥⁄  '#     *      *   ¨   10.0.0.2                                      10.0.0.22                                     L•üpvÀ@"¬øÛ@   ¿  ¥⁄  '#     *      *   ¨   10.0.0.2                                      10.0.0.22                                     ‹ÖÊ:çÙ@∑_>Y1@   ¡  ¥⁄  '#     *      *   ¨   10.0.0.2                                      10.0.0.22                                     Z/Ür¢@0L¶
FE@   ¬  ¥⁄  '#     *      *   ¨   10.0.0.2                                      10.0.0.22                                     ÿÿ%™∑F@@1≤dn@   √  ¥⁄  '#     *      *   ¨   10.0.0.2                                      10.0.0.22                                     VÇ≈·Ão@1\ qó@   ƒ  ¥⁄  '#     *      *   ¨   10.0.0.2                                      10.0.0.22                                     ⁄Ëúü‚ò@∞Ω7Ü¿@   ≈  ¥⁄  '#     *      *   ¨   10.0.0.2                                      10.0.0.22                                     nÜ˘¡@J`sûÈ@   ∆  ¥⁄  '#     *      *   ¨   10.0.0.2                                      10.0.0.22                                     ¯©*4Î@¬L€ø≤@   «  ¥⁄  '#     *      *   ¨   10.0.0.2                                      10.0.0.22                                     ¥8cò@°É.·–;@   »  ¥⁄  '#     *      *   ¨   10.0.0.2                                      10.0.0.22                                     >\r‹)=@+mqçœd@   …  ¥⁄  '#     *      *   ¨   10.0.0.2                                      10.0.0.22                                     ”˘,Af@Æ”HKÂç@      ¥⁄  '#     *      *   ¨   10.0.0.2                                      10.0.0.22                                     \ qWè@8˜Wè˚∂@   À  ¥⁄  '#     *      *   ¨   10.0.0.2                                      10.0.0.22                                     t|¥8c∏@[–{c‡@   Ã  ¥⁄  '#     *      *   ¨   10.0.0.2                                      10.0.0.22                                     ˛ü√|y·@”º„	@   Õ  ¥⁄  '#     *      *   ¨   10.0.0.2                                      10.0.0.22                                     Åõ:è
@]‡ÚX32@   Œ  ¥⁄  '#     *      *   ¨   10.0.0.2                                      10.0.0.22                                     
*™~•3@‡F I[@   œ  ¥⁄  '#     *      *   ¨   10.0.0.2                                      10.0.0.22                                     îMπ¬ª\@òRóåcÑ@   –  ¥⁄  '#     *      *   ¨   10.0.0.2                                      10.0.0.22                                     ˜X˙–Ö@Ëyít≠@   —  ¥⁄  '#     *      *   ¨   10.0.0.2                                      10.0.0.22                                     ñ]0∏ÊÆ@r7à÷ä÷@   “  ¥⁄  '#     *      *   ¨   10.0.0.2                                      10.0.0.22                                     –Ô˚◊@Í#áüˇ@   ”  ¥⁄  '#     *      *   ¨   10.0.0.2                                      10.0.0.22                                     Ã∂”÷à @1¨Z@   ‘  ¥⁄  '#     *      *   ¨   10.0.0.2                                      10.0.0.22                                     jøµ@ÎD2‰(@   ’  ¥⁄  '#     *      *   ¨   10.0.0.2                                      10.0.0.22                                     DÜUºë)@Øîeàc=@   ÷  ¥⁄  '#     *      *   ¨   10.0.0.2                                      10.0.0.22                                     Ü9Aõ>@ni5$ÓQ@   ◊  ¥⁄  '#     *      *   ¨   10.0.0.2                                      10.0.0.22                                     »Ï,zßR@∂ŸXâyf@   ÿ  ¥⁄  '#     *      *   ¨   10.0.0.2                                      10.0.0.22                                     
†Y2g@oÒû{@   Ÿ  ¥⁄  '#     *      *   ¨   10.0.0.2                                      10.0.0.22                                     œ1 {Ω{@:@0Gèè@   ⁄  ¥⁄  '#     *      *   ¨   10.0.0.2                                      10.0.0.22                                     ÂZHê@|Û&§@   €  ¥⁄  '#     *      *   ¨   10.0.0.2                                      10.0.0.22                                     Rò˜8”§@*ëD/£∏@   ‹  ¥⁄  '#     *      *   ¨   10.0.0.2                                      10.0.0.22                                     m«‘]π@ˇYÛ„/Õ@   ›  ¥⁄  '#     *      *   ¨   10.0.0.2                                      10.0.0.22                                     S ≥≥ËÕ@<Pß<∫·@   ﬁ  ¥⁄  '#     *      *   ¨   10.0.0.2                                      10.0.0.22                                     ï”ûís‚@üÊ‰Eˆ@   ﬂ  ¥⁄  '#     *      *   ¨   10.0.0.2                                      10.0.0.22                                     ◊Üäq˛ˆ@ø∂~˙œ
@   ‡  ¥⁄  '#     *      *   ¨   10.0.0.2                                      10.0.0.22                                     úíìâ@'¢_[@   ·  ¥⁄  '#     *      *   ¨   10.0.0.2                                      10.0.0.22                                     [Ìa/ @CV∏Â3@   ‚  ¥⁄  '#     *      *   ¨   10.0.0.2                                      10.0.0.22                                      iQü4@¸4ÓÕoH@   „  ¥⁄  '#     *      *   ¨   10.0.0.2                                      10.0.0.22                                     b2U0*I@OÅ?¸\@   ‰  ¥⁄  '#     *      *   ¨   10.0.0.2                                      10.0.0.22                                     £Â@µ]@å5òÜq@   Â  ¥⁄  '#     *      *   ¨   10.0.0.2                                      10.0.0.22                                     Âò,Ó?r@?pï'Ü@   Ê  ¥⁄  '#     *      *   ¨   10.0.0.2                                      10.0.0.22                                     'LÕ Ü@ˆ{bùö@   Á  ¥⁄  '#     *      *   ¨   10.0.0.2                                      10.0.0.22                                     Ï›ÔUõ@‘x'Ø@   Ë  ¥⁄  '#     *      *   ¨   10.0.0.2                                      10.0.0.22                                     ±o'·Ø@ôüö≤√@   È  ¥⁄  '#     *      *   ¨   10.0.0.2                                      10.0.0.22                                     pD˜¨kƒ@XtÎ5=ÿ@   Í  ¥⁄  '#     *      *   ¨   10.0.0.2                                      10.0.0.22                                     /«Hˆÿ@ö'◊»Ï@   Î  ¥⁄  '#     *      *   ¨   10.0.0.2                                      10.0.0.22                                     pÃ≤'ÅÌ@^πﬁ6S@   Ï  ¥⁄  '#     *      *   ¨   10.0.0.2                                      10.0.0.22                                     ≤û@†l ﬁ@   Ì  ¥⁄  '#     *      *   ¨   10.0.0.2                                      10.0.0.22                                     w¶(ó@—Ëbg*@   Ó  ¥⁄  '#     *      *   ¨   10.0.0.2                                      10.0.0.22                                     πƒë"+@ß±ΩÙ>@   Ô  ¥⁄  '#     *      *   ¨   10.0.0.2                                      10.0.0.22                                     ~Vô)≠?@„ßqo~S@     ¥⁄  '#     *      *   ¨   10.0.0.2                                      10.0.0.22                                     ¿	Ö8T@%[]N	h@   Ò  ¥⁄  '#     *      *   ¨   10.0.0.2                                      10.0.0.22                                     ΩpÁ¬h@lÀÄ≥î|@   Ú  ¥⁄  '#     *      *   ¨   10.0.0.2                                      10.0.0.22                                     ∆Nx	N}@1]à’ë@   Û  ¥⁄  '#     *      *   ¨   10.0.0.2                                      10.0.0.22                                     dËÿë@yÕ´:´•@   Ù  ¥⁄  '#     *      *   ¨   10.0.0.2                                      10.0.0.22                                     JµO«c¶@Ø(5∫@   ı  ¥⁄  '#     *      *   ¨   10.0.0.2                                      10.0.0.22                                     	äcÓ∫@tò//¿Œ@   ˆ  ¥⁄  '#     *      *   ¨   10.0.0.2                                      10.0.0.22                                     Œ'Öyœ@9*7QK„@   ˜  ¥⁄  '#     *      *   ¨   10.0.0.2                                      10.0.0.22                                     åJÍ‰@ÄöZ∂÷˜@   ¯  ¥⁄  '#     *      *   ¨   10.0.0.2                                      10.0.0.22                                     ]¸mOê¯@KÈô^b@   ˘  ¥⁄  '#     *      *   ¨   10.0.0.2                                      10.0.0.22                                     "éuq@8ŸÓ @   ˙  ¥⁄  '#     *      *   ¨   10.0.0.2                                      10.0.0.22                                     dAaP¶!@‘©¢x5@   ˚  ¥⁄  '#     *      *   ¨   10.0.0.2                                      10.0.0.22                                     •ÙL/16@¿îÅJ@   ¸  ¥⁄  '#     *      *   ¨   10.0.0.2                                      10.0.0.22                                     Áß8ºJ@‡‘)è^@   ˝  ¥⁄  '#     *      *   ¨   10.0.0.2                                      10.0.0.22                                     ¨9@0G_@9∂û!s@   ˛  ¥⁄  '#     *      *   ¨   10.0.0.2                                      10.0.0.22                                     qÀGR“s@^∏sa§á@   ˇ  ¥⁄  '#     *      *   ¨   10.0.0.2                                      10.0.0.22                                     5]Ot]à@¶(ó∆/ú@      ¥⁄  '#     *      *   ¨   10.0.0.2                                      10.0.0.22                                     rSÕÁú@ç(Ìæ∞@     ¥⁄  '#     *      *   ¨   10.0.0.2                                      10.0.0.22                                     6Â
Ôr±@*ènÑE≈@     ¥⁄  '#     *      *   ¨   10.0.0.2                                      10.0.0.22                                     ˚v˛≈@fÖ"›œŸ@     ¥⁄  '#     *      *   ¨   10.0.0.2                                      10.0.0.22                                     ¿3â⁄@ÆıEB[Ó@     ¥⁄  '#     *      *   ¨   10.0.0.2                                      10.0.0.22                                     Ñö!UÔ@è8dÈ@     ¥⁄  '#     *      *   ¨   10.0.0.2                                      10.0.0.22                                     ∆M4ü@¥:9Cq@     ¥⁄  '#     *      *   ¨   10.0.0.2                                      10.0.0.22                                     ãﬂV*@Îsµ˚+@     ¥⁄  '#     *      *   ¨   10.0.0.2                                      10.0.0.22                                     Pqxµ,@¿<d á@@     ¥⁄  '#     *      *   ¨   10.0.0.2                                      10.0.0.22                                     ó·?›@A@O©U@   	  ¥⁄  '#     *      *   ¨   10.0.0.2                                      10.0.0.22                                     Ÿî+ºÀU@«ÅWÀùi@   
  ¥⁄  '#     *      *   ¨   10.0.0.2                                      10.0.0.22                                     HõVj@ÜV'g(~@     ¥⁄  '#     *      *   ¨   10.0.0.2                                      10.0.0.22                                     c∏: ‚~@KË.â≥í@     ¥⁄  '#     *      *   ¨   10.0.0.2                                      10.0.0.22                                     •k&ﬂlì@íXRÓ>ß@     ¥⁄  '#     *      *   ¨   10.0.0.2                                      10.0.0.22                                     Êæ˜ß@‘>Õ…ª@     ¥⁄  '#     *      *   ¨   10.0.0.2                                      10.0.0.22                                     ´∞‡Çº@|a2U–@     ¥⁄  '#     *      *   ¨   10.0.0.2                                      10.0.0.22                                     Û =E—@^/M‡‰@     ¥⁄  '#     *      *   ¨   10.0.0.2                                      10.0.0.22                                     ∑≤DgôÂ@†‚8j˘@     ¥⁄  '#     *      *   ¨   10.0.0.2                                      10.0.0.22                                     ˘e0F$˙@dt@ˆ@     ¥⁄  '#     *      *   ¨   10.0.0.2                                      10.0.0.22                                     ;%Ø@¶',ÒÄ"@     ¥⁄  '#     *      *   ¨   10.0.0.2                                      10.0.0.22                                      ´#G:#@kπ37@     ¥⁄  '#     *      *   ¨   10.0.0.2                                      10.0.0.22                                     ≈<+i≈7@≤)WxóK@     ¥⁄  '#     *      *   ¨   10.0.0.2                                      10.0.0.22                                     âŒ2ãPL@wª^ö"`@     ¥⁄  '#     *      *   ¨   10.0.0.2                                      10.0.0.22                                     N`:≠€`@6ê.6≠t@     ¥⁄  '#     *      *   ¨   10.0.0.2                                      10.0.0.22                                     ÚAœfu@ﬂmﬁ8â@     ¥⁄  '#     *      *   ¨   10.0.0.2                                      10.0.0.22                                     ÿÉIÒÒâ@≈pu ƒù@     ¥⁄  '#     *      *   ¨   10.0.0.2                                      10.0.0.22                                     úQ}û@ä}"O≤@     ¥⁄  '#     *      *   ¨   10.0.0.2                                      10.0.0.22                                     aßX5≥@I◊LæŸ∆@     ¥⁄  '#     *      *   ¨   10.0.0.2                                      10.0.0.22                                     &9`Wì«@&åfe€@     ¥⁄  '#     *      *   ¨   10.0.0.2                                      10.0.0.22                                     hÏK6‹@P@øÔÔ@     ¥⁄  '#     *      *   ¨   10.0.0.2                                      10.0.0.22                                     ,~SX©@óåc${@     ¥⁄  '#     *      *   ¨   10.0.0.2                                      10.0.0.22                                     Ò[z4@\kF@     ¥⁄  '#     *      *   ¨   10.0.0.2                                      10.0.0.22                                     ∂°búø@íWÁê-@      ¥⁄  '#     *      *   ¨   10.0.0.2                                      10.0.0.22                                     z3jæJ.@n›ÕSB@   !  ¥⁄  '#     *      *   ¨   10.0.0.2                                      10.0.0.22                                     ?≈q‡’B@'ıeißV@   "  ¥⁄  '#     *      *   ¨   10.0.0.2                                      10.0.0.22                                     WyaW@oeâŒ2k@   #  ¥⁄  '#     *      *   ¨   10.0.0.2                                      10.0.0.22                                     F
e·Îk@±u≠Ω@   $  ¥⁄  '#     *      *   ¨   10.0.0.2                                      10.0.0.22                                     àΩP¿vÄ@ÛÀ`åHî@   %  ¥⁄  '#     *      *   ¨   10.0.0.2                                      10.0.0.22                                      p<üï@≤†0(”®@   &  ¥⁄  '#     *      *   ¨   10.0.0.2                                      10.0.0.22                                     éD¡å©@ª’îdΩ@   '  ¥⁄  '#     *      *   ¨   10.0.0.2                                      10.0.0.22                                     –µ/†æ@æ¢[ØÈ—@   (  ¥⁄  '#     *      *   ¨   10.0.0.2                                      10.0.0.22                                     i¢“@JÔ_{Ê@   )  ¥⁄  '#     *      *   ¨   10.0.0.2                                      10.0.0.22                                     ◊˙"°-Á@≈ÁN∞ˇ˙@   *  ¥⁄  '#     *      *   ¨   10.0.0.2                                      10.0.0.22                                     ÆÄ∏˚@âyV“ä@   +  ¥⁄  '#     *      *   ¨   10.0.0.2                                      10.0.0.22                                     `2ÂC@À,B±$@   ,  ¥⁄  '#     *      *   ¨   10.0.0.2                                      10.0.0.22                                     ¢—ƒŒ$@äM†8@   -  ¥⁄  '#     *      *   ¨   10.0.0.2                                      10.0.0.22                                     ‰Ñ	£Y9@Oìo+M@   .  ¥⁄  '#     *      *   ¨   10.0.0.2                                      10.0.0.22                                     ©≈‰M@‚X∑a@   /  ¥⁄  '#     *      *   ¨   10.0.0.2                                      10.0.0.22                                     n®Áob@VÿpAv@   0  ¥⁄  '#     *      *   ¨   10.0.0.2                                      10.0.0.22                                     2: 	˚v@ 'LÕä@   1  ¥⁄  '#     *      *   ¨   10.0.0.2                                      10.0.0.22                                     tÌËÖã@b⁄7˜Wü@   2  ¥⁄  '#     *      *   ¨   10.0.0.2                                      10.0.0.22                                     3¬€É†@Úœ‚≥@   3  ¥⁄  '#     *      *   ¨   10.0.0.2                                      10.0.0.22                                     uu«bõ¥@‡É◊.m»@   4  ¥⁄  '#     *      *   ¨   10.0.0.2                                      10.0.0.22                                     :œÑ&…@"7√¯‹@   5  ¥⁄  '#     *      *   ¨   10.0.0.2                                      10.0.0.22                                     ˛ò÷¶±›@dÍÆÏÇÒ@   6  ¥⁄  '#     *      *   ¨   10.0.0.2                                      10.0.0.22                                     √*ﬁ»<Ú@´Z“Q@   7  ¥⁄  '#     *      *   ¨   10.0.0.2                                      10.0.0.22                                     ﬁ…ß«@v©˙ô@   8  ¥⁄  '#     *      *   ¨   10.0.0.2                                      10.0.0.22                                     GëµÜR@Kr¿Æ&/@   9  ¥⁄  '#     *      *   ¨   10.0.0.2                                      10.0.0.22                                     fÖ"›/@Óïy´ÆC@   :  ¥⁄  '#     *      *   ¨   10.0.0.2                                      10.0.0.22                                     ≈:UægD@%œı}8X@   ;  ¥⁄  '#     *      *   ¨   10.0.0.2                                      10.0.0.22                                     1	ÚX@ﬁÊçì¬l@   <  ¥⁄  '#     *      *   ¨   10.0.0.2                                      10.0.0.22                                     ='Ωo|m@ öyrMÅ@   =  ¥⁄  '#     *      *   ¨   10.0.0.2                                      10.0.0.22                                     ¸˚åÇ@ﬂnIÿï@   >  ¥⁄  '#     *      *   ¨   10.0.0.2                                      10.0.0.22                                     ª–\ßëñ@ûC™b™@   ?  ¥⁄  '#     *      *   ¨   10.0.0.2                                      10.0.0.22                                     G 7ã´@≠Q—Ëæ@   @  ¥⁄  '#     *      *   ¨   10.0.0.2                                      10.0.0.22                                     â≥"j¢ø@l&ﬂls”@   A  ¥⁄  '#     *      *   ¨   10.0.0.2                                      10.0.0.22                                     ÀfI-‘@ÆŸ K˛Á@   B  ¥⁄  '#     *      *   ¨   10.0.0.2                                      10.0.0.22                                     ä;ﬁ‰∑Ë@Íœ~§à¸@   C  ¥⁄  '#     *      *   ¨   10.0.0.2                                      10.0.0.22                                     ÃÓ…√B˝@ÆaÜ∆@   D  ¥⁄  '#     *      *   ¨   10.0.0.2                                      10.0.0.22                                     ã√ô_Õ@n6Vbû%@   E  ¥⁄  '#     *      *   ¨   10.0.0.2                                      10.0.0.22                                     Jòi˚W&@ØÈAA):@   F  ¥⁄  '#     *      *   ¨   10.0.0.2                                      10.0.0.22                                     	m9ó‚:@i⁄V≥N@   G  ¥⁄  '#     *      *   ¨   10.0.0.2                                      10.0.0.22                                     »A	3mO@(÷©Ú=c@   H  ¥⁄  '#     *      *   ¨   10.0.0.2                                      10.0.0.22                                     áŸŒ˜c@jâï—»w@   I  ¥⁄  '#     *      *   ¨   10.0.0.2                                      10.0.0.22                                     FÎ®jÇx@¶I*Så@   J  ¥⁄  '#     *      *   ¨   10.0.0.2                                      10.0.0.22                                     ¿xç@Ë25	ﬁ†@   K  ¥⁄  '#     *      *   ¨   10.0.0.2                                      10.0.0.22                                     ƒîH¢ó°@ß•hµ@   L  ¥⁄  '#     *      *   ¨   10.0.0.2                                      10.0.0.22                                      ã¸˙!∂@›@ÅwÚ…@   M  ¥⁄  '#     *      *   ¨   10.0.0.2                                      10.0.0.22                                     ¿_Ãñ¨ @ÙlV}ﬁ@   N  ¥⁄  '#     *      *   ¨   10.0.0.2                                      10.0.0.22                                     ¸UÄÔ6ﬂ@[Í ØÛ@   O  ¥⁄  '#     *      *   ¨   10.0.0.2                                      10.0.0.22                                     ª*Pã¡Û@7pÍî@   P  ¥⁄  '#     *      *   ¨   10.0.0.2                                      10.0.0.22                                     ¯¸0B@måù@   Q  ¥⁄  '#     *      *   ¨   10.0.0.2                                      10.0.0.22                                     ÕÃÃÃÃ@2•û0@   R  ¥⁄  '#     *      *   ¨   10.0.0.2                                      10.0.0.22                                     å°úhW1@ÒÚtÆ(E@   S  ¥⁄  '#     *      *   ¨   10.0.0.2                                      10.0.0.22                                     Kvl‚E@∞«DJ≥Y@   T  ¥⁄  '#     *      *   ¨   10.0.0.2                                      10.0.0.22                                     
K<†lZ@jﬂ‹_=n@   U  ¥⁄  '#     *      *   ¨   10.0.0.2                                      10.0.0.22                                     …<˜n@.q‰Å»Ç@   V  ¥⁄  '#     *      *   ¨   10.0.0.2                                      10.0.0.22                                     ”˜ÇÉ@ÛÏ£Só@   W  ¥⁄  '#     *      *   ¨   10.0.0.2                                      10.0.0.22                                      ß«∂ò@¨Ñπ›´@   X  ¥⁄  '#     *      *   ¨   10.0.0.2                                      10.0.0.22                                     â|óRó¨@Ë8h¿@   Y  ¥⁄  '#     *      *   ¨   10.0.0.2                                      10.0.0.22                                     HQgÓ!¡@0Å[wÛ‘@   Z  ¥⁄  '#     *      *   ¨   10.0.0.2                                      10.0.0.22                                     &7ä¨’@ÍòÛå}È@   [  ¥⁄  '#     *      *   ¨   10.0.0.2                                      10.0.0.22                                     CÎ‚6Í@1	Ú˛@   \  ¥⁄  '#     *      *   ¨   10.0.0.2                                      10.0.0.22                                     ÆÚ¬˛@hBìƒí@   ]  ¥⁄  '#     *      *   ¨   10.0.0.2                                      10.0.0.22                                     D§¶]L@&c`'@   ^  ¥⁄  '#     *      *   ¨   10.0.0.2                                      10.0.0.22                                     yv˘÷'@cπß;@   _  ¥⁄  '#     *      *   ¨   10.0.0.2                                      10.0.0.22                                     ¬MFïa<@•¿ò2P@   `  ¥⁄  '#     *      *   ¨   10.0.0.2                                      10.0.0.22                                     Å"1ÏP@dï“3Ωd@   a  ¥⁄  '#     *      *   ¨   10.0.0.2                                      10.0.0.22                                     ÿÄqe@al!»Ay@   b  ¥⁄  '#     *      *   ¨   10.0.0.2                                      10.0.0.22                                     >Œ4a˚y@©‹D-Õç@   c  ¥⁄  '#     *      *   ¨   10.0.0.2                                      10.0.0.22                                     ˝¢˝Öé@ﬂ¡ˇV¢@   d  ¥⁄  '#     *      *   ¨   10.0.0.2                                      10.0.0.22                                     ?V€£@uX·∂@   e  ¥⁄  '#     *      *   ¨   10.0.0.2                                      10.0.0.22                                     {L§4õ∑@€‡DÙkÀ@   f  ¥⁄  '#     *      *   ¨   10.0.0.2                                      10.0.0.22                                     :!t–%Ã@î0”ˆﬂ@   g  ¥⁄  '#     *      *   ¨   10.0.0.2                                      10.0.0.22                                     ˘ıCl∞‡@^G≤ÅÙ@   h  ¥⁄  '#     *      *   ¨   10.0.0.2                                      10.0.0.22                                     ∏ ;ı@ÏM	@   i  ¥⁄  '#     *      *   ¨   10.0.0.2                                      10.0.0.22                                     }\*∆	@‹ªÈñ@   j  ¥⁄  '#     *      *   ¨   10.0.0.2                                      10.0.0.22                                     πRœÇP@ú≈ãÖ!2@   k  ¥⁄  '#     *      *   ¨   10.0.0.2                                      10.0.0.22                                     x'ü€2@[ö[!¨F@   l  ¥⁄  '#     *      *   ¨   10.0.0.2                                      10.0.0.22                                     7¸n∫eG@o+Ω6[@   m  ¥⁄  '#     *      *   ¨   10.0.0.2                                      10.0.0.22                                     ˆ–>V[@ŸC˚X¡o@   n  ¥⁄  '#     *      *   ¨   10.0.0.2                                      10.0.0.22                                     µ•Úzp@òÀÙKÑ@   o  ¥⁄  '#     *      *   ¨   10.0.0.2                                      10.0.0.22                                     ˜X˙–Ö@WÌöê÷ò@   p  ¥⁄  '#     *      *   ¨   10.0.0.2                                      10.0.0.22                                     ∂- lêô@¬j,a≠@   q  ¥⁄  '#     *      *   ¨   10.0.0.2                                      10.0.0.22                                     Ú#~≈Æ@XuVÏ¡@   r  ¥⁄  '#     *      *   ¨   10.0.0.2                                      10.0.0.22                                     ˚t<f†¬@[	›%q÷@   s  ¥⁄  '#     *      *   ¨   10.0.0.2                                      10.0.0.22                                     ∫I+◊@óˇê~˚Í@   t  ¥⁄  '#     *      *   ¨   10.0.0.2                                      10.0.0.22                                     y‹ùµÎ@bN–&áˇ@   u  ¥⁄  '#     *      *   ¨   10.0.0.2                                      10.0.0.22                                     8Û´9@ @fh<@   v  ¥⁄  '#     *      *   ¨   10.0.0.2                                      10.0.0.22                                     ¯«{’ @⁄:8ÿõ(@   w  ¥⁄  '#     *      *   ¨   10.0.0.2                                      10.0.0.22                                     ∂úKqU)@ôt&=@   x  ¥⁄  '#     *      *   ¨   10.0.0.2                                      10.0.0.22                                     vq‡=@’ºÃ∞Q@   y  ¥⁄  '#     *      *   ¨   10.0.0.2                                      10.0.0.22                                     5FÎ®jR@î⁄ãh;f@   z  ¥⁄  '#     *      *   ¨   10.0.0.2                                      10.0.0.22                                     ÙªDıf@‹JØÕ∆z@   {  ¥⁄  '#     *      *   ¨   10.0.0.2                                      10.0.0.22                                     ≥Ôä‡{@ïbG„Pè@   |  ¥⁄  '#     *      *   ¨   10.0.0.2                                      10.0.0.22                                     rƒZ|
ê@—X˚;€£@   }  ¥⁄  '#     *      *   ¨   10.0.0.2                                      10.0.0.22                                     1ô*ï§@ÜV'g∏@   ~  ¥⁄  '#     *      *   ¨   10.0.0.2                                      10.0.0.22                                     m˙≥π@“‡∂∂Ã@     ¥⁄  '#     *      *   ¨   10.0.0.2                                      10.0.0.22                                     ØB O™Õ@	3âz·@   Ä  ¥⁄  '#     *      *   ¨   10.0.0.2                                      10.0.0.22                                     Î8~®4‚@Œ´:´ˆ@   Å  ¥⁄  '#     *      *   ¨   10.0.0.2                                      10.0.0.22                                     ™NDøˆ@åÄ
Gê
@   Ç  ¥⁄  '#     *      *   ¨   10.0.0.2                                      10.0.0.22                                     ÊùI@√πÜ@   É  ¥⁄  '#     *      *   ¨   10.0.0.2                                      10.0.0.22                                     ˚Œ/J–@Zc–	°3@   Ñ  ¥⁄  '#     *      *   ¨   10.0.0.2                                      10.0.0.22                                     B?SØ[4@*oG8-H@   Ö  ¥⁄  '#     *      *   ¨   10.0.0.2                                      10.0.0.22                                     ÑÚ>éÊH@l"3∏\@   Ü  ¥⁄  '#     *      *   ¨   10.0.0.2                                      10.0.0.22                                     C«*q]@®ÁoBq@   á  ¥⁄  '#     *      *   ¨   10.0.0.2                                      10.0.0.22                                     úﬁ≈˚q@b0ÖÃÖ@   à  ¥⁄  '#     *      *   ¨   10.0.0.2                                      10.0.0.22                                     >ííÜÜ@HõVö@   â  ¥⁄  '#     *      *   ¨   10.0.0.2                                      10.0.0.22                                     ÄE~˝õ@hurÜ‚Æ@   ä  ¥⁄  '#     *      *   ¨   10.0.0.2                                      10.0.0.22                                     ?NôõØ@"ç
úl√@   ã  ¥⁄  '#     *      *   ¨   10.0.0.2                                      10.0.0.22                                     ÅÕ9x&ƒ@·a⁄7˜◊@   å  ¥⁄  '#     *      *   ¨   10.0.0.2                                      10.0.0.22                                     @¢	±ÿ@†6™”ÅÏ@   ç  ¥⁄  '#     *      *   ¨   10.0.0.2                                      10.0.0.22                                     ˇvŸØ;Ì@‚Èï≤@   é  ¥⁄  '#     *      *   ¨   10.0.0.2                                      10.0.0.22                                     ;mç∆@‘c[ú@   è  ¥⁄  '#     *      *   ¨   10.0.0.2                                      10.0.0.22                                     ˙A]§P@›¥ß!*@   ê  ¥⁄  '#     *      *   ¨   10.0.0.2                                      10.0.0.22                                     ∫-@€*@´Õˇ´>@   ë  ¥⁄  '#     *      *   ¨   10.0.0.2                                      10.0.0.22                                     ˆ·òe?@“¬e6S@   í  ¥⁄  '#     *      *   ¨   10.0.0.2                                      10.0.0.22                                     8¿ÃwS@3âz¡g@   ì  ¥⁄  '#     *      *   ¨   10.0.0.2                                      10.0.0.22                                     ˜îú{h@PlMK|@   î  ¥⁄  '#     *      *   ¨   10.0.0.2                                      10.0.0.22                                     „4D˛|@∆ß œê@   ï  ¥⁄  '#     *      *   ¨   10.0.0.2                                      10.0.0.22                                     %Ë/Ùàë@Ö|–≥Y•@   ñ  ¥⁄  '#     *      *   ¨   10.0.0.2                                      10.0.0.22                                     ‰ºˇè¶@«/ºí‰π@   ó  ¥⁄  '#     *      *   ¨   10.0.0.2                                      10.0.0.22                                      ≥≥Ëù∫@&pÎnŒ@   ò  ¥⁄  '#     *      *   ¨   10.0.0.2                                      10.0.0.22                                     bfü«(œ@»∑w˙‚@   ô  ¥⁄  '#     *      *   ¨   10.0.0.2                                      10.0.0.22                                     §ã¶≥„@Æ+fÑ˜@   ö  ¥⁄  '#     *      *   ¨   10.0.0.2                                      10.0.0.22                                     ‡?ˇ=¯@a¡˝Ä @   õ  ¥⁄  '#     *      *   ¨   10.0.0.2                                      10.0.0.22                                     PráMd @>Õ…ãL @   ú  ¥⁄  '#     *      *   ¨   10.0.0.2                                      10.0.0.22                                     ÒK˝º© @ ñÕí @   ù  ¥⁄  '#     *      *   ¨   10.0.0.2                                      10.0.0.22                                     í%s,Ô @˜‰a°÷$ @   û  ¥⁄  '#     *      *   ¨   10.0.0.2                                      10.0.0.22                                     ∞ ÕX4% @!Z+⁄/ @   ü  ¥⁄  '#     *      *   ¨   10.0.0.2                                      10.0.0.22                                     Œ'Öy/ @?UÖb9 @   †  ¥⁄  '#     *      *   ¨   10.0.0.2                                      10.0.0.22                                     -”æ9 @û?mTßC @   °  ¥⁄  '#     *      *   ¨   10.0.0.2                                      10.0.0.22                                     çˆ D @?„√ÏM @   ¢  ¥⁄  '#     *      *   ¨   10.0.0.2                                      10.0.0.22                                     Ï⁄ﬁnIN @üÀ2X @   £  ¥⁄  '#     *      *   ¨   10.0.0.2                                      10.0.0.22                                     
÷8õéX @: 	˚vb @   §  ¥⁄  '#     *      *   ¨   10.0.0.2                                      10.0.0.22                                     j¿ È”b @Èåºl @   •  ¥⁄  '#     *      *   ¨   10.0.0.2                                      10.0.0.22                                     0ÿ€m @‚ ˙}ˇv @   ¶  ¥⁄  '#     *      *   ¨   10.0.0.2                                      10.0.0.22                                     N”g\w @~8gDÅ @   ß  ¥⁄  '#     *      *   ¨   10.0.0.2                                      10.0.0.22                                     Ô¨›v°Å @`Ê;¯âã @   ®  ¥⁄  '#     *      *   ¨   10.0.0.2                                      10.0.0.22                                     Nó≈ƒÊã @¿–#Fœï @   ©  ¥⁄  '#     *      *   ¨   10.0.0.2                                      10.0.0.22                                     ÆÅ≠,ñ @ÈEÌ~† @   ™  ¥⁄  '#     *      *   ¨   10.0.0.2                                      10.0.0.22                                     O[#Çq† @¿îÅZ™ @   ´  ¥⁄  '#     *      *   ¨   10.0.0.2                                      10.0.0.22                                     ÆE–∂™ @ iQü¥ @   ¨  ¥⁄  '#     *      *   ¨   10.0.0.2                                      10.0.0.22                                     OÅ?¸¥ @¡Xﬂ¿‰æ @   ≠  ¥⁄  '#     *      *   ¨   10.0.0.2                                      10.0.0.22                                     ¯ˆÆAø @b2U0*… @   Æ  ¥⁄  '#     *      *   ¨   10.0.0.2                                      10.0.0.22                                     P„ﬁ¸Ü… @¡=~o” @   Ø  ¥⁄  '#     *      *   ¨   10.0.0.2                                      10.0.0.22                                     ÒºTlÃ” @˘¯ÑÏº› @   ∞  ¥⁄  '#     *      *   ¨   10.0.0.2                                      10.0.0.22                                     Pß<∫ﬁ @	ç`„˙Á @   ±  ¥⁄  '#     *      *   ¨   10.0.0.2                                      10.0.0.22                                     ∞ë$WË @™f÷R@Ú @   ≤  ¥⁄  '#     *      *   ¨   10.0.0.2                                      10.0.0.22                                     íZ(ôúÚ @»a0Ö¸ @   ≥  ¥⁄  '#     *      *   ¨   10.0.0.2                                      10.0.0.22                                     34û‚¸ @i;¶Ó !@   ¥  ¥⁄  '#     *      *   ¨   10.0.0.2                                      10.0.0.22                                     Q/¯4'!@
^!@   µ  ¥⁄  '#     *      *   ¨   10.0.0.2                                      10.0.0.22                                     4¯˚≈l!@™ÓëÕU!@   ∂  ¥⁄  '#     *      *   ¨   10.0.0.2                                      10.0.0.22                                     W∞çx≤!@á˙]ÿö%!@   ∑  ¥⁄  '#     *      *   ¨   10.0.0.2                                      10.0.0.22                                     ¯âË˜%!@±o'·/!@   ∏  ¥⁄  '#     *      *   ¨   10.0.0.2                                      10.0.0.22                                     ôcyW=0!@RIùÄ&:!@   π  ¥⁄  '#     *      *   ¨   10.0.0.2                                      10.0.0.22                                     |,}ËÇ:!@Ú"kD!@   ∫  ¥⁄  '#     *      *   ¨   10.0.0.2                                      10.0.0.22                                     ÛW»D!@‡eÜç≤N!@   ª  ¥⁄  '#     *      *   ¨   10.0.0.2                                      10.0.0.22                                     Ωﬂh«O!@ÛÊp≠ˆX!@   º  ¥⁄  '#     *      *   ¨   10.0.0.2                                      10.0.0.22                                      PSY!@R—X˚;c!@   Ω  ¥⁄  '#     *      *   ¨   10.0.0.2                                      10.0.0.22                                     æ£∆Ñòc!@5ö\åÅm!@   æ  ¥⁄  '#     *      *   ¨   10.0.0.2                                      10.0.0.22                                     _}<Ù›m!@îÑD⁄∆w!@   ø  ¥⁄  '#     *      *   ¨   10.0.0.2                                      10.0.0.22                                     AF@Ö#x!@cAÇ!@   ¿  ¥⁄  '#     *      *   ¨   10.0.0.2                                      10.0.0.22                                     °0(”hÇ!@‰ı`Rå!@   ¡  ¥⁄  '#     *      *   ¨   10.0.0.2                                      10.0.0.22                                     B
ûBÆå!@w¶(óñ!@   ¬  ¥⁄  '#     *      *   ¨   10.0.0.2                                      10.0.0.22                                     $”°”Ûñ!@õ…7€‹†!@   √  ¥⁄  '#     *      *   ¨   10.0.0.2                                      10.0.0.22                                     ú•d9°!@.è5#´!@   ƒ  ¥⁄  '#     *      *   ¨   10.0.0.2                                      10.0.0.22                                     fÜç≤~´!@`[?˝gµ!@   ≈  ¥⁄  '#     *      *   ¨   10.0.0.2                                      10.0.0.22                                     HOëCƒµ!@øE'K≠ø!@   ∆  ¥⁄  '#     *      *   ¨   10.0.0.2                                      10.0.0.22                                     +ï‘	¿!@¢+‹Ú…!@   «  ¥⁄  '#     *      *   ¨   10.0.0.2                                      10.0.0.22                                     N–&áO !@≈∆ºé8‘!@   »  ¥⁄  '#     *      *   ¨   10.0.0.2                                      10.0.0.22                                     Ô©úˆî‘!@f†2˛}ﬁ!@   …  ¥⁄  '#     *      *   ¨   10.0.0.2                                      10.0.0.22                                     b.©⁄ﬁ!@ÀGR“√Ë!@      ¥⁄  '#     *      *   ¨   10.0.0.2                                      10.0.0.22                                     ı*2: È!@ÆVc	Û!@   À  ¥⁄  '#     *      *   ¨   10.0.0.2                                      10.0.0.22                                     „√ÏeÛ!@OÍÀ“N˝!@   Ã  ¥⁄  '#     *      *   ¨   10.0.0.2                                      10.0.0.22                                     yÕ´:´˝!@Æ‘≥ î"@   Õ  ¥⁄  '#     *      *   ¨   10.0.0.2                                      10.0.0.22                                     [ñØÀ"@ëù∑±Ÿ"@   Œ  ¥⁄  '#     *      *   ¨   10.0.0.2                                      10.0.0.22                                     ªÄó6"@Øòﬁ"@   œ  ¥⁄  '#     *      *   ¨   10.0.0.2                                      10.0.0.22                                     \Zâ{"@ÈDÇ©f&"@   –  ¥⁄  '#     *      *   ¨   10.0.0.2                                      10.0.0.22                                     ªDı÷¿&"@Ø\oõ©0"@   —  ¥⁄  '#     *      *   ¨   10.0.0.2                                      10.0.0.22                                     \kF1"@í%s,Ô:"@   “  ¥⁄  '#     *      *   ¨   10.0.0.2                                      10.0.0.22                                     ˝˜‡µK;"@2ˇËõ4E"@   ”  ¥⁄  '#     *      *   ¨   10.0.0.2                                      10.0.0.22                                     û—V%ëE"@Q˙B»yO"@   ‘  ¥⁄  '#     *      *   ¨   10.0.0.2                                      10.0.0.22                                     ºÃ∞Q÷O"@oıúÙæY"@   ’  ¥⁄  '#     *      *   ¨   10.0.0.2                                      10.0.0.22                                     ]¶&¡Z"@Qæ†Öd"@   ÷  ¥⁄  '#     *      *   ¨   10.0.0.2                                      10.0.0.22                                     gö∞˝dd"@ù°∏„Mn"@   ◊  ¥⁄  '#     *      *   ¨   10.0.0.2                                      10.0.0.22                                     t&m™n"@¸ã†1ìx"@   ÿ  ¥⁄  '#     *      *   ¨   10.0.0.2                                      10.0.0.22                                     h^ªÔx"@á˙]ÿÇ"@   Ÿ  ¥⁄  '#     *      *   ¨   10.0.0.2                                      10.0.0.22                                     J'L5É"@˝O˛Óç"@   ⁄  ¥⁄  '#     *      *   ¨   10.0.0.2                                      10.0.0.22                                     ,›zç"@ ê°có"@   €  ¥⁄  '#     *      *   ¨   10.0.0.2                                      10.0.0.22                                     Õ…ãL¿ó"@—ì2©°"@   ‹  ¥⁄  '#     *      *   ¨   10.0.0.2                                      10.0.0.22                                     -¥sö¢"@!ÃÌ^Ó´"@   ›  ¥⁄  '#     *      *   ¨   10.0.0.2                                      10.0.0.22                                     ŒçÈ	K¨"@å0Eπ4∂"@   ﬁ  ¥⁄  '#     *      *   ¨   10.0.0.2                                      10.0.0.22                                     og_yê∂"@cŸ=y¿"@   ﬂ  ¥⁄  '#     *      *   ¨   10.0.0.2                                      10.0.0.22                                     ŒQG«’¿"@¬i¡ãæ "@   ‡  ¥⁄  '#     *      *   ¨   10.0.0.2                                      10.0.0.22                                     ÏL°ÛÀ"@‡d∏’"@   ·  ¥⁄  '#     *      *   ¨   10.0.0.2                                      10.0.0.22                                     œ•Ñ`’"@≠jIﬂ"@   ‚  ¥⁄  '#     *      *   ¨   10.0.0.2                                      10.0.0.22                                     ÚÕ67¶ﬂ"@ÊÂ∞˚éÈ"@   „  ¥⁄  '#     *      *   ¨   10.0.0.2                                      10.0.0.22                                     ìß¨¶ÎÈ"@F–òI‘Û"@   ‰  ¥⁄  '#     *      *   ¨   10.0.0.2                                      10.0.0.22                                     ±¢”0Ù"@Á©π˛"@   Â  ¥⁄  '#     *      *   ¨   10.0.0.2                                      10.0.0.22                                     çÓ v˛"@•hÂ^#@   Ê  ¥⁄  '#     *      *   ¨   10.0.0.2                                      10.0.0.22                                     5EÄ”ª#@¨;€§#@   Á  ¥⁄  '#     *      *   ¨   10.0.0.2                                      10.0.0.22                                     ÷ˆB#@&˛(Í#@   Ë  ¥⁄  '#     *      *   ¨   10.0.0.2                                      10.0.0.22                                     ∆1í=B#@pÕ˝/'#@   È  ¥⁄  '#     *      *   ¨   10.0.0.2                                      10.0.0.22                                     g≠á'#@‰æ’:q1#@   Í  ¥⁄  '#     *      *   ¨   10.0.0.2                                      10.0.0.22                                     Â}Õ1#@>ÏÖ∂;#@   Î  ¥⁄  '#     *      *   ¨   10.0.0.2                                      10.0.0.22                                     Î≠Å≠<#@ µâì˚E#@   Ï  ¥⁄  '#     *      *   ¨   10.0.0.2                                      10.0.0.22                                     Jòi˚WF#@>∞„ø@P#@   Ì  ¥⁄  '#     *      *   ¨   10.0.0.2                                      10.0.0.22                                     ™ÇQIùP#@ÂFëµÜZ#@   Ó  ¥⁄  '#     *      *   ¨   10.0.0.2                                      10.0.0.22                                     åKU⁄‚Z#@ÄcœûÀd#@   Ô  ¥⁄  '#     *      *   ¨   10.0.0.2                                      10.0.0.22                                     Î5=((e#@!=Eo#@     ¥⁄  '#     *      *   ¨   10.0.0.2                                      10.0.0.22                                     Œ˛@πmo#@Ü‰d‚Vy#@   Ò  ¥⁄  '#     *      *   ¨   10.0.0.2                                      10.0.0.22                                     ∞«DJ≥y#@ñï&•†É#@   Ú  ¥⁄  '#     *      *   ¨   10.0.0.2                                      10.0.0.22                                     Q°∫π¯É#@á®¬ü·ç#@   Û  ¥⁄  '#     *      *   ¨   10.0.0.2                                      10.0.0.22                                     ±ã¢>é#@•£Ã&ò#@   Ù  ¥⁄  '#     *      *   ¨   10.0.0.2                                      10.0.0.22                                     ˇ>„¬Åò#@=1Xq¢#@   ı  ¥⁄  '#     *      *   ¨   10.0.0.2                                      10.0.0.22                                     †Y2«¢#@÷a∞¨#@   ˆ  ¥⁄  '#     *      *   ¨   10.0.0.2                                      10.0.0.22                                     AÚŒ°≠#@q<üı∂#@   ˜  ¥⁄  '#     *      *   ¨   10.0.0.2                                      10.0.0.22                                     _Ì(ŒQ∑#@^ü;¡#@   ¯  ¥⁄  '#     *      *   ¨   10.0.0.2                                      10.0.0.22                                     ?…6ë¡#@nÓïyÀ#@   ˘  ¥⁄  '#     *      *   ¨   10.0.0.2                                      10.0.0.22                                     û≥Ñ÷À#@Ìcø’#@   ˙  ¥⁄  '#     *      *   ¨   10.0.0.2                                      10.0.0.22                                     ?ç{Û÷#@∞∆Ÿt‡#@   ˚  ¥⁄  '#     *      *   ¨   10.0.0.2                                      10.0.0.22                                     üwcAa‡#@Œ¡3°IÍ#@   ¸  ¥⁄  '#     *      *   ¨   10.0.0.2                                      10.0.0.22                                     ˛aKè¶Í#@.¨ÔéÙ#@   ˝  ¥⁄  '#     *      *   ¨   10.0.0.2                                      10.0.0.22                                     ^L3›ÎÙ#@œÖë^‘˛#@   ˛  ¥⁄  '#     *      *   ¨   10.0.0.2                                      10.0.0.22                                     Ω6+1ˇ#@p_Œ	$@   ˇ  ¥⁄  '#     *      *   ¨   10.0.0.2                                      10.0.0.22                                     ^ëöv	$@éZa˙^$@      ¥⁄  '#     *      *   ¨   10.0.0.2                                      10.0.0.22                                     ˇÈ
º$@¨Uª&§$@     ¥⁄  '#     *      *   ¨   10.0.0.2                                      10.0.0.22                                     _‘ÓW$@˝⁄˙È'$@     ¥⁄  '#     *      *   ¨   10.0.0.2                                      10.0.0.22                                     ææ÷•F($@/¯4'/2$@     ¥⁄  '#     *      *   ¨   10.0.0.2                                      10.0.0.22                                     ©æÛã2$@è‚ut<$@     ¥⁄  '#     *      *   ¨   10.0.0.2                                      10.0.0.22                                     <§ —<$@≠›v°πF$@     ¥⁄  '#     *      *   ¨   10.0.0.2                                      10.0.0.22                                     õé nG$@Àÿ–Õ˛P$@     ¥⁄  '#     *      *   ¨   10.0.0.2                                      10.0.0.22                                     ˚xËª[Q$@+√∏D[$@     ¥⁄  '#     *      *   ¨   10.0.0.2                                      10.0.0.22                                     tBË†[$@ä≠†iâe$@     ¥⁄  '#     *      *   ¨   10.0.0.2                                      10.0.0.22                                     x^*6Êe$@Íóà∑Œo$@   	  ¥⁄  '#     *      *   ¨   10.0.0.2                                      10.0.0.22                                     D¡å)p$@t}z$@   
  ¥⁄  '#     *      *   ¨   10.0.0.2                                      10.0.0.22                                     b.©⁄nz$@íxy:WÑ$@     ¥⁄  '#     *      *   ¨   10.0.0.2                                      10.0.0.22                                     ¬ë(¥Ñ$@tA}Àúé$@     ¥⁄  '#     *      *   ¨   10.0.0.2                                      10.0.0.22                                     !yv˘é$@QMI÷·ò$@     ¥⁄  '#     *      *   ¨   10.0.0.2                                      10.0.0.22                                     Ü™òJ?ô$@9”ÑÌ'£$@     ¥⁄  '#     *      *   ¨   10.0.0.2                                      10.0.0.22                                     ÊîÄòÑ£$@⁄¨˙\m≠$@     ¥⁄  '#     *      *   ¨   10.0.0.2                                      10.0.0.22                                     EhÊ…≠$@u…8F≤∑$@     ¥⁄  '#     *      *   ¨   10.0.0.2                                      10.0.0.22                                     •iP4∏$@£Æµ˜¡$@     ¥⁄  '#     *      *   ¨   10.0.0.2                                      10.0.0.22                                     T8ÇT¬$@∑|$%=Ã$@     ¥⁄  '#     *      *   ¨   10.0.0.2                                      10.0.0.22                                     •-ÆÒôÃ$@gsÇ÷$@     ¥⁄  '#     *      *   ¨   10.0.0.2                                      10.0.0.22                                     àˆ±Çﬂ÷$@vQÙ¿«‡$@     ¥⁄  '#     *      *   ¨   10.0.0.2                                      10.0.0.22                                     ¶ÒØ$·$@{àFwÎ$@     ¥⁄  '#     *      *   ¨   10.0.0.2                                      10.0.0.22                                     à∫@jÎ$@!ÙlVı$@     ¥⁄  '#     *      *   ¨   10.0.0.2                                      10.0.0.22                                     )îÖØØı$@#i7˙òˇ$@     ¥⁄  '#     *      *   ¨   10.0.0.2                                      10.0.0.22                                     ]â@ıˇ$@ƒB≠iﬁ	%@     ¥⁄  '#     *      *   ¨   10.0.0.2                                      10.0.0.22                                     Ó%ç—:
%@#-ï∑#%@     ¥⁄  '#     *      *   ¨   10.0.0.2                                      10.0.0.22                                     MuÄ%@É}i%@     ¥⁄  '#     *      *   ¨   10.0.0.2                                      10.0.0.22                                     0Ÿx∞≈%@qZ¢Ø(%@     ¥⁄  '#     *      *   ¨   10.0.0.2                                      10.0.0.22                                     Të
c)%@–DÿÙ2%@     ¥⁄  '#     *      *   ¨   10.0.0.2                                      10.0.0.22                                     ÙjÄ“P3%@≠P§˚9=%@     ¥⁄  '#     *      *   ¨   10.0.0.2                                      10.0.0.22                                     ◊3Ñcñ=%@N*kG%@     ¥⁄  '#     *      *   ¨   10.0.0.2                                      10.0.0.22                                     π¸áÙ€G%@0Û¸ƒQ%@     ¥⁄  '#     *      *   ¨   10.0.0.2                                      10.0.0.22                                     Z÷˝c!R%@NÓw(
\%@      ¥⁄  '#     *      *   ¨   10.0.0.2                                      10.0.0.22                                     ∫¿Â±f\%@r¶	€Of%@   !  ¥⁄  '#     *      *   ¨   10.0.0.2                                      10.0.0.22                                     [ö[!¨f%@/1ñÈóp%@   "  ¥⁄  '#     *      *   ¨   10.0.0.2                                      10.0.0.22                                     ¸s—êÒp%@rjgò⁄z%@   #  ¥⁄  '#     *      *   ¨   10.0.0.2                                      10.0.0.22                                     úMG 7{%@U3k) Ö%@   $  ¥⁄  '#     *      *   ¨   10.0.0.2                                      10.0.0.22                                     ¸7/N|Ö%@yÎ¸€eè%@   %  ¥⁄  '#     *      *   ¨   10.0.0.2                                      10.0.0.22                                     ù•Ω¡è%@“≠£™ô%@   &  ¥⁄  '#     *      *   ¨   10.0.0.2                                      10.0.0.22                                     >Î-ö%@8¿Ãw£%@   '  ¥⁄  '#     *      *   ¨   10.0.0.2                                      10.0.0.22                                     ﬂƒêúL§%@ÃòÇ5Æ%@   (  ¥⁄  '#     *      *   ¨   10.0.0.2                                      10.0.0.22                                     ÄûíÆ%@µ•Úz∏%@   )  ¥⁄  '#     *      *   ¨   10.0.0.2                                      10.0.0.22                                     !x|{◊∏%@ònÉ¿¬%@   *  ¥⁄  '#     *      *   ¨   10.0.0.2                                      10.0.0.22                                     ¬QÚÍ√%@ª&§5Õ%@   +  ¥⁄  '#     *      *   ¨   10.0.0.2                                      10.0.0.22                                     §ˆ{bÕ%@ò2p@K◊%@   ,  ¥⁄  '#     *      *   ¨   10.0.0.2                                      10.0.0.22                                     EÙkÎß◊%@z˚s—ê·%@   -  ¥⁄  '#     *      *   ¨   10.0.0.2                                      10.0.0.22                                     'Ωo|Ì·%@ÒŸ:8ÿÎ%@   .  ¥⁄  '#     *      *   ¨   10.0.0.2                                      10.0.0.22                                     Ku/3Ï%@Ä|	ˆ%@   /  ¥⁄  '#     *      *   ¨   10.0.0.2                                      10.0.0.22                                     ->¿xˆ%@cE¶a &@   0  ¥⁄  '#     *      *   ¨   10.0.0.2                                      10.0.0.22                                     Œ{/æ &@á˝ûXß
&@   1  ¥⁄  '#     *      *   ¨   10.0.0.2                                      10.0.0.22                                     oÒû&@c	kcÏ&@   2  ¥⁄  '#     *      *   ¨   10.0.0.2                                      10.0.0.22                                     œ€ÿÏH&@F“nÙ1&@   3  ¥⁄  '#     *      *   ¨   10.0.0.2                                      10.0.0.22                                     pµN\é&@Á´‰cw)&@   4  ¥⁄  '#     *      *   ¨   10.0.0.2                                      10.0.0.22                                     îm‡‘)&@Ø∞‡~¿3&@   5  ¥⁄  '#     *      *   ¨   10.0.0.2                                      10.0.0.22                                     4GV~4&@Ì,zß>&@   6  ¥⁄  '#     *      *   ¨   10.0.0.2                                      10.0.0.22                                     ’ ÃÌ^>&@œı}8HH&@   7  ¥⁄  '#     *      *   ¨   10.0.0.2                                      10.0.0.22                                     ∏Èœ~§H&@≤æÅ…çR&@   8  ¥⁄  '#     *      *   ¨   10.0.0.2                                      10.0.0.22                                     ‹°a1ÍR&@öDΩ‡”\&@   9  ¥⁄  '#     *      *   ¨   10.0.0.2                                      10.0.0.22                                     æje¬/]&@vPâÎg&@   :  ¥⁄  '#     *      *   ¨   10.0.0.2                                      10.0.0.22                                     ‚"˜tug&@€˜®ø^q&@   ;  ¥⁄  '#     *      *   ¨   10.0.0.2                                      10.0.0.22                                     €à'ªq&@;‚ê§{&@   <  ¥⁄  '#     *      *   ¨   10.0.0.2                                      10.0.0.22                                     )ì⁄ |&@†â∞·ÈÖ&@   =  ¥⁄  '#     *      *   ¨   10.0.0.2                                      10.0.0.22                                      lêIFÜ&@Ac&Q/ê&@   >  ¥⁄  '#     *      *   ¨   10.0.0.2                                      10.0.0.22                                     kFπãê&@#,*‚tö&@   ?  ¥⁄  '#     *      *   ¨   10.0.0.2                                      10.0.0.22                                     M
J—ö&@É0∫§&@   @  ¥⁄  '#     *      *   ¨   10.0.0.2                                      10.0.0.22                                     ÓËπ•&@$áüˇÆ&@   A  ¥⁄  '#     *      *   ¨   10.0.0.2                                      10.0.0.22                                     è¬ı(\Ø&@≈…˝Eπ&@   B  ¥⁄  '#     *      *   ¨   10.0.0.2                                      10.0.0.22                                     rã˘π°π&@f£s~ä√&@   C  ¥⁄  '#     *      *   ¨   10.0.0.2                                      10.0.0.22                                     eo)Á√&@ä[1–Õ&@   D  ¥⁄  '#     *      *   ¨   10.0.0.2                                      10.0.0.22                                     ¥>Âò,Œ&@®V_]ÿ&@   E  ¥⁄  '#     *      *   ¨   10.0.0.2                                      10.0.0.22                                     U[rÿ&@ÀÒ[‚&@   F  ¥⁄  '#     *      *   ¨   10.0.0.2                                      10.0.0.22                                     ıÒ–w∑‚&@lËf†Ï&@   G  ¥⁄  '#     *      *   ¨   10.0.0.2                                      10.0.0.22                                     ÿ∫‘˝Ï&@¬‹ÓÂˆ&@   H  ¥⁄  '#     *      *   ¨   10.0.0.2                                      10.0.0.22                                     yîJxB˜&@ÆõR^+'@   I  ¥⁄  '#     *      *   ¨   10.0.0.2                                      10.0.0.22                                     ÿ~2∆á'@Ou»Õp'@   J  ¥⁄  '#     *      *   ¨   10.0.0.2                                      10.0.0.22                                     eQÿE—'@‹GnM∫'@   K  ¥⁄  '#     *      *   ¨   10.0.0.2                                      10.0.0.22                                     H‹÷'@}!‰ºˇ'@   L  ¥⁄  '#     *      *   ¨   10.0.0.2                                      10.0.0.22                                     ÈÛQF\ '@>"¶D*'@   M  ¥⁄  '#     *      *   ¨   10.0.0.2                                      10.0.0.22                                     äÕ«µ°*'@ ƒ]Ωä4'@   N  ¥⁄  '#     *      *   ¨   10.0.0.2                                      10.0.0.22                                     lñÀFÁ4'@„åaN–>'@   O  ¥⁄  '#     *      *   ¨   10.0.0.2                                      10.0.0.22                                     —=Î-?'@EÛ I'@   P  ¥⁄  '#     *      *   ¨   10.0.0.2                                      10.0.0.22                                     ¥Ô´rI'@*˝Ñ≥[S'@   Q  ¥⁄  '#     *      *   ¨   10.0.0.2                                      10.0.0.22                                     ◊æÄ^∏S'@‹¢µ¢]'@   R  ¥⁄  '#     *      *   ¨   10.0.0.2                                      10.0.0.22                                     xòˆÕ˝]'@˙¸·Ág'@   S  ¥⁄  '#     *      *   ¨   10.0.0.2                                      10.0.0.22                                     [a˙^Ch'@T6¨©,r'@   T  ¥⁄  '#     *      *   ¨   10.0.0.2                                      10.0.0.22                                     =*˛Ôàr'@Ym˛_u|'@   U  ¥⁄  '#     *      *   ¨   10.0.0.2                                      10.0.0.22                                     ÛÅŒ|'@ñÈóà∑Ü'@   V  ¥⁄  '#     *      *   ¨   10.0.0.2                                      10.0.0.22                                     ºá'@7√¯¸ê'@   W  ¥⁄  '#     *      *   ¨   10.0.0.2                                      10.0.0.22                                     ‰Ñ	£Yë'@ﬁYªÌBõ'@   X  ¥⁄  '#     *      *   ¨   10.0.0.2                                      10.0.0.22                                     DoÒûõ'@∫eá¯á•'@   Y  ¥⁄  '#     *      *   ¨   10.0.0.2                                      10.0.0.22                                     	áﬁ‚·•'@EKOÀØ'@   Z  ¥⁄  '#     *      *   ¨   10.0.0.2                                      10.0.0.22                                     O≠æ∫*∞'@Ö¥∆†∫'@   [  ¥⁄  '#     *      *   ¨   10.0.0.2                                      10.0.0.22                                     2v¬Kp∫'@Æ)êŸYƒ'@   \  ¥⁄  '#     *      *   ¨   10.0.0.2                                      10.0.0.22                                     ?∆‹µƒ'@JFŒ¬ûŒ'@   ]  ¥⁄  '#     *      *   ¨   10.0.0.2                                      10.0.0.22                                     8˜Wè˚Œ'@m˛_u‰ÿ'@   ^  ¥⁄  '#     *      *   ¨   10.0.0.2                                      10.0.0.22                                     ¿[ AŸ'@ÿ’‰)„'@   _  ¥⁄  '#     *      *   ¨   10.0.0.2                                      10.0.0.22                                     ªô—èÜ„'@Ò†ŸuoÌ'@   `  ¥⁄  '#     *      *   ¨   10.0.0.2                                      10.0.0.22                                     \sGˇÀÌ'@”i›µ˜'@   a  ¥⁄  '#     *      *   ¨   10.0.0.2                                      10.0.0.22                                     ˝LΩn¯'@tCSv˙(@   b  ¥⁄  '#     *      *   ¨   10.0.0.2                                      10.0.0.22                                     ﬂ¡ˇV(@…Â?(@   c  ¥⁄  '#     *      *   ¨   10.0.0.2                                      10.0.0.22                                     ÄÔ6oú(@9’ZòÖ(@   d  ¥⁄  '#     *      *   ¨   10.0.0.2                                      10.0.0.22                                     c∏: ‚(@¿Í»ëŒ (@   e  ¥⁄  '#     *      *   ¨   10.0.0.2                                      10.0.0.22                                     í∞o'!(@ÚÏÚ≠+(@   f  ¥⁄  '#     *      *   ¨   10.0.0.2                                      10.0.0.22                                     "ç
úl+(@⁄r.≈U5(@   g  ¥⁄  '#     *      *   ¨   10.0.0.2                                      10.0.0.22                                     √fÄ≤5(@¯màÒö?(@   h  ¥⁄  '#     *      *   ¨   10.0.0.2                                      10.0.0.22                                     "QhY˜?(@XXp?‡I(@   i  ¥⁄  '#     *      *   ¨   10.0.0.2                                      10.0.0.22                                     √*ﬁ»<J(@˘1ÊÆ%T(@   j  ¥⁄  '#     *      *   ¨   10.0.0.2                                      10.0.0.22                                     j¡ãæÇT(@·∑!∆k^(@   k  ¥⁄  '#     *      *   ¨   10.0.0.2                                      10.0.0.22                                     àºÂÍ«^(@|‘_Ø∞h(@   l  ¥⁄  '#     *      *   ¨   10.0.0.2                                      10.0.0.22                                     )ñ[Zi(@†åÒaˆr(@   m  ¥⁄  '#     *      *   ¨   10.0.0.2                                      10.0.0.22                                      o—…Rs(@ˇvŸØ;}(@   n  ¥⁄  '#     *      *   ¨   10.0.0.2                                      10.0.0.22                                     ¨8’Zò}(@‚?›@Åá(@   o  ¥⁄  '#     *      *   ¨   10.0.0.2                                      10.0.0.22                                     éŸÎ›á(@¯nÛ∆ë(@   p  ¥⁄  '#     *      *   ¨   10.0.0.2                                      10.0.0.22                                     ≤πjû#í(@)∞ ¶ú(@   q  ¥⁄  '#     *      *   ¨   10.0.0.2                                      10.0.0.22                                     Sì‡iú(@y7R¶(@   r  ¥⁄  '#     *      *   ¨   10.0.0.2                                      10.0.0.22                                     6\‰ûÆ¶(@¨Rz¶ó∞(@   s  ¥⁄  '#     *      *   ¨   10.0.0.2                                      10.0.0.22                                     ÷5ZÙ∞(@M,›∫(@   t  ¥⁄  '#     *      *   ¨   10.0.0.2                                      10.0.0.22                                     w–}9ª(@≠ÿc"≈(@   u  ¥⁄  '#     *      *   ¨   10.0.0.2                                      10.0.0.22                                     ÈEÌ~≈(@—Œihœ(@   v  ¥⁄  '#     *      *   ¨   10.0.0.2                                      10.0.0.22                                     π¬ª\ƒœ(@r®ﬂÖ≠Ÿ(@   w  ¥⁄  '#     *      *   ¨   10.0.0.2                                      10.0.0.22                                     Zú1Ã	⁄(@›7‡Û„(@   x  ¥⁄  '#     *      *   ¨   10.0.0.2                                      10.0.0.22                                     ˚uß;O‰(@1}Ø!8Ó(@   y  ¥⁄  '#     *      *   ¨   10.0.0.2                                      10.0.0.22                                     úO´îÓ(@“V%ë}¯(@   z  ¥⁄  '#     *      *   ¨   10.0.0.2                                      10.0.0.22                                     =)ì⁄¯(@1Aﬂ¬)@   {  ¥⁄  '#     *      *   ¨   10.0.0.2                                      10.0.0.22                                     inÖ∞)@‡d∏)@   |  ¥⁄  '#     *      *   ¨   10.0.0.2                                      10.0.0.22                                     L7âA`)@√-II)@   }  ¥⁄  '#     *      *   ¨   10.0.0.2                                      10.0.0.22                                     . ç“•)@iƒÃ>è!)@   ~  ¥⁄  '#     *      *   ¨   10.0.0.2                                      10.0.0.22                                     …êcÎ!)@ˇ#”°”+)@     ¥⁄  '#     *      *   ¨   10.0.0.2                                      10.0.0.22                                     p≥x±0,)@(ôú⁄6)@   Ä  ¥⁄  '#     *      *   ¨   10.0.0.2                                      10.0.0.22                                     R||Bv6)@é@ºÆ_@)@   Å  ¥⁄  '#     *      *   ¨   10.0.0.2                                      10.0.0.22                                     5EÄ”ª@)@Ì*§¸§J)@   Ç  ¥⁄  '#     *      *   ¨   10.0.0.2                                      10.0.0.22                                     ÑdK)@élÍT)@   É  ¥⁄  '#     *      *   ¨   10.0.0.2                                      10.0.0.22                                     ˘÷áıFU)@pÕ˝/_)@   Ñ  ¥⁄  '#     *      *   ¨   10.0.0.2                                      10.0.0.22                                     è®å_)@îÖØØui)@   Ö  ¥⁄  '#     *      *   ¨   10.0.0.2                                      10.0.0.22                                     }yˆ—i)@5_%ªs)@   Ü  ¥⁄  '#     *      *   ¨   10.0.0.2                                      10.0.0.22                                     _Bát)@öEÛ ~)@   á  ¥⁄  '#     *      *   ¨   10.0.0.2                                      10.0.0.22                                     ƒÈ$[]~)@˙,AFà)@   à  ¥⁄  '#     *      *   ¨   10.0.0.2                                      10.0.0.22                                     ß≤(Ï¢à)@©æÛãí)@   â  ¥⁄  '#     *      *   ¨   10.0.0.2                                      10.0.0.22                                     ù:Ëí)@ r¬Ñ—ú)@   ä  ¥⁄  '#     *      *   ¨   10.0.0.2                                      10.0.0.22                                     ßvÜ©-ù)@`\™“ß)@   ã  ¥⁄  '#     *      *   ¨   10.0.0.2                                      10.0.0.22                                     ¨≠ÿ_vß)@dì¸à_±)@   å  ¥⁄  '#     *      *   ¨   10.0.0.2                                      10.0.0.22                                     év‹ª±)@F\ •ª)@   ç  ¥⁄  '#     *      *   ¨   10.0.0.2                                      10.0.0.22                                     /PR`º)@jíÃÍ≈)@   é  ¥⁄  '#     *      *   ¨   10.0.0.2                                      10.0.0.22                                     VÒF∆)@G ^◊/–)@   è  ¥⁄  '#     *      *   ¨   10.0.0.2                                      10.0.0.22                                     5—Á£å–)@Ì∂Õu⁄)@   ê  ¥⁄  '#     *      *   ¨   10.0.0.2                                      10.0.0.22                                     öÎ4“⁄)@M°Ûª‰)@   ë  ¥⁄  '#     *      *   ¨   10.0.0.2                                      10.0.0.22                                     ˙bÔ≈Â)@/j˜´ Ô)@   í  ¥⁄  '#     *      *   ¨   10.0.0.2                                      10.0.0.22                                     ‹+ÛV]Ô)@3˚<F˘)@   ì  ¥⁄  '#     *      *   ¨   10.0.0.2                                      10.0.0.22                                     <€§¢˘)@5ÎåÔã*@   î  ¥⁄  '#     *      *   ¨   10.0.0.2                                      10.0.0.22                                     _ŒlWË*@¥êÄ—*@   ï  ¥⁄  '#     *      *   ¨   10.0.0.2                                      10.0.0.22                                      ®‚∆-*@wûxŒ*@   ñ  ¥⁄  '#     *      *   ¨   10.0.0.2                                      10.0.0.22                                     „pÊWs*@5&ƒ\"*@   ó  ¥⁄  '#     *      *   ¨   10.0.0.2                                      10.0.0.22                                     B[Œ•∏"*@ıÉ∫H°,*@   ò  ¥⁄  '#     *      *   ¨   10.0.0.2                                      10.0.0.22                                     „4D˛,*@<L˚Ê6*@   ô  ¥⁄  '#     *      *   ¨   10.0.0.2                                      10.0.0.22                                     0ûAC7*@∫¬j,A*@   ö  ¥⁄  '#     *      *   ¨   10.0.0.2                                      10.0.0.22                                     ¢	±àA*@úﬁ≈˚qK*@   õ  ¥⁄  '#     *      *   ¨   10.0.0.2                                      10.0.0.22                                     ∆¡•cŒK*@¸»≠I∑U*@   ú  ¥⁄  '#     *      *   ¨   10.0.0.2                                      10.0.0.22                                     ®ä©ÙV*@ú¢#π¸_*@   ù  ¥⁄  '#     *      *   ¨   10.0.0.2                                      10.0.0.22                                     IddY`*@JCçBj*@   û  ¥⁄  '#     *      *   ¨   10.0.0.2                                      10.0.0.22                                     m±üj*@%’?àt*@   ü  ¥⁄  '#     *      *   ¨   10.0.0.2                                      10.0.0.22                                     Õôd‰t*@D˝.lÕ~*@   †  ¥⁄  '#     *      *   ¨   10.0.0.2                                      10.0.0.22                                     n‡‘)*@£Á∫â*@   °  ¥⁄  '#     *      *   ¨   10.0.0.2                                      10.0.0.22                                     P©eoâ*@«ü®lXì*@   ¢  ¥⁄  '#     *      *   ¨   10.0.0.2                                      10.0.0.22                                     2rˆ¥ì*@&äê∫ùù*@   £  ¥⁄  '#     *      *   ¨   10.0.0.2                                      10.0.0.22                                     ”Kåe˙ù*@	SîK„ß*@   §  ¥⁄  '#     *      *   ¨   10.0.0.2                                      10.0.0.22                                     t%’?®*@™,
ª(≤*@   •  ¥⁄  '#     *      *   ¨   10.0.0.2                                      10.0.0.22                                     ˇwDÖ≤*@KÄ*nº*@   ¶  ¥⁄  '#     *      *   ¨   10.0.0.2                                      10.0.0.22                                     ∂ÿÌ≥ º*@næ›≥∆*@   ß  ¥⁄  '#     *      *   ¨   10.0.0.2                                      10.0.0.22                                     ò°ÒD«*@òáL˘–*@   ®  ¥⁄  '#     *      *   ¨   10.0.0.2                                      10.0.0.22                                     9{g¥U—*@-ì·x>€*@   ©  ¥⁄  '#     *      *   ¨   10.0.0.2                                      10.0.0.22                                     ôeOõ€*@\Â	ÑÂ*@   ™  ¥⁄  '#     *      *   ¨   10.0.0.2                                      10.0.0.22                                     {.Sì‡Â*@Ú$Èö…Ô*@   ´  ¥⁄  '#     *      *   ¨   10.0.0.2                                      10.0.0.22                                     ^˜V$&*@]â@ı˙*@   ¨  ¥⁄  '#     *      *   ¨   10.0.0.2                                      10.0.0.22                                     ‹b~nh˙*@ı’UÅZ+@   ≠  ¥⁄  '#     *      *   ¨   10.0.0.2                                      10.0.0.22                                     }<Ù›≠+@;ﬂOçó+@   Æ  ¥⁄  '#     *      *   ¨   10.0.0.2                                      10.0.0.22                                     jMÛ+@Îò‹+@   Ø  ¥⁄  '#     *      *   ¨   10.0.0.2                                      10.0.0.22                                     ﬂmﬁ8+@6Êuƒ!#+@   ∞  ¥⁄  '#     *      *   ¨   10.0.0.2                                      10.0.0.22                                     `…U,~#+@O$òjf-+@   ±  ¥⁄  '#     *      *   ¨   10.0.0.2                                      10.0.0.22                                     £Àõ√-+@xôa£¨7+@   ≤  ¥⁄  '#     *      *   ¨   10.0.0.2                                      10.0.0.22                                     ‰kœ,	8+@Zbe4ÚA+@   ≥  ¥⁄  '#     *      *   ¨   10.0.0.2                                      10.0.0.22                                     ∆4”ΩNB+@~˜Ê7L+@   ¥  ¥⁄  '#     *      *   ¨   10.0.0.2                                      10.0.0.22                                     %ªîL+@„¡ª}V+@   µ  ¥⁄  '#     *      *   ¨   10.0.0.2                                      10.0.0.22                                     ∆¯0{ŸV+@±O ≈`+@   ∂  ¥⁄  '#     *      *   ¨   10.0.0.2                                      10.0.0.22                                     g“¶Ía+@ﬁ»<Úk+@   ∑  ¥⁄  '#     *      *   ¨   10.0.0.2                                      10.0.0.22                                     ãä8ùdk+@>+Nu+@   ∏  ¥⁄  '#     *      *   ¨   10.0.0.2                                      10.0.0.22                                     √Iö?¶u+@ò‡‘í+@   π  ¥⁄  '#     *      *   ¨   10.0.0.2                                      10.0.0.22                                     •û–Î+@cµ˘’â+@   ∫  ¥⁄  '#     *      *   ¨   10.0.0.2                                      10.0.0.22                                     ˝Ö1ä+@Ω‚©Gî+@   ª  ¥⁄  '#     *      *   ¨   10.0.0.2                                      10.0.0.22                                     Á≈âØvî+@^º∑_û+@   º  ¥⁄  '#     *      *   ¨   10.0.0.2                                      10.0.0.22                                     …éç@ºû+@@Ö#H•®+@   Ω  ¥⁄  '#     *      *   ¨   10.0.0.2                                      10.0.0.22                                     Ñ,&˛®+@˚"°-Á≤+@   æ  ¥⁄  '#     *      *   ¨   10.0.0.2                                      10.0.0.22                                     ®‰úÿC≥+@€2‡,Ω+@   ø  ¥⁄  '#     *      *   ¨   10.0.0.2                                      10.0.0.22                                     ä≠†iâΩ+@≈q‡’r«+@   ¿  ¥⁄  '#     *      *   ¨   10.0.0.2                                      10.0.0.22                                     Æe2œ«+@%\»#∏—+@   ¡  ¥⁄  '#     *      *   ¨   10.0.0.2                                      10.0.0.22                                     O?®ã“+@∆5>ì˝€+@   ¬  ¥⁄  '#     *      *   ¨   10.0.0.2                                      10.0.0.22                                     1¨Z‹+@®˛A$CÊ+@   √  ¥⁄  '#     *      *   ¨   10.0.0.2                                      10.0.0.22                                     —Ø≠üÊ+@È)rà+@   ƒ  ¥⁄  '#     *      *   ¨   10.0.0.2                                      10.0.0.22                                     ˆô≥>Â+@Æ◊gŒ˙+@   ≈  ¥⁄  '#     *      *   ¨   10.0.0.2                                      10.0.0.22                                     ÿb∑œ*˚+@OYM◊,@   ∆  ¥⁄  '#     *      *   ¨   10.0.0.2                                      10.0.0.22                                     ª+ª`p,@ØC5%Y,@   «  ¥⁄  '#     *      *   ¨   10.0.0.2                                      10.0.0.22                                     ﬁ„L∂,@“˚∆◊û,@   »  ¥⁄  '#     *      *   ¨   10.0.0.2                                      10.0.0.22                                     Ω¬Ç˚,@s’<G‰#,@   …  ¥⁄  '#     *      *   ¨   10.0.0.2                                      10.0.0.22                                     ﬂß™–@$,@ÕÌ).,@      ¥⁄  '#     *      *   ¨   10.0.0.2                                      10.0.0.22                                     ÄÅ @Ü.,@µà(&o8,@   À  ¥⁄  '#     *      *   ¨   10.0.0.2                                      10.0.0.22                                     ![ñØÀ8,@st¥B,@   Ã  ¥⁄  '#     *      *   ¨   10.0.0.2                                      10.0.0.22                                     ÄE~˝C,@t]¯¡˘L,@   Õ  ¥⁄  '#     *      *   ¨   10.0.0.2                                      10.0.0.22                                     ‡/fKVM,@yîJxBW,@   Œ  ¥⁄  '#     *      *   ¨   10.0.0.2                                      10.0.0.22                                     ¬¯i‹õW,@¯ˇq¬Ña,@   œ  ¥⁄  '#     *      *   ¨   10.0.0.2                                      10.0.0.22                                     §¡mm·a,@ôŸÁ1 k,@   –  ¥⁄  '#     *      *   ¨   10.0.0.2                                      10.0.0.22                                     Eõ„‹&l,@9≥]°v,@   —  ¥⁄  '#     *      *   ¨   10.0.0.2                                      10.0.0.22                                     ÊtYLlv,@⁄å”UÄ,@   “  ¥⁄  '#     *      *   ¨   10.0.0.2                                      10.0.0.22                                     …=]›±Ä,@˛De√öä,@   ”  ¥⁄  '#     *      *   ¨   10.0.0.2                                      10.0.0.22                                     j”L˜ä,@^/M‡î,@   ‘  ¥⁄  '#     *      *   ¨   10.0.0.2                                      10.0.0.22                                     ÒHº<ï,@çaN–&ü,@   ’  ¥⁄  '#     *      *   ¨   10.0.0.2                                      10.0.0.22                                     j€0
Çü,@d∞‚Tk©,@   ÷  ¥⁄  '#     *      *   ¨   10.0.0.2                                      10.0.0.22                                     µ¶y«©,@AºÆ_∞≥,@   ◊  ¥⁄  '#     *      *   ¨   10.0.0.2                                      10.0.0.22                                     Ì}™
¥,@#Ö≤ıΩ,@   ÿ  ¥⁄  '#     *      *   ¨   10.0.0.2                                      10.0.0.22                                     éW zRæ,@™ö Í>»,@   Ÿ  ¥⁄  '#     *      *   ¨   10.0.0.2                                      10.0.0.22                                     ÓA»ó»,@¶',ÒÄ“,@   ⁄  ¥⁄  '#     *      *   ¨   10.0.0.2                                      10.0.0.22                                     è~7›“,@É3¯˚≈‹,@   €  ¥⁄  '#     *      *   ¨   10.0.0.2                                      10.0.0.22                                     0ıÛ¶"›,@e¸˚åÁ,@   ‹  ¥⁄  '#     *      *   ¨   10.0.0.2                                      10.0.0.22                                     —ŒihÁ,@î.˝KRÒ,@   ›  ¥⁄  '#     *      *   ¨   10.0.0.2                                      10.0.0.22                                     0πQd≠Ò,@`"ƒï˚,@   ﬁ  ¥⁄  '#     *      *   ¨   10.0.0.2                                      10.0.0.22                                     ÇUıÚ˚,@öœπ€-@   ﬂ  ¥⁄  '#     *      *   ¨   10.0.0.2                                      10.0.0.22                                     ıJYÜ8-@Èb”J!-@   ‡  ¥⁄  '#     *      *   ¨   10.0.0.2                                      10.0.0.22                                     ◊]~-@pxADj-@   ·  ¥⁄  '#     *      *   ¨   10.0.0.2                                      10.0.0.22                                     xÌ“Ü√-@1”ˆØ¨$-@   ‚  ¥⁄  '#     *      *   ¨   10.0.0.2                                      10.0.0.22                                     ú•d9	%-@ÃÔ4ôÒ.-@   „  ¥⁄  '#     *      *   ¨   10.0.0.2                                      10.0.0.22                                     7¬¢"N/-@gsÇ69-@   ‰  ¥⁄  '#     *      *   ¨   10.0.0.2                                      10.0.0.22                                     ã¶≥ì9-@£ x|C-@   Â  ¥⁄  '#     *      *   ¨   10.0.0.2                                      10.0.0.22                                     yuéŸC-@k$	¬M-@   Ê  ¥⁄  '#     *      *   ¨   10.0.0.2                                      10.0.0.22                                     \>ííN-@UD›X-@   Á  ¥⁄  '#     *      *   ¨   10.0.0.2                                      10.0.0.22                                     >ñ#dX-@sû	Mb-@   Ë  ¥⁄  '#     *      *   ¨   10.0.0.2                                      10.0.0.22                                      –ô¥©b-@aQßìl-@   È  ¥⁄  '#     *      *   ¨   10.0.0.2                                      10.0.0.22                                     Ä∫ÅÔl-@µ¡âË◊v-@   Í  ¥⁄  '#     *      *   ¨   10.0.0.2                                      10.0.0.22                                     !î˜q4w-@VõˇWÅ-@   Î  ¥⁄  '#     *      *   ¨   10.0.0.2                                      10.0.0.22                                     Ä~ﬂøyÅ-@˜tu«bã-@   Ï  ¥⁄  '#     *      *   ¨   10.0.0.2                                      10.0.0.22                                     !XU/øã-@òNÎ6®ï-@   Ì  ¥⁄  '#     *      *   ¨   10.0.0.2                                      10.0.0.22                                     ÅB=}ñ-@9(a¶Ìü-@   Ó  ¥⁄  '#     *      *   ¨   10.0.0.2                                      10.0.0.22                                     ÊÈ\QJ†-@Òd73™-@   Ô  ¥⁄  '#     *      *   ¨   10.0.0.2                                      10.0.0.22                                     á√“¿è™-@˛πh»x¥-@     ¥⁄  '#     *      *   ¨   10.0.0.2                                      10.0.0.22                                     (ùH0’¥-@üìﬁ7ææ-@   Ò  ¥⁄  '#     *      *   ¨   10.0.0.2                                      10.0.0.22                                     áá0~ø-@\kF…-@   Ú  ¥⁄  '#     *      *   ¨   10.0.0.2                                      10.0.0.22                                     ÁqÃ_…-@^hÆ”H”-@   Û  ¥⁄  '#     *      *   ¨   10.0.0.2                                      10.0.0.22                                     …:]•”-@@1≤dé›-@   Ù  ¥⁄  '#     *      *   ¨   10.0.0.2                                      10.0.0.22                                     ÌÚ≠Î›-@·
(‘”Á-@   ı  ¥⁄  '#     *      *   ¨   10.0.0.2                                      10.0.0.22                                     L›ï]0Ë-@Ç‰ùCÚ-@   ˆ  ¥⁄  '#     *      *   ¨   10.0.0.2                                      10.0.0.22                                     Ì∂ÕuÚ-@#æ≥^¸-@   ˜  ¥⁄  '#     *      *   ¨   10.0.0.2                                      10.0.0.22                                     éêÅ<ª¸-@áD§.@   ¯  ¥⁄  '#     *      *   ¨   10.0.0.2                                      10.0.0.22                                     qYÖÕ .@ËO’È.@   ˘  ¥⁄  '#     *      *   ¨   10.0.0.2                                      10.0.0.22                                     –CmF.@G:#/.@   ˙  ¥⁄  '#     *      *   ¨   10.0.0.2                                      10.0.0.22                                     q„äã.@Ëyít%.@   ˚  ¥⁄  '#     *      *   ¨   10.0.0.2                                      10.0.0.22                                     ˜X˙–%.@è™&à∫/.@   ¸  ¥⁄  '#     *      *   ¨   10.0.0.2                                      10.0.0.22                                     ≠ó„0.@›]gC˛9.@   ˝  ¥⁄  '#     *      *   ¨   10.0.0.2                                      10.0.0.22                                     ÀÒ[:.@¿&k‘CD.@   ˛  ¥⁄  '#     *      *   ¨   10.0.0.2                                      10.0.0.22                                     lËf†D.@%Œä®âN.@   ˇ  ¥⁄  '#     *      *   ¨   10.0.0.2                                      10.0.0.22                                     ê†¯1ÊN.@óé9œX.@      ¥⁄  '#     *      *   ¨   10.0.0.2                                      10.0.0.22                                     si¸¬+Y.@+O Ïc.@     ¥⁄  '#     *      *   ¨   10.0.0.2                                      10.0.0.22                                     “S‰qc.@IJzZm.@     ¥⁄  '#     *      *   ¨   10.0.0.2                                      10.0.0.22                                     ¥Ë°∂m.@Í#áüw.@     ¥⁄  '#     *      *   ¨   10.0.0.2                                      10.0.0.22                                     Uˆ]¸w.@ë∫ù}ÂÅ.@     ¥⁄  '#     *      *   ¨   10.0.0.2                                      10.0.0.22                                     yÆÔ√AÇ.@§ÖÀ*å.@     ¥⁄  '#     *      *   ¨   10.0.0.2                                      10.0.0.22                                     ó©IÜå.@Õ∞Q÷oñ.@     ¥⁄  '#     *      *   ¨   10.0.0.2                                      10.0.0.22                                     zrMÅÃñ.@Òh„àµ†.@     ¥⁄  '#     *      *   ¨   10.0.0.2                                      10.0.0.22                                     \;Q°.@óˇê~˚™.@     ¥⁄  '#     *      *   ¨   10.0.0.2                                      10.0.0.22                                     >U£W´.@t]â@µ.@   	  ¥⁄  '#     *      *   ¨   10.0.0.2                                      10.0.0.22                                     !ÕX4ùµ.@‚\√çø.@   
  ¥⁄  '#     *      *   ¨   10.0.0.2                                      10.0.0.22                                     ¬¶Œ£‚ø.@∂æHhÀ….@     ¥⁄  '#     *      *   ¨   10.0.0.2                                      10.0.0.22                                     cÄD( .@‘π¢î‘.@     ¥⁄  '#     *      *   ¨   10.0.0.2                                      10.0.0.22                                     ¬j,am‘.@Ú¥¸¿Uﬁ.@     ¥⁄  '#     *      *   ¨   10.0.0.2                                      10.0.0.22                                     §30Ú≤ﬁ.@W\ïõË.@     ¥⁄  '#     *      *   ¨   10.0.0.2                                      10.0.0.22                                     E¶a¯Ë.@∑F„‡Ú.@     ¥⁄  '#     *      *   ¨   10.0.0.2                                      10.0.0.22                                     ‚ Ÿ;Û.@§âwÄ'˝.@     ¥⁄  '#     *      *   ¨   10.0.0.2                                      10.0.0.22                                     Û™ŒjÅ˝.@ÌÄµj/@     ¥⁄  '#     *      *   ¨   10.0.0.2                                      10.0.0.22                                     îÑD⁄∆/@éYˆ$∞/@     ¥⁄  '#     *      *   ¨   10.0.0.2                                      10.0.0.22                                     5^∫I/@ke¬/ı/@     ¥⁄  '#     *      *   ¨   10.0.0.2                                      10.0.0.22                                     ïH¢óQ/@M.∆¿:&/@     ¥⁄  '#     *      *   ¨   10.0.0.2                                      10.0.0.22                                     w¶(ó&/@Ó<0Ä0/@     ¥⁄  '#     *      *   ¨   10.0.0.2                                      10.0.0.22                                     ‹∏≈¸‹0/@ïûÈ%∆:/@     ¥⁄  '#     *      *   ¨   10.0.0.2                                      10.0.0.22                                     øÅ…ç";/@6x_ïE/@     ¥⁄  '#     *      *   ¨   10.0.0.2                                      10.0.0.22                                     °JÕhE/@ïbG„PO/@     ¥⁄  '#     *      *   ¨   10.0.0.2                                      10.0.0.22                                     B$Cé≠O/@<˘ÙÿñY/@     ¥⁄  '#     *      *   ¨   10.0.0.2                                      10.0.0.22                                     $ÌFÛY/@õ„‹&‹c/@     ¥⁄  '#     *      *   ¨   10.0.0.2                                      10.0.0.22                                     ≈∆ºé8d/@<ΩRñ!n/@     ¥⁄  '#     *      *   ¨   10.0.0.2                                      10.0.0.22                                     f†2˛}n/@°drjgx/@     ¥⁄  '#     *      *   ¨   10.0.0.2                                      10.0.0.22                                     Ii6è√x/@OZ∏¨Ç/@     ¥⁄  '#     *      *   ¨   10.0.0.2                                      10.0.0.22                                     ®S›É/@rpÈòÛå/@     ¥⁄  '#     *      *   ¨   10.0.0.2                                      10.0.0.22                                     I-îLNç/@∏u7ó/@     ¥⁄  '#     *      *   ¨   10.0.0.2                                      10.0.0.22                                     Í
ºìó/@Mˆœ”Ä°/@      ¥⁄  '#     *      *   ¨   10.0.0.2                                      10.0.0.22                                     ÃœMŸ°/@◊3¬´/@   !  ¥⁄  '#     *      *   ¨   10.0.0.2                                      10.0.0.22                                     Øòﬁ¨/@£∞ã¢∂/@   "  ¥⁄  '#     *      *   ¨   10.0.0.2                                      10.0.0.22                                     U/ø”d∂/@ã6«πM¿/@   #  ¥⁄  '#     *      *   ¨   10.0.0.2                                      10.0.0.22                                     ˆ5C™¿/@›Êçì /@   $  ¥⁄  '#     *      *   ¨   10.0.0.2                                      10.0.0.22                                     ó‚™≤Ô /@ÕÈ≤òÿ‘/@   %  ¥⁄  '#     *      *   ¨   10.0.0.2                                      10.0.0.22                                     8º "5’/@n√(ﬂ/@   &  ¥⁄  '#     *      *   ¨   10.0.0.2                                      10.0.0.22                                     ò¶pzﬂ/@ùûwcÈ/@   '  ¥⁄  '#     *      *   ¨   10.0.0.2                                      10.0.0.22                                     zo¿È/@2U0*©Û/@   (  ¥⁄  '#     *      *   ¨   10.0.0.2                                      10.0.0.22                                     \8íÙ/@”.¶ôÓ˝/@   )  ¥⁄  '#     *      *   ¨   10.0.0.2                                      10.0.0.22                                     ?#K˛/@ô«Û0@   *  ¥⁄  '#     *      *   ¨   10.0.0.2                                      10.0.0.22                                     pÌDIH0@L‡÷›<	0@   +  ¥⁄  '#     *      *   ¨   10.0.0.2                                      10.0.0.22                                     @⁄ˇ k	0@|’ Ñ_0@   ,  ¥⁄  '#     *      *   ¨   10.0.0.2                                      10.0.0.22                                     «∫∏ç0@¨ æ+Ç0@   -  ¥⁄  '#     *      *   ¨   10.0.0.2                                      10.0.0.22                                     AºÆ_∞0@€ø≤“§0@   .  ¥⁄  '#     *      *   ¨   10.0.0.2                                      10.0.0.22                                     ©i”0@¨¨mä«0@   /  ¥⁄  '#     *      *   ¨   10.0.0.2                                      10.0.0.22                                     ·ï$œı0@^Ä}tÍ"0@   0  ¥⁄  '#     *      *   ¨   10.0.0.2                                      10.0.0.22                                     Sz¶ó#0@éuq(0@   1  ¥⁄  '#     *      *   ¨   10.0.0.2                                      10.0.0.22                                     ƒ^(`;(0@æje¬/-0@   2  ¥⁄  '#     *      *   ¨   10.0.0.2                                      10.0.0.22                                     ÙS^-0@–FÆõR20@   3  ¥⁄  '#     *      *   ¨   10.0.0.2                                      10.0.0.22                                     e8ûœÄ20@ <¢Bu70@   4  ¥⁄  '#     *      *   ¨   10.0.0.2                                      10.0.0.22                                     5%Yá£70@–(]˙ó<0@   5  ¥⁄  '#     *      *   ¨   10.0.0.2                                      10.0.0.22                                     ?∆<0@†≤∫A0@   6  ¥⁄  '#     *      *   ¨   10.0.0.2                                      10.0.0.22                                     ÷˛ŒˆËA0@∑— ﬁF0@   7  ¥⁄  '#     *      *   ¨   10.0.0.2                                      10.0.0.22                                     ßÎâÆG0@‚ÊT2 L0@   8  ¥⁄  '#     *      *   ¨   10.0.0.2                                      10.0.0.22                                     –w.L0@Ù¬ù#Q0@   9  ¥⁄  '#     *      *   ¨   10.0.0.2                                      10.0.0.22                                     â¥ç?QQ0@É¿ °EV0@   :  ¥⁄  '#     *      *   ¨   10.0.0.2                                      10.0.0.22                                     π©ÅÊsV0@wÉh≠h[0@   ;  ¥⁄  '#     *      *   ¨   10.0.0.2                                      10.0.0.22                                     *éØñ[0@$ö@ã`0@   <  ¥⁄  '#     *      *   ¨   10.0.0.2                                      10.0.0.22                                     ˙zæfπ`0@◊mP˚≠e0@   =  ¥⁄  '#     *      *   ¨   10.0.0.2                                      10.0.0.22                                     l_@/‹e0@fk}ë–j0@   >  ¥⁄  '#     *      *   ¨   10.0.0.2                                      10.0.0.22                                     ˚\m≈˛j0@6X8IÛo0@   ?  ¥⁄  '#     *      *   ¨   10.0.0.2                                      10.0.0.22                                     ÀI(}!p0@+áu0@   @  ¥⁄  '#     *      *   ¨   10.0.0.2                                      10.0.0.22                                     <.™EDu0@6:Áß8z0@   A  ¥⁄  '#     *      *   ¨   10.0.0.2                                      10.0.0.22                                     e˝fz0@*˝Ñ≥[0@   B  ¥⁄  '#     *      *   ¨   10.0.0.2                                      10.0.0.22                                     =Y§â0@ú·|~Ñ0@   C  ¥⁄  '#     *      *   ¨   10.0.0.2                                      10.0.0.22                                     lMK¨Ñ0@fä≠†â0@   D  ¥⁄  '#     *      *   ¨   10.0.0.2                                      10.0.0.22                                     =Úœâ0@7˛De√é0@   E  ¥⁄  '#     *      *   ¨   10.0.0.2                                      10.0.0.22                                     Æ÷âÀÒé0@®7£Êì0@   F  ¥⁄  '#     *      *   ¨   10.0.0.2                                      10.0.0.22                                     ~√DÉî0@~åπk	ô0@   G  ¥⁄  '#     *      *   ¨   10.0.0.2                                      10.0.0.22                                     ß∆K7ô0@+£ëœ+û0@   H  ¥⁄  '#     *      *   ¨   10.0.0.2                                      10.0.0.22                                     û&3ﬁVû0@9*7QK£0@   I  ¥⁄  '#     *      *   ¨   10.0.0.2                                      10.0.0.22                                     Q˙B»y£0@n‹b~n®0@   J  ¥⁄  '#     *      *   ¨   10.0.0.2                                      10.0.0.22                                     ÄÔ6oú®0@Û:‚ê≠0@   K  ¥⁄  '#     *      *   ¨   10.0.0.2                                      10.0.0.22                                     Ú”∏7ø≠0@‘‘≤µ≤0@   L  ¥⁄  '#     *      *   ¨   10.0.0.2                                      10.0.0.22                                     c∏: ‚≤0@‡¢ì•÷∑0@   M  ¥⁄  '#     *      *   ¨   10.0.0.2                                      10.0.0.22                                     3•ı∑∏0@Œ®˘*˘º0@   N  ¥⁄  '#     *      *   ¨   10.0.0.2                                      10.0.0.22                                     ¬¢"N'Ω0@ûï¥‚¬0@   O  ¥⁄  '#     *      *   ¨   10.0.0.2                                      10.0.0.22                                     ìè›J¬0@Œä®â>«0@   P  ¥⁄  '#     *      *   ¨   10.0.0.2                                      10.0.0.22                                     t_Œl«0@üwcAaÃ0@   Q  ¥⁄  '#     *      *   ¨   10.0.0.2                                      10.0.0.22                                     ∂Go∏èÃ0@ÚB:<Ñ—0@   R  ¥⁄  '#     *      *   ¨   10.0.0.2                                      10.0.0.22                                     á4*p≤—0@Å@g“¶÷0@   S  ¥⁄  '#     *      *   ¨   10.0.0.2                                      10.0.0.22                                     W!Â'’÷0@Q-"ä…€0@   T  ¥⁄  '#     *      *   ¨   10.0.0.2                                      10.0.0.22                                     …g˜€0@c	kcÏ‡0@   U  ¥⁄  '#     *      *   ¨   10.0.0.2                                      10.0.0.22                                     ôÚ!®·0@’ÌÏ+Ê0@   V  ¥⁄  '#     *      *   ¨   10.0.0.2                                      10.0.0.22                                     jﬂ‹_=Ê0@•⁄ß„1Î0@   W  ¥⁄  '#     *      *   ¨   10.0.0.2                                      10.0.0.22                                     €√^(`Î0@u«bõT0@   X  ¥⁄  '#     *      *   ¨   10.0.0.2                                      10.0.0.22                                     L®‡Ç0@á£´twı0@   Y  ¥⁄  '#     *      *   ¨   10.0.0.2                                      10.0.0.22                                     ^Ñ) •ı0@ôÙMö˙0@   Z  ¥⁄  '#     *      *   ¨   10.0.0.2                                      10.0.0.22                                     éyq»˙0@jlØΩˇ0@   [  ¥⁄  '#     *      *   ¨   10.0.0.2                                      10.0.0.22                                     ΩnÎˇ0@Xrãﬂ1@   \  ¥⁄  '#     *      *   ¨   10.0.0.2                                      10.0.0.22                                     Ìcø1@jN^d
1@   ]  ¥⁄  '#     *      *   ¨   10.0.0.2                                      10.0.0.22                                     ˇ?Nò0
1@öCR%1@   ^  ¥⁄  '#     *      *   ¨   10.0.0.2                                      10.0.0.22                                      ÂÔﬁQ1@§˙Œ/J1@   _  ¥⁄  '#     *      *   ¨   10.0.0.2                                      10.0.0.22                                     ¡8∏t1@è´ë]i1@   `  ¥⁄  '#     *      *   ¨   10.0.0.2                                      10.0.0.22                                     _œ◊,ó1@62;ã1@   a  ¥⁄  '#     *      *   ¨   10.0.0.2                                      10.0.0.22                                     0ºí‰π1@k∑]hÆ#1@   b  ¥⁄  '#     *      *   ¨   10.0.0.2                                      10.0.0.22                                      ©Mú‹#1@‹õﬂ0—(1@   c  ¥⁄  '#     *      *   ¨   10.0.0.2                                      10.0.0.22                                     qçœdˇ(1@NÄa˘Û-1@   d  ¥⁄  '#     *      *   ¨   10.0.0.2                                      10.0.0.22                                     Bzä".1@m±31@   e  ¥⁄  '#     *      *   ¨   10.0.0.2                                      10.0.0.22                                     ro~√D31@≠jIG981@   f  ¥⁄  '#     *      *   ¨   10.0.0.2                                      10.0.0.22                                     „S åg81@OÀ\=1@   g  ¥⁄  '#     *      *   ¨   10.0.0.2                                      10.0.0.22                                     ı/Ieä=1@è3Mÿ~B1@   h  ¥⁄  '#     *      *   ¨   10.0.0.2                                      10.0.0.22                                     ≈≠B1@œ†°G1@   i  ¥⁄  '#     *      *   ¨   10.0.0.2                                      10.0.0.22                                     6ÜÂœG1@—äXƒL1@   j  ¥⁄  '#     *      *   ¨   10.0.0.2                                      10.0.0.22                                     ®ÂÆÚL1@≈«'dÁQ1@   k  ¥⁄  '#     *      *   ¨   10.0.0.2                                      10.0.0.22                                     x“¬eR1@ıº
W1@   l  ¥⁄  '#     *      *   ¨   10.0.0.2                                      10.0.0.22                                     È∂D.8W1@*oG8-\1@   m  ¥⁄  '#     *      *   ¨   10.0.0.2                                      10.0.0.22                                     ∫£ˇÂZ\1@TßYOa1@   n  ¥⁄  '#     *      *   ¨   10.0.0.2                                      10.0.0.22                                     äê∫ù}a1@∆ãÖ!rf1@   o  ¥⁄  '#     *      *   ¨   10.0.0.2                                      10.0.0.22                                     ˚t<f†f1@ÿgŒ˙îk1@   p  ¥⁄  '#     *      *   ¨   10.0.0.2                                      10.0.0.22                                     mYæ.√k1@]¬°∑p1@   q  ¥⁄  '#     *      *   ¨   10.0.0.2                                      10.0.0.22                                     =FyÊÂp1@ÿI}Y⁄u1@   r  ¥⁄  '#     *      *   ¨   10.0.0.2                                      10.0.0.22                                     Í\QJv1@%XŒ¸z1@   s  ¥⁄  '#     *      *   ¨   10.0.0.2                                      10.0.0.22                                     [A”+{1@ó<ûñÄ1@   t  ¥⁄  '#     *      *   ¨   10.0.0.2                                      10.0.0.22                                     ,.é MÄ1@IÆÄBÖ1@   u  ¥⁄  '#     *      *   ¨   10.0.0.2                                      10.0.0.22                                     ùìpÖ1@ÿ€eä1@   v  ¥⁄  '#     *      *   ¨   10.0.0.2                                      10.0.0.22                                     Ã:ìä1@©˙ïŒáè1@   w  ¥⁄  '#     *      *   ¨   10.0.0.2                                      10.0.0.22                                     >ÏÖ∂è1@ﬂó™î1@   x  ¥⁄  '#     *      *   ¨   10.0.0.2                                      10.0.0.22                                     Ø–Àÿî1@ÍÀ“NÕô1@   y  ¥⁄  '#     *      *   ¨   10.0.0.2                                      10.0.0.22                                     \Áﬂ.˚ô1@èoÔû1@   z  ¥⁄  '#     *      *   ¨   10.0.0.2                                      10.0.0.22                                     ,‘öÊü1@«,{§1@   {  ¥⁄  '#     *      *   ¨   10.0.0.2                                      10.0.0.22                                     ˝¿Uû@§1@z´ÆC5©1@   |  ¥⁄  '#     *      *   ¨   10.0.0.2                                      10.0.0.22                                     ùûwc©1@PU°ÅXÆ1@   }  ¥⁄  '#     *      *   ¨   10.0.0.2                                      10.0.0.22                                     ÄÅ @ÜÆ1@\t≤‘z≥1@   ~  ¥⁄  '#     *      *   ¨   10.0.0.2                                      10.0.0.22                                     Òe¢©≥1@nP˚≠ù∏1@     ¥⁄  '#     *      *   ¨   10.0.0.2                                      10.0.0.22                                     ﬂkéÀ∏1@g”¿Ω1@   Ä  ¥⁄  '#     *      *   ¨   10.0.0.2                                      10.0.0.22                                     PPäVÓΩ1@*q„¬1@   Å  ¥⁄  '#     *      *   ¨   10.0.0.2                                      10.0.0.22                                     ÄE~˝√1@˝/◊¢»1@   Ç  ¥⁄  '#     *      *   ¨   10.0.0.2                                      10.0.0.22                                     Q29µ3»1@-%ÀI(Õ1@   É  ¥⁄  '#     *      *   ¨   10.0.0.2                                      10.0.0.22                                     4æ/.UÕ1@±¡¬I“1@   Ñ  ¥⁄  '#     *      *   ¨   10.0.0.2                                      10.0.0.22                                     •¢±ˆw“1@"ç
úl◊1@   Ö  ¥⁄  '#     *      *   ¨   10.0.0.2                                      10.0.0.22                                     uèlÆö◊1@±ä72è‹1@   Ü  ¥⁄  '#     *      *   ¨   10.0.0.2                                      10.0.0.22                                     •Ñ`UΩ‹1@ÅwÚÈ±·1@   á  ¥⁄  '#     *      *   ¨   10.0.0.2                                      10.0.0.22                                     i‚‡·1@Rd≠°‘Ê1@   à  ¥⁄  '#     *      *   ¨   10.0.0.2                                      10.0.0.22                                     áMdÊÁ1@d@ˆz˜Î1@   â  ¥⁄  '#     *      *   ¨   10.0.0.2                                      10.0.0.22                                     ∑BXç%Ï1@RF\ Ò1@   ä  ¥⁄  '#     *      *   ¨   10.0.0.2                                      10.0.0.22                                     à/EHÒ1@"3∏<ˆ1@   ã  ¥⁄  '#     *      *   ¨   10.0.0.2                                      10.0.0.22                                     XŒ¸jˆ1@Û“o_˚1@   å  ¥⁄  '#     *      *   ¨   10.0.0.2                                      10.0.0.22                                     … P≈ç˚1@¸IÇ 2@   ç  ¥⁄  '#     *      *   ¨   10.0.0.2                                      10.0.0.22                                     €‹òû∞ 2@´Ì&¯¶2@   é  ¥⁄  '#     *      *   ¨   10.0.0.2                                      10.0.0.22                                     “åE”2@Áƒ⁄«
2@   è  ¥⁄  '#     *      *   ¨   10.0.0.2                                      10.0.0.22                                     ;«ÄÏı
2@∫ÅÍ2@   ê  ¥⁄  '#     *      *   ¨   10.0.0.2                                      10.0.0.22                                     jºtì2@GØ(2@   ë  ¥⁄  '#     *      *   ¨   10.0.0.2                                      10.0.0.22                                     ‹†ˆ[;2@öz›"02@   í  ¥⁄  '#     *      *   ¨   10.0.0.2                                      10.0.0.22                                     G»@û]2@˛ö¨Q2@   ì  ¥⁄  '#     *      *   ¨   10.0.0.2                                      10.0.0.22                                     j€0
Ç2@ﬂ4}v$2@   î  ¥⁄  '#     *      *   ¨   10.0.0.2                                      10.0.0.22                                     ;»Î¡§$2@ª}Vô)2@   ï  ¥⁄  '#     *      *   ¨   10.0.0.2                                      10.0.0.22                                     ¨¨mä«)2@…éç@º.2@   ñ  ¥⁄  '#     *      *   ¨   10.0.0.2                                      10.0.0.22                                     æà∂cÍ.2@˘ÉÅÁﬁ32@   ó  ¥⁄  '#     *      *   ¨   10.0.0.2                                      10.0.0.22                                     /m8,42@jh∞92@   ò  ¥⁄  '#     *      *   ¨   10.0.0.2                                      10.0.0.22                                     ˇYÛ„/92@;Uæg$>2@   ô  ¥⁄  '#     *      *   ¨   10.0.0.2                                      10.0.0.22                                     /OÁäR>2@kJ≤GC2@   ö  ¥⁄  '#     *      *   ¨   10.0.0.2                                      10.0.0.22                                     _D€1uC2@˙Gﬂ§iH2@   õ  ¥⁄  '#     *      *   ¨   10.0.0.2                                      10.0.0.22                                     /1ñÈóH2@$(~åM2@   ú  ¥⁄  '#     *      *   ¨   10.0.0.2                                      10.0.0.22                                      Q°∫M2@‹„5ØR2@   ù  ¥⁄  '#     *      *   ¨   10.0.0.2                                      10.0.0.22                                     –
Y›R2@◊‹—W2@   û  ¥⁄  '#     *      *   ¨   10.0.0.2                                      10.0.0.22                                     °˜∆ X2@}ÍX•Ù\2@   ü  ¥⁄  '#     *      *   ¨   10.0.0.2                                      10.0.0.22                                     q‰Å»"]2@M◊]b2@   †  ¥⁄  '#     *      *   ¨   10.0.0.2                                      10.0.0.22                                     É¿ °Eb2@øªï%:g2@   °  ¥⁄  '#     *      *   ¨   10.0.0.2                                      10.0.0.22                                     ≥µæHhg2@Nπ¬ª\l2@   ¢  ¥⁄  '#     *      *   ¨   10.0.0.2                                      10.0.0.22                                     „™≤Ôäl2@¶}sq2@   £  ¥⁄  '#     *      *   ¨   10.0.0.2                                      10.0.0.22                                     ÙÜ˚»≠q2@0Ç∆L¢v2@   §  ¥⁄  '#     *      *   ¨   10.0.0.2                                      10.0.0.22                                     ≈s∂Ä–v2@ oÅ≈{2@   •  ¥⁄  '#     *      *   ¨   10.0.0.2                                      10.0.0.22                                     ï`q8Û{2@—[<ºÁÄ2@   ¶  ¥⁄  '#     *      *   ¨   10.0.0.2                                      10.0.0.22                                     ≈UeﬂÅ2@Q0c
Ü2@   ß  ¥⁄  '#     *      *   ¨   10.0.0.2                                      10.0.0.22                                     6:Áß8Ü2@—=Î-ã2@   ®  ¥⁄  '#     *      *   ¨   10.0.0.2                                      10.0.0.22                                     '¢_[ã2@„4ÙOê2@   ©  ¥⁄  '#     *      *   ¨   10.0.0.2                                      10.0.0.22                                     7ñ~ê2@1(”hrï2@   ™  ¥⁄  '#     *      *   ¨   10.0.0.2                                      10.0.0.22                                     fä≠†ï2@CBïö2@   ´  ¥⁄  '#     *      *   ¨   10.0.0.2                                      10.0.0.22                                     (b√ö2@Í]º∑ü2@   ¨  ¥⁄  '#     *      *   ¨   10.0.0.2                                      10.0.0.22                                     ®‚∆-Êü2@„›ë±⁄§2@   ≠  ¥⁄  '#     *      *   ¨   10.0.0.2                                      10.0.0.22                                     xœÅÂ•2@”ÖX˝©2@   Æ  ¥⁄  '#     *      *   ¨   10.0.0.2                                      10.0.0.22                                     ®ƒuå+™2@Ñ∑! Ø2@   Ø  ¥⁄  '#     *      *   ¨   10.0.0.2                                      10.0.0.22                                     y±0DNØ2@U§¬ÿB¥2@   ∞  ¥⁄  '#     *      *   ¨   10.0.0.2                                      10.0.0.22                                     IûÎ˚p¥2@Öô∂eπ2@   ±  ¥⁄  '#     *      *   ¨   10.0.0.2                                      10.0.0.22                                     yìﬂ¢ìπ2@ó„àæ2@   ≤  ¥⁄  '#     *      *   ¨   10.0.0.2                                      10.0.0.22                                     ©à”I∂æ2@Ö{eﬁ™√2@   ≥  ¥⁄  '#     *      *   ¨   10.0.0.2                                      10.0.0.22                                     yuéŸ√2@yítÕ»2@   ¥  ¥⁄  '#     *      *   ¨   10.0.0.2                                      10.0.0.22                                     ÍY ˚»2@gDioÕ2@   µ  ¥⁄  '#     *      *   ¨   10.0.0.2                                      10.0.0.22                                     OqŒ2@VJœÙ”2@   ∂  ¥⁄  '#     *      *   ¨   10.0.0.2                                      10.0.0.22                                     ã3Ü9A”2@ã¸˙!6ÿ2@   ∑  ¥⁄  '#     *      *   ¨   10.0.0.2                                      10.0.0.22                                     ¸dÿ2@yaßX›2@   ∏  ¥⁄  '#     *      *   ¨   10.0.0.2                                      10.0.0.22                                     ,¸®Ü›2@ãﬁ©Ä{‚2@   π  ¥⁄  '#     *      *   ¨   10.0.0.2                                      10.0.0.22                                     \O©‚2@8ıÅ‰ùÁ2@   ∫  ¥⁄  '#     *      *   ¨   10.0.0.2                                      10.0.0.22                                     ,Ô™ÃÁ2@hÍuã¿Ï2@   ª  ¥⁄  '#     *      *   ¨   10.0.0.2                                      10.0.0.22                                     ˝€eøÓÏ2@òﬂi2„Ò2@   º  ¥⁄  '#     *      *   ¨   10.0.0.2                                      10.0.0.22                                     n¿ÁáÚ2@∆l…™˜2@   Ω  ¥⁄  '#     *      *   ¨   10.0.0.2                                      10.0.0.22                                     ûµ€.4˜2@z®m√(¸2@   æ  ¥⁄  '#     *      *   ¨   10.0.0.2                                      10.0.0.22                                     Œ™œ’V¸2@8ˆÏπL3@   ø  ¥⁄  '#     *      *   ¨   10.0.0.2                                      10.0.0.22                                     ?èQûy3@⁄íUn3@   ¿  ¥⁄  '#     *      *   ¨   10.0.0.2                                      10.0.0.22                                     ∞s”fú3@Kw◊Ÿê3@   ¡  ¥⁄  '#     *      *   ¨   10.0.0.2                                      10.0.0.22                                     ?q ˝æ3@⁄tp≥3@   ¬  ¥⁄  '#     *      *   ¨   10.0.0.2                                      10.0.0.22                                     ofÙ£·3@™aø'÷3@   √  ¥⁄  '#     *      *   ¨   10.0.0.2                                      10.0.0.22                                     u»Õp3@4¢¥7¯3@   ƒ  ¥⁄  '#     *      *   ¨   10.0.0.2                                      10.0.0.22                                     ò€Ω‹'3@‘÷à` 3@   ≈  ¥⁄  '#     *      *   ¨   10.0.0.2                                      10.0.0.22                                     »–±ÉJ 3@c‘µˆ>%3@   ∆  ¥⁄  '#     *      *   ¨   10.0.0.2                                      10.0.0.22                                     ¯≈•*m%3@3¡pÆa*3@   «  ¥⁄  '#     *      *   ¨   10.0.0.2                                      10.0.0.22                                     »≤`‚è*3@¬æùDÑ/3@   »  ¥⁄  '#     *      *   ¨   10.0.0.2                                      10.0.0.22                                     9ó‚™≤/3@3£ß43@   …  ¥⁄  '#     *      *   ¨   10.0.0.2                                      10.0.0.22                                     
Ñùb’43@•á°’…93@      ¥⁄  '#     *      *   ¨   10.0.0.2                                      10.0.0.22                                     :yë	¯93@ut\çÏ>3@   À  ¥⁄  '#     *      *   ¨   10.0.0.2                                      10.0.0.22                                     
fL¡?3@râ#D3@   Ã  ¥⁄  '#     *      *   ¨   10.0.0.2                                      10.0.0.22                                     €Ry=D3@uVÏ1I3@   Õ  ¥⁄  '#     *      *   ¨   10.0.0.2                                      10.0.0.22                                     ´?¬0`I3@FC∆£TN3@   Œ  ¥⁄  '#     *      *   ¨   10.0.0.2                                      10.0.0.22                                     €4∂◊ÇN3@∑'HlwS3@   œ  ¥⁄  '#     *      *   ¨   10.0.0.2                                      10.0.0.22                                     ´!qè•S3@´ÍÂwöX3@   –  ¥⁄  '#     *      *   ¨   10.0.0.2                                      10.0.0.22                                     "√*ﬁ»X3@ü≠ÉÉΩ]3@   —  ¥⁄  '#     *      *   ¨   10.0.0.2                                      10.0.0.22                                     .‚;1Î]3@d œ.ﬂb3@   “  ¥⁄  '#     *      *   ¨   10.0.0.2                                      10.0.0.22                                     €¯ïc3@v¸h3@   ”  ¥⁄  '#     *      *   ¨   10.0.0.2                                      10.0.0.22                                     Ì‘\n0h3@àÿ`·$m3@   ‘  ¥⁄  '#     *      *   ¨   10.0.0.2                                      10.0.0.22                                     ËL⁄Tm3@´ÎPMIr3@   ’  ¥⁄  '#     *      *   ¨   10.0.0.2                                      10.0.0.22                                     éÆ“›ur3@»A	3mw3@   ÷  ¥⁄  '#     *      *   ¨   10.0.0.2                                      10.0.0.22                                     _õçïòw3@æl;mç|3@   ◊  ¥⁄  '#     *      *   ¨   10.0.0.2                                      10.0.0.22                                     /àHMª|3@{⁄·ØÅ3@   ÿ  ¥⁄  '#     *      *   ¨   10.0.0.2                                      10.0.0.22                                     †l ﬁÅ3@‹gïô“Ü3@   Ÿ  ¥⁄  '#     *      *   ¨   10.0.0.2                                      10.0.0.22                                     qYÖÕ á3@¡∆ıã3@   ⁄  ¥⁄  '#     *      *   ¨   10.0.0.2                                      10.0.0.22                                     AF@Ö#å3@‹ID¯ë3@   €  ¥⁄  '#     *      *   ¨   10.0.0.2                                      10.0.0.22                                     q;4,Fë3@?8ü:ñ3@   ‹  ¥⁄  '#     *      *   ¨   10.0.0.2                                      10.0.0.22                                     ‚∂Ùhñ3@}#∫g]õ3@   ›  ¥⁄  '#     *      *   ¨   10.0.0.2                                      10.0.0.22                                     S8Ωãõ3@èˇAÄ†3@   ﬁ  ¥⁄  '#     *      *   ¨   10.0.0.2                                      10.0.0.22                                     É˘+dÆ†3@}i∆¢•3@   ﬂ  ¥⁄  '#     *      *   ¨   10.0.0.2                                      10.0.0.22                                     ≥Ó—•3@NÚ#~≈™3@   ‡  ¥⁄  '#     *      *   ¨   10.0.0.2                                      10.0.0.22                                     É€⁄¬Û™3@ßz2ˇËØ3@   ·  ¥⁄  '#     *      *   ¨   10.0.0.2                                      10.0.0.22                                     Ùø\ã∞3@—≤Óµ3@   ‚  ¥⁄  '#     *      *   ¨   10.0.0.2                                      10.0.0.22                                     ÑΩâ!9µ3@`∞∂-∫3@   „  ¥⁄  '#     *      *   ¨   10.0.0.2                                      10.0.0.22                                     ≥≤}»[∫3@Ô≠HLPø3@   ‰  ¥⁄  '#     *      *   ¨   10.0.0.2                                      10.0.0.22                                     Ñü8Ä~ø3@`í sƒ3@   Â  ¥⁄  '#     *      *   ¨   10.0.0.2                                      10.0.0.22                                     xb÷ã°ƒ3@<˘Ùÿñ…3@   Ê  ¥⁄  '#     *      *   ¨   10.0.0.2                                      10.0.0.22                                     HOëCƒ…3@„Rï∂∏Œ3@   Á  ¥⁄  '#     *      *   ¨   10.0.0.2                                      10.0.0.22                                     xDÖÍÊŒ3@≥?Pn€”3@   Ë  ¥⁄  '#     *      *   ¨   10.0.0.2                                      10.0.0.22                                     È(≥	‘3@%$“6˛ÿ3@   È  ¥⁄  '#     *      *   ¨   10.0.0.2                                      10.0.0.22                                     Zâ{,Ÿ3@ıçÓ ﬁ3@   Í  ¥⁄  '#     *      *   ¨   10.0.0.2                                      10.0.0.22                                     ä}"Oﬁ3@fı∑C„3@   Î  ¥⁄  '#     *      *   ¨   10.0.0.2                                      10.0.0.22                                     ∫˜p…q„3@ñÍ^fË3@   Ï  ¥⁄  '#     *      *   ¨   10.0.0.2                                      10.0.0.22                                     +‹ÚëîË3@f◊ΩâÌ3@   Ì  ¥⁄  '#     *      *   ¨   10.0.0.2                                      10.0.0.22                                     ú¿tZ∑Ì3@úâÈB¨Ú3@   Ó  ¥⁄  '#     *      *   ¨   10.0.0.2                                      10.0.0.22                                     Ãµh⁄Ú3@®®˙ïŒ˜3@   Ô  ¥⁄  '#     *      *   ¨   10.0.0.2                                      10.0.0.22                                     ¸™\®¸˜3@*ƒ#ÒÚ¸3@     ¥⁄  '#     *      *   ¨   10.0.0.2                                      10.0.0.22                                     Ãó`˝3@®ä©Ù4@   Ò  ¥⁄  '#     *      *   ¨   10.0.0.2                                      10.0.0.22                                     =|ô(B4@4ú274@   Ú  ¥⁄  '#     *      *   ¨   10.0.0.2                                      10.0.0.22                                     Ãy∆æd4@©lXSY4@   Û  ¥⁄  '#     *      *   ¨   10.0.0.2                                      10.0.0.22                                     ùfÅvá4@ÿaL˙{4@   Ù  ¥⁄  '#     *      *   ¨   10.0.0.2                                      10.0.0.22                                     K?™4@©N≤û4@   ı  ¥⁄  '#     *      *   ¨   10.0.0.2                                      10.0.0.22                                      'LÕ4@äri¸¬4@   ˆ  ¥⁄  '#     *      *   ¨   10.0.0.2                                      10.0.0.22                                     P@øÔ4@,“S‰ 4@   ˜  ¥⁄  '#     *      *   ¨   10.0.0.2                                      10.0.0.22                                     Ä4f!4@ùÛS&4@   ¯  ¥⁄  '#     *      *   ¨   10.0.0.2                                      10.0.0.22                                     Òıµ.5&4@,ÒÄ≤)+4@   ˘  ¥⁄  '#     *      *   ¨   10.0.0.2                                      10.0.0.22                                     ¡‚pÊW+4@ ¥æL04@   ˙  ¥⁄  '#     *      *   ¨   10.0.0.2                                      10.0.0.22                                     Ò◊dçz04@,”/o54@   ˚  ¥⁄  '#     *      *   ¨   10.0.0.2                                      10.0.0.22                                     Ä’ë#ù54@\»#∏ë:4@   ¸  ¥⁄  '#     *      *   ¨   10.0.0.2                                      10.0.0.22                                     P¬L€ø:4@Î≈PN¥?4@   ˝  ¥⁄  '#     *      *   ¨   10.0.0.2                                      10.0.0.22                                     ¬¶Œ£‚?4@\™“◊D4@   ˛  ¥⁄  '#     *      *   ¨   10.0.0.2                                      10.0.0.22                                     Òõ¬JE4@åü∆Ω˘I4@   ˇ  ¥⁄  '#     *      *   ¨   10.0.0.2                                      10.0.0.22                                     x$(J4@ﬂjù∏O4@      ¥⁄  '#     *      *   ¨   10.0.0.2                                      10.0.0.22                                     t\çÏJO4@∞WXp?T4@     ¥⁄  '#     *      *   ¨   10.0.0.2                                      10.0.0.22                                     EIH§mT4@‡LLbY4@     ¥⁄  '#     *      *   ¨   10.0.0.2                                      10.0.0.22                                     ‘Fu:êY4@oJy≠Ñ^4@     ¥⁄  '#     *      *   ¨   10.0.0.2                                      10.0.0.22                                     <i·≤^4@˛G¶Cßc4@     ¥⁄  '#     *      *   ¨   10.0.0.2                                      10.0.0.22                                     ‘($ô’c4@Œ4a˚…h4@     ¥⁄  '#     *      *   ¨   10.0.0.2                                      10.0.0.22                                     •ﬂP¯h4@ü!≥Ïm4@     ¥⁄  '#     *      *   ¨   10.0.0.2                                      10.0.0.22                                     à°’…n4@√ú†Ms4@     ¥⁄  '#     *      *   ¨   10.0.0.2                                      10.0.0.22                                     XéêÅ<s4@4Å"1x4@     ¥⁄  '#     *      *   ¨   10.0.0.2                                      10.0.0.22                                     …rJ_x4@•e§ﬁS}4@   	  ¥⁄  '#     *      *   ¨   10.0.0.2                                      10.0.0.22                                     :WîÇ}4@’ZòÖvÇ4@   
  ¥⁄  '#     *      *   ¨   10.0.0.2                                      10.0.0.22                                     Ámlv§Ç4@!£Àõá4@     ¥⁄  '#     *      *   ¨   10.0.0.2                                      10.0.0.22                                     ˘IµO«á4@(c|òΩå4@     ¥⁄  '#     *      *   ¨   10.0.0.2                                      10.0.0.22                                      6pÍå4@G!…¨ﬁë4@     ¥⁄  '#     *      *   ¨   10.0.0.2                                      10.0.0.22                                     ˙+dÆí4@5'/2ó4@     ¥⁄  '#     *      *   ¨   10.0.0.2                                      10.0.0.22                                     )!XU/ó4@M¿Øë$ú4@     ¥⁄  '#     *      *   ¨   10.0.0.2                                      10.0.0.22                                     YL¸Qú4@‹Ω‹'G°4@     ¥⁄  '#     *      *   ¨   10.0.0.2                                      10.0.0.22                                      ˙Õƒt°4@GÂ&ji¶4@     ¥⁄  '#     *      *   ¨   10.0.0.2                                      10.0.0.22                                     ;ﬂOçó¶4@w⁄å´4@     ¥⁄  '#     *      *   ¨   10.0.0.2                                      10.0.0.22                                     k‘C4∫´4@ËæúŸÆ∞4@     ¥⁄  '#     *      *   ¨   10.0.0.2                                      10.0.0.22                                     <¡˛Î‹∞4@¥êÄ—µ4@     ¥⁄  '#     *      *   ¨   10.0.0.2                                      10.0.0.22                                     Æπ£ˇµ4@ß±ΩÙ∫4@     ¥⁄  '#     *      *   ¨   10.0.0.2                                      10.0.0.22                                     ›öt["ª4@ñ?ﬂ¿4@     ¥⁄  '#     *      *   ¨   10.0.0.2                                      10.0.0.22                                     «ïF¿4@Y¬⁄;≈4@     ¥⁄  '#     *      *   ¨   10.0.0.2                                      10.0.0.22                                     Ó≥ Li≈4@kû#Ú] 4@     ¥⁄  '#     *      *   ¨   10.0.0.2                                      10.0.0.22                                     æ†Öå 4@Y§âwÄœ4@     ¥⁄  '#     *      *   ¨   10.0.0.2                                      10.0.0.22                                     0ÖÕÆœ4@kÄ“P£‘4@     ¥⁄  '#     *      *   ¨   10.0.0.2                                      10.0.0.22                                     _z˚s—‘4@˙}ˇÊ≈Ÿ4@     ¥⁄  '#     *      *   ¨   10.0.0.2                                      10.0.0.22                                     qVDMÙŸ4@ZH¿Ëﬁ4@     ¥⁄  '#     *      *   ¨   10.0.0.2                                      10.0.0.22                                     BCˇﬂ4@‹Fx‰4@     ¥⁄  '#     *      *   ¨   10.0.0.2                                      10.0.0.22                                     THﬁ9‰4@Ó"LQ.È4@     ¥⁄  '#     *      *   ¨   10.0.0.2                                      10.0.0.22                                     B%Æc\È4@eƒ†QÓ4@     ¥⁄  '#     *      *   ¨   10.0.0.2                                      10.0.0.22                                     ≥	0,Ó4@è¸¡¿sÛ4@      ¥⁄  '#     *      *   ¨   10.0.0.2                                      10.0.0.22                                     $Ó±Ù°Û4@`È|xñ¯4@   !  ¥⁄  '#     *      *   ¨   10.0.0.2                                      10.0.0.22                                     T„•õƒ¯4@èﬁpπ˝4@   "  ¥⁄  '#     *      *   ¨   10.0.0.2                                      10.0.0.22                                     ≈«'dÁ˝4@°∫π¯€5@   #  ¥⁄  '#     *      *   ¨   10.0.0.2                                      10.0.0.22                                     ñ¥‚
5@Ô»Xm˛5@   $  ¥⁄  '#     *      *   ¨   10.0.0.2                                      10.0.0.22                                     „¬Åê,5@=◊˜· 5@   %  ¥⁄  '#     *      *   ¨   10.0.0.2                                      10.0.0.22                                     TßYO5@ê¢Œ‹C5@   &  ¥⁄  '#     *      *   ¨   10.0.0.2                                      10.0.0.22                                     π©ÅÊs5@æ/.Ui5@   '  ¥⁄  '#     *      *   ¨   10.0.0.2                                      10.0.0.22                                     ÀÖ øñ5@ÅïCã5@   (  ¥⁄  '#     *      *   ¨   10.0.0.2                                      10.0.0.22                                     õrÖwπ5@†¶ñ≠!5@   )  ¥⁄  '#     *      *   ¨   10.0.0.2                                      10.0.0.22                                     *p≤‹!5@$|Ôo–&5@   *  ¥⁄  '#     *      *   ¨   10.0.0.2                                      10.0.0.22                                     Ze¶¥˛&5@ıh™'Û+5@   +  ¥⁄  '#     *      *   ¨   10.0.0.2                                      10.0.0.22                                     ÀI(}!,5@fM,15@   ,  ¥⁄  '#     *      *   ¨   10.0.0.2                                      10.0.0.22                                     ú6„4D15@6:Áß865@   -  ¥⁄  '#     *      *   ¨   10.0.0.2                                      10.0.0.22                                     e˝f65@CY¯˙Z;5@   .  ¥⁄  '#     *      *   ¨   10.0.0.2                                      10.0.0.22                                     ˚ ÀÇâ;5@¥=z√}@5@   /  ¥⁄  '#     *      *   ¨   10.0.0.2                                      10.0.0.22                                     lMK¨@5@fä≠†E5@   0  ¥⁄  '#     *      *   ¨   10.0.0.2                                      10.0.0.22                                     =ÚœE5@xÌ“Ü√J5@   1  ¥⁄  '#     *      *   ¨   10.0.0.2                                      10.0.0.22                                     ﬂ¬∫ÒJ5@I⁄ç>ÊO5@   2  ¥⁄  '#     *      *   ¨   10.0.0.2                                      10.0.0.22                                     =‘∂aP5@xœÅÂU5@   3  ¥⁄  '#     *      *   ¨   10.0.0.2                                      10.0.0.22                                     Æ∏8*7U5@ä´ æ+Z5@   4  ¥⁄  '#     *      *   ¨   10.0.0.2                                      10.0.0.22                                     ¿îÅZZ5@[òÖvN_5@   5  ¥⁄  '#     *      *   ¨   10.0.0.2                                      10.0.0.22                                     ëÅ<ª|_5@Ã|?qd5@   6  ¥⁄  '#     *      *   ¨   10.0.0.2                                      10.0.0.22                                     CUL•üd5@ﬁXPîi5@   7  ¥⁄  '#     *      *   ¨   10.0.0.2                                      10.0.0.22                                     ¥9Œm¬i5@O=“‡∂n5@   8  ¥⁄  '#     *      *   ¨   10.0.0.2                                      10.0.0.22                                     &P6Ân5@¿!T©Ÿs5@   9  ¥⁄  '#     *      *   ¨   10.0.0.2                                      10.0.0.22                                     7˙òt5@Ì*§¸x5@   :  ¥⁄  '#     *      *   ¨   10.0.0.2                                      10.0.0.22                                     gÔå∂*y5@C‚K~5@   ;  ¥⁄  '#     *      *   ¨   10.0.0.2                                      10.0.0.22                                     yÀ’èM~5@µ∆†BÉ5@   <  ¥⁄  '#     *      *   ¨   10.0.0.2                                      10.0.0.22                                     ãßipÉ5@&´"‹dà5@   =  ¥⁄  '#     *      *   ¨   10.0.0.2                                      10.0.0.22                                     ¸ã†1ìà5@8ákµáç5@   >  ¥⁄  '#     *      *   ¨   10.0.0.2                                      10.0.0.22                                     Õx[Èµç5@g|_\™í5@   ?  ¥⁄  '#     *      *   ¨   10.0.0.2                                      10.0.0.22                                     ﬁT§¬ÿí5@PoFÕó5@   @  ¥⁄  '#     *      *   ¨   10.0.0.2                                      10.0.0.22                                     P9&ã˚ó5@,,∏ú5@   A  ¥⁄  '#     *      *   ¨   10.0.0.2                                      10.0.0.22                                      &·Bù5@>˘¢5@   B  ¥⁄  '#     *      *   ¨   10.0.0.2                                      10.0.0.22                                     P’È@¢5@n˝Ùü5ß5@   C  ¥⁄  '#     *      *   ¨   10.0.0.2                                      10.0.0.22                                      ê°cß5@>ÍØWX¨5@   D  ¥⁄  '#     *      *   ¨   10.0.0.2                                      10.0.0.22                                     2‰ÿzÜ¨5@µãi¶{±5@   E  ¥⁄  '#     *      *   ¨   10.0.0.2                                      10.0.0.22                                     —ì2©±5@b¢A
û∂5@   F  ¥⁄  '#     *      *   ¨   10.0.0.2                                      10.0.0.22                                     2∆áŸÀ∂5@ˆ\¶&¡ª5@   G  ¥⁄  '#     *      *   ¨   10.0.0.2                                      10.0.0.22                                     §™	¢Óª5@ﬂ•‘%„¿5@   H  ¥⁄  '#     *      *   ¨   10.0.0.2                                      10.0.0.22                                     èãj¡5@ÒÅˇ∆5@   I  ¥⁄  '#     *      *   ¨   10.0.0.2                                      10.0.0.22                                     EÑ4∆5@ﬂáÉÑ(À5@   J  ¥⁄  '#     *      *   ¨   10.0.0.2                                      10.0.0.22                                     ‘Å¨ßVÀ5@∞t><K–5@   K  ¥⁄  '#     *      *   ¨   10.0.0.2                                      10.0.0.22                                     Ef.py–5@?rk“m’5@   L  ¥⁄  '#     *      *   ¨   10.0.0.2                                      10.0.0.22                                     SÈ'ú’5@QN¥´ê⁄5@   M  ¥⁄  '#     *      *   ¨   10.0.0.2                                      10.0.0.22                                     Ü7kæ⁄5@¬26t≥ﬂ5@   N  ¥⁄  '#     *      *   ¨   10.0.0.2                                      10.0.0.22                                     ∂,_ó·ﬂ5@Q0c
÷‰5@   O  ¥⁄  '#     *      *   ¨   10.0.0.2                                      10.0.0.22                                     áOÂ5@Å%W±¯È5@   P  ¥⁄  '#     *      *   ¨   10.0.0.2                                      10.0.0.22                                     W’'Í5@uËÙºÔ5@   Q  ¥⁄  '#     *      *   ¨   10.0.0.2                                      10.0.0.22                                     i‚‡IÔ5@E’Øt>Ù5@   R  ¥⁄  '#     *      *   ¨   10.0.0.2                                      10.0.0.22                                     :œÿólÙ5@¬j,a˘5@   S  ¥⁄  '#     *      *   ¨   10.0.0.2                                      10.0.0.22                                     
ºìOè˘5@á¶ÏÙÉ˛5@   T  ¥⁄  '#     *      *   ¨   10.0.0.2                                      10.0.0.22                                     {†≤˛5@§ã¶6@   U  ¥⁄  '#     *      *   ¨   10.0.0.2                                      10.0.0.22                                     Lç–œ‘6@áàõS…6@   V  ¥⁄  '#     *      *   ¨   10.0.0.2                                      10.0.0.22                                     {Çƒv˜6@XuVÏ6@   W  ¥⁄  '#     *      *   ¨   10.0.0.2                                      10.0.0.22                                     ç^P6@…Yÿ”6@   X  ¥⁄  '#     *      *   ¨   10.0.0.2                                      10.0.0.22                                     ˇBè=6@ôFìã16@   Y  ¥⁄  '#     *      *   ¨   10.0.0.2                                      10.0.0.22                                     p'·_6@j3NCT6@   Z  ¥⁄  '#     *      *   ¨   10.0.0.2                                      10.0.0.22                                     üàÇ6@Ω˛$>w"6@   [  ¥⁄  '#     *      *   ¨   10.0.0.2                                      10.0.0.22                                     ±¯Ma•"6@œ⁄mö'6@   \  ¥⁄  '#     *      *   ¨   10.0.0.2                                      10.0.0.22                                     #›œ)»'6@ˇœaæº,6@   ]  ¥⁄  '#     *      *   ¨   10.0.0.2                                      10.0.0.22                                     î¡QÚÍ,6@j˜´ ﬂ16@   ^  ¥⁄  '#     *      *   ¨   10.0.0.2                                      10.0.0.22                                     †‡bE26@Y˝Ü76@   _  ¥⁄  '#     *      *   ¨   10.0.0.2                                      10.0.0.22                                     –’VÏ/76@éØ=≥$<6@   `  ¥⁄  '#     *      *   ¨   10.0.0.2                                      10.0.0.22                                     ‚±ü≈R<6@≠jIGA6@   a  ¥⁄  '#     *      *   ¨   10.0.0.2                                      10.0.0.22                                     Sñ!éuA6@·∑!∆kF6@   b  ¥⁄  '#     *      *   ¨   10.0.0.2                                      10.0.0.22                                     ƒz£VòF6@æÜ‡∏åK6@   c  ¥⁄  '#     *      *   ¨   10.0.0.2                                      10.0.0.22                                     îg^ªK6@Ó{‘_ØP6@   d  ¥⁄  '#     *      *   ¨   10.0.0.2                                      10.0.0.22                                     ‚u˝Ç›P6@¥êÄ—U6@   e  ¥⁄  '#     *      *   ¨   10.0.0.2                                      10.0.0.22                                     –{c V6@âòIÙZ6@   f  ¥⁄  '#     *      *   ¨   10.0.0.2                                      10.0.0.22                                     B`Â–"[6@‹cÈC`6@   g  ¥⁄  '#     *      *   ¨   10.0.0.2                                      10.0.0.22                                     
ÿF`6@w€ÖÊ:e6@   h  ¥⁄  '#     *      *   ¨   10.0.0.2                                      10.0.0.22                                     >îhe6@_$¥Â\j6@   i  ¥⁄  '#     *      *   ¨   10.0.0.2                                      10.0.0.22                                     wÙø\ãj6@¯√œo6@   j  ¥⁄  '#     *      *   ¨   10.0.0.2                                      10.0.0.22                                     H·zÆo6@‚‰~á¢t6@   k  ¥⁄  '#     *      *   ¨   10.0.0.2                                      10.0.0.22                                     ≠Kç–œt6@6∞UÇ≈y6@   l  ¥⁄  '#     *      *   ¨   10.0.0.2                                      10.0.0.22                                     0ôÚy6@˚"°-Á~6@   m  ¥⁄  '#     *      *   ¨   10.0.0.2                                      10.0.0.22                                     êëa6@+ï‘	Ñ6@   n  ¥⁄  '#     *      *   ¨   10.0.0.2                                      10.0.0.22                                     `L8Ñ6@˚På,â6@   o  ¥⁄  '#     *      *   ¨   10.0.0.2                                      10.0.0.22                                     êˆ?¿Zâ6@lÈ—TOé6@   p  ¥⁄  '#     *      *   ¨   10.0.0.2                                      10.0.0.22                                     €¡à}é6@úﬁ≈˚qì6@   q  ¥⁄  '#     *      *   ¨   10.0.0.2                                      10.0.0.22                                     røCQ†ì6@√Gƒîò6@   r  ¥⁄  '#     *      *   ¨   10.0.0.2                                      10.0.0.22                                     ‰£≈√ò6@~ß…å∑ù6@   s  ¥⁄  '#     *      *   ¨   10.0.0.2                                      10.0.0.22                                     ¥êÄ—Âù6@“r†á⁄¢6@   t  ¥⁄  '#     *      *   ¨   10.0.0.2                                      10.0.0.22                                     %uö£6@hî.˝ß6@   u  ¥⁄  '#     *      *   ¨   10.0.0.2                                      10.0.0.22                                     ñYÑb+®6@“TOÊ≠6@   v  ¥⁄  '#     *      *   ¨   10.0.0.2                                      10.0.0.22                                     gF?N≠6@JCçB≤6@   w  ¥⁄  '#     *      *   ¨   10.0.0.2                                      10.0.0.22                                     73˙—p≤6@1?74e∑6@   x  ¥⁄  '#     *      *   ¨   10.0.0.2                                      10.0.0.22                                     ©|öì∑6@£#π¸áº6@   y  ¥⁄  '#     *      *   ¨   10.0.0.2                                      10.0.0.22                                     ¸˝b∂º6@U˜»Ê™¡6@   z  ¥⁄  '#     *      *   ¨   10.0.0.2                                      10.0.0.22                                     ÍË∏Ÿ¡6@mêIFŒ∆6@   {  ¥⁄  '#     *      *   ¨   10.0.0.2                                      10.0.0.22                                     ª’s“˚∆6@UŸwEÀ6@   |  ¥⁄  '#     *      *   ¨   10.0.0.2                                      10.0.0.22                                     OêÿÓÃ6@Íì‹a—6@   }  ¥⁄  '#     *      *   ¨   10.0.0.2                                      10.0.0.22                                     ¡tZ∑A—6@[x^*6÷6@   ~  ¥⁄  '#     *      *   ¨   10.0.0.2                                      10.0.0.22                                     ëaod÷6@Õ\‡ÚX€6@     ¥⁄  '#     *      *   ¨   10.0.0.2                                      10.0.0.22                                     bN–&á€6@êgóo}‡6@   Ä  ¥⁄  '#     *      *   ¨   10.0.0.2                                      10.0.0.22                                     ëCƒÕ©‡6@,G»@ûÂ6@   Å  ¥⁄  '#     *      *   ¨   10.0.0.2                                      10.0.0.22                                     b0ÖÃÂ6@˝3É¯¿Í6@   Ç  ¥⁄  '#     *      *   ¨   10.0.0.2                                      10.0.0.22                                     2:=ÔÍ6@n¡„Ô6@   É  ¥⁄  '#     *      *   ¨   10.0.0.2                                      10.0.0.22                                     D˘Ç6@ﬂ¸Üâı6@   Ñ  ¥⁄  '#     *      *   ¨   10.0.0.2                                      10.0.0.22                                     Ê=Œ4ı6@ØÈAA)˙6@   Ö  ¥⁄  '#     *      *   ¨   10.0.0.2                                      10.0.0.22                                     Â“¯ÖW˙6@!Œ√	Lˇ6@   Ü  ¥⁄  '#     *      *   ¨   10.0.0.2                                      10.0.0.22                                     ∂ø≥=zˇ6@í≤E“n7@   á  ¥⁄  '#     *      *   ¨   10.0.0.2                                      10.0.0.22                                     Ü¨nıú7@!∞rhë	7@   à  ¥⁄  '#     *      *   ¨   10.0.0.2                                      10.0.0.22                                     9Ä~ﬂø	7@st¥7@   â  ¥⁄  '#     *      *   ¨   10.0.0.2                                      10.0.0.22                                     ™d ®‚7@Eh◊7@   ä  ¥⁄  '#     *      *   ¨   10.0.0.2                                      10.0.0.22                                     IÇp7@∂LÜ„˘7@   ã  ¥⁄  '#     *      *   ¨   10.0.0.2                                      10.0.0.22                                     Î5=((7@ÂAzä7@   å  ¥⁄  '#     *      *   ¨   10.0.0.2                                      10.0.0.22                                     ]øJ7@9QÖ?#7@   ç  ¥⁄  '#     *      *   ¨   10.0.0.2                                      10.0.0.22                                     oˆ m#7@	˙=b(7@   é  ¥⁄  '#     *      *   ¨   10.0.0.2                                      10.0.0.22                                     ?„¬Åê(7@⁄Ê∆ÙÑ-7@   è  ¥⁄  '#     *      *   ¨   10.0.0.2                                      10.0.0.22                                     oÿ∂(≥-7@i‰Ûäß27@   ê  ¥⁄  '#     *      *   ¨   10.0.0.2                                      10.0.0.22                                     ?≈q‡’27@⁄»uS 77@   ë  ¥⁄  '#     *      *   ¨   10.0.0.2                                      10.0.0.22                                     ∞©Û®¯77@™µ0Ì<7@   í  ¥⁄  '#     *      *   ¨   10.0.0.2                                      10.0.0.22                                     "éuq=7@Õ» wB7@   ì  ¥⁄  '#     *      *   ¨   10.0.0.2                                      10.0.0.22                                     ìr˜9>B7@.v˚¨2G7@   î  ¥⁄  '#     *      *   ¨   10.0.0.2                                      10.0.0.22                                     c_≤Ò`G7@?RDÜUL7@   ï  ¥⁄  '#     *      *   ¨   10.0.0.2                                      10.0.0.22                                     ‘C4∫ÉL7@±6∆NxQ7@   ñ  ¥⁄  '#     *      *   ¨   10.0.0.2                                      10.0.0.22                                     9(a¶Q7@Å#ÅõV7@   ó  ¥⁄  '#     *      *   ¨   10.0.0.2                                      10.0.0.22                                     ’%„…V7@o)ÁãΩ[7@   ò  ¥⁄  '#     *      *   ¨   10.0.0.2                                      10.0.0.22                                     •û–Î[7@·iT‡`7@   ô  ¥⁄  '#     *      *   ¨   10.0.0.2                                      10.0.0.22                                     ∑ÓÊ©a7@RÚÍf7@   ö  ¥⁄  '#     *      *   ¨   10.0.0.2                                      10.0.0.22                                     á€°a1f7@"ﬂ•‘%k7@   õ  ¥⁄  '#     *      *   ¨   10.0.0.2                                      10.0.0.22                                     ˘ø#*Tk7@’≤µæHp7@   ú  ¥⁄  '#     *      *   ¨   10.0.0.2                                      10.0.0.22                                     j§•Úvp7@ì 5µlu7@   ù  ¥⁄  '#     *      *   ¨   10.0.0.2                                      10.0.0.22                                     :ë`™ôu7@ÑÚ>éz7@   û  ¥⁄  '#     *      *   ¨   10.0.0.2                                      10.0.0.22                                     )ó∆/ºz7@√ö ¢∞7@   ü  ¥⁄  '#     *      *   ¨   10.0.0.2                                      10.0.0.22                                     ;s	ﬂ7@’v|”Ñ7@   †  ¥⁄  '#     *      *   ¨   10.0.0.2                                      10.0.0.22                                     ` ¿Ö7@l#ˆâ7@   °  ¥⁄  '#     *      *   ¨   10.0.0.2                                      10.0.0.22                                     |DLâ$ä7@∏?è7@   ¢  ¥⁄  '#     *      *   ¨   10.0.0.2                                      10.0.0.22                                     Ì(ŒQGè7@à,“ƒ;î7@   £  ¥⁄  '#     *      *   ¨   10.0.0.2                                      10.0.0.22                                     æâ	jî7@˘Tç^ô7@   §  ¥⁄  '#     *      *   ¨   10.0.0.2                                      10.0.0.22                                     Ó
}∞åô7@àÅ#Åû7@   •  ¥⁄  '#     *      *   ¨   10.0.0.2                                      10.0.0.22                                     _Ô˛xØû7@÷ ò££7@   ¶  ¥⁄  '#     *      *   ¨   10.0.0.2                                      10.0.0.22                                     /‹π0“£7@ ﬂΩ£∆®7@   ß  ¥⁄  '#     *      *   ¨   10.0.0.2                                      10.0.0.22                                     æŸÊ∆Ù®7@Y›Í9È≠7@   ®  ¥⁄  '#     *      *   ¨   10.0.0.2                                      10.0.0.22                                     è∆°~Æ7@S]¿À≥7@   ©  ¥⁄  '#     *      *   ¨   10.0.0.2                                      10.0.0.22                                     °¢ÍW:≥7@;¶Ó .∏7@   ™  ¥⁄  '#     *      *   ¨   10.0.0.2                                      10.0.0.22                                     qè•]∏7@ì©ÇQΩ7@   ´  ¥⁄  '#     *      *   ¨   10.0.0.2                                      10.0.0.22                                     B|`«Ω7@‹d:t¬7@   ¨  ¥⁄  '#     *      *   ¨   10.0.0.2                                      10.0.0.22                                     ≥`‚è¢¬7@;≈™Aò«7@   ≠  ¥⁄  '#     *      *   ¨   10.0.0.2                                      10.0.0.22                                     $EdX≈«7@_@/‹πÃ7@   Æ  ¥⁄  '#     *      *   ¨   10.0.0.2                                      10.0.0.22                                     Ù1ËÃ7@0-Íì‹—7@   Ø  ¥⁄  '#     *      *   ¨   10.0.0.2                                      10.0.0.22                                     $'∑
“7@ø**ˇ÷7@   ∞  ¥⁄  '#     *      *   ¨   10.0.0.2                                      10.0.0.22                                     ïï-◊7@0ôÚ!‹7@   ±  ¥⁄  '#     *      *   ¨   10.0.0.2                                      10.0.0.22                                     f¯O7P‹7@°ÛªD·7@   ≤  ¥⁄  '#     *      *   ¨   10.0.0.2                                      10.0.0.22                                     6Â
Ôr·7@ÿúÉgÊ7@   ≥  ¥⁄  '#     *      *   ¨   10.0.0.2                                      10.0.0.22                                     f⁄˛ïïÊ7@ÑºLäÎ7@   ¥  ¥⁄  '#     *      *   ¨   10.0.0.2                                      10.0.0.22                                     7«πM∏Î7@∫K‚¨7@   µ  ¥⁄  '#     *      *   ¨   10.0.0.2                                      10.0.0.22                                     ¥t€7@¢∑xxœı7@   ∂  ¥⁄  '#     *      *   ¨   10.0.0.2                                      10.0.0.22                                     ◊†/Ω˝ı7@πP˘◊Ú˙7@   ∑  ¥⁄  '#     *      *   ¨   10.0.0.2                                      10.0.0.22                                     ®çÍt ˚7@„àµ¯ 8@   ∏  ¥⁄  '#     *      *   ¨   10.0.0.2                                      10.0.0.22                                     xz•,C 8@¥up∞78@   π  ¥⁄  '#     *      *   ¨   10.0.0.2                                      10.0.0.22                                     Ÿ'Äbd8@s+Ñ’X
8@   ∫  ¥⁄  '#     *      *   ¨   10.0.0.2                                      10.0.0.22                                     ©;á
8@£ x|{8@   ª  ¥⁄  '#     *      *   ¨   10.0.0.2                                      10.0.0.22                                     yˆ—©8@t34û8@   º  ¥⁄  '#     *      *   ¨   10.0.0.2                                      10.0.0.22                                     ÎÂwöÃ8@ÂÒ¥¸¿8@   Ω  ¥⁄  '#     *      *   ¨   10.0.0.2                                      10.0.0.22                                     ª“2RÔ8@tÔ·í„8@   æ  ¥⁄  '#     *      *   ¨   10.0.0.2                                      10.0.0.22                                     åøÌ	8@ÜÀ*l$8@   ø  ¥⁄  '#     *      *   ¨   10.0.0.2                                      10.0.0.22                                     \¨®¡4$8@V∏Â#))8@   ¿  ¥⁄  '#     *      *   ¨   10.0.0.2                                      10.0.0.22                                     -ôcyW)8@'•†€K.8@   ¡  ¥⁄  '#     *      *   ¨   10.0.0.2                                      10.0.0.22                                     ˝Ö1z.8@‘ªx?n38@   ¬  ¥⁄  '#     *      *   ¨   10.0.0.2                                      10.0.0.22                                     åÉK«ú38@§®3˜ê88@   √  ¥⁄  '#     *      *   ¨   10.0.0.2                                      10.0.0.22                                     Åx]ø88@JÌE¥=8@   ƒ  ¥⁄  '#     *      *   ¨   10.0.0.2                                      10.0.0.22                                     Ïm3‚=8@»`≈©÷B8@   ≈  ¥⁄  '#     *      *   ¨   10.0.0.2                                      10.0.0.22                                     ºZÓÃC8@W^Ú?˘G8@   ∆  ¥⁄  '#     *      *   ¨   10.0.0.2                                      10.0.0.22                                     çG©Ñ'H8@Ê[÷M8@   «  ¥⁄  '#     *      *   ¨   10.0.0.2                                      10.0.0.22                                     º<ù+JM8@ìr˜9>R8@   »  ¥⁄  '#     *      *   ¨   10.0.0.2                                      10.0.0.22                                     iSuèlR8@@âœù`W8@   …  ¥⁄  '#     *      *   ¨   10.0.0.2                                      10.0.0.22                                     ôHi6èW8@ìT¶òÉ\8@      ¥⁄  '#     *      *   ¨   10.0.0.2                                      10.0.0.22                                     
-Î˛±\8@"R”.¶a8@   À  ¥⁄  '#     *      *   ¨   10.0.0.2                                      10.0.0.22                                     ∑C√b‘a8@´í»>»f8@   Ã  ¥⁄  '#     *      *   ¨   10.0.0.2                                      10.0.0.22                                     FA¯ˆf8@^fÿ(Îk8@   Õ  ¥⁄  '#     *      *   ¨   10.0.0.2                                      10.0.0.22                                     .´∞l8@:Ëq8@   Œ  ¥⁄  '#     *      *   ¨   10.0.0.2                                      10.0.0.22                                     Áfh<q8@@/‹π0v8@   œ  ¥⁄  '#     *      *   ¨   10.0.0.2                                      10.0.0.22                                     ∏! _v8@≤^ÇS{8@   –  ¥⁄  '#     *      *   ¨   10.0.0.2                                      10.0.0.22                                     àÙ€◊Å{8@#¯ﬂJvÄ8@   —  ¥⁄  '#     *      *   ¨   10.0.0.2                                      10.0.0.22                                     X·ñè§Ä8@RÌ”ÒòÖ8@   “  ¥⁄  '#     *      *   ¨   10.0.0.2                                      10.0.0.22                                     )ŒQG«Ö8@ƒ—U∫ªä8@   ”  ¥⁄  '#     *      *   ¨   10.0.0.2                                      10.0.0.22                                     Y√EÓÈä8@îærﬁè8@   ‘  ¥⁄  '#     *      *   ¨   10.0.0.2                                      10.0.0.22                                      ß«∂ê8@¯¿éˇï8@   ’  ¥⁄  '#     *      *   ¨   10.0.0.2                                      10.0.0.22                                     öîÇn/ï8@÷èMÚ#ö8@   ÷  ¥⁄  '#     *      *   ¨   10.0.0.2                                      10.0.0.22                                     y7Rö8@¶|™Fü8@   ◊  ¥⁄  '#     *      *   ¨   10.0.0.2                                      10.0.0.22                                     ‹eøÓtü8@÷q¸Pi§8@   ÿ  ¥⁄  '#     *      *   ¨   10.0.0.2                                      10.0.0.22                                     MJA∑ó§8@ 4ö\å©8@   Ÿ  ¥⁄  '#     *      *   ¨   10.0.0.2                                      10.0.0.22                                     7¸n∫©8@Y2«ÚÆÆ8@   ⁄  ¥⁄  '#     *      *   ¨   10.0.0.2                                      10.0.0.22                                     0EH›Æ8@ Iª—≥8@   €  ¥⁄  '#     *      *   ¨   10.0.0.2                                      10.0.0.22                                     _9Ôˇ≥8@ SV”ı∏8@   ‹  ¥⁄  '#     *      *   ¨   10.0.0.2                                      10.0.0.22                                     è˝,ñ"π8@ËÖ;æ8@   ›  ¥⁄  '#     *      *   ¨   10.0.0.2                                      10.0.0.22                                      ‚Æ^Eæ8@ƒŒ:√8@   ﬁ  ¥⁄  '#     *      *   ¨   10.0.0.2                                      10.0.0.22                                     q∆0'h√8@≠¡˚™\»8@   ﬂ  ¥⁄  '#     *      *   ¨   10.0.0.2                                      10.0.0.22                                     „™≤Ôä»8@¶}sÕ8@   ‡  ¥⁄  '#     *      *   ¨   10.0.0.2                                      10.0.0.22                                     ≥ómß≠Õ8@Nõq¢“8@   ·  ¥⁄  '#     *      *   ¨   10.0.0.2                                      10.0.0.22                                     $|Ôo–“8@à,“ƒ◊8@   ‚  ¥⁄  '#     *      *   ¨   10.0.0.2                                      10.0.0.22                                     ıh™'Û◊8@èlÆöÁ‹8@   „  ¥⁄  '#     *      *   ¨   10.0.0.2                                      10.0.0.22                                     Ñf◊Ω›8@j€0
‚8@   ‰  ¥⁄  '#     *      *   ¨   10.0.0.2                                      10.0.0.22                                     TSíu8‚8@êN]˘,Á8@   Â  ¥⁄  '#     *      *   ¨   10.0.0.2                                      10.0.0.22                                     ≈7>[Á8@3ﬂ¡OÏ8@   Ê  ¥⁄  '#     *      *   ¨   10.0.0.2                                      10.0.0.22                                     ñ$œı}Ï8@ê0XrÒ8@   Á  ¥⁄  '#     *      *   ¨   10.0.0.2                                      10.0.0.22                                     ∆√ú†Ò8@é ïˆ8@   Ë  ¥⁄  '#     *      *   ¨   10.0.0.2                                      10.0.0.22                                     7˛De√ˆ8@r˘È∑˚8@   È  ¥⁄  '#     *      *   ¨   10.0.0.2                                      10.0.0.22                                     ®‚∆-Ê˚8@Ñ’X¬⁄ 9@   Í  ¥⁄  '#     *      *   ¨   10.0.0.2                                      10.0.0.22                                     [∂÷	9@›]gC˛9@   Î  ¥⁄  '#     *      *   ¨   10.0.0.2                                      10.0.0.22                                     Vû@ÿ)9@‰ø@ 9@   Ï  ¥⁄  '#     *      *   ¨   10.0.0.2                                      10.0.0.22                                     «Ç¬†L9@£uT5A9@   Ì  ¥⁄  '#     *      *   ¨   10.0.0.2                                      10.0.0.22                                     8gDio9@tbÌc9@   Ó  ¥⁄  '#     *      *   ¨   10.0.0.2                                      10.0.0.22                                     	Tˇ í9@ÂFëµÜ9@   Ô  ¥⁄  '#     *      *   ¨   10.0.0.2                                      10.0.0.22                                     Ÿ@∫ÿ¥9@<Ö\©9@     ¥⁄  '#     *      *   ¨   10.0.0.2                                      10.0.0.22                                     J%<°◊9@bJ$—À$9@   Ò  ¥⁄  '#     *      *   ¨   10.0.0.2                                      10.0.0.22                                     z0H˙$9@µ˚ÀÓ)9@   Ú  ¥⁄  '#     *      *   ¨   10.0.0.2                                      10.0.0.22                                     Î˛±*9@Ü∂É/9@   Û  ¥⁄  '#     *      *   ¨   10.0.0.2                                      10.0.0.22                                     ºÎl»?/9@VÔp;449@   Ù  ¥⁄  '#     *      *   ¨   10.0.0.2                                      10.0.0.22                                     -–Óêb49@hÀπW99@   ı  ¥⁄  '#     *      *   ¨   10.0.0.2                                      10.0.0.22                                     ˝º©HÖ99@ò¿≠ªy>9@   ˆ  ¥⁄  '#     *      *   ¨   10.0.0.2                                      10.0.0.22                                     3o’u®>9@-{ÿúC9@   ˜  ¥⁄  '#     *      *   ¨   10.0.0.2                                      10.0.0.22                                     bd…ÀC9@û_î†øH9@   ¯  ¥⁄  '#     *      *   ¨   10.0.0.2                                      10.0.0.22                                     3QÑ‘ÌH9@-]¡6‚M9@   ˘  ¥⁄  '#     *      *   ¨   10.0.0.2                                      10.0.0.22                                     >?åN9@˝I|ÓS9@   ˙  ¥⁄  '#     *      *   ¨   10.0.0.2                                      10.0.0.22                                     u"¡T3S9@o.˛∂'X9@   ˚  ¥⁄  '#     *      *   ¨   10.0.0.2                                      10.0.0.22                                     ÊCVX9@‡ÄJ]9@   ¸  ¥⁄  '#     *      *   ¨   10.0.0.2                                      10.0.0.22                                     WÎƒÂx]9@Q˜Hmb9@   ˝  ¥⁄  '#     *      *   ¨   10.0.0.2                                      10.0.0.22                                     »œFÆõb9@À2êg9@   ˛  ¥⁄  '#     *      *   ¨   10.0.0.2                                      10.0.0.22                                     9¥»væg9@3¿Ÿ≤l9@   ˇ  ¥⁄  '#     *      *   ¨   10.0.0.2                                      10.0.0.22                                     
°É.·l9@≠¿ê’q9@      ¥⁄  '#     *      *   ¨   10.0.0.2                                      10.0.0.22                                     {Ö˜r9@uëBY¯v9@     ¥⁄  '#     *      *   ¨   10.0.0.2                                      10.0.0.22                                     çaN–&w9@ámã2|9@     ¥⁄  '#     *      *   ¨   10.0.0.2                                      10.0.0.22                                     ˛E–òI|9@⁄8b->Å9@     ¥⁄  '#     *      *   ¨   10.0.0.2                                      10.0.0.22                                     .;ƒ?lÅ9@(G¢`Ü9@     ¥⁄  '#     *      *   ¨   10.0.0.2                                      10.0.0.22                                     üFèÜ9@⁄åÉã9@     ¥⁄  '#     *      *   ¨   10.0.0.2                                      10.0.0.22                                     o¿±ã9@´ÃC¶ê9@     ¥⁄  '#     *      *   ¨   10.0.0.2                                      10.0.0.22                                     ·Çà‘ê9@{ÙÜ˚»ï9@     ¥⁄  '#     *      *   ¨   10.0.0.2                                      10.0.0.22                                     ±›=@˜ï9@´Èz¢Îö9@     ¥⁄  '#     *      *   ¨   10.0.0.2                                      10.0.0.22                                     "¬øõ9@Ω≈√{†9@   	  ¥⁄  '#     *      *   ¨   10.0.0.2                                      10.0.0.22                                     R∑≥Ø<†9@¶Úz0•9@   
  ¥⁄  '#     *      *   ¨   10.0.0.2                                      10.0.0.22                                     †≈R$_•9@ÛsCS™9@     ¥⁄  '#     *      *   ¨   10.0.0.2                                      10.0.0.22                                     p≤‹Å™9@€˝*¿wØ9@     ¥⁄  '#     *      *   ¨   10.0.0.2                                      10.0.0.22                                     B]¬°Ø9@<ö$ñ¥9@     ¥⁄  '#     *      *   ¨   10.0.0.2                                      10.0.0.22                                     ≥Îﬁäƒ¥9@NÔ‚˝∏π9@     ¥⁄  '#     *      *   ¨   10.0.0.2                                      10.0.0.22                                     ≈«'dÁπ9@°∫π¯€æ9@     ¥⁄  '#     *      *   ¨   10.0.0.2                                      10.0.0.22                                     6¨©,
ø9@0∏Êé˛√9@     ¥⁄  '#     *      *   ¨   10.0.0.2                                      10.0.0.22                                     ®ê+ı,ƒ9@•°F!…9@     ¥⁄  '#     *      *   ¨   10.0.0.2                                      10.0.0.22                                     x}Ê¨O…9@râ#DŒ9@     ¥⁄  '#     *      *   ¨   10.0.0.2                                      10.0.0.22                                     Hj°drŒ9@¢~∂f”9@     ¥⁄  '#     *      *   ¨   10.0.0.2                                      10.0.0.22                                     W\ï”9@cô~âÿ9@     ¥⁄  '#     *      *   ¨   10.0.0.2                                      10.0.0.22                                     ÈC‘∑ÿ9@„OT6¨›9@     ¥⁄  '#     *      *   ¨   10.0.0.2                                      10.0.0.22                                     ∫0“ã⁄›9@¥<ÓŒ‚9@     ¥⁄  '#     *      *   ¨   10.0.0.2                                      10.0.0.22                                     I.ˇ!˝‚9@‰1ïÒÁ9@     ¥⁄  '#     *      *   ¨   10.0.0.2                                      10.0.0.22                                     ∫ŸË9@¥æLÌ9@     ¥⁄  '#     *      *   ¨   10.0.0.2                                      10.0.0.22                                     ÍuëBÌ9@Öy7Ú9@     ¥⁄  '#     *      *   ¨   10.0.0.2                                      10.0.0.22                                     ∫Ù/IeÚ9@U¯3ºY˜9@     ¥⁄  '#     *      *   ¨   10.0.0.2                                      10.0.0.22                                     ÍÈ#á˜9@&ÂÓs|¸9@     ¥⁄  '#     *      *   ¨   10.0.0.2                                      10.0.0.22                                     ﬂó™¸9@µ‚
ü:@     ¥⁄  '#     *      *   ¨   10.0.0.2                                      10.0.0.22                                     ÍÀ“NÕ:@&«ù“¡:@     ¥⁄  '#     *      *   ¨   10.0.0.2                                      10.0.0.22                                     ‰K®‡:@GsdÂ:@     ¥⁄  '#     *      *   ¨   10.0.0.2                                      10.0.0.22                                     U0*©:@ˆe¢:@     ¥⁄  '#     *      *   ¨   10.0.0.2                                      10.0.0.22                                     Ö%P6:@1[≤*:@      ¥⁄  '#     *      *   ¨   10.0.0.2                                      10.0.0.22                                     UŸY:@OjM:@   !  ¥⁄  '#     *      *   ¨   10.0.0.2                                      10.0.0.22                                     &ˇìø{:@a˙^Cp :@   "  ¥⁄  '#     *      *   ¨   10.0.0.2                                      10.0.0.22                                     ˆÎNwû :@Î:TSí%:@   #  ¥⁄  '#     *      *   ¨   10.0.0.2                                      10.0.0.22                                     D˙ÌÎ¿%:@ùd=µ*:@   $  ¥⁄  '#     *      *   ¨   10.0.0.2                                      10.0.0.22                                     Á®£„*:@ÛÂÿ/:@   %  ¥⁄  '#     *      *   ¨   10.0.0.2                                      10.0.0.22                                     Â”c[0:@ﬂﬂ†Ω˙4:@   &  ¥⁄  '#     *      *   ¨   10.0.0.2                                      10.0.0.22                                     µ¿)5:@Pƒ"Ü::@   '  ¥⁄  '#     *      *   ¨   10.0.0.2                                      10.0.0.22                                     Âµ∫K::@b†k_@?:@   (  ¥⁄  '#     *      *   ¨   10.0.0.2                                      10.0.0.22                                     ∂¢Õqn?:@∞Æ
‘bD:@   )  ¥⁄  '#     *      *   ¨   10.0.0.2                                      10.0.0.22                                     Üèà)ëD:@¬äS≠ÖI:@   *  ¥⁄  '#     *      *   ¨   10.0.0.2                                      10.0.0.22                                     W|C·≥I:@QàÄC®N:@   +  ¥⁄  '#     *      *   ¨   10.0.0.2                                      10.0.0.22                                     Üq7à÷N:@!u;˚ S:@   ,  ¥⁄  '#     *      *   ¨   10.0.0.2                                      10.0.0.22                                     W^Ú?˘S:@Qj/¢ÌX:@   -  ¥⁄  '#     *      *   ¨   10.0.0.2                                      10.0.0.22                                     »BtY:@!WÍY^:@   .  ¥⁄  '#     *      *   ¨   10.0.0.2                                      10.0.0.22                                     9'ˆ–>^:@í;l"3c:@   /  ¥⁄  '#     *      *   ¨   10.0.0.2                                      10.0.0.22                                     iÍwac:@§µ˚Uh:@   0  ¥⁄  '#     *      *   ¨   10.0.0.2                                      10.0.0.22                                     ⁄ l@Ñh:@up≥xm:@   1  ¥⁄  '#     *      *   ¨   10.0.0.2                                      10.0.0.22                                     KÂÌßm:@ÊËÒ{õr:@   2  ¥⁄  '#     *      *   ¨   10.0.0.2                                      10.0.0.22                                     {⁄·Ø…r:@‘ÓWæw:@   3  ¥⁄  '#     *      *   ¨   10.0.0.2                                      10.0.0.22                                     L«úgÏw:@•€π‡|:@   4  ¥⁄  '#     *      *   ¨   10.0.0.2                                      10.0.0.22                                     ¥W}:@¿îÅÇ:@   5  ¥⁄  '#     *      *   ¨   10.0.0.2                                      10.0.0.22                                     çòŸÁ1Ç:@Ê¨O9&á:@   6  ¥⁄  '#     *      *   ¨   10.0.0.2                                      10.0.0.22                                     ^ÖîüTá:@¯àòIå:@   7  ¥⁄  '#     *      *   ¨   10.0.0.2                                      10.0.0.22                                     çzàFwå:@áÜ≈®kë:@   8  ¥⁄  '#     *      *   ¨   10.0.0.2                                      10.0.0.22                                     ˇ^
öë:@:Z’íéñ:@   9  ¥⁄  '#     *      *   ¨   10.0.0.2                                      10.0.0.22                                     pCå◊ºñ:@
GêJ±õ:@   :  ¥⁄  '#     *      *   ¨   10.0.0.2                                      10.0.0.22                                     @0Gèﬂõ:@:<ÑÒ”†:@   ;  ¥⁄  '#     *      *   ¨   10.0.0.2                                      10.0.0.22                                     p%;6°:@#Ö≤ı•:@   <  ¥⁄  '#     *      *   ¨   10.0.0.2                                      10.0.0.22                                     |DLâ$¶:@îi4π´:@   =  ¥⁄  '#     *      *   ¨   10.0.0.2                                      10.0.0.22                                     –#ÑG´:@j'˜;∞:@   >  ¥⁄  '#     *      *   ¨   10.0.0.2                                      10.0.0.22                                     Ç„2nj∞:@Á6·^µ:@   ?  ¥⁄  '#     *      *   ¨   10.0.0.2                                      10.0.0.22                                      ™∏qãµ:@‡ÒÌ]É∫:@   @  ¥⁄  '#     *      *   ¨   10.0.0.2                                      10.0.0.22                                     ÜKÆ∫:@≤F=D£ø:@   A  ¥⁄  '#     *      *   ¨   10.0.0.2                                      10.0.0.22                                     ‚rº—ø:@øeNó≈ƒ:@   B  ¥⁄  '#     *      *   ¨   10.0.0.2                                      10.0.0.22                                     ïFÃÏÛƒ:@0J–_Ë…:@   C  ¥⁄  '#     *      *   ¨   10.0.0.2                                      10.0.0.22                                     Ë£Á :@e¸˚åœ:@   D  ¥⁄  '#     *      *   ¨   10.0.0.2                                      10.0.0.22                                     Zˆ$∞9œ:@Ù˘(#.‘:@   E  ¥⁄  '#     *      *   ¨   10.0.0.2                                      10.0.0.22                                     k“mâ\‘:@≈Ê„⁄PŸ:@   F  ¥⁄  '#     *      *   ¨   10.0.0.2                                      10.0.0.22                                     <ø(AŸ:@◊¬,¥sﬁ:@   G  ¥⁄  '#     *      *   ¨   10.0.0.2                                      10.0.0.22                                     ¨„¯°ﬁ:@ßØÁkñ„:@   H  ¥⁄  '#     *      *   ¨   10.0.0.2                                      10.0.0.22                                     ›òû∞ƒ„:@îi4πË:@   I  ¥⁄  '#     *      *   ¨   10.0.0.2                                      10.0.0.22                                     ÔtÁâÁË:@*p≤‹Ì:@   J  ¥⁄  '#     *      *   ¨   10.0.0.2                                      10.0.0.22                                     j€0
Ó:@x~QÇ˛Ú:@   K  ¥⁄  '#     *      *   ¨   10.0.0.2                                      10.0.0.22                                     ÔVñË,Û:@Èb”J!¯:@   L  ¥⁄  '#     *      *   ¨   10.0.0.2                                      10.0.0.22                                     øCQ†O¯:@ZGUD˝:@   M  ¥⁄  '#     *      *   ¨   10.0.0.2                                      10.0.0.22                                     Ô8EGr˝:@ÈDÇ©f;@   N  ¥⁄  '#     *      *   ¨   10.0.0.2                                      10.0.0.22                                     ¿% ˇî;@∫1=aâ;@   O  ¥⁄  '#     *      *   ¨   10.0.0.2                                      10.0.0.22                                     1
Ç«∑;@+ø)¨;@   P  ¥⁄  '#     *      *   ¨   10.0.0.2                                      10.0.0.22                                     ¢Óê⁄;@~·ï$œ;@   Q  ¥⁄  '#     *      *   ¨   10.0.0.2                                      10.0.0.22                                     ¥ Li˝;@OŒP‹Ò;@   R  ¥⁄  '#     *      *   ¨   10.0.0.2                                      10.0.0.22                                     %ØŒ1 ;@=‘∂a;@   S  ¥⁄  '#     *      *   ¨   10.0.0.2                                      10.0.0.22                                     7ãC;@ß∆K7!;@   T  ¥⁄  '#     *      *   ¨   10.0.0.2                                      10.0.0.22                                     Ig`‰e!;@=∂e¿Y&;@   U  ¥⁄  '#     *      *   ¨   10.0.0.2                                      10.0.0.22                                     7m∆ià&;@OíÆô|+;@   V  ¥⁄  '#     *      *   ¨   10.0.0.2                                      10.0.0.22                                     ZÅ!´+;@%<°◊ü0;@   W  ¥⁄  '#     *      *   ¨   10.0.0.2                                      10.0.0.22                                     y>ÍÕ0;@B]¬5;@   X  ¥⁄  '#     *      *   ¨   10.0.0.2                                      10.0.0.22                                     Í"Ö≤5;@gﬁWÂ:;@   Y  ¥⁄  '#     *      *   ¨   10.0.0.2                                      10.0.0.22                                     [{;;@ˆ
Ó@;@   Z  ¥⁄  '#     *      *   ¨   10.0.0.2                                      10.0.0.22                                     ÃÎàC6@;@©ﬁÿ*E;@   [  ¥⁄  '#     *      *   ¨   10.0.0.2                                      10.0.0.22                                     ﬁ«—YE;@√ú†MJ;@   \  ¥⁄  '#     *      *   ¨   10.0.0.2                                      10.0.0.22                                     Ø¥å‘{J;@ÍØWXpO;@   ]  ¥⁄  '#     *      *   ¨   10.0.0.2                                      10.0.0.22                                      ôùûO;@ªúìT;@   ^  ¥⁄  '#     *      *   ¨   10.0.0.2                                      10.0.0.22                                     ë}êe¡T;@,ÅîÿµY;@   _  ¥⁄  '#     *      *   ¨   10.0.0.2                                      10.0.0.22                                     b.‰Y;@>]›±ÿ^;@   `  ¥⁄  '#     *      *   ¨   10.0.0.2                                      10.0.0.22                                     ”NÕÂ_;@Jòi˚c;@   a  ¥⁄  '#     *      *   ¨   10.0.0.2                                      10.0.0.22                                     £;àù)d;@ﬂ6S!i;@   b  ¥⁄  '#     *      *   ¨   10.0.0.2                                      10.0.0.22                                     µ—vLi;@Ø#Ÿ@n;@   c  ¥⁄  '#     *      *   ¨   10.0.0.2                                      10.0.0.22                                     Üå.on;@ ê°cs;@   d  ¥⁄  '#     *      *   ¨   10.0.0.2                                      10.0.0.22                                     ò‡‘ís;@ÒÙJYÜx;@   e  ¥⁄  '#     *      *   ¨   10.0.0.2                                      10.0.0.22                                     hÕèø¥x;@—ì2©};@   f  ¥⁄  '#     *      *   ¨   10.0.0.2                                      10.0.0.22                                     8∫Jw◊};@2∆áŸÀÇ;@   g  ¥⁄  '#     *      *   ¨   10.0.0.2                                      10.0.0.22                                     ™ûÃ?˙Ç;@D¢–≤Óá;@   h  ¥⁄  '#     *      *   ¨   10.0.0.2                                      10.0.0.22                                     ÉNà;@V~åç;@   i  ¥⁄  '#     *      *   ¨   10.0.0.2                                      10.0.0.22                                     Îo	¿?ç;@Üs34í;@   j  ¥⁄  '#     *      *   ¨   10.0.0.2                                      10.0.0.22                                     º\ƒwbí;@˜Wè˚Vó;@   k  ¥⁄  '#     *      *   ¨   10.0.0.2                                      10.0.0.22                                     åI/Öó;@'MÉ¢yú;@   l  ¥⁄  '#     *      *   ¨   10.0.0.2                                      10.0.0.22                                     º>s÷ßú;@WBwIú°;@   m  ¥⁄  '#     *      *   ¨   10.0.0.2                                      10.0.0.22                                     å+.é °;@?ã•Hæ¶;@   n  ¥⁄  '#     *      *   ¨   10.0.0.2                                      10.0.0.22                                     º "5Ì¶;@3NCT·´;@   o  ¥⁄  '#     *      *   ¨   10.0.0.2                                      10.0.0.22                                     ç›Ï¨;@tzﬁç±;@   p  ¥⁄  '#     *      *   ¨   10.0.0.2                                      10.0.0.22                                     ]˙ó§2±;@9Ì)9'∂;@   q  ¥⁄  '#     *      *   ¨   10.0.0.2                                      10.0.0.22                                     .ÁR\U∂;@»ÍVœIª;@   r  ¥⁄  '#     *      *   ¨   10.0.0.2                                      10.0.0.22                                     üÀ‘$xª;@:œÿól¿;@   s  ¥⁄  '#     *      *   ¨   10.0.0.2                                      10.0.0.22                                     5ÓÕoò¿;@–Ò—‚å≈;@   t  ¥⁄  '#     *      *   ¨   10.0.0.2                                      10.0.0.22                                     €à'ª≈;@A÷S´Ø ;@   u  ¥⁄  '#     *      *   ¨   10.0.0.2                                      10.0.0.22                                     ÷«Cﬂ› ;@–”ÄA“œ;@   v  ¥⁄  '#     *      *   ¨   10.0.0.2                                      10.0.0.22                                     G¨≈ß –;@†¿;˘Ù‘;@   w  ¥⁄  '#     *      *   ¨   10.0.0.2                                      10.0.0.22                                     ôÄ_#’;@•Ω¡⁄;@   x  ¥⁄  '#     *      *   ¨   10.0.0.2                                      10.0.0.22                                     )u…8F⁄;@¶_"ﬁ:ﬂ;@   y  ¥⁄  '#     *      *   ¨   10.0.0.2                                      10.0.0.22                                     ‹HŸ"iﬂ;@p'·_‰;@   z  ¥⁄  '#     *      *   ¨   10.0.0.2                                      10.0.0.22                                     ≈ë"ã‰;@ ç“•È;@   {  ¥⁄  '#     *      *   ¨   10.0.0.2                                      10.0.0.22                                     6vâÍ≠È;@qqTn¢Ó;@   |  ¥⁄  '#     *      *   ¨   10.0.0.2                                      10.0.0.22                                     cD¢–Ó;@ËΩ≈Û;@   }  ¥⁄  '#     *      *   ¨   10.0.0.2                                      10.0.0.22                                     xG∆jÛÛ;@K ›Á¯;@   ~  ¥⁄  '#     *      *   ¨   10.0.0.2                                      10.0.0.22                                     H4Å"˘;@B@æÑ
˛;@     ¥⁄  '#     *      *   ¨   10.0.0.2                                      10.0.0.22                                     ˚ë9˛;@◊˙"°-<@   Ä  ¥⁄  '#     *      *   ¨   10.0.0.2                                      10.0.0.22                                     lÏ’[<@lµáΩP<@   Å  ¥⁄  '#     *      *   ¨   10.0.0.2                                      10.0.0.22                                     ~»[Æ~<@ZªÌBs<@   Ç  ¥⁄  '#     *      *   ¨   10.0.0.2                                      10.0.0.22                                     Ô¨›v°<@È∏Ÿï<@   É  ¥⁄  '#     *      *   ¨   10.0.0.2                                      10.0.0.22                                     `ë_?ƒ<@˚îc≤∏<@   Ñ  ¥⁄  '#     *      *   ¨   10.0.0.2                                      10.0.0.22                                     1~˜Ê<@lyÂz€<@   Ö  ¥⁄  '#     *      *   ¨   10.0.0.2                                      10.0.0.22                                     BZc–	<@›]gC˛!<@   Ü  ¥⁄  '#     *      *   ¨   10.0.0.2                                      10.0.0.22                                     rOWw,"<@®çÍt '<@   á  ¥⁄  '#     *      *   ¨   10.0.0.2                                      10.0.0.22                                     aUΩ¸N'<@ÿÇﬁC,<@   à  ¥⁄  '#     *      *   ¨   10.0.0.2                                      10.0.0.22                                     1Bx¥q,<@ÃE|'f1<@   â  ¥⁄  '#     *      *   ¨   10.0.0.2                                      10.0.0.22                                     /3lî1<@˚:pŒà6<@   ä  ¥⁄  '#     *      *   ¨   10.0.0.2                                      10.0.0.22                                     sµ4∑6<@πß´;<@   ã  ¥⁄  '#     *      *   ¨   10.0.0.2                                      10.0.0.22                                     ¢©€Ÿ;<@úÊ=Œ@<@   å  ¥⁄  '#     *      *   ¨   10.0.0.2                                      10.0.0.22                                     “˝úÇ¸@<@+‘E<@   ç  ¥⁄  '#     *      *   ¨   10.0.0.2                                      10.0.0.22                                     Ûê)F<@ùˆîúK<@   é  ¥⁄  '#     *      *   ¨   10.0.0.2                                      10.0.0.22                                     s◊ÚAK<@Ø“›u6P<@   è  ¥⁄  '#     *      *   ¨   10.0.0.2                                      10.0.0.22                                     ‰ªî∫dP<@ﬁ«—YU<@   ê  ¥⁄  '#     *      *   ¨   10.0.0.2                                      10.0.0.22                                     µ®OráU<@Ø¥å‘{Z<@   ë  ¥⁄  '#     *      *   ¨   10.0.0.2                                      10.0.0.22                                     Öï
*™Z<@°Gåû_<@   í  ¥⁄  '#     *      *   ¨   10.0.0.2                                      10.0.0.22                                     ˆyåÚÃ_<@PéD¡d<@   ì  ¥⁄  '#     *      *   ¨   10.0.0.2                                      10.0.0.22                                     «fG™Ôd<@ {Ω˚„i<@   î  ¥⁄  '#     *      *   ¨   10.0.0.2                                      10.0.0.22                                     óSbj<@ë_?ƒo<@   ï  ¥⁄  '#     *      *   ¨   10.0.0.2                                      10.0.0.22                                     h@Ω5o<@bL˙{)t<@   ñ  ¥⁄  '#     *      *   ¨   10.0.0.2                                      10.0.0.22                                     Ÿ$?‚Wt<@”0|DLy<@   ó  ¥⁄  '#     *      *   ¨   10.0.0.2                                      10.0.0.22                                     Î àªzy<@Â≈o~<@   ò  ¥⁄  '#     *      *   ¨   10.0.0.2                                      10.0.0.22                                     ªÌBsù~<@ò‡‘íÉ<@   ô  ¥⁄  '#     *      *   ¨   10.0.0.2                                      10.0.0.22                                     -“ƒ;¿É<@'ﬁû¥à<@   ö  ¥⁄  '#     *      *   ¨   10.0.0.2                                      10.0.0.22                                     û∂F„à<@8∫Jw◊ç<@   õ  ¥⁄  '#     *      *   ¨   10.0.0.2                                      10.0.0.22                                     Õ´:´é<@»∑w˙í<@   ú  ¥⁄  '#     *      *   ¨   10.0.0.2                                      10.0.0.22                                     ûòıb(ì<@ò§2≈ò<@   ù  ¥⁄  '#     *      *   ¨   10.0.0.2                                      10.0.0.22                                     nÖ∞Kò<@	â¥ç?ù<@   û  ¥⁄  '#     *      *   ¨   10.0.0.2                                      10.0.0.22                                     ûz§¡mù<@⁄uoEb¢<@   ü  ¥⁄  '#     *      *   ¨   10.0.0.2                                      10.0.0.22                                     Œoòhê¢<@üË∫Éß<@   †  ¥⁄  '#     *      *   ¨   10.0.0.2                                      10.0.0.22                                     ~7›≤ß<@Ú≥ëÎ¶¨<@   °  ¥⁄  '#     *      *   ¨   10.0.0.2                                      10.0.0.22                                     -ZÄ∂’¨<@K<†l ±<@   ¢  ¥⁄  '#     *      *   ¨   10.0.0.2                                      10.0.0.22                                     ?6…è¯±<@⁄9ÕÌ∂<@   £  ¥⁄  '#     *      *   ¨   10.0.0.2                                      10.0.0.22                                     #ÑG∑<@´&à∫º<@   §  ¥⁄  '#     *      *   ¨   10.0.0.2                                      10.0.0.22                                     @xÓ=º<@
É2¡<@   •  ¥⁄  '#     *      *   ¨   10.0.0.2                                      10.0.0.22                                     QÙ¿«`¡<@çÔãKU∆<@   ¶  ¥⁄  '#     *      *   ¨   10.0.0.2                                      10.0.0.22                                     "·{É∆<@{ıÒ–wÀ<@   ß  ¥⁄  '#     *      *   ¨   10.0.0.2                                      10.0.0.22                                     4ΩƒX¶À<@œ¿»Àö–<@   ®  ¥⁄  '#     *      *   ¨   10.0.0.2                                      10.0.0.22                                     ™…–<@˛µºrΩ’<@   ©  ¥⁄  '#     *      *   ¨   10.0.0.2                                      10.0.0.22                                     ’ñ:»Î’<@œ¢w*‡⁄<@   ™  ¥⁄  '#     *      *   ¨   10.0.0.2                                      10.0.0.22                                     •Éı€<@ˇók—‡<@   ´  ¥⁄  '#     *      *   ¨   10.0.0.2                                      10.0.0.22                                     ∑_>Y1‡<@RcBÃ%Â<@   ¨  ¥⁄  '#     *      *   ¨   10.0.0.2                                      10.0.0.22                                     àL˘TÂ<@ÇX6sHÍ<@   ≠  ¥⁄  '#     *      *   ¨   10.0.0.2                                      10.0.0.22                                     X9¥»vÍ<@REÒ*kÔ<@   Æ  ¥⁄  '#     *      *   ¨   10.0.0.2                                      10.0.0.22                                     )&oÄôÔ<@#2¨‚çÙ<@   Ø  ¥⁄  '#     *      *   ¨   10.0.0.2                                      10.0.0.22                                     ö
ÒHºÙ<@4ıª∞˘<@   ∞  ¥⁄  '#     *      *   ¨   10.0.0.2                                      10.0.0.22                                     Ì’«Cﬂ˘<@àŸÀ∂”˛<@   ±  ¥⁄  '#     *      *   ¨   10.0.0.2                                      10.0.0.22                                     ˇ±ˇ<@X∆Ünˆ=@   ≤  ¥⁄  '#     *      *   ¨   10.0.0.2                                      10.0.0.22                                     pñíÂ$=@…™7	=@   ≥  ¥⁄  '#     *      *   ¨   10.0.0.2                                      10.0.0.22                                     ·zÆG	=@vﬂ1<=@   ¥  ¥⁄  '#     *      *   ¨   10.0.0.2                                      10.0.0.22                                     ÛV]áj=@ÌböÈ^=@   µ  ¥⁄  '#     *      *   ¨   10.0.0.2                                      10.0.0.22                                     ƒC?ç=@dT8Ç=@   ∂  ¥⁄  '#     *      *   ¨   10.0.0.2                                      10.0.0.22                                     Û8ÊØ=@MMÇ7§=@   ∑  ¥⁄  '#     *      *   ¨   10.0.0.2                                      10.0.0.22                                     eéÆ“=@ˇ í!«"=@   ∏  ¥⁄  '#     *      *   ¨   10.0.0.2                                      10.0.0.22                                     5
Ifı"=@Ëi¿ È'=@   π  ¥⁄  '#     *      *   ¨   10.0.0.2                                      10.0.0.22                                     ‚ ! (=@_¥«-=@   ∫  ¥⁄  '#     *      *   ¨   10.0.0.2                                      10.0.0.22                                     ≤‹Å:-=@¨‰.2=@   ª  ¥⁄  '#     *      *   ¨   10.0.0.2                                      10.0.0.22                                     É˙ñ9]2=@}‘õQ7=@   º  ¥⁄  '#     *      *   ¨   10.0.0.2                                      10.0.0.22                                     ≥Ôä‡7=@2t<=@   Ω  ¥⁄  '#     *      *   ¨   10.0.0.2                                      10.0.0.22                                     ‚‰~á¢<=@<˘ÙÿñA=@   æ  ¥⁄  '#     *      *   ¨   10.0.0.2                                      10.0.0.22                                     ≥—9?≈A=@ÊØêπF=@   ø  ¥⁄  '#     *      *   ¨   10.0.0.2                                      10.0.0.22                                     ≈≠ÇËF=@¬¯i‹K=@   ¿  ¥⁄  '#     *      *   ¨   10.0.0.2                                      10.0.0.22                                     ïö=–
L=@ÔÆ≥!ˇP=@   ¡  ¥⁄  '#     *      *   ¨   10.0.0.2                                      10.0.0.22                                     èb.Q=@â&Pƒ"V=@   ¬  ¥⁄  '#     *      *   ¨   10.0.0.2                                      10.0.0.22                                     _ŒQV=@πDkE[=@   √  ¥⁄  '#     *      *   ¨   10.0.0.2                                      10.0.0.22                                     —ÎO‚s[=@âˇ"h`=@   ƒ  ¥⁄  '#     *      *   ¨   10.0.0.2                                      10.0.0.22                                     B–—™ñ`=@˙ÏÄÎäe=@   ≈  ¥⁄  '#     *      *   ¨   10.0.0.2                                      10.0.0.22                                     Ωåbπe=@……ƒ≠j=@   ∆  ¥⁄  '#     *      *   ¨   10.0.0.2                                      10.0.0.22                                     „©G‹j=@˚Œ/J–o=@   «  ¥⁄  '#     *      *   ¨   10.0.0.2                                      10.0.0.22                                     Té…‚˛o=@NöEÛt=@   »  ¥⁄  '#     *      *   ¨   10.0.0.2                                      10.0.0.22                                     ≈rK´!u=@ø~àz=@   …  ¥⁄  '#     *      *   ¨   10.0.0.2                                      10.0.0.22                                     ñ_cDz=@êkC≈8=@      ¥⁄  '#     *      *   ¨   10.0.0.2                                      10.0.0.22                                     fL¡g=@`X˛|[Ñ=@   À  ¥⁄  '#     *      *   ¨   10.0.0.2                                      10.0.0.22                                     ◊0C„âÑ=@—<ÄE~â=@   Ã  ¥⁄  '#     *      *   ¨   10.0.0.2                                      10.0.0.22                                     &7ä¨â=@2tÏ†é=@   Õ  ¥⁄  '#     *      *   ¨   10.0.0.2                                      10.0.0.22                                     x
πRœé=@rˆ¥√ì=@   Œ  ¥⁄  '#     *      *   ¨   10.0.0.2                                      10.0.0.22                                     äÊ,Úì=@%ÍüÊò=@   œ  ¥⁄  '#     *      *   ¨   10.0.0.2                                      10.0.0.22                                     ∫€ı“ô=@Uﬂ˘E	û=@   –  ¥⁄  '#     *      *   ¨   10.0.0.2                                      10.0.0.22                                     +¿wõ7û=@∆√{,£=@   —  ¥⁄  '#     *      *   ¨   10.0.0.2                                      10.0.0.22                                     ú§˘cZ£=@˚7/N®=@   “  ¥⁄  '#     *      *   ¨   10.0.0.2                                      10.0.0.22                                     Iª—«|®=@a‡π˜p≠=@   ”  ¥⁄  '#     *      *   ¨   10.0.0.2                                      10.0.0.22                                     ®åü≠=@CBï≤=@   ‘  ¥⁄  '#     *      *   ¨   10.0.0.2                                      10.0.0.22                                     ÍîG7¬≤=@‰†Ñô∂∑=@   ’  ¥⁄  '#     *      *   ¨   10.0.0.2                                      10.0.0.22                                     ä;ﬁ‰∑=@µç?QŸº=@   ÷  ¥⁄  '#     *      *   ¨   10.0.0.2                                      10.0.0.22                                     ãnΩ¶Ω=@∆ià*¸¡=@   ◊  ¥⁄  '#     *      *   ¨   10.0.0.2                                      10.0.0.22                                     [[x^*¬=@óVC‚«=@   ÿ  ¥⁄  '#     *      *   ¨   10.0.0.2                                      10.0.0.22                                     Õ?˙&M«=@«K7âAÃ=@   Ÿ  ¥⁄  '#     *      *   ¨   10.0.0.2                                      10.0.0.22                                     ù,µﬁoÃ=@80πQd—=@   ⁄  ¥⁄  '#     *      *   ¨   10.0.0.2                                      10.0.0.22                                     npñí—=@h%≠¯Ü÷=@   €  ¥⁄  '#     *      *   ¨   10.0.0.2                                      10.0.0.22                                     >+Nµ÷=@¸ﬂ™€=@   ‹  ¥⁄  '#     *      *   ¨   10.0.0.2                                      10.0.0.22                                     ÛÂÿ€=@JÓ∞âÃ‡=@   ›  ¥⁄  '#     *      *   ¨   10.0.0.2                                      10.0.0.22                                     Ä◊gŒ˙‡=@ŸÎ›ÔÂ=@   ﬁ  ¥⁄  '#     *      *   ¨   10.0.0.2                                      10.0.0.22                                     Pƒ"ÜÊ=@J–_ËÎ=@   ﬂ  ¥⁄  '#     *      *   ¨   10.0.0.2                                      10.0.0.22                                     !±›=@Î=@ª¥·∞4=@   ‡  ¥⁄  '#     *      *   ¨   10.0.0.2                                      10.0.0.22                                     íï_c=@-ôcyWı=@   ·  ¥⁄  '#     *      *   ¨   10.0.0.2                                      10.0.0.22                                     bÇæÖı=@û}ÂAz˙=@   ‚  ¥⁄  '#     *      *   ¨   10.0.0.2                                      10.0.0.22                                     t^có®˙=@ÒHº<ùˇ=@   „  ¥⁄  '#     *      *   ¨   10.0.0.2                                      10.0.0.22                                     EKOÀˇ=@?W[±ø>@   ‰  ¥⁄  '#     *      *   ¨   10.0.0.2                                      10.0.0.22                                     t@ˆÌ>@Di‚	>@   Â  ¥⁄  '#     *      *   ¨   10.0.0.2                                      10.0.0.22                                     Ê$îæ
>@ÜÂœ∑>@   Ê  ¥⁄  '#     *      *   ¨   10.0.0.2                                      10.0.0.22                                     W	á3>@Ú˙'>@   Á  ¥⁄  '#     *      *   ¨   10.0.0.2                                      10.0.0.22                                     »ÌóOV>@¬˘‘±J>@   Ë  ¥⁄  '#     *      *   ¨   10.0.0.2                                      10.0.0.22                                     ò⁄Ry>@ÚÓ»Xm>@   È  ¥⁄  '#     *      *   ¨   10.0.0.2                                      10.0.0.22                                     i«øõ>@§¬ÿBê#>@   Í  ¥⁄  '#     *      *   ¨   10.0.0.2                                      10.0.0.22                                     9¥»væ#>@Œ˙îc≤(>@   Î  ¥⁄  '#     *      *   ¨   10.0.0.2                                      10.0.0.22                                     á¬gÎ‡(>@˛Ôà
’->@   Ï  ¥⁄  '#     *      *   ¨   10.0.0.2                                      10.0.0.22                                     ∑∑[í.>@Ã—„˜2>@   Ì  ¥⁄  '#     *      *   ¨   10.0.0.2                                      10.0.0.22                                     Ê¨O9&3>@Å∞S¨8>@   Ó  ¥⁄  '#     *      *   ¨   10.0.0.2                                      10.0.0.22                                     ∑ô
ÒH8>@Úî’t==>@   Ô  ¥⁄  '#     *      *   ¨   10.0.0.2                                      10.0.0.22                                     áÜ≈®k=>@Åí`B>@     ¥⁄  '#     *      *   ¨   10.0.0.2                                      10.0.0.22                                     XsÄ`éB>@ÛvÑ”ÇG>@   Ò  ¥⁄  '#     *      *   ¨   10.0.0.2                                      10.0.0.22                                     (`;±G>@j>"¶L>@   Ú  ¥⁄  '#     *      *   ¨   10.0.0.2                                      10.0.0.22                                     ˘Lˆœ”L>@’?àd»Q>@   Û  ¥⁄  '#     *      *   ¨   10.0.0.2                                      10.0.0.22                                     j1xòˆQ>@d=µ˙ÍV>@   Ù  ¥⁄  '#     *      *   ¨   10.0.0.2                                      10.0.0.22                                     ö&l?W>@î2©°\>@   ı  ¥⁄  '#     *      *   ¨   10.0.0.2                                      10.0.0.22                                     Ó<\>@¶Úz0a>@   ˆ  ¥⁄  '#     *      *   ¨   10.0.0.2                                      10.0.0.22                                     €˜®ø^a>@’Ê!Sf>@   ˜  ¥⁄  '#     *      *   ¨   10.0.0.2                                      10.0.0.22                                     ¨‰cwÅf>@¶†Ÿuk>@   ¯  ¥⁄  '#     *      *   ¨   10.0.0.2                                      10.0.0.22                                     |—/§k>@Yƒ∞√òp>@   ˘  ¥⁄  '#     *      *   ¨   10.0.0.2                                      10.0.0.22                                     Óµ†˜∆p>@Ë¡›Yªu>@   ˙  ¥⁄  '#     *      *   ¨   10.0.0.2                                      10.0.0.22                                     _ö"¿Èu>@Y¶_"ﬁz>@   ˚  ¥⁄  '#     *      *   ¨   10.0.0.2                                      10.0.0.22                                     /á›w{>@)ì⁄ Ä>@   ¸  ¥⁄  '#     *      *   ¨   10.0.0.2                                      10.0.0.22                                     _|—/Ä>@‹f*ƒ#Ö>@   ˝  ¥⁄  '#     *      *   ¨   10.0.0.2                                      10.0.0.22                                     èq≈≈QÖ>@)u…8Fä>@   ˛  ¥⁄  '#     *      *   ¨   10.0.0.2                                      10.0.0.22                                     _^Ä}tä>@YjΩﬂhè>@   ˇ  ¥⁄  '#     *      *   ¨   10.0.0.2                                      10.0.0.22                                     0K;5óè>@ N?®ãî>@      ¥⁄  '#     *      *   ¨   10.0.0.2                                      10.0.0.22                                      8ˆÏπî>@õ;˙_Æô>@     ¥⁄  '#     *      *   ¨   10.0.0.2                                      10.0.0.22                                     0-Íì‹ô>@*9'ˆ–û>@     ¥⁄  '#     *      *   ¨   10.0.0.2                                      10.0.0.22                                     °l\ˇû>@õ©æÛ£>@     ¥⁄  '#     *      *   ¨   10.0.0.2                                      10.0.0.22                                     ˆÌ$"§>@≠˘Òó©>@     ¥⁄  '#     *      *   ¨   10.0.0.2                                      10.0.0.22                                     `çôD©>@6:Áß8Æ>@     ¥⁄  '#     *      *   ¨   10.0.0.2                                      10.0.0.22                                     —ËbgÆ>@ÀÙKƒ[≥>@     ¥⁄  '#     *      *   ¨   10.0.0.2                                      10.0.0.22                                     ¢’…ä≥>@<ŸÕå~∏>@     ¥⁄  '#     *      *   ¨   10.0.0.2                                      10.0.0.22                                     r¬Ñ—¨∏>@∆àD°Ω>@     ¥⁄  '#     *      *   ¨   10.0.0.2                                      10.0.0.22                                     ¢∑xxœΩ>@ú√µ⁄√¬>@   	  ¥⁄  '#     *      *   ¨   10.0.0.2                                      10.0.0.22                                     r§30Ú¬>@Æü˛≥Ê«>@   
  ¥⁄  '#     *      *   ¨   10.0.0.2                                      10.0.0.22                                     ÑÄ|	»>@~åπk	Õ>@     ¥⁄  '#     *      *   ¨   10.0.0.2                                      10.0.0.22                                     ıd˛—7Õ>@Oyt#,“>@     ¥⁄  '#     *      *   ¨   10.0.0.2                                      10.0.0.22                                     ∆QπâZ“>@f/€N◊>@     ¥⁄  '#     *      *   ¨   10.0.0.2                                      10.0.0.22                                     ñ>tA}◊>@“9?≈q‹>@     ¥⁄  '#     *      *   ¨   10.0.0.2                                      10.0.0.22                                     g+/˘ü‹>@¿?•Jî·>@     ¥⁄  '#     *      *   ¨   10.0.0.2                                      10.0.0.22                                     ÿ±¡¬·>@1$'∑Ê>@     ¥⁄  '#     *      *   ¨   10.0.0.2                                      10.0.0.22                                     •hÂÊ>@‚ ŸÎ>@     ¥⁄  '#     *      *   ¨   10.0.0.2                                      10.0.0.22                                     7˙òÏ>@1÷q¸>@     ¥⁄  '#     *      *   ¨   10.0.0.2                                      10.0.0.22                                     ã≈o
+Ò>@Ö—¨lˆ>@     ¥⁄  '#     *      *   ¨   10.0.0.2                                      10.0.0.22                                     [≤*¬Mˆ>@ˆµ.5B˚>@     ¥⁄  '#     *      *   ¨   10.0.0.2                                      10.0.0.22                                     ,üÂyp˚>@∆¢ÈÏd ?@     ¥⁄  '#     *      *   ¨   10.0.0.2                                      10.0.0.22                                     ùÉgBì ?@ÿ~2∆á?@     ¥⁄  '#     *      *   ¨   10.0.0.2                                      10.0.0.22                                     Ø_∞∂?@t&m™
?@     ¥⁄  '#     *      *   ¨   10.0.0.2                                      10.0.0.22                                     Lk”ÿ
?@yX®5Õ?@     ¥⁄  '#     *      *   ¨   10.0.0.2                                      10.0.0.22                                     P9&ã˚?@JEcÌÔ?@     ¥⁄  '#     *      *   ¨   10.0.0.2                                      10.0.0.22                                     ¡®S?@\!¨∆?@     ¥⁄  '#     *      *   ¨   10.0.0.2                                      10.0.0.22                                     2*A?@ã†m5?@     ¥⁄  '#     *      *   ¨   10.0.0.2                                      10.0.0.22                                     £Ê´‰c?@>ÍØWX$?@     ¥⁄  '#     *      *   ¨   10.0.0.2                                      10.0.0.22                                     ”€üãÜ$?@ÂCP5z)?@     ¥⁄  '#     *      *   ¨   10.0.0.2                                      10.0.0.22                                     ÄÚwÔ®)?@˜ôù.?@     ¥⁄  '#     *      *   ¨   10.0.0.2                                      10.0.0.22                                     ∞ÁkñÀ.?@JÎo	¿3?@     ¥⁄  '#     *      *   ¨   10.0.0.2                                      10.0.0.22                                     Ä‘&NÓ3?@ÿ*¡‚8?@      ¥⁄  '#     *      *   ¨   10.0.0.2                                      10.0.0.22                                     ∞…ı9?@KÕh>?@   !  ¥⁄  '#     *      *   ¨   10.0.0.2                                      10.0.0.22                                     Ä∂’¨3>?@z¬(C?@   "  ¥⁄  '#     *      *   ¨   10.0.0.2                                      10.0.0.22                                     Q£êdVC?@KØÕ∆JH?@   #  ¥⁄  '#     *      *   ¨   10.0.0.2                                      10.0.0.22                                     cŸ=yH?@ºìOèmM?@   $  ¥⁄  '#     *      *   ¨   10.0.0.2                                      10.0.0.22                                     ítÕ‰õM?@çÄ
GêR?@   %  ¥⁄  '#     *      *   ¨   10.0.0.2                                      10.0.0.22                                     YO≠æR?@˛då≥W?@   &  ¥⁄  '#     *      *   ¨   10.0.0.2                                      10.0.0.22                                     ‘E
e·W?@ŒQG«’\?@   '  ¥⁄  '#     *      *   ¨   10.0.0.2                                      10.0.0.22                                     E*å-]?@¬Â“¯a?@   (  ¥⁄  '#     *      *   ¨   10.0.0.2                                      10.0.0.22                                     uÄ‘&b?@o+Ω6g?@   )  ¥⁄  '#     *      *   ¨   10.0.0.2                                      10.0.0.22                                     F;åIg?@‡?ˇ=l?@   *  ¥⁄  '#     *      *   ¨   10.0.0.2                                      10.0.0.22                                     ∑ºTll?@QÙ¿«`q?@   +  ¥⁄  '#     *      *   ¨   10.0.0.2                                      10.0.0.22                                     á›wèq?@E∑^”Év?@   ,  ¥⁄  '#     *      *   ¨   10.0.0.2                                      10.0.0.22                                     ∑“k≥±v?@ÚÕ67¶{?@   -  ¥⁄  '#     *      *   ¨   10.0.0.2                                      10.0.0.22                                     Á«_Z‘{?@ÅÀcÕ»Ä?@   .  ¥⁄  '#     *      *   ¨   10.0.0.2                                      10.0.0.22                                     ˘£®3˜Ä?@4üs∑ÎÖ?@   /  ¥⁄  '#     *      *   ¨   10.0.0.2                                      10.0.0.22                                     jà*¸Ü?@√ú†Mã?@   0  ¥⁄  '#     *      *   ¨   10.0.0.2                                      10.0.0.22                                     ö}£<ã?@’xÈ&1ê?@   1  ¥⁄  '#     *      *   ¨   10.0.0.2                                      10.0.0.22                                     jjŸZ_ê?@n›ÕSï?@   2  ¥⁄  '#     *      *   ¨   10.0.0.2                                      10.0.0.22                                     :WîÇï?@vR_ñvö?@   3  ¥⁄  '#     *      *   ¨   10.0.0.2                                      10.0.0.22                                     ¨;€§ö?@éÎﬂıôü?@   4  ¥⁄  '#     *      *   ¨   10.0.0.2                                      10.0.0.22                                     |(—í«ü?@,’º§?@   5  ¥⁄  '#     *      *   ¨   10.0.0.2                                      10.0.0.22                                     4πÎ§?@p¥„Üﬂ©?@   6  ¥⁄  '#     *      *   ¨   10.0.0.2                                      10.0.0.22                                     ¶”∫™?@^∫IØ?@   7  ¥⁄  '#     *      *   ¨   10.0.0.2                                      10.0.0.22                                     väUÉ0Ø?@≤Ö %¥?@   8  ¥⁄  '#     *      *   ¨   10.0.0.2                                      10.0.0.22                                     àÇS¥?@†ãÜåGπ?@   9  ¥⁄  '#     *      *   ¨   10.0.0.2                                      10.0.0.22                                     vl‚uπ?@pUjæ?@   :  ¥⁄  '#     *      *   ¨   10.0.0.2                                      10.0.0.22                                     GYøôòæ?@Ae¸˚å√?@   ;  ¥⁄  '#     *      *   ¨   10.0.0.2                                      10.0.0.22                                     FzQª√?@@¢	±»?@   <  ¥⁄  '#     *      *   ¨   10.0.0.2                                      10.0.0.22                                     G;n¯›»?@Ç69|“Õ?@   =  ¥⁄  '#     *      *   ¨   10.0.0.2                                      10.0.0.22                                     ÷8õé Œ?@Rb◊ˆ“?@   >  ¥⁄  '#     *      *   ¨   10.0.0.2                                      10.0.0.22                                     GW#”?@‚ ! ÿ?@   ?  ¥⁄  '#     *      *   ¨   10.0.0.2                                      10.0.0.22                                     
ÿFÿ?@qN`:›?@   @  ¥⁄  '#     *      *   ¨   10.0.0.2                                      10.0.0.22                                     ß•h›?@°B]‚?@   A  ¥⁄  '#     *      *   ¨   10.0.0.2                                      10.0.0.22                                     wÙø\ã‚?@¯√œÁ?@   B  ¥⁄  '#     *      *   ¨   10.0.0.2                                      10.0.0.22                                     H·zÆÁ?@‚‰~á¢Ï?@   C  ¥⁄  '#     *      *   ¨   10.0.0.2                                      10.0.0.22                                     ZΩ√Ì–Ï?@≥—9?≈Ò?@   D  ¥⁄  '#     *      *   ¨   10.0.0.2                                      10.0.0.22                                     â≤∑îÛÒ?@≈≠ÇËˆ?@   E  ¥⁄  '#     *      *   ¨   10.0.0.2                                      10.0.0.22                                     ZürL˜?@6í·
¸?@   F  ¥⁄  '#     *      *   ¨   10.0.0.2                                      10.0.0.22                                     sÇ69¸?@≥C¸√ñ @@   G  ¥⁄  '#     *      *   ¨   10.0.0.2                                      10.0.0.22                                     ø+Çˇ≠ @@º±†0(@@   H  ¥⁄  '#     *      *   ¨   10.0.0.2                                      10.0.0.22                                     '¢_[?@@Ù£·îπ@@   I  ¥⁄  '#     *      *   ¨   10.0.0.2                                      10.0.0.22                                     `î†ø–@@]øJ@@   J  ¥⁄  '#     *      *   ¨   10.0.0.2                                      10.0.0.22                                     »
~b@@≈êúL‹
@@   K  ¥⁄  '#     *      *   ¨   10.0.0.2                                      10.0.0.22                                      ˝æÛ
@@˝Ç›∞m@@   L  ¥⁄  '#     *      *   ¨   10.0.0.2                                      10.0.0.22                                     ò˜8”Ñ@@f˘∫ˇ@@   M  ¥⁄  '#     *      *   ¨   10.0.0.2                                      10.0.0.22                                     n/@@ûÎ˚pê@@   N  ¥⁄  '#     *      *   ¨   10.0.0.2                                      10.0.0.22                                     i‰Ûäß@@bŸÃ!@@   O  ¥⁄  '#     *      *   ¨   10.0.0.2                                      10.0.0.22                                     °÷4Ô8@@-È(≥@@   P  ¥⁄  '#     *      *   ¨   10.0.0.2                                      10.0.0.22                                     iUK: @@f€ikD@@   Q  ¥⁄  '#     *      *   ¨   10.0.0.2                                      10.0.0.22                                     —À(ñ[@@ŒQG«’@@   R  ¥⁄  '#     *      *   ¨   10.0.0.2                                      10.0.0.22                                     9BÚÏ@@6»$#g@@   S  ¥⁄  '#     *      *   ¨   10.0.0.2                                      10.0.0.22                                     ¢∏„M~@@Œ¬ûv¯!@@   T  ¥⁄  '#     *      *   ¨   10.0.0.2                                      10.0.0.22                                     |÷5Z"@@Iÿ∑ìà$@@   U  ¥⁄  '#     *      *   ¨   10.0.0.2                                      10.0.0.22                                     ¥»væü$@@4-±2'@@   V  ¥⁄  '#     *      *   ¨   10.0.0.2                                      10.0.0.22                                     ?T1'@@ã8ùd´)@@   W  ¥⁄  '#     *      *   ¨   10.0.0.2                                      10.0.0.22                                     Öµ1v¬)@@±øÏû<,@@   X  ¥⁄  '#     *      *   ¨   10.0.0.2                                      10.0.0.22                                     ÛëÔR,@@ﬁt_Œ.@@   Y  ¥⁄  '#     *      *   ¨   10.0.0.2                                      10.0.0.22                                     ¸ä5\‰.@@€˜®ø^1@@   Z  ¥⁄  '#     *      *   ¨   10.0.0.2                                      10.0.0.22                                     ¶†Ÿu1@@sÚ"3@@   [  ¥⁄  '#     *      *   ¨   10.0.0.2                                      10.0.0.22                                     mo∑$4@@;q9^Å6@@   \  ¥⁄  '#     *      *   ¨   10.0.0.2                                      10.0.0.22                                     j1xò6@@£Á∫9@@   ]  ¥⁄  '#     *      *   ¨   10.0.0.2                                      10.0.0.22                                     n‡‘)9@@^Ù§;@@   ^  ¥⁄  '#     *      *   ¨   10.0.0.2                                      10.0.0.22                                     ¶“O8ª;@@ÃòÇ5>@@   _  ¥⁄  '#     *      *   ¨   10.0.0.2                                      10.0.0.22                                     Ø@Ù§L>@@Iª—«@@@   `  ¥⁄  '#     *      *   ¨   10.0.0.2                                      10.0.0.22                                     }∞å›@@@ª%9`WC@@   a  ¥⁄  '#     *      *   ¨   10.0.0.2                                      10.0.0.22                                     ´anC@@‚¨àöËE@@   b  ¥⁄  '#     *      *   ¨   10.0.0.2                                      10.0.0.22                                     NùG≈ˇE@@ü…˛yH@@   c  ¥⁄  '#     *      *   ¨   10.0.0.2                                      10.0.0.22                                     ∂%!ëH@@≥ôCRK@@   d  ¥⁄  '#     *      *   ¨   10.0.0.2                                      10.0.0.22                                     ÓfÖ"K@@åÉK«úM@@   e  ¥⁄  '#     *      *   ¨   10.0.0.2                                      10.0.0.22                                     Pã¡√¥M@@çC˝.P@@   f  ¥⁄  '#     *      *   ¨   10.0.0.2                                      10.0.0.22                                     ∏üFP@@VÑa¿R@@   g  ¥⁄  '#     *      *   ¨   10.0.0.2                                      10.0.0.22                                     ÒÛﬂÉ◊R@@≤G®RU@@   h  ¥⁄  '#     *      *   ¨   10.0.0.2                                      10.0.0.22                                     âÓY◊hU@@V€„W@@   i  ¥⁄  '#     *      *   ¨   10.0.0.2                                      10.0.0.22                                     Pmp"˙W@@≠˚«BtZ@@   j  ¥⁄  '#     *      *   ¨   10.0.0.2                                      10.0.0.22                                     ËgÍuãZ@@EˆAñ]@@   k  ¥⁄  '#     *      *   ¨   10.0.0.2                                      10.0.0.22                                     !Z+⁄]@@}ËÇ˙ñ_@@   l  ¥⁄  '#     *      *   ¨   10.0.0.2                                      10.0.0.22                                     πT•-Æ_@@Â^`V(b@@   m  ¥⁄  '#     *      *   ¨   10.0.0.2                                      10.0.0.22                                     QOÅ?b@@}Y⁄©πd@@   n  ¥⁄  '#     *      *   ¨   10.0.0.2                                      10.0.0.22                                     π≈¸‹–d@@t\çÏJg@@   o  ¥⁄  '#     *      *   ¨   10.0.0.2                                      10.0.0.22                                     Q¿v0bg@@›“jH‹i@@   p  ¥⁄  '#     *      *   ¨   10.0.0.2                                      10.0.0.22                                     È∫ÉÛi@@uÕ‰õml@@   q  ¥⁄  '#     *      *   ¨   10.0.0.2                                      10.0.0.22                                     ∞9œÑl@@<L˚Ê˛n@@   r  ¥⁄  '#     *      *   ¨   10.0.0.2                                      10.0.0.22                                     H4Å"o@@‘Fu:êq@@   s  ¥⁄  '#     *      *   ¨   10.0.0.2                                      10.0.0.22                                     ‡.˚ußq@@ú≈ãÖ!t@@   t  ¥⁄  '#     *      *   ¨   10.0.0.2                                      10.0.0.22                                     ß≠¡8t@@3¿Ÿ≤v@@   u  ¥⁄  '#     *      *   ¨   10.0.0.2                                      10.0.0.22                                     ?®ã v@@À∫,Dy@@   v  ¥⁄  '#     *      *   ¨   10.0.0.2                                      10.0.0.22                                     ä9:Zy@@F–òI‘{@@   w  ¥⁄  '#     *      *   ¨   10.0.0.2                                      10.0.0.22                                     "4ÇçÎ{@@¬Ÿ≠e~@@   x  ¥⁄  '#     *      *   ¨   10.0.0.2                                      10.0.0.22                                     ∫.¸‡|~@@ΩS˜Ä@@   y  ¥⁄  '#     *      *   ¨   10.0.0.2                                      10.0.0.22                                     "•Ÿ<Å@@31]àÉ@@